"From remote kernel:"
"DESolver`SetGlobalOptions -> {\"WorkingPre\" -> 100, \"ChopPre\" -> 20, \"SilentMode\" -> False, \"RationalizePre\" -> 100}\n"
"From remote kernel:"
"DESolver`SetExpansionOptions -> {\"XOrder\" -> 100, \"ExtraXOrder\" -> 20, \"LearnXOrder\" -> -1, \"TestXOrder\" -> 5}\n"
"From remote kernel:"
"DESolver`SetRunningOptions -> {\"RunRadius\" -> 2, \"RunLength\" -> 1000, \"RunCandidate\" -> 10, \"RunDirection\" -> \"NegIm\"}\n"
"From remote kernel:"
"DESolver`SetGlobalOptions -> {\"WorkingPre\" -> 200, \"ChopPre\" -> 20, \"SilentMode\" -> False, \"RationalizePre\" -> 100}\n"
"From remote kernel:"
"DESolver`SetExpansionOptions -> {\"XOrder\" -> 400, \"ExtraXOrder\" -> 480, \"LearnXOrder\" -> -1, \"TestXOrder\" -> 5}\n"
"From remote kernel:"
"DESolver`SetRunningOptions -> {\"RunRadius\" -> 2, \"RunLength\" -> 1000, \"RunCandidate\" -> 10, \"RunDirection\" -> \"NegIm\"}\n"
"From remote kernel:"
"\"AMFlow: start.\"\n"
"From remote kernel:"
"\"system loaded: DESolver`$InternalSystem\\nDE[DESolver`$InternalSystem] -- differential equation in matrix form\\nBC[DESolver`$InternalSystem] -- boundary conditions either in singular form or in regular form\\nP[DESolver`$InternalSystem] -- boundary point\\nAsyExp[DESolver`$InternalSystem] -- asymptotic expansion near a singular point (currently it is Null)\\nintegrals: 113, blocks: 82, density: 0.09, degrees: {32, 37}\"\n"
"From remote kernel:"
"\"AMFlow: integrals will be evaluated at 8 regular points\" -> {-15.08358661434019 - 50.27862204780063*I, -7.956238600406156 - 26.520795334687186*I, -4.374606479672435 - 14.582021598908117*I, -2.5481829428826237 - 8.493943142942078*I, -1.566006303389644 - 5.2200210112988135*I, -0.9502167490378524 - 3.167389163459508*I, -0.4751083745189262 - 1.583694581729754*I, -0.26578980644477307 - 0.8859660214825769*I}\n"
"From remote kernel:"
"\"AMFlow: integration contour generated in 3s.\"\n"
"From remote kernel:"
"\"AMFlow: solving near eta = Infinity...\"\n"
"From remote kernel:"
"\"CalcTaylor: current region\" -> 1/100000\n"
"From remote kernel:"
"\"block\" -> {2}\n"
"From remote kernel:"
"\"boundary condition test\" -> {2, 0, 0.}\n"
"From remote kernel:"
"\"block\" -> {1}\n"
"From remote kernel:"
"\"boundary condition inserted\" -> {1, 0, 1.0000084559869469*^10}\n"
"From remote kernel:"
"\"block\" -> {14, 15, 16}\n"
"From remote kernel:"
"\"boundary condition test\" -> {16, 0, 1.0000084559869469*^10}\n"
"From remote kernel:"
"\"boundary condition test\" -> {15, 0, 9.99998455902387*^9}\n"
"From remote kernel:"
"\"boundary condition test\" -> {14, 0, -100000.8455986947}\n"
"From remote kernel:"
"\"block\" -> {3}\n"
"From remote kernel:"
"\"boundary condition test\" -> {3, 0, 1.0000084559869469*^10}\n"
"From remote kernel:"
"\"block\" -> {11, 12}\n"
"From remote kernel:"
"\"boundary condition test\" -> {12, 0, 0.}\n"
"From remote kernel:"
"\"boundary condition test\" -> {11, 0, 0.}\n"
"From remote kernel:"
"\"block\" -> {4}\n"
"From remote kernel:"
"\"boundary condition test\" -> {4, 0, 1.0000084559869469*^10}\n"
"From remote kernel:"
"\"block\" -> {23}\n"
"From remote kernel:"
"\"boundary condition test\" -> {23, 0, 0.}\n"
"From remote kernel:"
"\"block\" -> {21}\n"
"From remote kernel:"
"\"boundary condition test\" -> {21, 0, 0.}\n"
"From remote kernel:"
"\"block\" -> {20}\n"
"From remote kernel:"
"\"boundary condition test\" -> {20, 0, 0.}\n"
"From remote kernel:"
"\"block\" -> {18}\n"
"From remote kernel:"
"\"boundary condition test\" -> {18, 0, 0.}\n"
"From remote kernel:"
"\"block\" -> {9}\n"
"From remote kernel:"
"\"boundary condition test\" -> {9, 0, 0.}\n"
"From remote kernel:"
"\"block\" -> {8}\n"
"From remote kernel:"
"\"boundary condition test\" -> {8, 0, 0.}\n"
"From remote kernel:"
"\"block\" -> {7}\n"
"From remote kernel:"
"\"boundary condition test\" -> {7, 0, 0.}\n"
"From remote kernel:"
"\"block\" -> {6}\n"
"From remote kernel:"
"\"boundary condition inserted\" -> {6, 0, 9.999923605580938*^9 + 295676.7468575191*I}\n"
"From remote kernel:"
"\"block\" -> {5}\n"
"From remote kernel:"
"\"boundary condition inserted\" -> {5, 0, 9.9999766103054*^9 + 314158.5306534061*I}\n"
"From remote kernel:"
"\"block\" -> {37, 38, 39}\n"
"From remote kernel:"
"\"boundary condition test\" -> {39, 0, 1.0000084559869469*^10}\n"
"From remote kernel:"
"\"boundary condition test\" -> {38, 0, 9.99998455902387*^9}\n"
"From remote kernel:"
"\"boundary condition test\" -> {37, 0, -1.0000184560715067*^10}\n"
"From remote kernel:"
"\"block\" -> {41, 42, 43}\n"
"From remote kernel:"
"\"boundary condition test\" -> {43, 0, 1.0000084559869469*^10}\n"
"From remote kernel:"
"\"boundary condition test\" -> {42, 0, 9.99998455902387*^9}\n"
"From remote kernel:"
"\"boundary condition test\" -> {41, 0, -1.0000184560715067*^10}\n"
"From remote kernel:"
"\"block\" -> {45, 46}\n"
"From remote kernel:"
"\"boundary condition test\" -> {46, 0, 1.0000184562715124*^10}\n"
"From remote kernel:"
"\"boundary condition test\" -> {45, 0, 4.999992279511935*^9}\n"
"From remote kernel:"
"\"block\" -> {34, 35}\n"
"From remote kernel:"
"\"boundary condition test\" -> {35, 0, 0.}\n"
"From remote kernel:"
"\"boundary condition test\" -> {34, 0, 0.}\n"
"From remote kernel:"
"\"block\" -> {24}\n"
"From remote kernel:"
"\"boundary condition test\" -> {24, 0, 1.0000084559869469*^10}\n"
"From remote kernel:"
"\"block\" -> {30}\n"
"From remote kernel:"
"\"boundary condition test\" -> {30, 0, 0.}\n"
"From remote kernel:"
"\"block\" -> {27}\n"
"From remote kernel:"
"\"boundary condition test\" -> {27, 0, 0.}\n"
"From remote kernel:"
"\"block\" -> {26}\n"
"From remote kernel:"
"\"boundary condition test\" -> {26, 0, 9.999923605580938*^9 + 295676.7468575191*I}\n"
"From remote kernel:"
"\"block\" -> {25}\n"
"From remote kernel:"
"\"boundary condition test\" -> {25, 0, 9.9999766103054*^9 + 314158.5306534061*I}\n"
"From remote kernel:"
"\"block\" -> {29}\n"
"From remote kernel:"
"\"boundary condition test\" -> {29, 0, 9.999923605580938*^9 + 295676.7468575191*I}\n"
"From remote kernel:"
"\"block\" -> {61}\n"
"From remote kernel:"
"\"boundary condition test\" -> {61, 0, 0.}\n"
"From remote kernel:"
"\"block\" -> {60}\n"
"From remote kernel:"
"\"boundary condition test\" -> {60, 0, 0.}\n"
"From remote kernel:"
"\"block\" -> {59}\n"
"From remote kernel:"
"\"boundary condition test\" -> {59, 0, 0.}\n"
"From remote kernel:"
"\"block\" -> {57}\n"
"From remote kernel:"
"\"boundary condition test\" -> {57, 0, 0.}\n"
"From remote kernel:"
"\"block\" -> {56}\n"
"From remote kernel:"
"\"boundary condition test\" -> {56, 0, 0.}\n"
"From remote kernel:"
"\"block\" -> {54}\n"
"From remote kernel:"
"\"boundary condition test\" -> {54, 0, 0.}\n"
"From remote kernel:"
"\"block\" -> {53}\n"
"From remote kernel:"
"\"boundary condition test\" -> {53, 0, 0.}\n"
"From remote kernel:"
"\"block\" -> {52}\n"
"From remote kernel:"
"\"boundary condition test\" -> {52, 0, 0.}\n"
"From remote kernel:"
"\"block\" -> {50}\n"
"From remote kernel:"
"\"boundary condition test\" -> {50, 0, 0.}\n"
"From remote kernel:"
"\"block\" -> {48}\n"
"From remote kernel:"
"\"boundary condition test\" -> {48, 0, 0.}\n"
"From remote kernel:"
"\"block\" -> {32}\n"
"From remote kernel:"
"\"boundary condition test\" -> {32, 0, 0.}\n"
"From remote kernel:"
"\"block\" -> {31}\n"
"From remote kernel:"
"\"boundary condition inserted\" -> {31, 0, 40989.64778555075 - 26680.90095300948*I}\n"
"From remote kernel:"
"\"block\" -> {88, 89, 90, 91, 92, 93}\n"
"From remote kernel:"
"\"boundary condition test\" -> {93, 0, 1.0000184562715124*^10}\n"
"From remote kernel:"
"\"boundary condition test\" -> {92, 0, 1.0000184562715124*^10}\n"
"From remote kernel:"
"\"boundary condition test\" -> {91, 0, 4.999992279511935*^9}\n"
"From remote kernel:"
"\"boundary condition test\" -> {90, 0, -4.999892281666302*^9}\n"
"From remote kernel:"
"\"boundary condition test\" -> {89, 0, 1.0000184562715124*^10}\n"
"From remote kernel:"
"\"boundary condition test\" -> {88, 0, -1.0000284564560751*^10}\n"
"From remote kernel:"
"\"block\" -> {75, 76, 77, 78}\n"
"From remote kernel:"
"\"boundary condition test\" -> {78, 0, 9.999923605580938*^9 + 295676.7468575191*I}\n"
"From remote kernel:"
"\"boundary condition test\" -> {77, 0, -6.249806867574655*^8 - 20789.355467994043*I}\n"
"From remote kernel:"
"\"boundary condition test\" -> {76, 0, -1.0000023604816996*^10 - 295679.7036249876*I}\n"
"From remote kernel:"
"\"boundary condition test\" -> {75, 0, 9.999923605580938*^9 + 295676.7468575191*I}\n"
"From remote kernel:"
"\"block\" -> {68, 69, 70}\n"
"From remote kernel:"
"\"boundary condition test\" -> {70, 0, 1.0000084559869469*^10}\n"
"From remote kernel:"
"\"boundary condition test\" -> {69, 0, 9.99998455902387*^9}\n"
"From remote kernel:"
"\"boundary condition test\" -> {68, 0, 1.0000084559869469*^10}\n"
"From remote kernel:"
"\"block\" -> {79, 80, 81, 82}\n"
"From remote kernel:"
"\"boundary condition test\" -> {82, 0, 9.999923605580938*^9 + 295676.7468575191*I}\n"
"From remote kernel:"
"\"boundary condition test\" -> {81, 0, -6.249806867574655*^8 - 20789.355467994043*I}\n"
"From remote kernel:"
"\"boundary condition test\" -> {80, 0, -1.0000023604816996*^10 - 295679.7036249876*I}\n"
"From remote kernel:"
"\"boundary condition test\" -> {79, 0, 9.999923605580938*^9 + 295676.7468575191*I}\n"
"From remote kernel:"
"\"block\" -> {71, 72, 73, 74}\n"
"From remote kernel:"
"\"boundary condition test\" -> {74, 0, 9.9999766103054*^9 + 314158.5306534061*I}\n"
"From remote kernel:"
"\"boundary condition test\" -> {73, 0, -1.2499720763466494*^9 - 39269.03093534913*I}\n"
"From remote kernel:"
"\"boundary condition test\" -> {72, 0, -1.0000076610071505*^10 - 314161.67223871266*I}\n"
"From remote kernel:"
"\"boundary condition test\" -> {71, 0, 9.9999766103054*^9 + 314158.5306534061*I}\n"
"From remote kernel:"
"\"block\" -> {64}\n"
"From remote kernel:"
"\"boundary condition test\" -> {64, 0, 0.}\n"
"From remote kernel:"
"\"block\" -> {63}\n"
"From remote kernel:"
"\"boundary condition test\" -> {63, 0, 9.999923605580938*^9 + 295676.7468575191*I}\n"
"From remote kernel:"
"\"block\" -> {65}\n"
"From remote kernel:"
"\"boundary condition test\" -> {65, 0, 40989.64778555075 - 26680.90095300948*I}\n"
"From remote kernel:"
"\"block\" -> {100}\n"
"From remote kernel:"
"\"boundary condition test\" -> {100, 0, 0.}\n"
"From remote kernel:"
"\"block\" -> {99}\n"
"From remote kernel:"
"\"boundary condition test\" -> {99, 0, 0.}\n"
"From remote kernel:"
"\"block\" -> {98}\n"
"From remote kernel:"
"\"boundary condition test\" -> {98, 0, 0.}\n"
"From remote kernel:"
"\"block\" -> {97}\n"
"From remote kernel:"
"\"boundary condition test\" -> {97, 0, 0.}\n"
"From remote kernel:"
"\"block\" -> {96}\n"
"From remote kernel:"
"\"boundary condition test\" -> {96, 0, 0.}\n"
"From remote kernel:"
"\"block\" -> {95}\n"
"From remote kernel:"
"\"boundary condition test\" -> {95, 0, 0.}\n"
"From remote kernel:"
"\"block\" -> {86}\n"
"From remote kernel:"
"\"boundary condition test\" -> {86, 0, 0.}\n"
"From remote kernel:"
"\"block\" -> {85}\n"
"From remote kernel:"
"\"boundary condition test\" -> {85, 0, 0.}\n"
"From remote kernel:"
"\"block\" -> {84}\n"
"From remote kernel:"
"\"boundary condition test\" -> {84, 0, 0.}\n"
"From remote kernel:"
"\"block\" -> {106, 107, 108, 109}\n"
"From remote kernel:"
"\"boundary condition test\" -> {109, 0, 40989.64778555075 - 26680.90095300948*I}\n"
"From remote kernel:"
"\"boundary condition test\" -> {108, 0, 6.250076994937706*^8 - 0.01842431580948203*I}\n"
"From remote kernel:"
"\"boundary condition test\" -> {107, 0, -40990.0576820286 + 26681.16776201901*I}\n"
"From remote kernel:"
"\"boundary condition test\" -> {106, 0, 40989.64778555075 - 26680.90095300948*I}\n"
"From remote kernel:"
"\"block\" -> {102, 103, 104, 105}\n"
"From remote kernel:"
"\"boundary condition test\" -> {105, 0, 9.999923605580938*^9 + 295676.7468575191*I}\n"
"From remote kernel:"
"\"boundary condition test\" -> {104, 0, -6.249806867574655*^8 - 20789.355467994043*I}\n"
"From remote kernel:"
"\"boundary condition test\" -> {103, 0, -1.9999947210397934*^10 - 591356.4504825068*I}\n"
"From remote kernel:"
"\"boundary condition test\" -> {102, 0, 9.999923605580938*^9 + 295676.7468575191*I}\n"
"From remote kernel:"
"\"block\" -> {110}\n"
"From remote kernel:"
"\"boundary condition test\" -> {110, 0, 40989.64778555075 - 26680.90095300948*I}\n"
"From remote kernel:"
"\"block\" -> {113}\n"
"From remote kernel:"
"\"boundary condition test\" -> {113, 0, 40989.64778555075 - 26680.90095300948*I}\n"
"From remote kernel:"
"\"block\" -> {112}\n"
"From remote kernel:"
"\"boundary condition test\" -> {112, 0, 6.250076994937706*^8 - 0.01842431580948203*I}\n"
"From remote kernel:"
"\"block\" -> {111}\n"
"From remote kernel:"
"\"boundary condition test\" -> {111, 0, 40989.64778555075 - 26680.90095300948*I}\n"
"From remote kernel:"
"\"block\" -> {87}\n"
"From remote kernel:"
"\"boundary condition test\" -> {87, 0, 1.0000184562715124*^10}\n"
"From remote kernel:"
"\"block\" -> {67}\n"
"From remote kernel:"
"\"boundary condition test\" -> {67, 0, 1.0000084559869469*^10}\n"
"From remote kernel:"
"\"block\" -> {36}\n"
"From remote kernel:"
"\"boundary condition test\" -> {36, 0, 1.0000084559869469*^10}\n"
"From remote kernel:"
"\"block\" -> {40}\n"
"From remote kernel:"
"\"boundary condition test\" -> {40, 0, 1.0000084559869469*^10}\n"
"From remote kernel:"
"\"block\" -> {44}\n"
"From remote kernel:"
"\"boundary condition test\" -> {44, 0, 1.0000184562715124*^10}\n"
"From remote kernel:"
"\"block\" -> {33}\n"
"From remote kernel:"
"\"boundary condition test\" -> {33, 0, 0.}\n"
"From remote kernel:"
"\"block\" -> {13}\n"
"From remote kernel:"
"\"boundary condition test\" -> {13, 0, 1.0000084559869469*^10}\n"
"From remote kernel:"
"\"block\" -> {101}\n"
"From remote kernel:"
"\"boundary condition test\" -> {101, 0, 40989.64778555075 - 26680.90095300948*I}\n"
"From remote kernel:"
"\"block\" -> {62}\n"
"From remote kernel:"
"\"boundary condition test\" -> {62, 0, 9.9999766103054*^9 + 314158.5306534061*I}\n"
"From remote kernel:"
"\"block\" -> {10}\n"
"From remote kernel:"
"\"boundary condition test\" -> {10, 0, 0.}\n"
"From remote kernel:"
"\"block\" -> {66}\n"
"From remote kernel:"
"\"boundary condition test\" -> {66, 0, 40989.64778555075 - 26680.90095300948*I}\n"
"From remote kernel:"
"\"block\" -> {28}\n"
"From remote kernel:"
"\"boundary condition test\" -> {28, 0, 9.9999766103054*^9 + 314158.5306534061*I}\n"
"From remote kernel:"
"\"block\" -> {94}\n"
"From remote kernel:"
"\"boundary condition test\" -> {94, 0, 0.}\n"
"From remote kernel:"
"\"block\" -> {83}\n"
"From remote kernel:"
"\"boundary condition test\" -> {83, 0, 0.}\n"
"From remote kernel:"
"\"block\" -> {58}\n"
"From remote kernel:"
"\"boundary condition test\" -> {58, 0, 0.}\n"
"From remote kernel:"
"\"block\" -> {55}\n"
"From remote kernel:"
"\"boundary condition test\" -> {55, 0, 0.}\n"
"From remote kernel:"
"\"block\" -> {51}\n"
"From remote kernel:"
"\"boundary condition test\" -> {51, 0, 0.}\n"
"From remote kernel:"
"\"block\" -> {49}\n"
"From remote kernel:"
"\"boundary condition test\" -> {49, 0, 0.}\n"
"From remote kernel:"
"\"block\" -> {47}\n"
"From remote kernel:"
"\"boundary condition test\" -> {47, 0, 0.}\n"
"From remote kernel:"
"\"block\" -> {22}\n"
"From remote kernel:"
"\"boundary condition test\" -> {22, 0, 0.}\n"
"From remote kernel:"
"\"block\" -> {19}\n"
"From remote kernel:"
"\"boundary condition test\" -> {19, 0, 0.}\n"
"From remote kernel:"
"\"block\" -> {17}\n"
"From remote kernel:"
"\"boundary condition test\" -> {17, 0, 0.}\n"
"From remote kernel:"
"\"CalcTaylor: current region\" -> 0\n"
"From remote kernel:"
"\"block\" -> {2}\n"
"From remote kernel:"
"\"boundary condition inserted\" -> {2, 0, 1.0000084559869469*^10}\n"
"From remote kernel:"
"\"block\" -> {1}\n"
"From remote kernel:"
"\"boundary condition test\" -> {1, 0, 0.}\n"
"From remote kernel:"
"\"block\" -> {14, 15, 16}\n"
"From remote kernel:"
"\"boundary condition test\" -> {16, 0, 0.}\n"
"From remote kernel:"
"\"boundary condition test\" -> {15, 0, 0.}\n"
"From remote kernel:"
"\"boundary condition test\" -> {14, 0, 0.}\n"
"From remote kernel:"
"\"block\" -> {3}\n"
"From remote kernel:"
"\"boundary condition test\" -> {3, 0, -1.0000084559869469*^10}\n"
"From remote kernel:"
"\"block\" -> {11, 12}\n"
"From remote kernel:"
"\"boundary condition test\" -> {12, 0, 0.}\n"
"From remote kernel:"
"\"boundary condition test\" -> {11, 0, 0.}\n"
"From remote kernel:"
"\"block\" -> {4}\n"
"From remote kernel:"
"\"boundary condition test\" -> {4, 0, 0.}\n"
"From remote kernel:"
"\"block\" -> {23}\n"
"From remote kernel:"
"\"boundary condition inserted\" -> {23, 0, -4.999884327175292*^9 - 314151.99783446034*I}\n"
"From remote kernel:"
"\"block\" -> {21}\n"
"From remote kernel:"
"\"boundary condition inserted\" -> {21, 0, -4.999989703288985*^9 - 205666.9695558283*I}\n"
"From remote kernel:"
"\"block\" -> {20}\n"
"From remote kernel:"
"\"boundary condition inserted\" -> {20, 0, 4.999992282185724*^9 + 1.4592746301345338*I}\n"
"From remote kernel:"
"\"block\" -> {18}\n"
"From remote kernel:"
"\"boundary condition inserted\" -> {18, 0, -5.000092285647588*^9}\n"
"From remote kernel:"
"\"block\" -> {9}\n"
"From remote kernel:"
"\"boundary condition inserted\" -> {9, 0, 9.999923605580938*^9 + 295676.7468575191*I}\n"
"From remote kernel:"
"\"block\" -> {8}\n"
"From remote kernel:"
"\"boundary condition inserted\" -> {8, 0, 9.9999766103054*^9 + 314158.5306534061*I}\n"
"From remote kernel:"
"\"block\" -> {7}\n"
"From remote kernel:"
"\"boundary condition test\" -> {7, 0, 0.}\n"
"From remote kernel:"
"\"block\" -> {6}\n"
"From remote kernel:"
"\"boundary condition test\" -> {6, 0, 0.}\n"
"From remote kernel:"
"\"block\" -> {5}\n"
"From remote kernel:"
"\"boundary condition test\" -> {5, 0, 0.}\n"
"From remote kernel:"
"\"block\" -> {37, 38, 39}\n"
"From remote kernel:"
"\"boundary condition test\" -> {39, 0, 4.999989703288985*^9 + 205666.9695558283*I}\n"
"From remote kernel:"
"\"boundary condition test\" -> {38, 0, -4.999992282185724*^9 - 1.4592746301345338*I}\n"
"From remote kernel:"
"\"boundary condition test\" -> {37, 0, 1.0000009563331482*^10 - 0.8168458828926073*I}\n"
"From remote kernel:"
"\"block\" -> {41, 42, 43}\n"
"From remote kernel:"
"\"boundary condition test\" -> {43, 0, 5.000092285647588*^9}\n"
"From remote kernel:"
"\"boundary condition test\" -> {42, 0, -4.999992281801798*^9}\n"
"From remote kernel:"
"\"boundary condition test\" -> {41, 0, 5.00006728281104*^9}\n"
"From remote kernel:"
"\"block\" -> {45, 46}\n"
"From remote kernel:"
"\"boundary condition test\" -> {46, 0, 0.}\n"
"From remote kernel:"
"\"boundary condition test\" -> {45, 0, 0.}\n"
"From remote kernel:"
"\"block\" -> {34, 35}\n"
"From remote kernel:"
"\"boundary condition test\" -> {35, 0, 5.000092285647588*^9}\n"
"From remote kernel:"
"\"boundary condition test\" -> {34, 0, 5.00006728281104*^9}\n"
"From remote kernel:"
"\"block\" -> {24}\n"
"From remote kernel:"
"\"boundary condition test\" -> {24, 0, -1.0000184562715124*^10}\n"
"From remote kernel:"
"\"block\" -> {30}\n"
"From remote kernel:"
"\"boundary condition test\" -> {30, 0, 200002.37311006984 + 12.56651973779928*I}\n"
"From remote kernel:"
"\"block\" -> {27}\n"
"From remote kernel:"
"\"boundary condition test\" -> {27, 0, -5.00006728281104*^9}\n"
"From remote kernel:"
"\"block\" -> {26}\n"
"From remote kernel:"
"\"boundary condition test\" -> {26, 0, -9.999923605580938*^9 - 295676.7468575191*I}\n"
"From remote kernel:"
"\"block\" -> {25}\n"
"From remote kernel:"
"\"boundary condition test\" -> {25, 0, -9.9999766103054*^9 - 314158.5306534061*I}\n"
"From remote kernel:"
"\"block\" -> {29}\n"
"From remote kernel:"
"\"boundary condition test\" -> {29, 0, 0.}\n"
"From remote kernel:"
"\"block\" -> {61}\n"
"From remote kernel:"
"\"boundary condition inserted\" -> {61, 0, 3.124896449627776*^8 + 19634.64504357886*I}\n"
"From remote kernel:"
"\"block\" -> {60}\n"
"From remote kernel:"
"\"boundary condition inserted\" -> {60, 0, -50723.034166897516 + 97894.50561661669*I}\n"
"From remote kernel:"
"\"block\" -> {59}\n"
"From remote kernel:"
"\"boundary condition inserted\" -> {59, 0, -1.2499845768246536*^9 - 39268.44468481111*I}\n"
"From remote kernel:"
"\"block\" -> {57}\n"
"From remote kernel:"
"\"boundary condition inserted\" -> {57, 0, -40989.61343290873 + 26679.76769441226*I}\n"
"From remote kernel:"
"\"block\" -> {56}\n"
"From remote kernel:"
"\"boundary condition inserted\" -> {56, 0, 16309.69648810353 - 18478.98082735836*I}\n"
"From remote kernel:"
"\"block\" -> {54}\n"
"From remote kernel:"
"\"boundary condition inserted\" -> {54, 0, -40228.32813310291 + 35517.711974990074*I}\n"
"From remote kernel:"
"\"block\" -> {53}\n"
"From remote kernel:"
"\"boundary condition inserted\" -> {53, 0, 16309.781602125302 - 18478.94439773376*I}\n"
"From remote kernel:"
"\"block\" -> {52}\n"
"From remote kernel:"
"\"boundary condition inserted\" -> {52, 0, -6.249869370578024*^8 - 20788.85882237163*I}\n"
"From remote kernel:"
"\"block\" -> {50}\n"
"From remote kernel:"
"\"boundary condition inserted\" -> {50, 0, 1.7097057751296597*^9 - 3.4275393541570663*^9*I}\n"
"From remote kernel:"
"\"block\" -> {48}\n"
"From remote kernel:"
"\"boundary condition inserted\" -> {48, 0, -50723.12705522245 + 97892.91218951273*I}\n"
"From remote kernel:"
"\"block\" -> {32}\n"
"From remote kernel:"
"\"boundary condition inserted\" -> {32, 0, 40989.64778555075 - 26680.90095300948*I}\n"
"From remote kernel:"
"\"block\" -> {31}\n"
"From remote kernel:"
"\"boundary condition test\" -> {31, 0, 0.}\n"
"From remote kernel:"
"\"block\" -> {88, 89, 90, 91, 92, 93}\n"
"From remote kernel:"
"\"homogeneous id up to\" -> 5292\n"
"From remote kernel:"
"\"dropped eqs\" -> {{5293 -> 0.}, {5293 -> 0.}, {5293 -> 0.}}\n"
"From remote kernel:"
"\"boundary condition test\" -> {93, 0, -3694.5523028148436 + 9793.777515538586*I}\n"
"From remote kernel:"
"\"boundary condition test\" -> {92, 0, -1.7097057751296597*^9 + 3.4275393541570663*^9*I}\n"
"From remote kernel:"
"\"boundary condition test\" -> {91, 0, -5.000042280017259*^9 + 4.922547949205649*I}\n"
"From remote kernel:"
"\"boundary condition test\" -> {90, 0, 1.1250174638944012*^10 - 359940.671332578*I}\n"
"From remote kernel:"
"\"boundary condition test\" -> {89, 0, 3.9397457043681103 + 3.366039327289958*I}\n"
"From remote kernel:"
"\"boundary condition test\" -> {88, 0, 5.000192285970898*^9 + 1.5564543323461786*I}\n"
"From remote kernel:"
"\"block\" -> {75, 76, 77, 78}\n"
"From remote kernel:"
"\"boundary condition test\" -> {78, 0, 40228.32813310291 - 35517.711974990074*I}\n"
"From remote kernel:"
"\"boundary condition test\" -> {77, 0, 6.249869370578024*^8 + 20788.85882237163*I}\n"
"From remote kernel:"
"\"boundary condition test\" -> {76, 0, 4.999931323976265*^9 + 295673.7242388237*I}\n"
"From remote kernel:"
"\"boundary condition test\" -> {75, 0, -4.999931323976265*^9 - 295673.7242388237*I}\n"
"From remote kernel:"
"\"block\" -> {68, 69, 70}\n"
"From remote kernel:"
"\"boundary condition test\" -> {70, 0, -1.7097057751296597*^9 + 3.4275393541570663*^9*I}\n"
"From remote kernel:"
"\"boundary condition test\" -> {69, 0, 3.9397457043681103 + 3.366039327289958*I}\n"
"From remote kernel:"
"\"boundary condition test\" -> {68, 0, 1.1250174638944012*^10 - 359940.671332578*I}\n"
"From remote kernel:"
"\"block\" -> {79, 80, 81, 82}\n"
"From remote kernel:"
"\"boundary condition test\" -> {82, 0, 40989.61343290873 - 26679.76769441226*I}\n"
"From remote kernel:"
"\"boundary condition test\" -> {81, 0, 6.249739395775435*^8 + 40423.2903480128*I}\n"
"From remote kernel:"
"\"boundary condition test\" -> {80, 0, 4.999931323241345*^9 + 295674.69790277485*I}\n"
"From remote kernel:"
"\"boundary condition test\" -> {79, 0, -4.999931323241345*^9 - 295674.69790277485*I}\n"
"From remote kernel:"
"\"block\" -> {71, 72, 73, 74}\n"
"From remote kernel:"
"\"boundary condition test\" -> {74, 0, 50723.034166897516 - 97894.50561661669*I}\n"
"From remote kernel:"
"\"boundary condition test\" -> {73, 0, 1.2499845768246536*^9 + 39268.44468481111*I}\n"
"From remote kernel:"
"\"boundary condition test\" -> {72, 0, 4.999984328539158*^9 + 314156.038235774*I}\n"
"From remote kernel:"
"\"boundary condition test\" -> {71, 0, -4.999984328539158*^9 - 314156.038235774*I}\n"
"From remote kernel:"
"\"block\" -> {64}\n"
"From remote kernel:"
"\"boundary condition test\" -> {64, 0, -5.000192285435325*^9 - 7.8318245616900075*I}\n"
"From remote kernel:"
"\"block\" -> {63}\n"
"From remote kernel:"
"\"boundary condition test\" -> {63, 0, -1.000002360681702*^10 - 295679.70368412416*I}\n"
"From remote kernel:"
"\"block\" -> {65}\n"
"From remote kernel:"
"\"boundary condition test\" -> {65, 0, -40989.64778555075 + 26680.90095300948*I}\n"
"From remote kernel:"
"\"block\" -> {100}\n"
"From remote kernel:"
"\"boundary condition inserted\" -> {100, 0, -5.866474757670496*^7 + 5.701512596660988*^7*I}\n"
"From remote kernel:"
"\"block\" -> {99}\n"
"From remote kernel:"
"\"boundary condition inserted\" -> {99, 0, 2.137175808747692*^8 - 4.28437623197*^8*I}\n"
"From remote kernel:"
"\"block\" -> {98}\n"
"From remote kernel:"
"\"boundary condition inserted\" -> {98, 0, -0.34289204901170356 - 0.3451977967181587*I}\n"
"From remote kernel:"
"\"block\" -> {97}\n"
"From remote kernel:"
"\"boundary condition inserted\" -> {97, 0, -3170.18936711753 + 6118.2114948483695*I}\n"
"From remote kernel:"
"\"block\" -> {96}\n"
"From remote kernel:"
"\"boundary condition inserted\" -> {96, 0, -7.813011554171432*^8 + 51474.4455248831*I}\n"
"From remote kernel:"
"\"block\" -> {95}\n"
"From remote kernel:"
"\"boundary condition inserted\" -> {95, 0, 20494.42535764178 - 13340.706658879215*I}\n"
"From remote kernel:"
"\"block\" -> {86}\n"
"From remote kernel:"
"\"boundary condition inserted\" -> {86, 0, 2.1371758090280098*^8 - 4.284376232448479*^8*I}\n"
"From remote kernel:"
"\"block\" -> {85}\n"
"From remote kernel:"
"\"boundary condition inserted\" -> {85, 0, 6.250139496046289*^8 - 0.5677239328896995*I}\n"
"From remote kernel:"
"\"block\" -> {84}\n"
"From remote kernel:"
"\"boundary condition inserted\" -> {84, 0, -2.031294444155891*^9 + 44992.6874377945*I}\n"
"From remote kernel:"
"\"block\" -> {106, 107, 108, 109}\n"
"From remote kernel:"
"\"homogeneous id up to\" -> 3528\n"
"From remote kernel:"
"\"dropped eqs\" -> {{3529 -> 0.}, {3529 -> 0.}}\n"
"From remote kernel:"
"\"boundary condition test\" -> {109, 0, -2.1371758090280098*^8 + 4.284376232448479*^8*I}\n"
"From remote kernel:"
"\"boundary condition test\" -> {108, 0, -6.250139496046289*^8 + 0.5677239328896995*I}\n"
"From remote kernel:"
"\"boundary condition test\" -> {107, 0, 40990.10629885523 - 26680.28462460136*I}\n"
"From remote kernel:"
"\"boundary condition test\" -> {106, 0, -40990.10629885523 + 26680.28462460136*I}\n"
"From remote kernel:"
"\"block\" -> {102, 103, 104, 105}\n"
"From remote kernel:"
"\"boundary condition test\" -> {105, 0, -2.137175808747692*^8 + 4.28437623197*^8*I}\n"
"From remote kernel:"
"\"boundary condition test\" -> {104, 0, 3170.18936711753 - 6118.2114948483695*I}\n"
"From remote kernel:"
"\"boundary condition test\" -> {103, 0, 0.9886430609480997 - 1.4845687523943625*I}\n"
"From remote kernel:"
"\"boundary condition test\" -> {102, 0, -0.9886430609480997 + 1.4845687523943625*I}\n"
"From remote kernel:"
"\"block\" -> {110}\n"
"From remote kernel:"
"\"boundary condition test\" -> {110, 0, -24623.624728146104 - 21037.861708256463*I}\n"
"From remote kernel:"
"\"block\" -> {113}\n"
"From remote kernel:"
"\"boundary condition test\" -> {113, 0, 1.2363056341304298*^8 - 6.885625036253692*^7*I}\n"
"From remote kernel:"
"\"block\" -> {112}\n"
"From remote kernel:"
"\"boundary condition test\" -> {112, 0, 1.5624222511486563*^8 - 26791.49645660218*I}\n"
"From remote kernel:"
"\"block\" -> {111}\n"
"From remote kernel:"
"\"boundary condition test\" -> {111, 0, 3.125063670329252*^8 - 21423.36316955013*I}\n"
"From remote kernel:"
"\"block\" -> {87}\n"
"From remote kernel:"
"\"boundary condition test\" -> {87, 0, -5.000192285970898*^9 - 1.5564543323461786*I}\n"
"From remote kernel:"
"\"block\" -> {67}\n"
"From remote kernel:"
"\"homogeneous id up to\" -> 882\n"
"From remote kernel:"
"\"dropped eqs\" -> {{883 -> 0.}}\n"
"From remote kernel:"
"\"boundary condition test\" -> {67, 0, -5.000192285970898*^9 - 1.5564543323461786*I}\n"
"From remote kernel:"
"\"block\" -> {36}\n"
"From remote kernel:"
"\"boundary condition test\" -> {36, 0, -1.0000009563331482*^10 + 0.8168458828926073*I}\n"
"From remote kernel:"
"\"block\" -> {40}\n"
"From remote kernel:"
"\"boundary condition test\" -> {40, 0, -5.00006728281104*^9}\n"
"From remote kernel:"
"\"block\" -> {44}\n"
"From remote kernel:"
"\"boundary condition test\" -> {44, 0, 0.}\n"
"From remote kernel:"
"\"block\" -> {33}\n"
"From remote kernel:"
"\"boundary condition test\" -> {33, 0, -5.00006728281104*^9}\n"
"From remote kernel:"
"\"block\" -> {13}\n"
"From remote kernel:"
"\"boundary condition test\" -> {13, 0, 0.}\n"
"From remote kernel:"
"\"block\" -> {101}\n"
"From remote kernel:"
"\"boundary condition test\" -> {101, 0, -40990.0576902267 + 26681.167767355295*I}\n"
"From remote kernel:"
"\"block\" -> {62}\n"
"From remote kernel:"
"\"boundary condition test\" -> {62, 0, -1.0000076612071539*^10 - 314161.6723015456*I}\n"
"From remote kernel:"
"\"block\" -> {10}\n"
"From remote kernel:"
"\"boundary condition test\" -> {10, 0, 0.}\n"
"From remote kernel:"
"\"block\" -> {66}\n"
"From remote kernel:"
"\"boundary condition test\" -> {66, 0, 0.}\n"
"From remote kernel:"
"\"block\" -> {28}\n"
"From remote kernel:"
"\"boundary condition test\" -> {28, 0, 0.}\n"
"From remote kernel:"
"\"block\" -> {94}\n"
"From remote kernel:"
"\"boundary condition inserted\" -> {94, 0, 0.9886430609480997 - 1.4845687523943625*I}\n"
"From remote kernel:"
"\"block\" -> {83}\n"
"From remote kernel:"
"\"boundary condition inserted\" -> {83, 0, 40990.10629885523 - 26680.28462460136*I}\n"
"From remote kernel:"
"\"block\" -> {58}\n"
"From remote kernel:"
"\"boundary condition inserted\" -> {58, 0, 4.999984328539158*^9 + 314156.038235774*I}\n"
"From remote kernel:"
"\"block\" -> {55}\n"
"From remote kernel:"
"\"boundary condition inserted\" -> {55, 0, 4.999931323241345*^9 + 295674.69790277485*I}\n"
"From remote kernel:"
"\"block\" -> {51}\n"
"From remote kernel:"
"\"boundary condition inserted\" -> {51, 0, 4.999931323976265*^9 + 295673.7242388237*I}\n"
"From remote kernel:"
"\"block\" -> {49}\n"
"From remote kernel:"
"\"boundary condition inserted\" -> {49, 0, 5.000192285970898*^9 + 1.5564543323461786*I}\n"
"From remote kernel:"
"\"block\" -> {47}\n"
"From remote kernel:"
"\"boundary condition inserted\" -> {47, 0, 5.000192285435325*^9 + 7.8318245616900075*I}\n"
"From remote kernel:"
"\"block\" -> {22}\n"
"From remote kernel:"
"\"boundary condition inserted\" -> {22, 0, -200002.37311006984 - 12.56651973779928*I}\n"
"From remote kernel:"
"\"block\" -> {19}\n"
"From remote kernel:"
"\"boundary condition inserted\" -> {19, 0, 1.0000009563331482*^10 - 0.8168458828926073*I}\n"
"From remote kernel:"
"\"block\" -> {17}\n"
"From remote kernel:"
"\"boundary condition inserted\" -> {17, 0, 5.00006728281104*^9}\n"
"From remote kernel:"
"\"CalcTaylor: current region\" -> 1/50000\n"
"From remote kernel:"
"\"block\" -> {2}\n"
"From remote kernel:"
"\"boundary condition test\" -> {2, 0, 0.}\n"
"From remote kernel:"
"\"block\" -> {1}\n"
"From remote kernel:"
"\"boundary condition test\" -> {1, 0, 0.}\n"
"From remote kernel:"
"\"block\" -> {14, 15, 16}\n"
"From remote kernel:"
"\"boundary condition inserted\" -> {16, 0, -4.999992281156855*^9}\n"
"From remote kernel:"
"\"boundary condition test\" -> {15, 0, -4.999992281156855*^9}\n"
"From remote kernel:"
"\"boundary condition test\" -> {14, 0, 4.999992281156855*^9}\n"
"From remote kernel:"
"\"block\" -> {3}\n"
"From remote kernel:"
"\"boundary condition inserted\" -> {3, 0, 0.}\n"
"From remote kernel:"
"\"block\" -> {11, 12}\n"
"From remote kernel:"
"\"boundary condition inserted\" -> {12, 0, -4.999992281156855*^9}\n"
"From remote kernel:"
"\"boundary condition test\" -> {11, 0, 4.999992281156855*^9}\n"
"From remote kernel:"
"\"block\" -> {4}\n"
"From remote kernel:"
"\"boundary condition inserted\" -> {4, 0, 0.}\n"
"From remote kernel:"
"\"block\" -> {23}\n"
"From remote kernel:"
"\"boundary condition test\" -> {23, 0, 0.}\n"
"From remote kernel:"
"\"block\" -> {21}\n"
"From remote kernel:"
"\"boundary condition test\" -> {21, 0, 0.}\n"
"From remote kernel:"
"\"block\" -> {20}\n"
"From remote kernel:"
"\"boundary condition test\" -> {20, 0, 0.}\n"
"From remote kernel:"
"\"block\" -> {18}\n"
"From remote kernel:"
"\"boundary condition test\" -> {18, 0, 0.}\n"
"From remote kernel:"
"\"block\" -> {9}\n"
"From remote kernel:"
"\"boundary condition test\" -> {9, 0, 0.}\n"
"From remote kernel:"
"\"block\" -> {8}\n"
"From remote kernel:"
"\"boundary condition test\" -> {8, 0, 0.}\n"
"From remote kernel:"
"\"block\" -> {7}\n"
"From remote kernel:"
"\"boundary condition inserted\" -> {7, 0, 5.000092283002515*^9}\n"
"From remote kernel:"
"\"block\" -> {6}\n"
"From remote kernel:"
"\"boundary condition test\" -> {6, 0, 0.}\n"
"From remote kernel:"
"\"block\" -> {5}\n"
"From remote kernel:"
"\"boundary condition test\" -> {5, 0, 0.}\n"
"From remote kernel:"
"\"block\" -> {37, 38, 39}\n"
"From remote kernel:"
"\"boundary condition test\" -> {39, 0, -4.999992281156855*^9}\n"
"From remote kernel:"
"\"boundary condition test\" -> {38, 0, -4.999992281156855*^9}\n"
"From remote kernel:"
"\"boundary condition test\" -> {37, 0, -100001.8456600503}\n"
"From remote kernel:"
"\"block\" -> {41, 42, 43}\n"
"From remote kernel:"
"\"boundary condition test\" -> {43, 0, -4.999992281156855*^9}\n"
"From remote kernel:"
"\"boundary condition test\" -> {42, 0, -4.999992281156855*^9}\n"
"From remote kernel:"
"\"boundary condition test\" -> {41, 0, -100001.8456600503}\n"
"From remote kernel:"
"\"block\" -> {45, 46}\n"
"From remote kernel:"
"\"boundary condition test\" -> {46, 0, -1.0000084562159332*^10}\n"
"From remote kernel:"
"\"boundary condition test\" -> {45, 0, -49999.92281156855}\n"
"From remote kernel:"
"\"block\" -> {34, 35}\n"
"From remote kernel:"
"\"boundary condition test\" -> {35, 0, -4.999992281156855*^9}\n"
"From remote kernel:"
"\"boundary condition test\" -> {34, 0, -100001.8456600503}\n"
"From remote kernel:"
"\"block\" -> {24}\n"
"From remote kernel:"
"\"boundary condition inserted\" -> {24, 0, 0.}\n"
"From remote kernel:"
"\"block\" -> {30}\n"
"From remote kernel:"
"\"boundary condition test\" -> {30, 0, 5.000092283002515*^9}\n"
"From remote kernel:"
"\"block\" -> {27}\n"
"From remote kernel:"
"\"boundary condition test\" -> {27, 0, 5.000092283002515*^9}\n"
"From remote kernel:"
"\"block\" -> {26}\n"
"From remote kernel:"
"\"boundary condition test\" -> {26, 0, 0.}\n"
"From remote kernel:"
"\"block\" -> {25}\n"
"From remote kernel:"
"\"boundary condition test\" -> {25, 0, 0.}\n"
"From remote kernel:"
"\"block\" -> {29}\n"
"From remote kernel:"
"\"boundary condition test\" -> {29, 0, 0.}\n"
"From remote kernel:"
"\"block\" -> {61}\n"
"From remote kernel:"
"\"boundary condition test\" -> {61, 0, 0.}\n"
"From remote kernel:"
"\"block\" -> {60}\n"
"From remote kernel:"
"\"boundary condition test\" -> {60, 0, 0.}\n"
"From remote kernel:"
"\"block\" -> {59}\n"
"From remote kernel:"
"\"boundary condition test\" -> {59, 0, 0.}\n"
"From remote kernel:"
"\"block\" -> {57}\n"
"From remote kernel:"
"\"boundary condition test\" -> {57, 0, 0.}\n"
"From remote kernel:"
"\"block\" -> {56}\n"
"From remote kernel:"
"\"boundary condition test\" -> {56, 0, 0.}\n"
"From remote kernel:"
"\"block\" -> {54}\n"
"From remote kernel:"
"\"boundary condition test\" -> {54, 0, 0.}\n"
"From remote kernel:"
"\"block\" -> {53}\n"
"From remote kernel:"
"\"boundary condition test\" -> {53, 0, 0.}\n"
"From remote kernel:"
"\"block\" -> {52}\n"
"From remote kernel:"
"\"boundary condition test\" -> {52, 0, 0.}\n"
"From remote kernel:"
"\"block\" -> {50}\n"
"From remote kernel:"
"\"boundary condition test\" -> {50, 0, 0.}\n"
"From remote kernel:"
"\"block\" -> {48}\n"
"From remote kernel:"
"\"boundary condition test\" -> {48, 0, 0.}\n"
"From remote kernel:"
"\"block\" -> {32}\n"
"From remote kernel:"
"\"boundary condition test\" -> {32, 0, 0.}\n"
"From remote kernel:"
"\"block\" -> {31}\n"
"From remote kernel:"
"\"boundary condition test\" -> {31, 0, 0.}\n"
"From remote kernel:"
"\"block\" -> {88, 89, 90, 91, 92, 93}\n"
"From remote kernel:"
"\"homogeneous id up to\" -> 5292\n"
"From remote kernel:"
"\"dropped eqs\" -> {{5293 -> 0.}, {5293 -> 0.}}\n"
"From remote kernel:"
"\"boundary condition test\" -> {93, 0, -1.0000234562927765*^10}\n"
"From remote kernel:"
"\"boundary condition test\" -> {92, 0, -1.0000084562159332*^10}\n"
"From remote kernel:"
"\"boundary condition test\" -> {91, 0, -49999.92281156855}\n"
"From remote kernel:"
"\"boundary condition test\" -> {90, 0, -49999.92281156855}\n"
"From remote kernel:"
"\"boundary condition test\" -> {89, 0, -4.999992281156855*^9}\n"
"From remote kernel:"
"\"boundary condition test\" -> {88, 0, 5.000092281002478*^9}\n"
"From remote kernel:"
"\"block\" -> {75, 76, 77, 78}\n"
"From remote kernel:"
"\"homogeneous id up to\" -> 3528\n"
"From remote kernel:"
"\"dropped eqs\" -> {{3529 -> 0.}}\n"
"From remote kernel:"
"\"boundary condition test\" -> {78, 0, -1.0000084562159332*^10}\n"
"From remote kernel:"
"\"boundary condition test\" -> {77, 0, -49999.92281156855}\n"
"From remote kernel:"
"\"boundary condition test\" -> {76, 0, 5.000092281002478*^9}\n"
"From remote kernel:"
"\"boundary condition test\" -> {75, 0, -4.999992281156855*^9}\n"
"From remote kernel:"
"\"block\" -> {68, 69, 70}\n"
"From remote kernel:"
"\"boundary condition test\" -> {70, 0, -4.999992281156855*^9}\n"
"From remote kernel:"
"\"boundary condition test\" -> {69, 0, -4.999992281156855*^9}\n"
"From remote kernel:"
"\"boundary condition test\" -> {68, 0, 5.000092283002515*^9}\n"
"From remote kernel:"
"\"block\" -> {79, 80, 81, 82}\n"
"From remote kernel:"
"\"homogeneous id up to\" -> 3528\n"
"From remote kernel:"
"\"dropped eqs\" -> {{3529 -> 0.}}\n"
"From remote kernel:"
"\"boundary condition test\" -> {82, 0, -1.0000084562159332*^10}\n"
"From remote kernel:"
"\"boundary condition test\" -> {81, 0, -49999.92281156855}\n"
"From remote kernel:"
"\"boundary condition test\" -> {80, 0, 5.000092281002478*^9}\n"
"From remote kernel:"
"\"boundary condition test\" -> {79, 0, -4.999992281156855*^9}\n"
"From remote kernel:"
"\"block\" -> {71, 72, 73, 74}\n"
"From remote kernel:"
"\"homogeneous id up to\" -> 3528\n"
"From remote kernel:"
"\"dropped eqs\" -> {{3529 -> 0.}}\n"
"From remote kernel:"
"\"boundary condition test\" -> {74, 0, -1.0000084562159332*^10}\n"
"From remote kernel:"
"\"boundary condition test\" -> {73, 0, -49999.92281156855}\n"
"From remote kernel:"
"\"boundary condition test\" -> {72, 0, 5.000092281002478*^9}\n"
"From remote kernel:"
"\"boundary condition test\" -> {71, 0, -4.999992281156855*^9}\n"
"From remote kernel:"
"\"block\" -> {64}\n"
"From remote kernel:"
"\"boundary condition test\" -> {64, 0, 5.000092283002515*^9}\n"
"From remote kernel:"
"\"block\" -> {63}\n"
"From remote kernel:"
"\"boundary condition test\" -> {63, 0, 0.}\n"
"From remote kernel:"
"\"block\" -> {65}\n"
"From remote kernel:"
"\"boundary condition test\" -> {65, 0, 0.}\n"
"From remote kernel:"
"\"block\" -> {100}\n"
"From remote kernel:"
"\"boundary condition test\" -> {100, 0, 0.}\n"
"From remote kernel:"
"\"block\" -> {99}\n"
"From remote kernel:"
"\"boundary condition test\" -> {99, 0, 0.}\n"
"From remote kernel:"
"\"block\" -> {98}\n"
"From remote kernel:"
"\"boundary condition test\" -> {98, 0, 0.}\n"
"From remote kernel:"
"\"block\" -> {97}\n"
"From remote kernel:"
"\"boundary condition test\" -> {97, 0, 0.}\n"
"From remote kernel:"
"\"block\" -> {96}\n"
"From remote kernel:"
"\"boundary condition test\" -> {96, 0, 0.}\n"
"From remote kernel:"
"\"block\" -> {95}\n"
"From remote kernel:"
"\"boundary condition test\" -> {95, 0, 0.}\n"
"From remote kernel:"
"\"block\" -> {86}\n"
"From remote kernel:"
"\"boundary condition test\" -> {86, 0, 0.}\n"
"From remote kernel:"
"\"block\" -> {85}\n"
"From remote kernel:"
"\"boundary condition test\" -> {85, 0, 0.}\n"
"From remote kernel:"
"\"block\" -> {84}\n"
"From remote kernel:"
"\"boundary condition test\" -> {84, 0, 0.}\n"
"From remote kernel:"
"\"block\" -> {106, 107, 108, 109}\n"
"From remote kernel:"
"\"homogeneous id up to\" -> 3528\n"
"From remote kernel:"
"\"dropped eqs\" -> {{3529 -> 0.}, {3529 -> 0.}, {3529 -> 0.}}\n"
"From remote kernel:"
"\"boundary condition test\" -> {109, 0, -1.0000234562927765*^10}\n"
"From remote kernel:"
"\"boundary condition test\" -> {108, 0, -16666.97427000826}\n"
"From remote kernel:"
"\"boundary condition test\" -> {107, 0, 100000.84562159333}\n"
"From remote kernel:"
"\"boundary condition test\" -> {106, 0, -49999.92281156855}\n"
"From remote kernel:"
"\"block\" -> {102, 103, 104, 105}\n"
"From remote kernel:"
"\"homogeneous id up to\" -> 3528\n"
"From remote kernel:"
"\"dropped eqs\" -> {{3529 -> 0.}}\n"
"From remote kernel:"
"\"boundary condition test\" -> {105, 0, -1.0000084562159332*^10}\n"
"From remote kernel:"
"\"boundary condition test\" -> {104, 0, -49999.92281156855}\n"
"From remote kernel:"
"\"boundary condition test\" -> {103, 0, 1.0000084562159332*^10}\n"
"From remote kernel:"
"\"boundary condition test\" -> {102, 0, -4.999992281156855*^9}\n"
"From remote kernel:"
"\"block\" -> {110}\n"
"From remote kernel:"
"\"boundary condition test\" -> {110, 0, -49999.92281156855}\n"
"From remote kernel:"
"\"block\" -> {113}\n"
"From remote kernel:"
"\"homogeneous id up to\" -> 882\n"
"From remote kernel:"
"\"dropped eqs\" -> {{883 -> 0.}}\n"
"From remote kernel:"
"\"boundary condition test\" -> {113, 0, -1.0000234562927765*^10}\n"
"From remote kernel:"
"\"block\" -> {112}\n"
"From remote kernel:"
"\"homogeneous id up to\" -> 882\n"
"From remote kernel:"
"\"dropped eqs\" -> {{883 -> 0.}, {883 -> 0.}}\n"
"From remote kernel:"
"\"boundary condition test\" -> {112, 0, -16666.97427000826}\n"
"From remote kernel:"
"\"block\" -> {111}\n"
"From remote kernel:"
"\"homogeneous id up to\" -> 882\n"
"From remote kernel:"
"\"dropped eqs\" -> {{883 -> 0.}}\n"
"From remote kernel:"
"\"boundary condition test\" -> {111, 0, -49999.92281156855}\n"
"From remote kernel:"
"\"block\" -> {87}\n"
"From remote kernel:"
"\"boundary condition test\" -> {87, 0, -4.999992281156855*^9}\n"
"From remote kernel:"
"\"block\" -> {67}\n"
"From remote kernel:"
"\"boundary condition test\" -> {67, 0, 5.000092283002515*^9}\n"
"From remote kernel:"
"\"block\" -> {36}\n"
"From remote kernel:"
"\"boundary condition test\" -> {36, 0, 5.000092283002515*^9}\n"
"From remote kernel:"
"\"block\" -> {40}\n"
"From remote kernel:"
"\"boundary condition test\" -> {40, 0, 5.000092283002515*^9}\n"
"From remote kernel:"
"\"block\" -> {44}\n"
"From remote kernel:"
"\"boundary condition test\" -> {44, 0, -4.999992281156855*^9}\n"
"From remote kernel:"
"\"block\" -> {33}\n"
"From remote kernel:"
"\"boundary condition test\" -> {33, 0, 5.000092283002515*^9}\n"
"From remote kernel:"
"\"block\" -> {13}\n"
"From remote kernel:"
"\"boundary condition test\" -> {13, 0, 5.000092283002515*^9}\n"
"From remote kernel:"
"\"block\" -> {101}\n"
"From remote kernel:"
"\"boundary condition test\" -> {101, 0, 0.}\n"
"From remote kernel:"
"\"block\" -> {62}\n"
"From remote kernel:"
"\"boundary condition test\" -> {62, 0, 0.}\n"
"From remote kernel:"
"\"block\" -> {10}\n"
"From remote kernel:"
"\"boundary condition test\" -> {10, 0, 5.000092283002515*^9}\n"
"From remote kernel:"
"\"block\" -> {66}\n"
"From remote kernel:"
"\"boundary condition test\" -> {66, 0, 0.}\n"
"From remote kernel:"
"\"block\" -> {28}\n"
"From remote kernel:"
"\"boundary condition test\" -> {28, 0, 0.}\n"
"From remote kernel:"
"\"block\" -> {94}\n"
"From remote kernel:"
"\"boundary condition test\" -> {94, 0, 0.}\n"
"From remote kernel:"
"\"block\" -> {83}\n"
"From remote kernel:"
"\"boundary condition test\" -> {83, 0, 0.}\n"
"From remote kernel:"
"\"block\" -> {58}\n"
"From remote kernel:"
"\"boundary condition test\" -> {58, 0, 0.}\n"
"From remote kernel:"
"\"block\" -> {55}\n"
"From remote kernel:"
"\"boundary condition test\" -> {55, 0, 0.}\n"
"From remote kernel:"
"\"block\" -> {51}\n"
"From remote kernel:"
"\"boundary condition test\" -> {51, 0, 0.}\n"
"From remote kernel:"
"\"block\" -> {49}\n"
"From remote kernel:"
"\"boundary condition test\" -> {49, 0, 0.}\n"
"From remote kernel:"
"\"block\" -> {47}\n"
"From remote kernel:"
"\"boundary condition test\" -> {47, 0, 0.}\n"
"From remote kernel:"
"\"block\" -> {22}\n"
"From remote kernel:"
"\"boundary condition test\" -> {22, 0, 0.}\n"
"From remote kernel:"
"\"block\" -> {19}\n"
"From remote kernel:"
"\"boundary condition test\" -> {19, 0, 0.}\n"
"From remote kernel:"
"\"block\" -> {17}\n"
"From remote kernel:"
"\"boundary condition test\" -> {17, 0, 0.}\n"
"From remote kernel:"
"\"AMFlow: Infinity solved in 151s.\"\n"
"From remote kernel:"
"\"AMFlow: running among regular points...\"\n"
"From remote kernel:"
"\"current regular point\" -> -15.08358661434019 - 50.27862204780063*I\n"
"From remote kernel:"
"\"current regular point\" -> -7.956238600406156 - 26.520795334687186*I\n"
"From remote kernel:"
"\"current regular point\" -> -4.374606479672435 - 14.582021598908119*I\n"
"From remote kernel:"
"\"current regular point\" -> -2.5481829428826237 - 8.49394314294208*I\n"
"From remote kernel:"
"\"current regular point\" -> -1.566006303389644 - 5.2200210112988135*I\n"
"From remote kernel:"
"\"current regular point\" -> -0.9502167490378524 - 3.1673891634595077*I\n"
"From remote kernel:"
"\"current regular point\" -> -0.4751083745189262 - 1.5836945817297539*I\n"
"From remote kernel:"
"\"AMFlow: regular running finished in 121s.\"\n"
"From remote kernel:"
"\"AMFlow: solving near the last point...\"\n"
"From remote kernel:"
"\"NormalizeMat finished in 9s.\"\n"
"From remote kernel:"
"\"LearnXOrder is negative. skip learning phase.\"\n"
"From remote kernel:"
"\"block\" -> {2}\n"
"From remote kernel:"
"\"behavior\" -> {{0, 0}}\n"
"From remote kernel:"
"\"number of constraints and variables\" -> {1, 1}\n"
"From remote kernel:"
"\"block\" -> {1}\n"
"From remote kernel:"
"\"behavior\" -> {{99999/100000, 0}}\n"
"From remote kernel:"
"\"number of constraints and variables\" -> {1, 1}\n"
"From remote kernel:"
"\"block\" -> {14, 15, 16}\n"
"From remote kernel:"
"\"behavior\" -> {{0, 0}, {99999/100000, 1}}\n"
"From remote kernel:"
"\"number of constraints and variables\" -> {6, 6}\n"
"From remote kernel:"
"\"block\" -> {3}\n"
"From remote kernel:"
"\"behavior\" -> {{49999/100000, 0}, {0, 0}, {99999/100000, 0}}\n"
"From remote kernel:"
"\"number of constraints and variables\" -> {1, 1}\n"
"From remote kernel:"
"\"block\" -> {11, 12}\n"
"From remote kernel:"
"\"behavior\" -> {{0, 0}, {99999/100000, 0}}\n"
"From remote kernel:"
"\"number of constraints and variables\" -> {4, 4}\n"
"From remote kernel:"
"\"block\" -> {4}\n"
"From remote kernel:"
"\"behavior\" -> {{0, 0}, {99999/100000, 0}}\n"
"From remote kernel:"
"\"number of constraints and variables\" -> {1, 1}\n"
"From remote kernel:"
"\"block\" -> {23}\n"
"From remote kernel:"
"\"behavior\" -> {{0, 0}}\n"
"From remote kernel:"
"\"number of constraints and variables\" -> {1, 1}\n"
"From remote kernel:"
"\"block\" -> {21}\n"
"From remote kernel:"
"\"behavior\" -> {{0, 0}}\n"
"From remote kernel:"
"\"number of constraints and variables\" -> {1, 1}\n"
"From remote kernel:"
"\"block\" -> {20}\n"
"From remote kernel:"
"\"behavior\" -> {{0, 0}}\n"
"From remote kernel:"
"\"number of constraints and variables\" -> {1, 1}\n"
"From remote kernel:"
"\"block\" -> {18}\n"
"From remote kernel:"
"\"behavior\" -> {{0, 0}}\n"
"From remote kernel:"
"\"number of constraints and variables\" -> {1, 1}\n"
"From remote kernel:"
"\"block\" -> {9}\n"
"From remote kernel:"
"\"behavior\" -> {{0, 0}}\n"
"From remote kernel:"
"\"number of constraints and variables\" -> {1, 1}\n"
"From remote kernel:"
"\"block\" -> {8}\n"
"From remote kernel:"
"\"behavior\" -> {{0, 0}}\n"
"From remote kernel:"
"\"number of constraints and variables\" -> {1, 1}\n"
"From remote kernel:"
"\"block\" -> {7}\n"
"From remote kernel:"
"\"behavior\" -> {{49999/50000, 0}}\n"
"From remote kernel:"
"\"number of constraints and variables\" -> {1, 1}\n"
"From remote kernel:"
"\"block\" -> {6}\n"
"From remote kernel:"
"\"behavior\" -> {{99999/100000, 0}}\n"
"From remote kernel:"
"\"number of constraints and variables\" -> {1, 1}\n"
"From remote kernel:"
"\"block\" -> {5}\n"
"From remote kernel:"
"\"behavior\" -> {{99999/100000, 0}}\n"
"From remote kernel:"
"\"number of constraints and variables\" -> {1, 1}\n"
"From remote kernel:"
"\"block\" -> {37, 38, 39}\n"
"From remote kernel:"
"\"behavior\" -> {{0, 1}, {49999/100000, 1}, {99999/100000, 1}}\n"
"From remote kernel:"
"\"number of constraints and variables\" -> {6, 6}\n"
"From remote kernel:"
"\"block\" -> {41, 42, 43}\n"
"From remote kernel:"
"\"behavior\" -> {{0, 1}, {99999/100000, 1}}\n"
"From remote kernel:"
"\"number of constraints and variables\" -> {3, 3}\n"
"From remote kernel:"
"\"block\" -> {45, 46}\n"
"From remote kernel:"
"\"behavior\" -> {{0, 1}, {99999/100000, 2}}\n"
"From remote kernel:"
"\"number of constraints and variables\" -> {4, 4}\n"
"From remote kernel:"
"\"block\" -> {34, 35}\n"
"From remote kernel:"
"\"behavior\" -> {{0, 1}, {49999/100000, 0}, {99999/100000, 0}}\n"
"From remote kernel:"
"\"number of constraints and variables\" -> {4, 4}\n"
"From remote kernel:"
"\"block\" -> {24}\n"
"From remote kernel:"
"\"behavior\" -> {{0, 1}, {99999/100000, 0}, {49999/100000, 0}}\n"
"From remote kernel:"
"\"number of constraints and variables\" -> {1, 1}\n"
"From remote kernel:"
"\"block\" -> {30}\n"
"From remote kernel:"
"\"behavior\" -> {{99999/100000, 0}, {0, 0}, {49999/50000, 0}}\n"
"From remote kernel:"
"\"number of constraints and variables\" -> {1, 1}\n"
"From remote kernel:"
"\"block\" -> {27}\n"
"From remote kernel:"
"\"behavior\" -> {{24999/50000, 0}, {0, 0}, {49999/50000, 0}}\n"
"From remote kernel:"
"\"number of constraints and variables\" -> {1, 1}\n"
"From remote kernel:"
"\"block\" -> {26}\n"
"From remote kernel:"
"\"behavior\" -> {{49999/100000, 0}, {0, 0}, {99999/100000, 0}}\n"
"From remote kernel:"
"\"number of constraints and variables\" -> {1, 1}\n"
"From remote kernel:"
"\"block\" -> {25}\n"
"From remote kernel:"
"\"behavior\" -> {{49999/100000, 0}, {0, 0}, {99999/100000, 0}}\n"
"From remote kernel:"
"\"number of constraints and variables\" -> {1, 1}\n"
"From remote kernel:"
"\"block\" -> {29}\n"
"From remote kernel:"
"\"behavior\" -> {{0, 0}, {99999/100000, 0}}\n"
"From remote kernel:"
"\"number of constraints and variables\" -> {1, 1}\n"
"From remote kernel:"
"\"block\" -> {61}\n"
"From remote kernel:"
"\"behavior\" -> {{0, 0}}\n"
"From remote kernel:"
"\"number of constraints and variables\" -> {1, 1}\n"
"From remote kernel:"
"\"block\" -> {60}\n"
"From remote kernel:"
"\"behavior\" -> {{0, 0}}\n"
"From remote kernel:"
"\"number of constraints and variables\" -> {1, 1}\n"
"From remote kernel:"
"\"block\" -> {59}\n"
"From remote kernel:"
"\"behavior\" -> {{0, 0}}\n"
"From remote kernel:"
"\"number of constraints and variables\" -> {1, 1}\n"
"From remote kernel:"
"\"block\" -> {57}\n"
"From remote kernel:"
"\"behavior\" -> {{0, 0}}\n"
"From remote kernel:"
"\"number of constraints and variables\" -> {1, 1}\n"
"From remote kernel:"
"\"block\" -> {56}\n"
"From remote kernel:"
"\"behavior\" -> {{0, 0}}\n"
"From remote kernel:"
"\"number of constraints and variables\" -> {1, 1}\n"
"From remote kernel:"
"\"block\" -> {54}\n"
"From remote kernel:"
"\"behavior\" -> {{0, 0}}\n"
"From remote kernel:"
"\"number of constraints and variables\" -> {1, 1}\n"
"From remote kernel:"
"\"block\" -> {53}\n"
"From remote kernel:"
"\"behavior\" -> {{0, 0}}\n"
"From remote kernel:"
"\"number of constraints and variables\" -> {1, 1}\n"
"From remote kernel:"
"\"block\" -> {52}\n"
"From remote kernel:"
"\"behavior\" -> {{0, 0}}\n"
"From remote kernel:"
"\"number of constraints and variables\" -> {1, 1}\n"
"From remote kernel:"
"\"block\" -> {50}\n"
"From remote kernel:"
"\"behavior\" -> {{0, 0}}\n"
"From remote kernel:"
"\"number of constraints and variables\" -> {1, 1}\n"
"From remote kernel:"
"\"block\" -> {48}\n"
"From remote kernel:"
"\"behavior\" -> {{0, 0}}\n"
"From remote kernel:"
"\"number of constraints and variables\" -> {1, 1}\n"
"From remote kernel:"
"\"block\" -> {32}\n"
"From remote kernel:"
"\"behavior\" -> {{0, 0}}\n"
"From remote kernel:"
"\"number of constraints and variables\" -> {1, 1}\n"
"From remote kernel:"
"\"block\" -> {31}\n"
"From remote kernel:"
"\"behavior\" -> {{99999/100000, 0}}\n"
"From remote kernel:"
"\"number of constraints and variables\" -> {1, 1}\n"
"From remote kernel:"
"\"block\" -> {88, 89, 90, 91, 92, 93}\n"
"From remote kernel:"
"\"behavior\" -> {{0, 2}, {49999/100000, 2}, {99999/100000, 2}}\n"
"From remote kernel:"
"\"number of constraints and variables\" -> {12, 12}\n"
"From remote kernel:"
"\"block\" -> {75, 76, 77, 78}\n"
"From remote kernel:"
"\"behavior\" -> {{49999/100000, 2}, {99999/100000, 3}, {0, 1}, {49999/50000, 0}, {24999/50000, 0}}\n"
"From remote kernel:"
"\"number of constraints and variables\" -> {8, 8}\n"
"From remote kernel:"
"\"block\" -> {68, 69, 70}\n"
"From remote kernel:"
"\"behavior\" -> {{0, 2}, {99999/100000, 1}, {49999/100000, 1}}\n"
"From remote kernel:"
"\"number of constraints and variables\" -> {3, 3}\n"
"From remote kernel:"
"\"block\" -> {79, 80, 81, 82}\n"
"From remote kernel:"
"\"behavior\" -> {{0, 2}, {99999/100000, 2}, {49999/50000, 0}}\n"
"From remote kernel:"
"\"number of constraints and variables\" -> {8, 8}\n"
"From remote kernel:"
"\"block\" -> {71, 72, 73, 74}\n"
"From remote kernel:"
"\"behavior\" -> {{49999/100000, 1}, {99999/100000, 2}, {0, 1}, {49999/50000, 0}, {24999/50000, 0}}\n"
"From remote kernel:"
"\"number of constraints and variables\" -> {8, 8}\n"
"From remote kernel:"
"\"block\" -> {64}\n"
"From remote kernel:"
"\"behavior\" -> {{99999/100000, 0}, {0, 0}, {49999/50000, 0}, {24999/50000, 0}}\n"
"From remote kernel:"
"\"number of constraints and variables\" -> {1, 1}\n"
"From remote kernel:"
"\"block\" -> {63}\n"
"From remote kernel:"
"\"behavior\" -> {{0, 1}, {99999/100000, 0}, {49999/100000, 0}}\n"
"From remote kernel:"
"\"number of constraints and variables\" -> {1, 1}\n"
"From remote kernel:"
"\"block\" -> {65}\n"
"From remote kernel:"
"\"behavior\" -> {{49999/100000, 0}, {0, 0}, {99999/100000, 0}}\n"
"From remote kernel:"
"\"number of constraints and variables\" -> {1, 1}\n"
"From remote kernel:"
"\"block\" -> {100}\n"
"From remote kernel:"
"\"behavior\" -> {{0, 0}}\n"
"From remote kernel:"
"\"number of constraints and variables\" -> {1, 1}\n"
"From remote kernel:"
"\"block\" -> {99}\n"
"From remote kernel:"
"\"behavior\" -> {{0, 0}}\n"
"From remote kernel:"
"\"number of constraints and variables\" -> {1, 1}\n"
"From remote kernel:"
"\"block\" -> {98}\n"
"From remote kernel:"
"\"behavior\" -> {{0, 0}}\n"
"From remote kernel:"
"\"number of constraints and variables\" -> {1, 1}\n"
"From remote kernel:"
"\"block\" -> {97}\n"
"From remote kernel:"
"\"behavior\" -> {{0, 0}}\n"
"From remote kernel:"
"\"number of constraints and variables\" -> {1, 1}\n"
"From remote kernel:"
"\"block\" -> {96}\n"
"From remote kernel:"
"\"behavior\" -> {{0, 0}}\n"
"From remote kernel:"
"\"number of constraints and variables\" -> {1, 1}\n"
"From remote kernel:"
"\"block\" -> {95}\n"
"From remote kernel:"
"\"behavior\" -> {{0, 0}}\n"
"From remote kernel:"
"\"number of constraints and variables\" -> {1, 1}\n"
"From remote kernel:"
"\"block\" -> {86}\n"
"From remote kernel:"
"\"behavior\" -> {{0, 0}}\n"
"From remote kernel:"
"\"number of constraints and variables\" -> {1, 1}\n"
"From remote kernel:"
"\"block\" -> {85}\n"
"From remote kernel:"
"\"behavior\" -> {{0, 0}}\n"
"From remote kernel:"
"\"number of constraints and variables\" -> {1, 1}\n"
"From remote kernel:"
"\"block\" -> {84}\n"
"From remote kernel:"
"\"behavior\" -> {{0, 0}}\n"
"From remote kernel:"
"\"number of constraints and variables\" -> {1, 1}\n"
"From remote kernel:"
"\"block\" -> {106, 107, 108, 109}\n"
"From remote kernel:"
"\"behavior\" -> {{49999/100000, 3}, {99999/100000, 5}, {0, 2}, {49999/50000, 0}, {24999/50000, 0}}\n"
"From remote kernel:"
"\"number of constraints and variables\" -> {8, 8}\n"
"From remote kernel:"
"\"block\" -> {102, 103, 104, 105}\n"
"From remote kernel:"
"\"behavior\" -> {{0, 3}, {99999/100000, 4}, {49999/100000, 2}, {49999/50000, 0}, {24999/50000, 0}}\n"
"From remote kernel:"
"\"number of constraints and variables\" -> {8, 8}\n"
"From remote kernel:"
"\"block\" -> {113}\n"
"From remote kernel:"
"\"behavior\" -> {{0, 4}, {99999/100000, 5}, {49999/100000, 3}, {49999/50000, 0}, {24999/50000, 0}}\n"
"From remote kernel:"
"\"number of constraints and variables\" -> {1, 1}\n"
"From remote kernel:"
"\"block\" -> {112}\n"
"From remote kernel:"
"\"behavior\" -> {{0, 4}, {99999/100000, 5}, {49999/100000, 3}, {49999/50000, 0}, {24999/50000, 0}}\n"
"From remote kernel:"
"\"number of constraints and variables\" -> {1, 1}\n"
"From remote kernel:"
"\"block\" -> {111}\n"
"From remote kernel:"
"\"behavior\" -> {{0, 4}, {99999/100000, 5}, {49999/100000, 3}, {49999/50000, 0}, {24999/50000, 0}}\n"
"From remote kernel:"
"\"number of constraints and variables\" -> {1, 1}\n"
"From remote kernel:"
"\"block\" -> {110}\n"
"From remote kernel:"
"\"behavior\" -> {{0, 4}, {99999/100000, 5}, {49999/100000, 3}, {49999/50000, 0}, {24999/50000, 0}}\n"
"From remote kernel:"
"\"number of constraints and variables\" -> {1, 1}\n"
"From remote kernel:"
"\"block\" -> {87}\n"
"From remote kernel:"
"\"behavior\" -> {{0, 3}, {99999/100000, 2}, {49999/100000, 2}}\n"
"From remote kernel:"
"\"number of constraints and variables\" -> {1, 1}\n"
"From remote kernel:"
"\"block\" -> {67}\n"
"From remote kernel:"
"\"behavior\" -> {{0, 3}, {99999/100000, 1}, {49999/100000, 1}}\n"
"From remote kernel:"
"\"number of constraints and variables\" -> {1, 1}\n"
"From remote kernel:"
"\"block\" -> {36}\n"
"From remote kernel:"
"\"behavior\" -> {{0, 2}, {49999/100000, 1}, {99999/100000, 1}}\n"
"From remote kernel:"
"\"number of constraints and variables\" -> {1, 1}\n"
"From remote kernel:"
"\"block\" -> {40}\n"
"From remote kernel:"
"\"behavior\" -> {{0, 2}, {99999/100000, 1}}\n"
"From remote kernel:"
"\"number of constraints and variables\" -> {1, 1}\n"
"From remote kernel:"
"\"block\" -> {44}\n"
"From remote kernel:"
"\"behavior\" -> {{0, 2}, {99999/100000, 2}}\n"
"From remote kernel:"
"\"number of constraints and variables\" -> {1, 1}\n"
"From remote kernel:"
"\"block\" -> {33}\n"
"From remote kernel:"
"\"behavior\" -> {{0, 2}, {49999/100000, 0}, {99999/100000, 0}}\n"
"From remote kernel:"
"\"number of constraints and variables\" -> {1, 1}\n"
"From remote kernel:"
"\"block\" -> {13}\n"
"From remote kernel:"
"\"behavior\" -> {{0, 1}, {99999/100000, 1}}\n"
"From remote kernel:"
"\"number of constraints and variables\" -> {1, 1}\n"
"From remote kernel:"
"\"block\" -> {101}\n"
"From remote kernel:"
"\"behavior\" -> {{0, 1}, {99999/100000, 0}, {49999/100000, 0}}\n"
"From remote kernel:"
"\"number of constraints and variables\" -> {1, 1}\n"
"From remote kernel:"
"\"block\" -> {62}\n"
"From remote kernel:"
"\"behavior\" -> {{0, 1}, {99999/100000, 0}, {49999/100000, 0}}\n"
"From remote kernel:"
"\"number of constraints and variables\" -> {1, 1}\n"
"From remote kernel:"
"\"block\" -> {10}\n"
"From remote kernel:"
"\"behavior\" -> {{0, 1}, {99999/100000, 0}}\n"
"From remote kernel:"
"\"number of constraints and variables\" -> {1, 1}\n"
"From remote kernel:"
"\"block\" -> {66}\n"
"From remote kernel:"
"\"behavior\" -> {{0, 0}, {99999/100000, 0}}\n"
"From remote kernel:"
"\"number of constraints and variables\" -> {1, 1}\n"
"From remote kernel:"
"\"block\" -> {28}\n"
"From remote kernel:"
"\"behavior\" -> {{0, 0}, {99999/100000, 0}}\n"
"From remote kernel:"
"\"number of constraints and variables\" -> {1, 1}\n"
"From remote kernel:"
"\"block\" -> {94}\n"
"From remote kernel:"
"\"behavior\" -> {{0, 0}}\n"
"From remote kernel:"
"\"number of constraints and variables\" -> {1, 1}\n"
"From remote kernel:"
"\"block\" -> {83}\n"
"From remote kernel:"
"\"behavior\" -> {{0, 0}}\n"
"From remote kernel:"
"\"number of constraints and variables\" -> {1, 1}\n"
"From remote kernel:"
"\"block\" -> {58}\n"
"From remote kernel:"
"\"behavior\" -> {{0, 0}}\n"
"From remote kernel:"
"\"number of constraints and variables\" -> {1, 1}\n"
"From remote kernel:"
"\"block\" -> {55}\n"
"From remote kernel:"
"\"behavior\" -> {{0, 0}}\n"
"From remote kernel:"
"\"number of constraints and variables\" -> {1, 1}\n"
"From remote kernel:"
"\"block\" -> {51}\n"
"From remote kernel:"
"\"behavior\" -> {{0, 0}}\n"
"From remote kernel:"
"\"number of constraints and variables\" -> {1, 1}\n"
"From remote kernel:"
"\"block\" -> {49}\n"
"From remote kernel:"
"\"behavior\" -> {{0, 0}}\n"
"From remote kernel:"
"\"number of constraints and variables\" -> {1, 1}\n"
"From remote kernel:"
"\"block\" -> {47}\n"
"From remote kernel:"
"\"behavior\" -> {{0, 0}}\n"
"From remote kernel:"
"\"number of constraints and variables\" -> {1, 1}\n"
"From remote kernel:"
"\"block\" -> {22}\n"
"From remote kernel:"
"\"behavior\" -> {{0, 0}}\n"
"From remote kernel:"
"\"number of constraints and variables\" -> {1, 1}\n"
"From remote kernel:"
"\"block\" -> {19}\n"
"From remote kernel:"
"\"behavior\" -> {{0, 0}}\n"
"From remote kernel:"
"\"number of constraints and variables\" -> {1, 1}\n"
"From remote kernel:"
"\"block\" -> {17}\n"
"From remote kernel:"
"\"behavior\" -> {{0, 0}}\n"
"From remote kernel:"
"\"number of constraints and variables\" -> {1, 1}\n"
"From remote kernel:"
"\"AMFlow: last point solved in 172s.\"\n"
"From remote kernel:"
"\"dropped terms when pickzero\" -> {0.}\n"
"From remote kernel:"
"\"dropped terms when pickzero\" -> {0.}\n"
"From remote kernel:"
"\"dropped terms when pickzero\" -> {0.}\n"
"From remote kernel:"
"\"dropped terms when pickzero\" -> {0.}\n"
"From remote kernel:"
"\"dropped terms when pickzero\" -> {0.}\n"
"From remote kernel:"
"\"dropped terms when pickzero\" -> {0.}\n"
"From remote kernel:"
"\"dropped terms when pickzero\" -> {0.}\n"
"From remote kernel:"
"\"dropped terms when pickzero\" -> {0.}\n"
"From remote kernel:"
"\"dropped terms when pickzero\" -> {0., 0.}\n"
"From remote kernel:"
"\"dropped terms when pickzero\" -> {0., 0.}\n"
"From remote kernel:"
"\"dropped terms when pickzero\" -> {0., 0.}\n"
"From remote kernel:"
"\"dropped terms when pickzero\" -> {0.}\n"
"From remote kernel:"
"\"dropped terms when pickzero\" -> {0., 0.}\n"
"From remote kernel:"
"\"dropped terms when pickzero\" -> {0., 0.}\n"
"From remote kernel:"
"\"dropped terms when pickzero\" -> {0., 0.}\n"
"From remote kernel:"
"\"dropped terms when pickzero\" -> {0.}\n"
"From remote kernel:"
"\"dropped terms when pickzero\" -> {0., 0.}\n"
"From remote kernel:"
"\"dropped terms when pickzero\" -> {0., 0.}\n"
"From remote kernel:"
"\"dropped terms when pickzero\" -> {0., 0.}\n"
"From remote kernel:"
"\"dropped terms when pickzero\" -> {0.}\n"
"From remote kernel:"
"\"dropped terms when pickzero\" -> {0.}\n"
"From remote kernel:"
"\"dropped terms when pickzero\" -> {0.}\n"
"From remote kernel:"
"\"dropped terms when pickzero\" -> {0., 0.}\n"
"From remote kernel:"
"\"dropped terms when pickzero\" -> {0., 0.}\n"
"From remote kernel:"
"\"dropped terms when pickzero\" -> {0., 0.}\n"
"From remote kernel:"
"\"dropped terms when pickzero\" -> {0.}\n"
"From remote kernel:"
"\"dropped terms when pickzero\" -> {0., 0.}\n"
"From remote kernel:"
"\"dropped terms when pickzero\" -> {0.}\n"
"From remote kernel:"
"\"dropped terms when pickzero\" -> {0., 0.}\n"
"From remote kernel:"
"\"dropped terms when pickzero\" -> {0.}\n"
"From remote kernel:"
"\"dropped terms when pickzero\" -> {0.}\n"
"From remote kernel:"
"\"dropped terms when pickzero\" -> {0.}\n"
"From remote kernel:"
"\"dropped terms when pickzero\" -> {0., 0.}\n"
"From remote kernel:"
"\"system cleared: DESolver`$InternalSystem\"\n"
"From remote kernel:"
"\"AMFlow: finished in 448s.\"\n"
