"From remote kernel:"
"DESolver`SetGlobalOptions -> {\"WorkingPre\" -> 100, \"ChopPre\" -> 20, \"SilentMode\" -> False, \"RationalizePre\" -> 100}\n"
"From remote kernel:"
"DESolver`SetExpansionOptions -> {\"XOrder\" -> 100, \"ExtraXOrder\" -> 20, \"LearnXOrder\" -> -1, \"TestXOrder\" -> 5}\n"
"From remote kernel:"
"DESolver`SetRunningOptions -> {\"RunRadius\" -> 2, \"RunLength\" -> 1000, \"RunCandidate\" -> 10, \"RunDirection\" -> \"NegIm\"}\n"
"From remote kernel:"
"DESolver`SetGlobalOptions -> {\"WorkingPre\" -> 200, \"ChopPre\" -> 20, \"SilentMode\" -> False, \"RationalizePre\" -> 100}\n"
"From remote kernel:"
"DESolver`SetExpansionOptions -> {\"XOrder\" -> 400, \"ExtraXOrder\" -> 480, \"LearnXOrder\" -> -1, \"TestXOrder\" -> 5}\n"
"From remote kernel:"
"DESolver`SetRunningOptions -> {\"RunRadius\" -> 2, \"RunLength\" -> 1000, \"RunCandidate\" -> 10, \"RunDirection\" -> \"NegIm\"}\n"
"From remote kernel:"
"\"AMFlow: start.\"\n"
"From remote kernel:"
"\"system loaded: DESolver`$InternalSystem\\nDE[DESolver`$InternalSystem] -- differential equation in matrix form\\nBC[DESolver`$InternalSystem] -- boundary conditions either in singular form or in regular form\\nP[DESolver`$InternalSystem] -- boundary point\\nAsyExp[DESolver`$InternalSystem] -- asymptotic expansion near a singular point (currently it is Null)\\nintegrals: 91, blocks: 78, density: 0.07, degrees: {18, 21}\"\n"
"From remote kernel:"
"\"AMFlow: integrals will be evaluated at 12 regular points\" -> {35.65350492999396 - 89.1337623249849*I, 18.943747789926963 - 47.359369474817406*I, 10.132361097026322 - 25.330902742565808*I, 5.4844221485916025 - 13.71105537147901*I, 3.1422061102477423 - 7.855515275619355*I, 1.9350869949879943 - 4.837717487469986*I, 1.2628579848677774 - 3.157144962169444*I, 0.8068731670676075 - 2.0171829176690186*I, 0.4034365835338038 - 1.0085914588345095*I, 0.20171829176690187 - 0.5042957294172548*I, 0.10085914588345093 - 0.2521478647086274*I, 0.051324929161655944 - 0.12831232290413988*I}\n"
"From remote kernel:"
"\"AMFlow: integration contour generated in 2s.\"\n"
"From remote kernel:"
"\"AMFlow: solving near eta = Infinity...\"\n"
"From remote kernel:"
"\"CalcTaylor: current region\" -> 1/100000\n"
"From remote kernel:"
"\"block\" -> {1}\n"
"From remote kernel:"
"\"boundary condition inserted\" -> {1, 0, 1.0000084559869469*^10}\n"
"From remote kernel:"
"\"block\" -> {3}\n"
"From remote kernel:"
"\"boundary condition test\" -> {3, 0, 1.0000084559869469*^10}\n"
"From remote kernel:"
"\"block\" -> {2}\n"
"From remote kernel:"
"\"boundary condition test\" -> {2, 0, 0.}\n"
"From remote kernel:"
"\"block\" -> {9, 10}\n"
"From remote kernel:"
"\"boundary condition test\" -> {10, 0, 9.99998455902387*^9}\n"
"From remote kernel:"
"\"boundary condition test\" -> {9, 0, -200001.6911973894}\n"
"From remote kernel:"
"\"block\" -> {5}\n"
"From remote kernel:"
"\"boundary condition test\" -> {5, 0, 1.0000084559869469*^10}\n"
"From remote kernel:"
"\"block\" -> {4}\n"
"From remote kernel:"
"\"boundary condition test\" -> {4, 0, 1.0000084559869469*^10}\n"
"From remote kernel:"
"\"block\" -> {20}\n"
"From remote kernel:"
"\"boundary condition test\" -> {20, 0, 0.}\n"
"From remote kernel:"
"\"block\" -> {19}\n"
"From remote kernel:"
"\"boundary condition test\" -> {19, 0, 0.}\n"
"From remote kernel:"
"\"block\" -> {17}\n"
"From remote kernel:"
"\"boundary condition test\" -> {17, 0, 0.}\n"
"From remote kernel:"
"\"block\" -> {15}\n"
"From remote kernel:"
"\"boundary condition test\" -> {15, 0, 0.}\n"
"From remote kernel:"
"\"block\" -> {14}\n"
"From remote kernel:"
"\"boundary condition test\" -> {14, 0, 0.}\n"
"From remote kernel:"
"\"block\" -> {12}\n"
"From remote kernel:"
"\"boundary condition test\" -> {12, 0, 0.}\n"
"From remote kernel:"
"\"block\" -> {7}\n"
"From remote kernel:"
"\"boundary condition test\" -> {7, 0, 0.}\n"
"From remote kernel:"
"\"block\" -> {6}\n"
"From remote kernel:"
"\"boundary condition test\" -> {6, 0, 0.}\n"
"From remote kernel:"
"\"block\" -> {32, 33, 34}\n"
"From remote kernel:"
"\"boundary condition test\" -> {34, 0, 9.99998455902387*^9}\n"
"From remote kernel:"
"\"boundary condition test\" -> {33, 0, 2.0000169119738937*^10}\n"
"From remote kernel:"
"\"boundary condition test\" -> {32, 0, -2.0000369121430134*^10}\n"
"From remote kernel:"
"\"block\" -> {28, 29, 30}\n"
"From remote kernel:"
"\"boundary condition test\" -> {30, 0, 9.99998455902387*^9}\n"
"From remote kernel:"
"\"boundary condition test\" -> {29, 0, 2.0000169119738937*^10}\n"
"From remote kernel:"
"\"boundary condition test\" -> {28, 0, -2.0000369121430134*^10}\n"
"From remote kernel:"
"\"block\" -> {22}\n"
"From remote kernel:"
"\"boundary condition test\" -> {22, 0, 1.0000084559869469*^10}\n"
"From remote kernel:"
"\"block\" -> {25}\n"
"From remote kernel:"
"\"boundary condition test\" -> {25, 0, 1.0000084559869469*^10}\n"
"From remote kernel:"
"\"block\" -> {21}\n"
"From remote kernel:"
"\"boundary condition test\" -> {21, 0, 1.0000084559869469*^10}\n"
"From remote kernel:"
"\"block\" -> {24}\n"
"From remote kernel:"
"\"boundary condition test\" -> {24, 0, 1.0000084559869469*^10}\n"
"From remote kernel:"
"\"block\" -> {23}\n"
"From remote kernel:"
"\"boundary condition test\" -> {23, 0, 1.0000084559869469*^10}\n"
"From remote kernel:"
"\"block\" -> {53}\n"
"From remote kernel:"
"\"boundary condition test\" -> {53, 0, 0.}\n"
"From remote kernel:"
"\"block\" -> {52}\n"
"From remote kernel:"
"\"boundary condition test\" -> {52, 0, 0.}\n"
"From remote kernel:"
"\"block\" -> {51}\n"
"From remote kernel:"
"\"boundary condition test\" -> {51, 0, 0.}\n"
"From remote kernel:"
"\"block\" -> {49}\n"
"From remote kernel:"
"\"boundary condition test\" -> {49, 0, 0.}\n"
"From remote kernel:"
"\"block\" -> {48}\n"
"From remote kernel:"
"\"boundary condition test\" -> {48, 0, 0.}\n"
"From remote kernel:"
"\"block\" -> {47}\n"
"From remote kernel:"
"\"boundary condition test\" -> {47, 0, 0.}\n"
"From remote kernel:"
"\"block\" -> {45}\n"
"From remote kernel:"
"\"boundary condition test\" -> {45, 0, 0.}\n"
"From remote kernel:"
"\"block\" -> {43}\n"
"From remote kernel:"
"\"boundary condition test\" -> {43, 0, 0.}\n"
"From remote kernel:"
"\"block\" -> {42}\n"
"From remote kernel:"
"\"boundary condition test\" -> {42, 0, 0.}\n"
"From remote kernel:"
"\"block\" -> {40}\n"
"From remote kernel:"
"\"boundary condition test\" -> {40, 0, 0.}\n"
"From remote kernel:"
"\"block\" -> {39}\n"
"From remote kernel:"
"\"boundary condition test\" -> {39, 0, 0.}\n"
"From remote kernel:"
"\"block\" -> {38}\n"
"From remote kernel:"
"\"boundary condition test\" -> {38, 0, 0.}\n"
"From remote kernel:"
"\"block\" -> {36}\n"
"From remote kernel:"
"\"boundary condition test\" -> {36, 0, 0.}\n"
"From remote kernel:"
"\"block\" -> {26}\n"
"From remote kernel:"
"\"boundary condition test\" -> {26, 0, 0.}\n"
"From remote kernel:"
"\"block\" -> {66, 67, 68}\n"
"From remote kernel:"
"\"boundary condition test\" -> {68, 0, 9.99998455902387*^9}\n"
"From remote kernel:"
"\"boundary condition test\" -> {67, 0, 2.0000169119738937*^10}\n"
"From remote kernel:"
"\"boundary condition test\" -> {66, 0, 2.0000169119738937*^10}\n"
"From remote kernel:"
"\"block\" -> {59, 60, 61}\n"
"From remote kernel:"
"\"boundary condition test\" -> {61, 0, 4.999992279511935*^9}\n"
"From remote kernel:"
"\"boundary condition test\" -> {60, 0, -4.999892281666302*^9}\n"
"From remote kernel:"
"\"boundary condition test\" -> {59, 0, 1.0000184562715124*^10}\n"
"From remote kernel:"
"\"block\" -> {62, 63, 64}\n"
"From remote kernel:"
"\"boundary condition test\" -> {64, 0, 4.999992279511935*^9}\n"
"From remote kernel:"
"\"boundary condition test\" -> {63, 0, -4.999892281666302*^9}\n"
"From remote kernel:"
"\"boundary condition test\" -> {62, 0, 1.0000184562715124*^10}\n"
"From remote kernel:"
"\"block\" -> {57}\n"
"From remote kernel:"
"\"boundary condition test\" -> {57, 0, 1.0000084559869469*^10}\n"
"From remote kernel:"
"\"block\" -> {55}\n"
"From remote kernel:"
"\"boundary condition test\" -> {55, 0, 1.0000084559869469*^10}\n"
"From remote kernel:"
"\"block\" -> {58}\n"
"From remote kernel:"
"\"boundary condition test\" -> {58, 0, 1.0000084559869469*^10}\n"
"From remote kernel:"
"\"block\" -> {54}\n"
"From remote kernel:"
"\"boundary condition test\" -> {54, 0, 1.0000084559869469*^10}\n"
"From remote kernel:"
"\"block\" -> {56}\n"
"From remote kernel:"
"\"boundary condition test\" -> {56, 0, 1.0000184562715124*^10}\n"
"From remote kernel:"
"\"block\" -> {82}\n"
"From remote kernel:"
"\"boundary condition test\" -> {82, 0, 0.}\n"
"From remote kernel:"
"\"block\" -> {81}\n"
"From remote kernel:"
"\"boundary condition test\" -> {81, 0, 0.}\n"
"From remote kernel:"
"\"block\" -> {80}\n"
"From remote kernel:"
"\"boundary condition test\" -> {80, 0, 0.}\n"
"From remote kernel:"
"\"block\" -> {79}\n"
"From remote kernel:"
"\"boundary condition test\" -> {79, 0, 0.}\n"
"From remote kernel:"
"\"block\" -> {78}\n"
"From remote kernel:"
"\"boundary condition test\" -> {78, 0, 0.}\n"
"From remote kernel:"
"\"block\" -> {77}\n"
"From remote kernel:"
"\"boundary condition test\" -> {77, 0, 0.}\n"
"From remote kernel:"
"\"block\" -> {76}\n"
"From remote kernel:"
"\"boundary condition test\" -> {76, 0, 0.}\n"
"From remote kernel:"
"\"block\" -> {74}\n"
"From remote kernel:"
"\"boundary condition test\" -> {74, 0, 0.}\n"
"From remote kernel:"
"\"block\" -> {73}\n"
"From remote kernel:"
"\"boundary condition test\" -> {73, 0, 0.}\n"
"From remote kernel:"
"\"block\" -> {72}\n"
"From remote kernel:"
"\"boundary condition test\" -> {72, 0, 0.}\n"
"From remote kernel:"
"\"block\" -> {71}\n"
"From remote kernel:"
"\"boundary condition test\" -> {71, 0, 0.}\n"
"From remote kernel:"
"\"block\" -> {70}\n"
"From remote kernel:"
"\"boundary condition test\" -> {70, 0, 0.}\n"
"From remote kernel:"
"\"block\" -> {86, 87, 88}\n"
"From remote kernel:"
"\"boundary condition test\" -> {88, 0, 4.999992279511935*^9}\n"
"From remote kernel:"
"\"boundary condition test\" -> {87, 0, -4.999892281666302*^9}\n"
"From remote kernel:"
"\"boundary condition test\" -> {86, 0, 1.0000184562715124*^10}\n"
"From remote kernel:"
"\"block\" -> {83}\n"
"From remote kernel:"
"\"boundary condition test\" -> {83, 0, 1.0000084559869469*^10}\n"
"From remote kernel:"
"\"block\" -> {85}\n"
"From remote kernel:"
"\"boundary condition test\" -> {85, 0, 1.0000184562715124*^10}\n"
"From remote kernel:"
"\"block\" -> {84}\n"
"From remote kernel:"
"\"boundary condition test\" -> {84, 0, 1.0000184562715124*^10}\n"
"From remote kernel:"
"\"block\" -> {90}\n"
"From remote kernel:"
"\"boundary condition test\" -> {90, 0, 0.}\n"
"From remote kernel:"
"\"block\" -> {89}\n"
"From remote kernel:"
"\"boundary condition test\" -> {89, 0, 0.}\n"
"From remote kernel:"
"\"block\" -> {91}\n"
"From remote kernel:"
"\"boundary condition test\" -> {91, 0, 1.0000184562715124*^10}\n"
"From remote kernel:"
"\"block\" -> {65}\n"
"From remote kernel:"
"\"boundary condition test\" -> {65, 0, 2.0000169119738937*^10}\n"
"From remote kernel:"
"\"block\" -> {31}\n"
"From remote kernel:"
"\"boundary condition test\" -> {31, 0, 2.0000169119738937*^10}\n"
"From remote kernel:"
"\"block\" -> {27}\n"
"From remote kernel:"
"\"boundary condition test\" -> {27, 0, 2.0000169119738937*^10}\n"
"From remote kernel:"
"\"block\" -> {8}\n"
"From remote kernel:"
"\"boundary condition test\" -> {8, 0, 2.0000169119738937*^10}\n"
"From remote kernel:"
"\"block\" -> {75}\n"
"From remote kernel:"
"\"boundary condition test\" -> {75, 0, 0.}\n"
"From remote kernel:"
"\"block\" -> {69}\n"
"From remote kernel:"
"\"boundary condition test\" -> {69, 0, 0.}\n"
"From remote kernel:"
"\"block\" -> {50}\n"
"From remote kernel:"
"\"boundary condition test\" -> {50, 0, 0.}\n"
"From remote kernel:"
"\"block\" -> {46}\n"
"From remote kernel:"
"\"boundary condition test\" -> {46, 0, 0.}\n"
"From remote kernel:"
"\"block\" -> {44}\n"
"From remote kernel:"
"\"boundary condition test\" -> {44, 0, 0.}\n"
"From remote kernel:"
"\"block\" -> {41}\n"
"From remote kernel:"
"\"boundary condition test\" -> {41, 0, 0.}\n"
"From remote kernel:"
"\"block\" -> {37}\n"
"From remote kernel:"
"\"boundary condition test\" -> {37, 0, 0.}\n"
"From remote kernel:"
"\"block\" -> {35}\n"
"From remote kernel:"
"\"boundary condition test\" -> {35, 0, 0.}\n"
"From remote kernel:"
"\"block\" -> {18}\n"
"From remote kernel:"
"\"boundary condition test\" -> {18, 0, 0.}\n"
"From remote kernel:"
"\"block\" -> {16}\n"
"From remote kernel:"
"\"boundary condition test\" -> {16, 0, 0.}\n"
"From remote kernel:"
"\"block\" -> {13}\n"
"From remote kernel:"
"\"boundary condition test\" -> {13, 0, 0.}\n"
"From remote kernel:"
"\"block\" -> {11}\n"
"From remote kernel:"
"\"boundary condition test\" -> {11, 0, 0.}\n"
"From remote kernel:"
"\"CalcTaylor: current region\" -> 0\n"
"From remote kernel:"
"\"block\" -> {1}\n"
"From remote kernel:"
"\"boundary condition test\" -> {1, 0, 0.}\n"
"From remote kernel:"
"\"block\" -> {3}\n"
"From remote kernel:"
"\"boundary condition test\" -> {3, 0, 0.}\n"
"From remote kernel:"
"\"block\" -> {2}\n"
"From remote kernel:"
"\"boundary condition inserted\" -> {2, 0, 1.0000084559869469*^10}\n"
"From remote kernel:"
"\"block\" -> {9, 10}\n"
"From remote kernel:"
"\"boundary condition test\" -> {10, 0, -9.99998455902387*^9}\n"
"From remote kernel:"
"\"boundary condition test\" -> {9, 0, 1.0000084559869469*^10}\n"
"From remote kernel:"
"\"block\" -> {5}\n"
"From remote kernel:"
"\"boundary condition test\" -> {5, 0, -1.0000084559869469*^10}\n"
"From remote kernel:"
"\"block\" -> {4}\n"
"From remote kernel:"
"\"boundary condition test\" -> {4, 0, 0.}\n"
"From remote kernel:"
"\"block\" -> {20}\n"
"From remote kernel:"
"\"boundary condition inserted\" -> {20, 0, 4.999992281625341*^9 + 0.40918622502708757*I}\n"
"From remote kernel:"
"\"block\" -> {19}\n"
"From remote kernel:"
"\"boundary condition inserted\" -> {19, 0, -5.000049237293974*^9 - 140501.46409219454*I}\n"
"From remote kernel:"
"\"block\" -> {17}\n"
"From remote kernel:"
"\"boundary condition inserted\" -> {17, 0, 4.999992278511952*^9}\n"
"From remote kernel:"
"\"block\" -> {15}\n"
"From remote kernel:"
"\"boundary condition inserted\" -> {15, 0, 4.999992282294194*^9 + 1.931973577172093*I}\n"
"From remote kernel:"
"\"block\" -> {14}\n"
"From remote kernel:"
"\"boundary condition inserted\" -> {14, 0, -4.999967628657782*^9 - 222144.07979064286*I}\n"
"From remote kernel:"
"\"block\" -> {12}\n"
"From remote kernel:"
"\"boundary condition inserted\" -> {12, 0, -5.000092285647588*^9}\n"
"From remote kernel:"
"\"block\" -> {7}\n"
"From remote kernel:"
"\"boundary condition inserted\" -> {7, 0, 9.999923605580938*^9 + 295676.7468575191*I}\n"
"From remote kernel:"
"\"block\" -> {6}\n"
"From remote kernel:"
"\"boundary condition inserted\" -> {6, 0, 1.0000023610668844*^10 + 314160.00721337175*I}\n"
"From remote kernel:"
"\"block\" -> {32, 33, 34}\n"
"From remote kernel:"
"\"boundary condition test\" -> {34, 0, -4.999992281625341*^9 - 0.40918622502708757*I}\n"
"From remote kernel:"
"\"boundary condition test\" -> {33, 0, 5.000049237293974*^9 + 140501.46409219454*I}\n"
"From remote kernel:"
"\"boundary condition test\" -> {32, 0, 1.0000059563694197*^10 - 0.07970688034495578*I}\n"
"From remote kernel:"
"\"block\" -> {28, 29, 30}\n"
"From remote kernel:"
"\"boundary condition test\" -> {30, 0, -4.999992278511952*^9}\n"
"From remote kernel:"
"\"boundary condition test\" -> {29, 0, -4.999992278511952*^9}\n"
"From remote kernel:"
"\"boundary condition test\" -> {28, 0, 1.5000251841236273*^10}\n"
"From remote kernel:"
"\"block\" -> {22}\n"
"From remote kernel:"
"\"boundary condition test\" -> {22, 0, -9.999984563173185*^9 + 1.4160435008802454*I}\n"
"From remote kernel:"
"\"block\" -> {25}\n"
"From remote kernel:"
"\"boundary condition test\" -> {25, 0, -9.999923605580938*^9 - 295676.7468575191*I}\n"
"From remote kernel:"
"\"block\" -> {21}\n"
"From remote kernel:"
"\"boundary condition test\" -> {21, 0, -5.00006728281104*^9}\n"
"From remote kernel:"
"\"block\" -> {24}\n"
"From remote kernel:"
"\"boundary condition test\" -> {24, 0, -1.0000023610668844*^10 - 314160.00721337175*I}\n"
"From remote kernel:"
"\"block\" -> {23}\n"
"From remote kernel:"
"\"boundary condition test\" -> {23, 0, -1.0000184562715124*^10}\n"
"From remote kernel:"
"\"block\" -> {53}\n"
"From remote kernel:"
"\"boundary condition inserted\" -> {53, 0, 4.999881319802447*^8 + 31415.36392722211*I}\n"
"From remote kernel:"
"\"block\" -> {52}\n"
"From remote kernel:"
"\"boundary condition inserted\" -> {52, 0, -1.9999847227157772*^9 - 62830.020957451125*I}\n"
"From remote kernel:"
"\"block\" -> {51}\n"
"From remote kernel:"
"\"boundary condition inserted\" -> {51, 0, -62921.42939804753 + 135215.79310273792*I}\n"
"From remote kernel:"
"\"block\" -> {49}\n"
"From remote kernel:"
"\"boundary condition inserted\" -> {49, 0, -0.11155905063758371 - 0.881701533137675*I}\n"
"From remote kernel:"
"\"block\" -> {48}\n"
"From remote kernel:"
"\"boundary condition inserted\" -> {48, 0, -6.24984246564126*^8 - 29570.270238204637*I}\n"
"From remote kernel:"
"\"block\" -> {47}\n"
"From remote kernel:"
"\"boundary condition inserted\" -> {47, 0, 16309.423652940335 - 18478.985684796186*I}\n"
"From remote kernel:"
"\"block\" -> {45}\n"
"From remote kernel:"
"\"boundary condition inserted\" -> {45, 0, 5.0000422792528715*^9 - 3.0237930339517987*I}\n"
"From remote kernel:"
"\"block\" -> {43}\n"
"From remote kernel:"
"\"boundary condition inserted\" -> {43, 0, 4.999979954676305*^9 + 111074.39036137654*I}\n"
"From remote kernel:"
"\"block\" -> {42}\n"
"From remote kernel:"
"\"boundary condition inserted\" -> {42, 0, -4.999798794931623*^9 - 166601.8786237812*I}\n"
"From remote kernel:"
"\"block\" -> {40}\n"
"From remote kernel:"
"\"boundary condition inserted\" -> {40, 0, -6.249869370638125*^8 - 20788.84587486227*I}\n"
"From remote kernel:"
"\"block\" -> {39}\n"
"From remote kernel:"
"\"boundary condition inserted\" -> {39, 0, 16309.79133305827 - 18478.90479990406*I}\n"
"From remote kernel:"
"\"block\" -> {38}\n"
"From remote kernel:"
"\"boundary condition inserted\" -> {38, 0, -38851.16008291626 + 32717.659916265256*I}\n"
"From remote kernel:"
"\"block\" -> {36}\n"
"From remote kernel:"
"\"boundary condition inserted\" -> {36, 0, 1.5581984622280536*^9 - 2.776596551501756*^9*I}\n"
"From remote kernel:"
"\"block\" -> {26}\n"
"From remote kernel:"
"\"boundary condition inserted\" -> {26, 0, 50544.30652586592 - 32579.80696459003*I}\n"
"From remote kernel:"
"\"block\" -> {66, 67, 68}\n"
"From remote kernel:"
"\"boundary condition test\" -> {68, 0, 0.11155905063758371 + 0.881701533137675*I}\n"
"From remote kernel:"
"\"boundary condition test\" -> {67, 0, 6.24984246564126*^8 + 29570.270238204637*I}\n"
"From remote kernel:"
"\"boundary condition test\" -> {66, 0, -16309.423652940335 + 18478.985684796186*I}\n"
"From remote kernel:"
"\"block\" -> {59, 60, 61}\n"
"From remote kernel:"
"\"boundary condition test\" -> {61, 0, -4.999979954676305*^9 - 111074.39036137654*I}\n"
"From remote kernel:"
"\"boundary condition test\" -> {60, 0, 4.999798794931623*^9 + 166601.8786237812*I}\n"
"From remote kernel:"
"\"boundary condition test\" -> {59, 0, -5.000192282839331*^9 - 2.086600737398448*I}\n"
"From remote kernel:"
"\"block\" -> {62, 63, 64}\n"
"From remote kernel:"
"\"boundary condition test\" -> {64, 0, -5.0000422792528715*^9 + 3.0237930339517987*I}\n"
"From remote kernel:"
"\"boundary condition test\" -> {63, 0, 8.75002779274769*^9 - 175635.65704188272*I}\n"
"From remote kernel:"
"\"boundary condition test\" -> {62, 0, -5.000192285276769*^9 - 0.4208557332412373*I}\n"
"From remote kernel:"
"\"block\" -> {57}\n"
"From remote kernel:"
"\"boundary condition test\" -> {57, 0, -4.999931323883492*^9 - 295673.8053448736*I}\n"
"From remote kernel:"
"\"block\" -> {55}\n"
"From remote kernel:"
"\"boundary condition test\" -> {55, 0, -5.000031328799036*^9 - 314158.40531050327*I}\n"
"From remote kernel:"
"\"block\" -> {58}\n"
"From remote kernel:"
"\"boundary condition test\" -> {58, 0, -50544.30652586592 + 32579.80696459003*I}\n"
"From remote kernel:"
"\"block\" -> {54}\n"
"From remote kernel:"
"\"boundary condition test\" -> {54, 0, -5.000192286129248*^9 - 2.0866036804240946*I}\n"
"From remote kernel:"
"\"block\" -> {56}\n"
"From remote kernel:"
"\"boundary condition test\" -> {56, 0, -5.000192282913358*^9}\n"
"From remote kernel:"
"\"block\" -> {82}\n"
"From remote kernel:"
"\"boundary condition inserted\" -> {82, 0, 1.1718727271647634*^8 - 2488.9288817632223*I}\n"
"From remote kernel:"
"\"block\" -> {81}\n"
"From remote kernel:"
"\"boundary condition inserted\" -> {81, 0, -6.884869319421735*^8 + 42351.609364406366*I}\n"
"From remote kernel:"
"\"block\" -> {80}\n"
"From remote kernel:"
"\"boundary condition inserted\" -> {80, 0, 19425.346316876457 - 16359.25628238326*I}\n"
"From remote kernel:"
"\"block\" -> {79}\n"
"From remote kernel:"
"\"boundary condition inserted\" -> {79, 0, 1.345341462134087*^8 - 4.390387850136354*^8*I}\n"
"From remote kernel:"
"\"block\" -> {78}\n"
"From remote kernel:"
"\"boundary condition inserted\" -> {78, 0, -0.17568433172462505 - 0.1711239971072801*I}\n"
"From remote kernel:"
"\"block\" -> {77}\n"
"From remote kernel:"
"\"boundary condition inserted\" -> {77, 0, -2.3439028147267917*^8 + 16946.802523878647*I}\n"
"From remote kernel:"
"\"block\" -> {76}\n"
"From remote kernel:"
"\"boundary condition inserted\" -> {76, 0, -0.5935882909348992 - 0.01667992576626956*I}\n"
"From remote kernel:"
"\"block\" -> {74}\n"
"From remote kernel:"
"\"boundary condition inserted\" -> {74, 0, 31459.66268799925 - 67608.95713814712*I}\n"
"From remote kernel:"
"\"block\" -> {73}\n"
"From remote kernel:"
"\"boundary condition inserted\" -> {73, 0, 0.049666875609480826 - 3.4889784908029293*I}\n"
"From remote kernel:"
"\"block\" -> {72}\n"
"From remote kernel:"
"\"boundary condition inserted\" -> {72, 0, -1.2499412518238108*^8 - 7853.830346471795*I}\n"
"From remote kernel:"
"\"block\" -> {71}\n"
"From remote kernel:"
"\"boundary condition inserted\" -> {71, 0, 1.0000317198370769*^9 - 0.8195693109655002*I}\n"
"From remote kernel:"
"\"block\" -> {70}\n"
"From remote kernel:"
"\"boundary condition inserted\" -> {70, 0, 3.116513752071032*^8 - 5.553220513636551*^8*I}\n"
"From remote kernel:"
"\"block\" -> {86, 87, 88}\n"
"From remote kernel:"
"\"boundary condition test\" -> {88, 0, -19425.346316876457 + 16359.25628238326*I}\n"
"From remote kernel:"
"\"boundary condition test\" -> {87, 0, 2.3439028147267917*^8 - 16946.802523878647*I}\n"
"From remote kernel:"
"\"boundary condition test\" -> {86, 0, -0.4829342949227312 + 1.7422567982192052*I}\n"
"From remote kernel:"
"\"block\" -> {83}\n"
"From remote kernel:"
"\"boundary condition test\" -> {83, 0, -50544.92983441366 + 32579.057497390477*I}\n"
"From remote kernel:"
"\"block\" -> {85}\n"
"From remote kernel:"
"\"boundary condition test\" -> {85, 0, -0.049666875609480826 + 3.4889784908029293*I}\n"
"From remote kernel:"
"\"block\" -> {84}\n"
"From remote kernel:"
"\"boundary condition test\" -> {84, 0, 5.715057476980563 + 4.004569474240115*I}\n"
"From remote kernel:"
"\"block\" -> {90}\n"
"From remote kernel:"
"\"boundary condition inserted\" -> {90, 0, -1.5582880405518642*^8 + 2.776665792696785*^8*I}\n"
"From remote kernel:"
"\"block\" -> {89}\n"
"From remote kernel:"
"\"boundary condition inserted\" -> {89, 0, -0.9996826639757732 - 0.5846870309889813*I}\n"
"From remote kernel:"
"\"block\" -> {91}\n"
"From remote kernel:"
"\"boundary condition test\" -> {91, 0, 0.9996826639757732 + 0.5846870309889813*I}\n"
"From remote kernel:"
"\"block\" -> {65}\n"
"From remote kernel:"
"\"boundary condition test\" -> {65, 0, -4.999931323999689*^9 - 295672.190668905*I}\n"
"From remote kernel:"
"\"block\" -> {31}\n"
"From remote kernel:"
"\"boundary condition test\" -> {31, 0, -1.0000059563694197*^10 + 0.07970688034495578*I}\n"
"From remote kernel:"
"\"block\" -> {27}\n"
"From remote kernel:"
"\"boundary condition test\" -> {27, 0, -1.5000251841236273*^10}\n"
"From remote kernel:"
"\"block\" -> {8}\n"
"From remote kernel:"
"\"boundary condition test\" -> {8, 0, -1.0000084559869469*^10}\n"
"From remote kernel:"
"\"block\" -> {75}\n"
"From remote kernel:"
"\"boundary condition inserted\" -> {75, 0, 0.4829342949227312 - 1.7422567982192052*I}\n"
"From remote kernel:"
"\"block\" -> {69}\n"
"From remote kernel:"
"\"boundary condition inserted\" -> {69, 0, 50544.92983441366 - 32579.057497390477*I}\n"
"From remote kernel:"
"\"block\" -> {50}\n"
"From remote kernel:"
"\"boundary condition inserted\" -> {50, 0, 5.000031328799036*^9 + 314158.40531050327*I}\n"
"From remote kernel:"
"\"block\" -> {46}\n"
"From remote kernel:"
"\"boundary condition inserted\" -> {46, 0, 4.999931323999689*^9 + 295672.190668905*I}\n"
"From remote kernel:"
"\"block\" -> {44}\n"
"From remote kernel:"
"\"boundary condition inserted\" -> {44, 0, 5.000192285276769*^9 + 0.4208557332412373*I}\n"
"From remote kernel:"
"\"block\" -> {41}\n"
"From remote kernel:"
"\"boundary condition inserted\" -> {41, 0, 5.000192282839331*^9 + 2.086600737398448*I}\n"
"From remote kernel:"
"\"block\" -> {37}\n"
"From remote kernel:"
"\"boundary condition inserted\" -> {37, 0, 4.999931323883492*^9 + 295673.8053448736*I}\n"
"From remote kernel:"
"\"block\" -> {35}\n"
"From remote kernel:"
"\"boundary condition inserted\" -> {35, 0, 5.000192286129248*^9 + 2.0866036804240946*I}\n"
"From remote kernel:"
"\"block\" -> {18}\n"
"From remote kernel:"
"\"boundary condition inserted\" -> {18, 0, 1.0000059563694197*^10 - 0.07970688034495578*I}\n"
"From remote kernel:"
"\"block\" -> {16}\n"
"From remote kernel:"
"\"boundary condition inserted\" -> {16, 0, 1.5000251841236273*^10}\n"
"From remote kernel:"
"\"block\" -> {13}\n"
"From remote kernel:"
"\"boundary condition inserted\" -> {13, 0, 9.999984563173185*^9 - 1.4160435008802454*I}\n"
"From remote kernel:"
"\"block\" -> {11}\n"
"From remote kernel:"
"\"boundary condition inserted\" -> {11, 0, 5.00006728281104*^9}\n"
"From remote kernel:"
"\"CalcTaylor: current region\" -> 1/50000\n"
"From remote kernel:"
"\"block\" -> {1}\n"
"From remote kernel:"
"\"boundary condition test\" -> {1, 0, 0.}\n"
"From remote kernel:"
"\"block\" -> {3}\n"
"From remote kernel:"
"\"boundary condition inserted\" -> {3, 0, 5.000092283002515*^9}\n"
"From remote kernel:"
"\"block\" -> {2}\n"
"From remote kernel:"
"\"boundary condition test\" -> {2, 0, 0.}\n"
"From remote kernel:"
"\"block\" -> {9, 10}\n"
"From remote kernel:"
"\"boundary condition test\" -> {10, 0, -4.999992281156855*^9}\n"
"From remote kernel:"
"\"boundary condition test\" -> {9, 0, 4.999992281156855*^9}\n"
"From remote kernel:"
"\"block\" -> {5}\n"
"From remote kernel:"
"\"boundary condition inserted\" -> {5, 0, 0.}\n"
"From remote kernel:"
"\"block\" -> {4}\n"
"From remote kernel:"
"\"boundary condition inserted\" -> {4, 0, 0.}\n"
"From remote kernel:"
"\"block\" -> {20}\n"
"From remote kernel:"
"\"boundary condition test\" -> {20, 0, 0.}\n"
"From remote kernel:"
"\"block\" -> {19}\n"
"From remote kernel:"
"\"boundary condition test\" -> {19, 0, 0.}\n"
"From remote kernel:"
"\"block\" -> {17}\n"
"From remote kernel:"
"\"boundary condition test\" -> {17, 0, 0.}\n"
"From remote kernel:"
"\"block\" -> {15}\n"
"From remote kernel:"
"\"boundary condition test\" -> {15, 0, 0.}\n"
"From remote kernel:"
"\"block\" -> {14}\n"
"From remote kernel:"
"\"boundary condition test\" -> {14, 0, 0.}\n"
"From remote kernel:"
"\"block\" -> {12}\n"
"From remote kernel:"
"\"boundary condition test\" -> {12, 0, 0.}\n"
"From remote kernel:"
"\"block\" -> {7}\n"
"From remote kernel:"
"\"boundary condition test\" -> {7, 0, 0.}\n"
"From remote kernel:"
"\"block\" -> {6}\n"
"From remote kernel:"
"\"boundary condition test\" -> {6, 0, 0.}\n"
"From remote kernel:"
"\"block\" -> {32, 33, 34}\n"
"From remote kernel:"
"\"boundary condition test\" -> {34, 0, -4.999992281156855*^9}\n"
"From remote kernel:"
"\"boundary condition test\" -> {33, 0, 5.000092283002515*^9}\n"
"From remote kernel:"
"\"boundary condition test\" -> {32, 0, -100001.8456600503}\n"
"From remote kernel:"
"\"block\" -> {28, 29, 30}\n"
"From remote kernel:"
"\"boundary condition test\" -> {30, 0, -4.999992281156855*^9}\n"
"From remote kernel:"
"\"boundary condition test\" -> {29, 0, 5.000092283002515*^9}\n"
"From remote kernel:"
"\"boundary condition test\" -> {28, 0, -100001.8456600503}\n"
"From remote kernel:"
"\"block\" -> {22}\n"
"From remote kernel:"
"\"boundary condition test\" -> {22, 0, 5.000092283002515*^9}\n"
"From remote kernel:"
"\"block\" -> {25}\n"
"From remote kernel:"
"\"boundary condition inserted\" -> {25, 0, 0.}\n"
"From remote kernel:"
"\"block\" -> {21}\n"
"From remote kernel:"
"\"boundary condition test\" -> {21, 0, 5.000092283002515*^9}\n"
"From remote kernel:"
"\"block\" -> {24}\n"
"From remote kernel:"
"\"boundary condition inserted\" -> {24, 0, 0.}\n"
"From remote kernel:"
"\"block\" -> {23}\n"
"From remote kernel:"
"\"boundary condition inserted\" -> {23, 0, 0.}\n"
"From remote kernel:"
"\"block\" -> {53}\n"
"From remote kernel:"
"\"boundary condition test\" -> {53, 0, 0.}\n"
"From remote kernel:"
"\"block\" -> {52}\n"
"From remote kernel:"
"\"boundary condition test\" -> {52, 0, 0.}\n"
"From remote kernel:"
"\"block\" -> {51}\n"
"From remote kernel:"
"\"boundary condition test\" -> {51, 0, 0.}\n"
"From remote kernel:"
"\"block\" -> {49}\n"
"From remote kernel:"
"\"boundary condition test\" -> {49, 0, 0.}\n"
"From remote kernel:"
"\"block\" -> {48}\n"
"From remote kernel:"
"\"boundary condition test\" -> {48, 0, 0.}\n"
"From remote kernel:"
"\"block\" -> {47}\n"
"From remote kernel:"
"\"boundary condition test\" -> {47, 0, 0.}\n"
"From remote kernel:"
"\"block\" -> {45}\n"
"From remote kernel:"
"\"boundary condition test\" -> {45, 0, 0.}\n"
"From remote kernel:"
"\"block\" -> {43}\n"
"From remote kernel:"
"\"boundary condition test\" -> {43, 0, 0.}\n"
"From remote kernel:"
"\"block\" -> {42}\n"
"From remote kernel:"
"\"boundary condition test\" -> {42, 0, 0.}\n"
"From remote kernel:"
"\"block\" -> {40}\n"
"From remote kernel:"
"\"boundary condition test\" -> {40, 0, 0.}\n"
"From remote kernel:"
"\"block\" -> {39}\n"
"From remote kernel:"
"\"boundary condition test\" -> {39, 0, 0.}\n"
"From remote kernel:"
"\"block\" -> {38}\n"
"From remote kernel:"
"\"boundary condition test\" -> {38, 0, 0.}\n"
"From remote kernel:"
"\"block\" -> {36}\n"
"From remote kernel:"
"\"boundary condition test\" -> {36, 0, 0.}\n"
"From remote kernel:"
"\"block\" -> {26}\n"
"From remote kernel:"
"\"boundary condition test\" -> {26, 0, 0.}\n"
"From remote kernel:"
"\"block\" -> {66, 67, 68}\n"
"From remote kernel:"
"\"boundary condition test\" -> {68, 0, -4.999992281156855*^9}\n"
"From remote kernel:"
"\"boundary condition test\" -> {67, 0, 5.000092283002515*^9}\n"
"From remote kernel:"
"\"boundary condition test\" -> {66, 0, 5.000092283002515*^9}\n"
"From remote kernel:"
"\"block\" -> {59, 60, 61}\n"
"From remote kernel:"
"\"boundary condition test\" -> {61, 0, -49999.92281156855}\n"
"From remote kernel:"
"\"boundary condition test\" -> {60, 0, -49999.92281156855}\n"
"From remote kernel:"
"\"boundary condition test\" -> {59, 0, -4.999992281156855*^9}\n"
"From remote kernel:"
"\"block\" -> {62, 63, 64}\n"
"From remote kernel:"
"\"boundary condition test\" -> {64, 0, -49999.92281156855}\n"
"From remote kernel:"
"\"boundary condition test\" -> {63, 0, -49999.92281156855}\n"
"From remote kernel:"
"\"boundary condition test\" -> {62, 0, -4.999992281156855*^9}\n"
"From remote kernel:"
"\"block\" -> {57}\n"
"From remote kernel:"
"\"boundary condition test\" -> {57, 0, 5.000092283002515*^9}\n"
"From remote kernel:"
"\"block\" -> {55}\n"
"From remote kernel:"
"\"boundary condition test\" -> {55, 0, 5.000092283002515*^9}\n"
"From remote kernel:"
"\"block\" -> {58}\n"
"From remote kernel:"
"\"boundary condition inserted\" -> {58, 0, 0.}\n"
"From remote kernel:"
"\"block\" -> {54}\n"
"From remote kernel:"
"\"boundary condition test\" -> {54, 0, 5.000092283002515*^9}\n"
"From remote kernel:"
"\"block\" -> {56}\n"
"From remote kernel:"
"\"boundary condition test\" -> {56, 0, -4.999992281156855*^9}\n"
"From remote kernel:"
"\"block\" -> {82}\n"
"From remote kernel:"
"\"boundary condition test\" -> {82, 0, 0.}\n"
"From remote kernel:"
"\"block\" -> {81}\n"
"From remote kernel:"
"\"boundary condition test\" -> {81, 0, 0.}\n"
"From remote kernel:"
"\"block\" -> {80}\n"
"From remote kernel:"
"\"boundary condition test\" -> {80, 0, 0.}\n"
"From remote kernel:"
"\"block\" -> {79}\n"
"From remote kernel:"
"\"boundary condition test\" -> {79, 0, 0.}\n"
"From remote kernel:"
"\"block\" -> {78}\n"
"From remote kernel:"
"\"boundary condition test\" -> {78, 0, 0.}\n"
"From remote kernel:"
"\"block\" -> {77}\n"
"From remote kernel:"
"\"boundary condition test\" -> {77, 0, 0.}\n"
"From remote kernel:"
"\"block\" -> {76}\n"
"From remote kernel:"
"\"boundary condition test\" -> {76, 0, 0.}\n"
"From remote kernel:"
"\"block\" -> {74}\n"
"From remote kernel:"
"\"boundary condition test\" -> {74, 0, 0.}\n"
"From remote kernel:"
"\"block\" -> {73}\n"
"From remote kernel:"
"\"boundary condition test\" -> {73, 0, 0.}\n"
"From remote kernel:"
"\"block\" -> {72}\n"
"From remote kernel:"
"\"boundary condition test\" -> {72, 0, 0.}\n"
"From remote kernel:"
"\"block\" -> {71}\n"
"From remote kernel:"
"\"boundary condition test\" -> {71, 0, 0.}\n"
"From remote kernel:"
"\"block\" -> {70}\n"
"From remote kernel:"
"\"boundary condition test\" -> {70, 0, 0.}\n"
"From remote kernel:"
"\"block\" -> {86, 87, 88}\n"
"From remote kernel:"
"\"boundary condition test\" -> {88, 0, -49999.92281156855}\n"
"From remote kernel:"
"\"boundary condition test\" -> {87, 0, -49999.92281156855}\n"
"From remote kernel:"
"\"boundary condition test\" -> {86, 0, -4.999992281156855*^9}\n"
"From remote kernel:"
"\"block\" -> {83}\n"
"From remote kernel:"
"\"boundary condition test\" -> {83, 0, 5.000092283002515*^9}\n"
"From remote kernel:"
"\"block\" -> {85}\n"
"From remote kernel:"
"\"boundary condition test\" -> {85, 0, -4.999992281156855*^9}\n"
"From remote kernel:"
"\"block\" -> {84}\n"
"From remote kernel:"
"\"boundary condition test\" -> {84, 0, -4.999992281156855*^9}\n"
"From remote kernel:"
"\"block\" -> {90}\n"
"From remote kernel:"
"\"boundary condition test\" -> {90, 0, 0.}\n"
"From remote kernel:"
"\"block\" -> {89}\n"
"From remote kernel:"
"\"boundary condition test\" -> {89, 0, 0.}\n"
"From remote kernel:"
"\"block\" -> {91}\n"
"From remote kernel:"
"\"boundary condition test\" -> {91, 0, -4.999992281156855*^9}\n"
"From remote kernel:"
"\"block\" -> {65}\n"
"From remote kernel:"
"\"boundary condition test\" -> {65, 0, 5.000092283002515*^9}\n"
"From remote kernel:"
"\"block\" -> {31}\n"
"From remote kernel:"
"\"boundary condition test\" -> {31, 0, 5.000092283002515*^9}\n"
"From remote kernel:"
"\"block\" -> {27}\n"
"From remote kernel:"
"\"boundary condition test\" -> {27, 0, 5.000092283002515*^9}\n"
"From remote kernel:"
"\"block\" -> {8}\n"
"From remote kernel:"
"\"boundary condition test\" -> {8, 0, 5.000092283002515*^9}\n"
"From remote kernel:"
"\"block\" -> {75}\n"
"From remote kernel:"
"\"boundary condition test\" -> {75, 0, 0.}\n"
"From remote kernel:"
"\"block\" -> {69}\n"
"From remote kernel:"
"\"boundary condition test\" -> {69, 0, 0.}\n"
"From remote kernel:"
"\"block\" -> {50}\n"
"From remote kernel:"
"\"boundary condition test\" -> {50, 0, 0.}\n"
"From remote kernel:"
"\"block\" -> {46}\n"
"From remote kernel:"
"\"boundary condition test\" -> {46, 0, 0.}\n"
"From remote kernel:"
"\"block\" -> {44}\n"
"From remote kernel:"
"\"boundary condition test\" -> {44, 0, 0.}\n"
"From remote kernel:"
"\"block\" -> {41}\n"
"From remote kernel:"
"\"boundary condition test\" -> {41, 0, 0.}\n"
"From remote kernel:"
"\"block\" -> {37}\n"
"From remote kernel:"
"\"boundary condition test\" -> {37, 0, 0.}\n"
"From remote kernel:"
"\"block\" -> {35}\n"
"From remote kernel:"
"\"boundary condition test\" -> {35, 0, 0.}\n"
"From remote kernel:"
"\"block\" -> {18}\n"
"From remote kernel:"
"\"boundary condition test\" -> {18, 0, 0.}\n"
"From remote kernel:"
"\"block\" -> {16}\n"
"From remote kernel:"
"\"boundary condition test\" -> {16, 0, 0.}\n"
"From remote kernel:"
"\"block\" -> {13}\n"
"From remote kernel:"
"\"boundary condition test\" -> {13, 0, 0.}\n"
"From remote kernel:"
"\"block\" -> {11}\n"
"From remote kernel:"
"\"boundary condition test\" -> {11, 0, 0.}\n"
"From remote kernel:"
"\"AMFlow: Infinity solved in 75s.\"\n"
"From remote kernel:"
"\"AMFlow: running among regular points...\"\n"
"From remote kernel:"
"\"current regular point\" -> 35.65350492999396 - 89.1337623249849*I\n"
"From remote kernel:"
"\"current regular point\" -> 18.94374778992696 - 47.3593694748174*I\n"
"From remote kernel:"
"\"current regular point\" -> 10.132361097026324 - 25.330902742565808*I\n"
"From remote kernel:"
"\"current regular point\" -> 5.484422148591603 - 13.71105537147901*I\n"
"From remote kernel:"
"\"current regular point\" -> 3.1422061102477423 - 7.855515275619356*I\n"
"From remote kernel:"
"\"current regular point\" -> 1.9350869949879943 - 4.837717487469986*I\n"
"From remote kernel:"
"\"current regular point\" -> 1.2628579848677777 - 3.1571449621694443*I\n"
"From remote kernel:"
"\"current regular point\" -> 0.8068731670676075 - 2.0171829176690186*I\n"
"From remote kernel:"
"\"current regular point\" -> 0.40343658353380374 - 1.0085914588345093*I\n"
"From remote kernel:"
"\"current regular point\" -> 0.20171829176690187 - 0.5042957294172546*I\n"
"From remote kernel:"
"\"current regular point\" -> 0.10085914588345093 - 0.2521478647086273*I\n"
"From remote kernel:"
"\"AMFlow: regular running finished in 85s.\"\n"
"From remote kernel:"
"\"AMFlow: solving near the last point...\"\n"
"From remote kernel:"
"\"NormalizeMat finished in 2s.\"\n"
"From remote kernel:"
"\"LearnXOrder is negative. skip learning phase.\"\n"
"From remote kernel:"
"\"block\" -> {1}\n"
"From remote kernel:"
"\"behavior\" -> {{0, 0}}\n"
"From remote kernel:"
"\"number of constraints and variables\" -> {1, 1}\n"
"From remote kernel:"
"\"block\" -> {3}\n"
"From remote kernel:"
"\"behavior\" -> {{49999/50000, 0}, {0, 0}}\n"
"From remote kernel:"
"\"number of constraints and variables\" -> {1, 1}\n"
"From remote kernel:"
"\"block\" -> {2}\n"
"From remote kernel:"
"\"behavior\" -> {{0, 0}}\n"
"From remote kernel:"
"\"number of constraints and variables\" -> {1, 1}\n"
"From remote kernel:"
"\"block\" -> {9, 10}\n"
"From remote kernel:"
"\"behavior\" -> {{0, 1}, {49999/50000, 1}}\n"
"From remote kernel:"
"\"number of constraints and variables\" -> {4, 4}\n"
"From remote kernel:"
"\"block\" -> {5}\n"
"From remote kernel:"
"\"behavior\" -> {{0, 1}}\n"
"From remote kernel:"
"\"number of constraints and variables\" -> {1, 1}\n"
"From remote kernel:"
"\"block\" -> {4}\n"
"From remote kernel:"
"\"behavior\" -> {{49999/50000, 0}, {0, 0}}\n"
"From remote kernel:"
"\"number of constraints and variables\" -> {1, 1}\n"
"From remote kernel:"
"\"block\" -> {20}\n"
"From remote kernel:"
"\"behavior\" -> {{0, 0}}\n"
"From remote kernel:"
"\"number of constraints and variables\" -> {1, 1}\n"
"From remote kernel:"
"\"block\" -> {19}\n"
"From remote kernel:"
"\"behavior\" -> {{0, 0}}\n"
"From remote kernel:"
"\"number of constraints and variables\" -> {1, 1}\n"
"From remote kernel:"
"\"block\" -> {17}\n"
"From remote kernel:"
"\"behavior\" -> {{0, 0}}\n"
"From remote kernel:"
"\"number of constraints and variables\" -> {1, 1}\n"
"From remote kernel:"
"\"block\" -> {15}\n"
"From remote kernel:"
"\"behavior\" -> {{0, 0}}\n"
"From remote kernel:"
"\"number of constraints and variables\" -> {1, 1}\n"
"From remote kernel:"
"\"block\" -> {14}\n"
"From remote kernel:"
"\"behavior\" -> {{0, 0}}\n"
"From remote kernel:"
"\"number of constraints and variables\" -> {1, 1}\n"
"From remote kernel:"
"\"block\" -> {12}\n"
"From remote kernel:"
"\"behavior\" -> {{0, 0}}\n"
"From remote kernel:"
"\"number of constraints and variables\" -> {1, 1}\n"
"From remote kernel:"
"\"block\" -> {7}\n"
"From remote kernel:"
"\"behavior\" -> {{0, 0}}\n"
"From remote kernel:"
"\"number of constraints and variables\" -> {1, 1}\n"
"From remote kernel:"
"\"block\" -> {6}\n"
"From remote kernel:"
"\"behavior\" -> {{0, 0}}\n"
"From remote kernel:"
"\"number of constraints and variables\" -> {1, 1}\n"
"From remote kernel:"
"\"block\" -> {32, 33, 34}\n"
"From remote kernel:"
"\"behavior\" -> {{0, 2}, {49999/50000, 2}}\n"
"From remote kernel:"
"\"number of constraints and variables\" -> {6, 6}\n"
"From remote kernel:"
"\"block\" -> {28, 29, 30}\n"
"From remote kernel:"
"\"behavior\" -> {{0, 2}, {49999/50000, 2}}\n"
"From remote kernel:"
"\"number of constraints and variables\" -> {6, 6}\n"
"From remote kernel:"
"\"block\" -> {22}\n"
"From remote kernel:"
"\"behavior\" -> {{49999/50000, 1}, {0, 1}}\n"
"From remote kernel:"
"\"number of constraints and variables\" -> {1, 1}\n"
"From remote kernel:"
"\"block\" -> {25}\n"
"From remote kernel:"
"\"behavior\" -> {{0, 2}, {49999/50000, 0}}\n"
"From remote kernel:"
"\"number of constraints and variables\" -> {1, 1}\n"
"From remote kernel:"
"\"block\" -> {21}\n"
"From remote kernel:"
"\"behavior\" -> {{24999/25000, 0}, {0, 0}, {49999/50000, 0}}\n"
"From remote kernel:"
"\"number of constraints and variables\" -> {1, 1}\n"
"From remote kernel:"
"\"block\" -> {24}\n"
"From remote kernel:"
"\"behavior\" -> {{0, 1}, {49999/50000, 0}}\n"
"From remote kernel:"
"\"number of constraints and variables\" -> {1, 1}\n"
"From remote kernel:"
"\"block\" -> {23}\n"
"From remote kernel:"
"\"behavior\" -> {{49999/50000, 0}, {0, 1}}\n"
"From remote kernel:"
"\"number of constraints and variables\" -> {1, 1}\n"
"From remote kernel:"
"\"block\" -> {53}\n"
"From remote kernel:"
"\"behavior\" -> {{0, 0}}\n"
"From remote kernel:"
"\"number of constraints and variables\" -> {1, 1}\n"
"From remote kernel:"
"\"block\" -> {52}\n"
"From remote kernel:"
"\"behavior\" -> {{0, 0}}\n"
"From remote kernel:"
"\"number of constraints and variables\" -> {1, 1}\n"
"From remote kernel:"
"\"block\" -> {51}\n"
"From remote kernel:"
"\"behavior\" -> {{0, 0}}\n"
"From remote kernel:"
"\"number of constraints and variables\" -> {1, 1}\n"
"From remote kernel:"
"\"block\" -> {49}\n"
"From remote kernel:"
"\"behavior\" -> {{0, 0}}\n"
"From remote kernel:"
"\"number of constraints and variables\" -> {1, 1}\n"
"From remote kernel:"
"\"block\" -> {48}\n"
"From remote kernel:"
"\"behavior\" -> {{0, 0}}\n"
"From remote kernel:"
"\"number of constraints and variables\" -> {1, 1}\n"
"From remote kernel:"
"\"block\" -> {47}\n"
"From remote kernel:"
"\"behavior\" -> {{0, 0}}\n"
"From remote kernel:"
"\"number of constraints and variables\" -> {1, 1}\n"
"From remote kernel:"
"\"block\" -> {45}\n"
"From remote kernel:"
"\"behavior\" -> {{0, 0}}\n"
"From remote kernel:"
"\"number of constraints and variables\" -> {1, 1}\n"
"From remote kernel:"
"\"block\" -> {43}\n"
"From remote kernel:"
"\"behavior\" -> {{0, 0}}\n"
"From remote kernel:"
"\"number of constraints and variables\" -> {1, 1}\n"
"From remote kernel:"
"\"block\" -> {42}\n"
"From remote kernel:"
"\"behavior\" -> {{0, 0}}\n"
"From remote kernel:"
"\"number of constraints and variables\" -> {1, 1}\n"
"From remote kernel:"
"\"block\" -> {40}\n"
"From remote kernel:"
"\"behavior\" -> {{0, 0}}\n"
"From remote kernel:"
"\"number of constraints and variables\" -> {1, 1}\n"
"From remote kernel:"
"\"block\" -> {39}\n"
"From remote kernel:"
"\"behavior\" -> {{0, 0}}\n"
"From remote kernel:"
"\"number of constraints and variables\" -> {1, 1}\n"
"From remote kernel:"
"\"block\" -> {38}\n"
"From remote kernel:"
"\"behavior\" -> {{0, 0}}\n"
"From remote kernel:"
"\"number of constraints and variables\" -> {1, 1}\n"
"From remote kernel:"
"\"block\" -> {36}\n"
"From remote kernel:"
"\"behavior\" -> {{0, 0}}\n"
"From remote kernel:"
"\"number of constraints and variables\" -> {1, 1}\n"
"From remote kernel:"
"\"block\" -> {26}\n"
"From remote kernel:"
"\"behavior\" -> {{0, 0}}\n"
"From remote kernel:"
"\"number of constraints and variables\" -> {1, 1}\n"
"From remote kernel:"
"\"block\" -> {66, 67, 68}\n"
"From remote kernel:"
"\"behavior\" -> {{0, 3}, {49999/50000, 2}}\n"
"From remote kernel:"
"\"number of constraints and variables\" -> {3, 3}\n"
"From remote kernel:"
"\"block\" -> {59, 60, 61}\n"
"From remote kernel:"
"\"behavior\" -> {{49999/50000, 3}, {0, 2}}\n"
"From remote kernel:"
"\"number of constraints and variables\" -> {3, 3}\n"
"From remote kernel:"
"\"block\" -> {62, 63, 64}\n"
"From remote kernel:"
"\"behavior\" -> {{24999/25000, 1}, {49999/50000, 3}, {0, 2}}\n"
"From remote kernel:"
"\"number of constraints and variables\" -> {6, 6}\n"
"From remote kernel:"
"\"block\" -> {57}\n"
"From remote kernel:"
"\"behavior\" -> {{49999/50000, 2}, {0, 2}, {24999/25000, 0}}\n"
"From remote kernel:"
"\"number of constraints and variables\" -> {1, 1}\n"
"From remote kernel:"
"\"block\" -> {55}\n"
"From remote kernel:"
"\"behavior\" -> {{49999/50000, 1}, {0, 1}, {24999/25000, 0}}\n"
"From remote kernel:"
"\"number of constraints and variables\" -> {1, 1}\n"
"From remote kernel:"
"\"block\" -> {58}\n"
"From remote kernel:"
"\"behavior\" -> {{0, 3}, {49999/50000, 0}}\n"
"From remote kernel:"
"\"number of constraints and variables\" -> {1, 1}\n"
"From remote kernel:"
"\"block\" -> {54}\n"
"From remote kernel:"
"\"behavior\" -> {{24999/25000, 0}, {0, 1}, {49999/50000, 1}}\n"
"From remote kernel:"
"\"number of constraints and variables\" -> {1, 1}\n"
"From remote kernel:"
"\"block\" -> {56}\n"
"From remote kernel:"
"\"behavior\" -> {{49999/50000, 2}, {0, 1}, {24999/25000, 0}}\n"
"From remote kernel:"
"\"number of constraints and variables\" -> {1, 1}\n"
"From remote kernel:"
"\"block\" -> {82}\n"
"From remote kernel:"
"\"behavior\" -> {{0, 0}}\n"
"From remote kernel:"
"\"number of constraints and variables\" -> {1, 1}\n"
"From remote kernel:"
"\"block\" -> {81}\n"
"From remote kernel:"
"\"behavior\" -> {{0, 0}}\n"
"From remote kernel:"
"\"number of constraints and variables\" -> {1, 1}\n"
"From remote kernel:"
"\"block\" -> {80}\n"
"From remote kernel:"
"\"behavior\" -> {{0, 0}}\n"
"From remote kernel:"
"\"number of constraints and variables\" -> {1, 1}\n"
"From remote kernel:"
"\"block\" -> {79}\n"
"From remote kernel:"
"\"behavior\" -> {{0, 0}}\n"
"From remote kernel:"
"\"number of constraints and variables\" -> {1, 1}\n"
"From remote kernel:"
"\"block\" -> {78}\n"
"From remote kernel:"
"\"behavior\" -> {{0, 0}}\n"
"From remote kernel:"
"\"number of constraints and variables\" -> {1, 1}\n"
"From remote kernel:"
"\"block\" -> {77}\n"
"From remote kernel:"
"\"behavior\" -> {{0, 0}}\n"
"From remote kernel:"
"\"number of constraints and variables\" -> {1, 1}\n"
"From remote kernel:"
"\"block\" -> {76}\n"
"From remote kernel:"
"\"behavior\" -> {{0, 0}}\n"
"From remote kernel:"
"\"number of constraints and variables\" -> {1, 1}\n"
"From remote kernel:"
"\"block\" -> {74}\n"
"From remote kernel:"
"\"behavior\" -> {{0, 0}}\n"
"From remote kernel:"
"\"number of constraints and variables\" -> {1, 1}\n"
"From remote kernel:"
"\"block\" -> {73}\n"
"From remote kernel:"
"\"behavior\" -> {{0, 0}}\n"
"From remote kernel:"
"\"number of constraints and variables\" -> {1, 1}\n"
"From remote kernel:"
"\"block\" -> {72}\n"
"From remote kernel:"
"\"behavior\" -> {{0, 0}}\n"
"From remote kernel:"
"\"number of constraints and variables\" -> {1, 1}\n"
"From remote kernel:"
"\"block\" -> {71}\n"
"From remote kernel:"
"\"behavior\" -> {{0, 0}}\n"
"From remote kernel:"
"\"number of constraints and variables\" -> {1, 1}\n"
"From remote kernel:"
"\"block\" -> {70}\n"
"From remote kernel:"
"\"behavior\" -> {{0, 0}}\n"
"From remote kernel:"
"\"number of constraints and variables\" -> {1, 1}\n"
"From remote kernel:"
"\"block\" -> {86, 87, 88}\n"
"From remote kernel:"
"\"behavior\" -> {{49999/50000, 4}, {0, 3}, {24999/25000, 1}}\n"
"From remote kernel:"
"\"number of constraints and variables\" -> {3, 3}\n"
"From remote kernel:"
"\"block\" -> {83}\n"
"From remote kernel:"
"\"behavior\" -> {{49999/50000, 3}, {0, 3}, {24999/25000, 0}}\n"
"From remote kernel:"
"\"number of constraints and variables\" -> {1, 1}\n"
"From remote kernel:"
"\"block\" -> {85}\n"
"From remote kernel:"
"\"behavior\" -> {{0, 3}, {49999/50000, 3}, {24999/25000, 1}}\n"
"From remote kernel:"
"\"number of constraints and variables\" -> {1, 1}\n"
"From remote kernel:"
"\"block\" -> {84}\n"
"From remote kernel:"
"\"behavior\" -> {{49999/50000, 4}, {0, 2}, {24999/25000, 0}}\n"
"From remote kernel:"
"\"number of constraints and variables\" -> {1, 1}\n"
"From remote kernel:"
"\"block\" -> {90}\n"
"From remote kernel:"
"\"behavior\" -> {{0, 0}}\n"
"From remote kernel:"
"\"number of constraints and variables\" -> {1, 1}\n"
"From remote kernel:"
"\"block\" -> {89}\n"
"From remote kernel:"
"\"behavior\" -> {{0, 0}}\n"
"From remote kernel:"
"\"number of constraints and variables\" -> {1, 1}\n"
"From remote kernel:"
"\"block\" -> {91}\n"
"From remote kernel:"
"\"behavior\" -> {{0, 4}, {49999/50000, 4}, {24999/25000, 1}}\n"
"From remote kernel:"
"\"number of constraints and variables\" -> {1, 1}\n"
"From remote kernel:"
"\"block\" -> {65}\n"
"From remote kernel:"
"\"behavior\" -> {{0, 4}, {49999/50000, 2}}\n"
"From remote kernel:"
"\"number of constraints and variables\" -> {1, 1}\n"
"From remote kernel:"
"\"block\" -> {31}\n"
"From remote kernel:"
"\"behavior\" -> {{0, 3}, {49999/50000, 2}}\n"
"From remote kernel:"
"\"number of constraints and variables\" -> {1, 1}\n"
"From remote kernel:"
"\"block\" -> {27}\n"
"From remote kernel:"
"\"behavior\" -> {{0, 3}, {49999/50000, 2}}\n"
"From remote kernel:"
"\"number of constraints and variables\" -> {1, 1}\n"
"From remote kernel:"
"\"block\" -> {8}\n"
"From remote kernel:"
"\"behavior\" -> {{0, 2}, {49999/50000, 1}}\n"
"From remote kernel:"
"\"number of constraints and variables\" -> {1, 1}\n"
"From remote kernel:"
"\"block\" -> {75}\n"
"From remote kernel:"
"\"behavior\" -> {{0, 0}}\n"
"From remote kernel:"
"\"number of constraints and variables\" -> {1, 1}\n"
"From remote kernel:"
"\"block\" -> {69}\n"
"From remote kernel:"
"\"behavior\" -> {{0, 0}}\n"
"From remote kernel:"
"\"number of constraints and variables\" -> {1, 1}\n"
"From remote kernel:"
"\"block\" -> {50}\n"
"From remote kernel:"
"\"behavior\" -> {{0, 0}}\n"
"From remote kernel:"
"\"number of constraints and variables\" -> {1, 1}\n"
"From remote kernel:"
"\"block\" -> {46}\n"
"From remote kernel:"
"\"behavior\" -> {{0, 0}}\n"
"From remote kernel:"
"\"number of constraints and variables\" -> {1, 1}\n"
"From remote kernel:"
"\"block\" -> {44}\n"
"From remote kernel:"
"\"behavior\" -> {{0, 0}}\n"
"From remote kernel:"
"\"number of constraints and variables\" -> {1, 1}\n"
"From remote kernel:"
"\"block\" -> {41}\n"
"From remote kernel:"
"\"behavior\" -> {{0, 0}}\n"
"From remote kernel:"
"\"number of constraints and variables\" -> {1, 1}\n"
"From remote kernel:"
"\"block\" -> {37}\n"
"From remote kernel:"
"\"behavior\" -> {{0, 0}}\n"
"From remote kernel:"
"\"number of constraints and variables\" -> {1, 1}\n"
"From remote kernel:"
"\"block\" -> {35}\n"
"From remote kernel:"
"\"behavior\" -> {{0, 0}}\n"
"From remote kernel:"
"\"number of constraints and variables\" -> {1, 1}\n"
"From remote kernel:"
"\"block\" -> {18}\n"
"From remote kernel:"
"\"behavior\" -> {{0, 0}}\n"
"From remote kernel:"
"\"number of constraints and variables\" -> {1, 1}\n"
"From remote kernel:"
"\"block\" -> {16}\n"
"From remote kernel:"
"\"behavior\" -> {{0, 0}}\n"
"From remote kernel:"
"\"number of constraints and variables\" -> {1, 1}\n"
"From remote kernel:"
"\"block\" -> {13}\n"
"From remote kernel:"
"\"behavior\" -> {{0, 0}}\n"
"From remote kernel:"
"\"number of constraints and variables\" -> {1, 1}\n"
"From remote kernel:"
"\"block\" -> {11}\n"
"From remote kernel:"
"\"behavior\" -> {{0, 0}}\n"
"From remote kernel:"
"\"number of constraints and variables\" -> {1, 1}\n"
"From remote kernel:"
"\"AMFlow: last point solved in 54s.\"\n"
"From remote kernel:"
"\"dropped terms when pickzero\" -> {0.}\n"
"From remote kernel:"
"\"dropped terms when pickzero\" -> {0.}\n"
"From remote kernel:"
"\"dropped terms when pickzero\" -> {0.}\n"
"From remote kernel:"
"\"dropped terms when pickzero\" -> {0.}\n"
"From remote kernel:"
"\"dropped terms when pickzero\" -> {0., 0.}\n"
"From remote kernel:"
"\"dropped terms when pickzero\" -> {0.}\n"
"From remote kernel:"
"\"dropped terms when pickzero\" -> {0.}\n"
"From remote kernel:"
"\"dropped terms when pickzero\" -> {0.}\n"
"From remote kernel:"
"\"dropped terms when pickzero\" -> {0.}\n"
"From remote kernel:"
"\"dropped terms when pickzero\" -> {0., 0., 0.}\n"
"From remote kernel:"
"\"dropped terms when pickzero\" -> {0., 0.}\n"
"From remote kernel:"
"\"dropped terms when pickzero\" -> {0.}\n"
"From remote kernel:"
"\"dropped terms when pickzero\" -> {0., 0., 0.}\n"
"From remote kernel:"
"\"dropped terms when pickzero\" -> {0., 0.}\n"
"From remote kernel:"
"\"dropped terms when pickzero\" -> {0.}\n"
"From remote kernel:"
"\"dropped terms when pickzero\" -> {0., 0.}\n"
"From remote kernel:"
"\"dropped terms when pickzero\" -> {0.}\n"
"From remote kernel:"
"\"dropped terms when pickzero\" -> {0., 0.}\n"
"From remote kernel:"
"\"dropped terms when pickzero\" -> {0.}\n"
"From remote kernel:"
"\"dropped terms when pickzero\" -> {0.}\n"
"From remote kernel:"
"\"dropped terms when pickzero\" -> {0., 0., 0.}\n"
"From remote kernel:"
"\"dropped terms when pickzero\" -> {0., 0.}\n"
"From remote kernel:"
"\"dropped terms when pickzero\" -> {0., 0.}\n"
"From remote kernel:"
"\"system cleared: DESolver`$InternalSystem\"\n"
"From remote kernel:"
"\"AMFlow: finished in 217s.\"\n"
