"From remote kernel:"
"DESolver`SetGlobalOptions -> {\"WorkingPre\" -> 100, \"ChopPre\" -> 20, \"SilentMode\" -> False, \"RationalizePre\" -> 100}\n"
"From remote kernel:"
"DESolver`SetExpansionOptions -> {\"XOrder\" -> 100, \"ExtraXOrder\" -> 20, \"LearnXOrder\" -> -1, \"TestXOrder\" -> 5}\n"
"From remote kernel:"
"DESolver`SetRunningOptions -> {\"RunRadius\" -> 2, \"RunLength\" -> 1000, \"RunCandidate\" -> 10, \"RunDirection\" -> \"NegIm\"}\n"
"From remote kernel:"
"DESolver`SetGlobalOptions -> {\"WorkingPre\" -> 120, \"ChopPre\" -> 20, \"SilentMode\" -> False, \"RationalizePre\" -> 100}\n"
"From remote kernel:"
"DESolver`SetExpansionOptions -> {\"XOrder\" -> 240, \"ExtraXOrder\" -> 280, \"LearnXOrder\" -> -1, \"TestXOrder\" -> 5}\n"
"From remote kernel:"
"DESolver`SetRunningOptions -> {\"RunRadius\" -> 2, \"RunLength\" -> 1000, \"RunCandidate\" -> 10, \"RunDirection\" -> \"NegIm\"}\n"
"From remote kernel:"
"\"AMFlow: start.\"\n"
"From remote kernel:"
"\"system loaded: DESolver`$InternalSystem\\nDE[DESolver`$InternalSystem] -- differential equation in matrix form\\nBC[DESolver`$InternalSystem] -- boundary conditions either in singular form or in regular form\\nP[DESolver`$InternalSystem] -- boundary point\\nAsyExp[DESolver`$InternalSystem] -- asymptotic expansion near a singular point (currently it is Null)\\nintegrals: 155, blocks: 111, density: 0.08, degrees: {73, 80}\"\n"
"From remote kernel:"
"\"AMFlow: integrals will be evaluated at 18 regular points\" -> {25.432393561457324 - 25.432393561457324*I, 16.062936000196256 - 16.062936000196256*I, 10.343384402141227 - 10.343384402141227*I, 6.965010811925178 - 6.965010811925178*I, 4.558346311542888 - 4.558346311542888*I, 3.16616556087276 - 3.16616556087276*I, 2.467175680901068 - 2.467175680901068*I, 2.111923118708012 - 2.111923118708012*I, 1.9230878360255856 - 1.9230878360255856*I, 1.8081322528901669 - 1.8081322528901669*I, 1.71712467947251 - 1.71712467947251*I, 1.621921940358368 - 1.621921940358368*I, 1.5022862947085291 - 1.5022862947085291*I, 1.3369547005971765 - 1.3369547005971765*I, 1.0979803871498037 - 1.0979803871498037*I, 0.768331864372031 - 0.768331864372031*I, 0.39835087628916893 - 0.39835087628916893*I, 0.21850801222441057 - 0.21850801222441057*I}\n"
"From remote kernel:"
"\"AMFlow: integration contour generated in 7s.\"\n"
"From remote kernel:"
"\"AMFlow: solving near eta = Infinity...\"\n"
"From remote kernel:"
"\"CalcTaylor: current region\" -> 1/1000\n"
"From remote kernel:"
"\"block\" -> {1}\n"
"From remote kernel:"
"\"boundary condition inserted\" -> {1, 0, 1.0008485733053779*^6}\n"
"From remote kernel:"
"\"block\" -> {11, 12, 13}\n"
"From remote kernel:"
"\"boundary condition test\" -> {13, 0, 1.0008485733053779*^6}\n"
"From remote kernel:"
"\"boundary condition test\" -> {12, 0, 999847.7247320726}\n"
"From remote kernel:"
"\"boundary condition test\" -> {11, 0, -1000.8485733053778}\n"
"From remote kernel:"
"\"block\" -> {6}\n"
"From remote kernel:"
"\"boundary condition test\" -> {6, 0, 1.0008485733053779*^6}\n"
"From remote kernel:"
"\"block\" -> {5}\n"
"From remote kernel:"
"\"boundary condition test\" -> {5, 0, 1.0008485733053779*^6}\n"
"From remote kernel:"
"\"block\" -> {27}\n"
"From remote kernel:"
"\"boundary condition test\" -> {27, 0, 0.}\n"
"From remote kernel:"
"\"block\" -> {26}\n"
"From remote kernel:"
"\"boundary condition test\" -> {26, 0, 0.}\n"
"From remote kernel:"
"\"block\" -> {24}\n"
"From remote kernel:"
"\"boundary condition test\" -> {24, 0, 0.}\n"
"From remote kernel:"
"\"block\" -> {4}\n"
"From remote kernel:"
"\"boundary condition inserted\" -> {4, 0, 1.0005983884513972*^6 + 2222.4638542951175*I}\n"
"From remote kernel:"
"\"block\" -> {2}\n"
"From remote kernel:"
"\"boundary condition test\" -> {2, 0, 0.}\n"
"From remote kernel:"
"\"block\" -> {46, 47, 48}\n"
"From remote kernel:"
"\"boundary condition test\" -> {48, 0, 1.0008485733053779*^6}\n"
"From remote kernel:"
"\"boundary condition test\" -> {47, 0, 1.0008485733053779*^6}\n"
"From remote kernel:"
"\"boundary condition test\" -> {46, 0, 999847.7247320726}\n"
"From remote kernel:"
"\"block\" -> {36}\n"
"From remote kernel:"
"\"boundary condition test\" -> {36, 0, 1.0005983884513972*^6 + 2222.4638542951175*I}\n"
"From remote kernel:"
"\"block\" -> {38}\n"
"From remote kernel:"
"\"boundary condition test\" -> {38, 0, 1.0008485733053779*^6}\n"
"From remote kernel:"
"\"block\" -> {3}\n"
"From remote kernel:"
"\"boundary condition test\" -> {3, 0, 1.0008485733053779*^6}\n"
"From remote kernel:"
"\"block\" -> {15, 16}\n"
"From remote kernel:"
"\"boundary condition test\" -> {16, 0, 0.}\n"
"From remote kernel:"
"\"boundary condition test\" -> {15, 0, 0.}\n"
"From remote kernel:"
"\"block\" -> {35}\n"
"From remote kernel:"
"\"boundary condition test\" -> {35, 0, 1.0005983884513972*^6 + 2222.4638542951175*I}\n"
"From remote kernel:"
"\"block\" -> {67}\n"
"From remote kernel:"
"\"boundary condition test\" -> {67, 0, 0.}\n"
"From remote kernel:"
"\"block\" -> {66}\n"
"From remote kernel:"
"\"boundary condition test\" -> {66, 0, 0.}\n"
"From remote kernel:"
"\"block\" -> {29}\n"
"From remote kernel:"
"\"boundary condition test\" -> {29, 0, 0.}\n"
"From remote kernel:"
"\"block\" -> {22}\n"
"From remote kernel:"
"\"boundary condition test\" -> {22, 0, 0.}\n"
"From remote kernel:"
"\"block\" -> {21}\n"
"From remote kernel:"
"\"boundary condition test\" -> {21, 0, 0.}\n"
"From remote kernel:"
"\"block\" -> {19}\n"
"From remote kernel:"
"\"boundary condition test\" -> {19, 0, 0.}\n"
"From remote kernel:"
"\"block\" -> {18}\n"
"From remote kernel:"
"\"boundary condition test\" -> {18, 0, 0.}\n"
"From remote kernel:"
"\"block\" -> {9}\n"
"From remote kernel:"
"\"boundary condition test\" -> {9, 0, 0.}\n"
"From remote kernel:"
"\"block\" -> {8}\n"
"From remote kernel:"
"\"boundary condition test\" -> {8, 0, 0.}\n"
"From remote kernel:"
"\"block\" -> {7}\n"
"From remote kernel:"
"\"boundary condition inserted\" -> {7, 0, 999234.3159241743 + 2954.2349685975787*I}\n"
"From remote kernel:"
"\"block\" -> {105, 107, 108, 109}\n"
"From remote kernel:"
"\"boundary condition test\" -> {109, 0, 1.0005983884513972*^6 + 2222.4638542951175*I}\n"
"From remote kernel:"
"\"boundary condition test\" -> {108, 0, 1.0005983884513972*^6 + 2222.4638542951175*I}\n"
"From remote kernel:"
"\"boundary condition test\" -> {107, 0, 1.0005983884513972*^6 + 2222.4638542951175*I}\n"
"From remote kernel:"
"\"boundary condition test\" -> {105, 0, 1.0005983884513972*^6 + 2222.4638542951175*I}\n"
"From remote kernel:"
"\"block\" -> {50, 51, 52}\n"
"From remote kernel:"
"\"boundary condition test\" -> {52, 0, -62306.83516327235 - 207.3042069370582*I}\n"
"From remote kernel:"
"\"boundary condition test\" -> {51, 0, 999234.3159241743 + 2954.2349685975787*I}\n"
"From remote kernel:"
"\"boundary condition test\" -> {50, 0, 163.2423399841639 - 184.27040616627397*I}\n"
"From remote kernel:"
"\"block\" -> {33}\n"
"From remote kernel:"
"\"boundary condition test\" -> {33, 0, 1.0008485733053779*^6}\n"
"From remote kernel:"
"\"block\" -> {32}\n"
"From remote kernel:"
"\"boundary condition test\" -> {32, 0, 1.0008485733053779*^6}\n"
"From remote kernel:"
"\"block\" -> {54, 55}\n"
"From remote kernel:"
"\"boundary condition test\" -> {55, 0, 0.}\n"
"From remote kernel:"
"\"boundary condition test\" -> {54, 0, 0.}\n"
"From remote kernel:"
"\"block\" -> {43, 44}\n"
"From remote kernel:"
"\"boundary condition test\" -> {44, 0, 0.}\n"
"From remote kernel:"
"\"boundary condition test\" -> {43, 0, 0.}\n"
"From remote kernel:"
"\"block\" -> {31}\n"
"From remote kernel:"
"\"boundary condition test\" -> {31, 0, 1.0008485733053779*^6}\n"
"From remote kernel:"
"\"block\" -> {34}\n"
"From remote kernel:"
"\"boundary condition test\" -> {34, 0, 999234.3159241743 + 2954.2349685975787*I}\n"
"From remote kernel:"
"\"block\" -> {30}\n"
"From remote kernel:"
"\"boundary condition test\" -> {30, 0, 1.0005983884513972*^6 + 2222.4638542951175*I}\n"
"From remote kernel:"
"\"block\" -> {39}\n"
"From remote kernel:"
"\"boundary condition test\" -> {39, 0, 999234.3159241743 + 2954.2349685975787*I}\n"
"From remote kernel:"
"\"block\" -> {72}\n"
"From remote kernel:"
"\"boundary condition test\" -> {72, 0, 0.}\n"
"From remote kernel:"
"\"block\" -> {71}\n"
"From remote kernel:"
"\"boundary condition test\" -> {71, 0, 0.}\n"
"From remote kernel:"
"\"block\" -> {69}\n"
"From remote kernel:"
"\"boundary condition test\" -> {69, 0, 0.}\n"
"From remote kernel:"
"\"block\" -> {64}\n"
"From remote kernel:"
"\"boundary condition test\" -> {64, 0, 0.}\n"
"From remote kernel:"
"\"block\" -> {63}\n"
"From remote kernel:"
"\"boundary condition test\" -> {63, 0, 0.}\n"
"From remote kernel:"
"\"block\" -> {62}\n"
"From remote kernel:"
"\"boundary condition test\" -> {62, 0, 0.}\n"
"From remote kernel:"
"\"block\" -> {60}\n"
"From remote kernel:"
"\"boundary condition test\" -> {60, 0, 0.}\n"
"From remote kernel:"
"\"block\" -> {59}\n"
"From remote kernel:"
"\"boundary condition test\" -> {59, 0, 0.}\n"
"From remote kernel:"
"\"block\" -> {57}\n"
"From remote kernel:"
"\"boundary condition test\" -> {57, 0, 0.}\n"
"From remote kernel:"
"\"block\" -> {41}\n"
"From remote kernel:"
"\"boundary condition test\" -> {41, 0, 0.}\n"
"From remote kernel:"
"\"block\" -> {40}\n"
"From remote kernel:"
"\"boundary condition test\" -> {40, 0, 0.}\n"
"From remote kernel:"
"\"block\" -> {37}\n"
"From remote kernel:"
"\"boundary condition inserted\" -> {37, 0, 389.1868845639332 - 326.45809179080123*I}\n"
"From remote kernel:"
"\"block\" -> {111, 112, 113, 114, 115, 116, 117}\n"
"From remote kernel:"
"\"boundary condition test\" -> {117, 0, 999234.3159241743 + 2954.2349685975787*I}\n"
"From remote kernel:"
"\"boundary condition test\" -> {116, 0, 163.2423399841639 - 184.27040616627397*I}\n"
"From remote kernel:"
"\"boundary condition test\" -> {115, 0, -62306.83516327235 - 207.3042069370582*I}\n"
"From remote kernel:"
"\"boundary condition test\" -> {114, 0, 999234.3159241743 + 2954.2349685975787*I}\n"
"From remote kernel:"
"\"boundary condition test\" -> {113, 0, 999234.3159241743 + 2954.2349685975787*I}\n"
"From remote kernel:"
"\"boundary condition test\" -> {112, 0, 163.2423399841639 - 184.27040616627397*I}\n"
"From remote kernel:"
"\"boundary condition test\" -> {111, 0, -1.0002335502400984*^6 - 2957.1892035661763*I}\n"
"From remote kernel:"
"\"block\" -> {100, 101, 102, 103, 104}\n"
"From remote kernel:"
"\"boundary condition test\" -> {104, 0, 999234.3159241743 + 2954.2349685975787*I}\n"
"From remote kernel:"
"\"boundary condition test\" -> {103, 0, 999234.3159241743 + 2954.2349685975787*I}\n"
"From remote kernel:"
"\"boundary condition test\" -> {102, 0, 163.2423399841639 - 184.27040616627397*I}\n"
"From remote kernel:"
"\"boundary condition test\" -> {101, 0, 999234.3159241743 + 2954.2349685975787*I}\n"
"From remote kernel:"
"\"boundary condition test\" -> {100, 0, 999234.3159241743 + 2954.2349685975787*I}\n"
"From remote kernel:"
"\"block\" -> {106}\n"
"From remote kernel:"
"\"boundary condition test\" -> {106, 0, 312.6332643945357 - 554.5047316466317*I}\n"
"From remote kernel:"
"\"block\" -> {77}\n"
"From remote kernel:"
"\"boundary condition test\" -> {77, 0, 1.0008485733053779*^6}\n"
"From remote kernel:"
"\"block\" -> {74}\n"
"From remote kernel:"
"\"boundary condition test\" -> {74, 0, 1.0005983884513972*^6 + 2222.4638542951175*I}\n"
"From remote kernel:"
"\"block\" -> {82, 83, 84, 85}\n"
"From remote kernel:"
"\"boundary condition test\" -> {85, 0, -498926.01034534554}\n"
"From remote kernel:"
"\"boundary condition test\" -> {84, 0, 1.001851427587247*^6}\n"
"From remote kernel:"
"\"boundary condition test\" -> {83, 0, 1.001851427587247*^6}\n"
"From remote kernel:"
"\"boundary condition test\" -> {82, 0, 1.001851427587247*^6}\n"
"From remote kernel:"
"\"block\" -> {89, 90, 91, 92}\n"
"From remote kernel:"
"\"boundary condition test\" -> {92, 0, -498926.01034534554}\n"
"From remote kernel:"
"\"boundary condition test\" -> {91, 0, 1.001851427587247*^6}\n"
"From remote kernel:"
"\"boundary condition test\" -> {90, 0, 1.001851427587247*^6}\n"
"From remote kernel:"
"\"boundary condition test\" -> {89, 0, 1.001851427587247*^6}\n"
"From remote kernel:"
"\"block\" -> {80}\n"
"From remote kernel:"
"\"boundary condition test\" -> {80, 0, 389.1868845639332 - 326.45809179080123*I}\n"
"From remote kernel:"
"\"block\" -> {87, 88}\n"
"From remote kernel:"
"\"boundary condition test\" -> {88, 0, 0.}\n"
"From remote kernel:"
"\"boundary condition test\" -> {87, 0, 0.}\n"
"From remote kernel:"
"\"block\" -> {76}\n"
"From remote kernel:"
"\"boundary condition test\" -> {76, 0, 1.0008485733053779*^6}\n"
"From remote kernel:"
"\"block\" -> {78}\n"
"From remote kernel:"
"\"boundary condition test\" -> {78, 0, 999234.3159241743 + 2954.2349685975787*I}\n"
"From remote kernel:"
"\"block\" -> {73}\n"
"From remote kernel:"
"\"boundary condition test\" -> {73, 0, 1.0005983884513972*^6 + 2222.4638542951175*I}\n"
"From remote kernel:"
"\"block\" -> {75}\n"
"From remote kernel:"
"\"boundary condition test\" -> {75, 0, 389.1868845639332 - 326.45809179080123*I}\n"
"From remote kernel:"
"\"block\" -> {79}\n"
"From remote kernel:"
"\"boundary condition test\" -> {79, 0, 389.1868845639332 - 326.45809179080123*I}\n"
"From remote kernel:"
"\"block\" -> {129}\n"
"From remote kernel:"
"\"boundary condition test\" -> {129, 0, 0.}\n"
"From remote kernel:"
"\"block\" -> {128}\n"
"From remote kernel:"
"\"boundary condition test\" -> {128, 0, 0.}\n"
"From remote kernel:"
"\"block\" -> {127}\n"
"From remote kernel:"
"\"boundary condition test\" -> {127, 0, 0.}\n"
"From remote kernel:"
"\"block\" -> {126}\n"
"From remote kernel:"
"\"boundary condition test\" -> {126, 0, 0.}\n"
"From remote kernel:"
"\"block\" -> {125}\n"
"From remote kernel:"
"\"boundary condition test\" -> {125, 0, 0.}\n"
"From remote kernel:"
"\"block\" -> {124}\n"
"From remote kernel:"
"\"boundary condition test\" -> {124, 0, 0.}\n"
"From remote kernel:"
"\"block\" -> {122}\n"
"From remote kernel:"
"\"boundary condition test\" -> {122, 0, 0.}\n"
"From remote kernel:"
"\"block\" -> {121}\n"
"From remote kernel:"
"\"boundary condition test\" -> {121, 0, 0.}\n"
"From remote kernel:"
"\"block\" -> {120}\n"
"From remote kernel:"
"\"boundary condition test\" -> {120, 0, 0.}\n"
"From remote kernel:"
"\"block\" -> {119}\n"
"From remote kernel:"
"\"boundary condition test\" -> {119, 0, 0.}\n"
"From remote kernel:"
"\"block\" -> {99}\n"
"From remote kernel:"
"\"boundary condition test\" -> {99, 0, 0.}\n"
"From remote kernel:"
"\"block\" -> {98}\n"
"From remote kernel:"
"\"boundary condition test\" -> {98, 0, 0.}\n"
"From remote kernel:"
"\"block\" -> {96}\n"
"From remote kernel:"
"\"boundary condition test\" -> {96, 0, 0.}\n"
"From remote kernel:"
"\"block\" -> {95}\n"
"From remote kernel:"
"\"boundary condition test\" -> {95, 0, 0.}\n"
"From remote kernel:"
"\"block\" -> {94}\n"
"From remote kernel:"
"\"boundary condition test\" -> {94, 0, 0.}\n"
"From remote kernel:"
"\"block\" -> {93}\n"
"From remote kernel:"
"\"boundary condition test\" -> {93, 0, 0.}\n"
"From remote kernel:"
"\"block\" -> {81}\n"
"From remote kernel:"
"\"boundary condition test\" -> {81, 0, 0.}\n"
"From remote kernel:"
"\"block\" -> {137, 138, 139, 140, 141}\n"
"From remote kernel:"
"\"boundary condition test\" -> {141, 0, 999234.3159241743 + 2954.2349685975787*I}\n"
"From remote kernel:"
"\"boundary condition test\" -> {140, 0, 999234.3159241743 + 2954.2349685975787*I}\n"
"From remote kernel:"
"\"boundary condition test\" -> {139, 0, 163.2423399841639 - 184.27040616627397*I}\n"
"From remote kernel:"
"\"boundary condition test\" -> {138, 0, 999234.3159241743 + 2954.2349685975787*I}\n"
"From remote kernel:"
"\"boundary condition test\" -> {137, 0, 999234.3159241743 + 2954.2349685975787*I}\n"
"From remote kernel:"
"\"block\" -> {142, 143, 144, 145, 146}\n"
"From remote kernel:"
"\"boundary condition test\" -> {146, 0, -11628.491116040972 - 4.229570285467359*I}\n"
"From remote kernel:"
"\"boundary condition test\" -> {145, 0, 389.1868845639332 - 326.45809179080123*I}\n"
"From remote kernel:"
"\"boundary condition test\" -> {144, 0, 389.1868845639332 - 326.45809179080123*I}\n"
"From remote kernel:"
"\"boundary condition test\" -> {143, 0, 39.12780640988745 - 69.35389871730283*I}\n"
"From remote kernel:"
"\"boundary condition test\" -> {142, 0, 389.1868845639332 - 326.45809179080123*I}\n"
"From remote kernel:"
"\"block\" -> {130}\n"
"From remote kernel:"
"\"boundary condition test\" -> {130, 0, 1.0005983884513972*^6 + 2222.4638542951175*I}\n"
"From remote kernel:"
"\"block\" -> {132}\n"
"From remote kernel:"
"\"boundary condition test\" -> {132, 0, 389.1868845639332 - 326.45809179080123*I}\n"
"From remote kernel:"
"\"block\" -> {133, 134, 135, 136}\n"
"From remote kernel:"
"\"boundary condition test\" -> {136, 0, -498926.01034534554}\n"
"From remote kernel:"
"\"boundary condition test\" -> {135, 0, 1.001851427587247*^6}\n"
"From remote kernel:"
"\"boundary condition test\" -> {134, 0, 1.001851427587247*^6}\n"
"From remote kernel:"
"\"boundary condition test\" -> {133, 0, 1.001851427587247*^6}\n"
"From remote kernel:"
"\"block\" -> {131}\n"
"From remote kernel:"
"\"boundary condition test\" -> {131, 0, 389.1868845639332 - 326.45809179080123*I}\n"
"From remote kernel:"
"\"block\" -> {150}\n"
"From remote kernel:"
"\"boundary condition test\" -> {150, 0, 0.}\n"
"From remote kernel:"
"\"block\" -> {149}\n"
"From remote kernel:"
"\"boundary condition test\" -> {149, 0, 0.}\n"
"From remote kernel:"
"\"block\" -> {148}\n"
"From remote kernel:"
"\"boundary condition test\" -> {148, 0, 0.}\n"
"From remote kernel:"
"\"block\" -> {147}\n"
"From remote kernel:"
"\"boundary condition test\" -> {147, 0, 0.}\n"
"From remote kernel:"
"\"block\" -> {151, 152, 153, 154, 155}\n"
"From remote kernel:"
"\"boundary condition test\" -> {155, 0, 389.1868845639332 - 326.45809179080123*I}\n"
"From remote kernel:"
"\"boundary condition test\" -> {154, 0, 389.1868845639332 - 326.45809179080123*I}\n"
"From remote kernel:"
"\"boundary condition test\" -> {153, 0, 389.1868845639332 - 326.45809179080123*I}\n"
"From remote kernel:"
"\"boundary condition test\" -> {152, 0, 39.12780640988745 - 69.35389871730283*I}\n"
"From remote kernel:"
"\"boundary condition test\" -> {151, 0, 389.1868845639332 - 326.45809179080123*I}\n"
"From remote kernel:"
"\"block\" -> {110}\n"
"From remote kernel:"
"\"boundary condition test\" -> {110, 0, 999234.3159241743 + 2954.2349685975787*I}\n"
"From remote kernel:"
"\"block\" -> {86}\n"
"From remote kernel:"
"\"boundary condition test\" -> {86, 0, 0.}\n"
"From remote kernel:"
"\"block\" -> {49}\n"
"From remote kernel:"
"\"boundary condition test\" -> {49, 0, 999234.3159241743 + 2954.2349685975787*I}\n"
"From remote kernel:"
"\"block\" -> {45}\n"
"From remote kernel:"
"\"boundary condition test\" -> {45, 0, 1.0008485733053779*^6}\n"
"From remote kernel:"
"\"block\" -> {53}\n"
"From remote kernel:"
"\"boundary condition test\" -> {53, 0, 0.}\n"
"From remote kernel:"
"\"block\" -> {42}\n"
"From remote kernel:"
"\"boundary condition test\" -> {42, 0, 0.}\n"
"From remote kernel:"
"\"block\" -> {10}\n"
"From remote kernel:"
"\"boundary condition test\" -> {10, 0, 1.0008485733053779*^6}\n"
"From remote kernel:"
"\"block\" -> {14}\n"
"From remote kernel:"
"\"boundary condition test\" -> {14, 0, 0.}\n"
"From remote kernel:"
"\"block\" -> {123}\n"
"From remote kernel:"
"\"boundary condition test\" -> {123, 0, 0.}\n"
"From remote kernel:"
"\"block\" -> {118}\n"
"From remote kernel:"
"\"boundary condition test\" -> {118, 0, 0.}\n"
"From remote kernel:"
"\"block\" -> {97}\n"
"From remote kernel:"
"\"boundary condition test\" -> {97, 0, 0.}\n"
"From remote kernel:"
"\"block\" -> {70}\n"
"From remote kernel:"
"\"boundary condition test\" -> {70, 0, 0.}\n"
"From remote kernel:"
"\"block\" -> {68}\n"
"From remote kernel:"
"\"boundary condition test\" -> {68, 0, 0.}\n"
"From remote kernel:"
"\"block\" -> {65}\n"
"From remote kernel:"
"\"boundary condition test\" -> {65, 0, 0.}\n"
"From remote kernel:"
"\"block\" -> {61}\n"
"From remote kernel:"
"\"boundary condition test\" -> {61, 0, 0.}\n"
"From remote kernel:"
"\"block\" -> {58}\n"
"From remote kernel:"
"\"boundary condition test\" -> {58, 0, 0.}\n"
"From remote kernel:"
"\"block\" -> {56}\n"
"From remote kernel:"
"\"boundary condition test\" -> {56, 0, 0.}\n"
"From remote kernel:"
"\"block\" -> {28}\n"
"From remote kernel:"
"\"boundary condition test\" -> {28, 0, 0.}\n"
"From remote kernel:"
"\"block\" -> {25}\n"
"From remote kernel:"
"\"boundary condition test\" -> {25, 0, 0.}\n"
"From remote kernel:"
"\"block\" -> {23}\n"
"From remote kernel:"
"\"boundary condition test\" -> {23, 0, 0.}\n"
"From remote kernel:"
"\"block\" -> {20}\n"
"From remote kernel:"
"\"boundary condition test\" -> {20, 0, 0.}\n"
"From remote kernel:"
"\"block\" -> {17}\n"
"From remote kernel:"
"\"boundary condition test\" -> {17, 0, 0.}\n"
"From remote kernel:"
"\"CalcTaylor: current region\" -> 0\n"
"From remote kernel:"
"\"block\" -> {1}\n"
"From remote kernel:"
"\"boundary condition test\" -> {1, 0, 0.}\n"
"From remote kernel:"
"\"block\" -> {11, 12, 13}\n"
"From remote kernel:"
"\"boundary condition test\" -> {13, 0, 0.}\n"
"From remote kernel:"
"\"boundary condition test\" -> {12, 0, 0.}\n"
"From remote kernel:"
"\"boundary condition test\" -> {11, 0, 0.}\n"
"From remote kernel:"
"\"block\" -> {6}\n"
"From remote kernel:"
"\"boundary condition test\" -> {6, 0, 0.}\n"
"From remote kernel:"
"\"block\" -> {5}\n"
"From remote kernel:"
"\"boundary condition test\" -> {5, 0, 0.}\n"
"From remote kernel:"
"\"block\" -> {27}\n"
"From remote kernel:"
"\"boundary condition inserted\" -> {27, 0, -498308.43465077865 - 2946.7426611271017*I}\n"
"From remote kernel:"
"\"block\" -> {26}\n"
"From remote kernel:"
"\"boundary condition inserted\" -> {26, 0, 499926.3126834132 + 5.937768594036673*I}\n"
"From remote kernel:"
"\"block\" -> {24}\n"
"From remote kernel:"
"\"boundary condition inserted\" -> {24, 0, -500930.01947729214}\n"
"From remote kernel:"
"\"block\" -> {4}\n"
"From remote kernel:"
"\"boundary condition test\" -> {4, 0, 0.}\n"
"From remote kernel:"
"\"block\" -> {2}\n"
"From remote kernel:"
"\"boundary condition inserted\" -> {2, 0, 1.0008485733053779*^6}\n"
"From remote kernel:"
"\"block\" -> {46, 47, 48}\n"
"From remote kernel:"
"\"boundary condition test\" -> {48, 0, 498308.43465077865 + 2946.7426611271017*I}\n"
"From remote kernel:"
"\"boundary condition test\" -> {47, 0, 498308.43465077865 + 2946.7426611271017*I}\n"
"From remote kernel:"
"\"boundary condition test\" -> {46, 0, -499926.3126834132 - 5.937768594036673*I}\n"
"From remote kernel:"
"\"block\" -> {36}\n"
"From remote kernel:"
"\"boundary condition test\" -> {36, 0, 0.}\n"
"From remote kernel:"
"\"block\" -> {38}\n"
"From remote kernel:"
"\"boundary condition test\" -> {38, 0, -500677.1674539695}\n"
"From remote kernel:"
"\"block\" -> {3}\n"
"From remote kernel:"
"\"boundary condition test\" -> {3, 0, -1.0008485733053779*^6}\n"
"From remote kernel:"
"\"block\" -> {15, 16}\n"
"From remote kernel:"
"\"boundary condition test\" -> {16, 0, 0.}\n"
"From remote kernel:"
"\"boundary condition test\" -> {15, 0, 0.}\n"
"From remote kernel:"
"\"block\" -> {35}\n"
"From remote kernel:"
"\"boundary condition test\" -> {35, 0, 0.}\n"
"From remote kernel:"
"\"block\" -> {67}\n"
"From remote kernel:"
"\"boundary condition inserted\" -> {67, 0, -389.0335454600564 + 324.9456543789208*I}\n"
"From remote kernel:"
"\"block\" -> {66}\n"
"From remote kernel:"
"\"boundary condition inserted\" -> {66, 0, 313.9313102382768 - 552.72354286692*I}\n"
"From remote kernel:"
"\"block\" -> {29}\n"
"From remote kernel:"
"\"boundary condition inserted\" -> {29, 0, -500925.0646494039}\n"
"From remote kernel:"
"\"block\" -> {22}\n"
"From remote kernel:"
"\"boundary condition inserted\" -> {22, 0, -497739.7972054285 - 2925.2688392115065*I}\n"
"From remote kernel:"
"\"block\" -> {21}\n"
"From remote kernel:"
"\"boundary condition inserted\" -> {21, 0, 499925.2272963176 + 7.060184246365372*I}\n"
"From remote kernel:"
"\"block\" -> {19}\n"
"From remote kernel:"
"\"boundary condition inserted\" -> {19, 0, -499671.6028584807 - 2221.366841927421*I}\n"
"From remote kernel:"
"\"block\" -> {18}\n"
"From remote kernel:"
"\"boundary condition inserted\" -> {18, 0, 499926.63832789724 + 1.9359219994753947*I}\n"
"From remote kernel:"
"\"block\" -> {9}\n"
"From remote kernel:"
"\"boundary condition inserted\" -> {9, 0, 999234.3159241743 + 2954.2349685975787*I}\n"
"From remote kernel:"
"\"block\" -> {8}\n"
"From remote kernel:"
"\"boundary condition inserted\" -> {8, 0, 1.0005983884513972*^6 + 2222.4638542951175*I}\n"
"From remote kernel:"
"\"block\" -> {7}\n"
"From remote kernel:"
"\"boundary condition test\" -> {7, 0, 0.}\n"
"From remote kernel:"
"\"block\" -> {105, 107, 108, 109}\n"
"From remote kernel:"
"\"homogeneous id up to\" -> 2088\n"
"From remote kernel:"
"\"dropped eqs\" -> {{2089 -> 0.}}\n"
"From remote kernel:"
"\"boundary condition test\" -> {109, 0, -5.774137642529215 - 0.004220973690410255*I}\n"
"From remote kernel:"
"\"boundary condition test\" -> {108, 0, 389.0335454600564 - 324.9456543789208*I}\n"
"From remote kernel:"
"\"boundary condition test\" -> {107, 0, 389.0335454600564 - 324.9456543789208*I}\n"
"From remote kernel:"
"\"boundary condition test\" -> {105, 0, -500670.96459678124 - 2225.540994256057*I}\n"
"From remote kernel:"
"\"block\" -> {50, 51, 52}\n"
"From remote kernel:"
"\"boundary condition test\" -> {52, 0, 0.}\n"
"From remote kernel:"
"\"boundary condition test\" -> {51, 0, 0.}\n"
"From remote kernel:"
"\"boundary condition test\" -> {50, 0, 0.}\n"
"From remote kernel:"
"\"block\" -> {33}\n"
"From remote kernel:"
"\"boundary condition test\" -> {33, 0, -993860.1308118348 + 29.224346858920683*I}\n"
"From remote kernel:"
"\"block\" -> {32}\n"
"From remote kernel:"
"\"boundary condition test\" -> {32, 0, -999851.8766901696 + 1.4204953546165144*I}\n"
"From remote kernel:"
"\"block\" -> {54, 55}\n"
"From remote kernel:"
"\"boundary condition test\" -> {55, 0, 500925.0646494039}\n"
"From remote kernel:"
"\"boundary condition test\" -> {54, 0, 500925.0646494039}\n"
"From remote kernel:"
"\"block\" -> {43, 44}\n"
"From remote kernel:"
"\"boundary condition test\" -> {44, 0, 500930.01947729214}\n"
"From remote kernel:"
"\"boundary condition test\" -> {43, 0, -499926.15170278854}\n"
"From remote kernel:"
"\"block\" -> {31}\n"
"From remote kernel:"
"\"boundary condition test\" -> {31, 0, -1.001851427587247*^6}\n"
"From remote kernel:"
"\"block\" -> {34}\n"
"From remote kernel:"
"\"boundary condition test\" -> {34, 0, -999234.3159241743 - 2954.2349685975787*I}\n"
"From remote kernel:"
"\"block\" -> {30}\n"
"From remote kernel:"
"\"boundary condition test\" -> {30, 0, -1.0005983884513972*^6 - 2222.4638542951175*I}\n"
"From remote kernel:"
"\"block\" -> {39}\n"
"From remote kernel:"
"\"boundary condition test\" -> {39, 0, 0.}\n"
"From remote kernel:"
"\"block\" -> {72}\n"
"From remote kernel:"
"\"boundary condition inserted\" -> {72, 0, -305.8551799742394 + 204.5651933569303*I}\n"
"From remote kernel:"
"\"block\" -> {71}\n"
"From remote kernel:"
"\"boundary condition inserted\" -> {71, 0, 163.54054496275293 - 183.43798229702375*I}\n"
"From remote kernel:"
"\"block\" -> {69}\n"
"From remote kernel:"
"\"boundary condition inserted\" -> {69, 0, 3539.6318970539696}\n"
"From remote kernel:"
"\"block\" -> {64}\n"
"From remote kernel:"
"\"boundary condition inserted\" -> {64, 0, -247.80623364193593 + 144.67334992870622*I}\n"
"From remote kernel:"
"\"block\" -> {63}\n"
"From remote kernel:"
"\"boundary condition inserted\" -> {63, 0, 163.46650781397898 - 183.3790700568898*I}\n"
"From remote kernel:"
"\"block\" -> {62}\n"
"From remote kernel:"
"\"boundary condition inserted\" -> {62, 0, 0.3122552771516601 - 0.6325845005253915*I}\n"
"From remote kernel:"
"\"block\" -> {60}\n"
"From remote kernel:"
"\"boundary condition inserted\" -> {60, 0, -247.49195233498855 + 144.03859722776482*I}\n"
"From remote kernel:"
"\"block\" -> {59}\n"
"From remote kernel:"
"\"boundary condition inserted\" -> {59, 0, 0.28141044092030776 - 1.1315460209710022*I}\n"
"From remote kernel:"
"\"block\" -> {57}\n"
"From remote kernel:"
"\"boundary condition inserted\" -> {57, 0, 157154.99496345178 - 275624.695930197*I}\n"
"From remote kernel:"
"\"block\" -> {41}\n"
"From remote kernel:"
"\"boundary condition inserted\" -> {41, 0, 389.1868845639332 - 326.45809179080123*I}\n"
"From remote kernel:"
"\"block\" -> {40}\n"
"From remote kernel:"
"\"boundary condition inserted\" -> {40, 0, 500669.47972490895 + 2225.602053814617*I}\n"
"From remote kernel:"
"\"block\" -> {37}\n"
"From remote kernel:"
"\"boundary condition test\" -> {37, 0, 0.}\n"
"From remote kernel:"
"\"block\" -> {111, 112, 113, 114, 115, 116, 117}\n"
"From remote kernel:"
"\"homogeneous id up to\" -> 3654\n"
"From remote kernel:"
"\"dropped eqs\" -> {{3655 -> 0.}, {3655 -> 0.}, {3655 -> 0.}}\n"
"From remote kernel:"
"\"boundary condition test\" -> {117, 0, 31.184101620159577 - 0.0015485981256389803*I}\n"
"From remote kernel:"
"\"boundary condition test\" -> {116, 0, 21.81019448981601 - 24.483134500425976*I}\n"
"From remote kernel:"
"\"boundary condition test\" -> {115, 0, 62369.38972548231 + 206.7055950284721*I}\n"
"From remote kernel:"
"\"boundary condition test\" -> {114, 0, 305.8551799742394 - 204.5651933569303*I}\n"
"From remote kernel:"
"\"boundary condition test\" -> {113, 0, 305.8551799742394 - 204.5651933569303*I}\n"
"From remote kernel:"
"\"boundary condition test\" -> {112, 0, -163.54054496275293 + 183.43798229702375*I}\n"
"From remote kernel:"
"\"boundary condition test\" -> {111, 0, 499307.19907810795 + 2952.5508105915883*I}\n"
"From remote kernel:"
"\"block\" -> {100, 101, 102, 103, 104}\n"
"From remote kernel:"
"\"homogeneous id up to\" -> 2610\n"
"From remote kernel:"
"\"dropped eqs\" -> {{2611 -> 0.}, {2611 -> 0.}}\n"
"From remote kernel:"
"\"boundary condition test\" -> {104, 0, 6842.39080614285 - 0.016270981246442842*I}\n"
"From remote kernel:"
"\"boundary condition test\" -> {103, 0, 247.80623364193593 - 144.67334992870622*I}\n"
"From remote kernel:"
"\"boundary condition test\" -> {102, 0, -163.46650781397898 + 183.3790700568898*I}\n"
"From remote kernel:"
"\"boundary condition test\" -> {101, 0, -0.3122552771516601 + 0.6325845005253915*I}\n"
"From remote kernel:"
"\"boundary condition test\" -> {100, 0, -499306.6500317988 - 2952.0587588841045*I}\n"
"From remote kernel:"
"\"block\" -> {106}\n"
"From remote kernel:"
"\"homogeneous id up to\" -> 522\n"
"From remote kernel:"
"\"dropped eqs\" -> {{523 -> 0.}}\n"
"From remote kernel:"
"\"boundary condition test\" -> {106, 0, -313.9313102382768 + 552.72354286692*I}\n"
"From remote kernel:"
"\"block\" -> {77}\n"
"From remote kernel:"
"\"boundary condition test\" -> {77, 0, -501926.0007090505 - 11.872979610488322*I}\n"
"From remote kernel:"
"\"block\" -> {74}\n"
"From remote kernel:"
"\"boundary condition test\" -> {74, 0, -500669.47972490895 - 2225.602053814617*I}\n"
"From remote kernel:"
"\"block\" -> {82, 83, 84, 85}\n"
"From remote kernel:"
"\"homogeneous id up to\" -> 2088\n"
"From remote kernel:"
"\"dropped eqs\" -> {{2089 -> 0.}}\n"
"From remote kernel:"
"\"boundary condition test\" -> {85, 0, 1.2525669924732835*^6 - 4474.46162776527*I}\n"
"From remote kernel:"
"\"boundary condition test\" -> {84, 0, -157154.99496345178 + 275624.695930197*I}\n"
"From remote kernel:"
"\"boundary condition test\" -> {83, 0, 3.455401649527468 + 3.4669081967258832*I}\n"
"From remote kernel:"
"\"boundary condition test\" -> {82, 0, -501930.4953513181 - 2.0953127578455204*I}\n"
"From remote kernel:"
"\"block\" -> {89, 90, 91, 92}\n"
"From remote kernel:"
"\"boundary condition test\" -> {92, 0, 498922.0368463661}\n"
"From remote kernel:"
"\"boundary condition test\" -> {91, 0, -3539.6318970539696}\n"
"From remote kernel:"
"\"boundary condition test\" -> {90, 0, -3539.6318970539696}\n"
"From remote kernel:"
"\"boundary condition test\" -> {89, 0, -501930.32985425537}\n"
"From remote kernel:"
"\"block\" -> {80}\n"
"From remote kernel:"
"\"boundary condition test\" -> {80, 0, 0.}\n"
"From remote kernel:"
"\"block\" -> {87, 88}\n"
"From remote kernel:"
"\"boundary condition test\" -> {88, 0, -3539.6318970539696}\n"
"From remote kernel:"
"\"boundary condition test\" -> {87, 0, -500423.83729580103}\n"
"From remote kernel:"
"\"block\" -> {76}\n"
"From remote kernel:"
"\"boundary condition test\" -> {76, 0, -501930.4953513181 - 2.0953127578455204*I}\n"
"From remote kernel:"
"\"block\" -> {78}\n"
"From remote kernel:"
"\"boundary condition test\" -> {78, 0, -1.0002355527136774*^6 - 2957.195123876734*I}\n"
"From remote kernel:"
"\"block\" -> {73}\n"
"From remote kernel:"
"\"boundary condition test\" -> {73, 0, -1.0016009920470398*^6 - 2224.690771984792*I}\n"
"From remote kernel:"
"\"block\" -> {75}\n"
"From remote kernel:"
"\"boundary condition test\" -> {75, 0, -389.1868845639332 + 326.45809179080123*I}\n"
"From remote kernel:"
"\"block\" -> {79}\n"
"From remote kernel:"
"\"boundary condition test\" -> {79, 0, 0.}\n"
"From remote kernel:"
"\"block\" -> {129}\n"
"From remote kernel:"
"\"boundary condition inserted\" -> {129, 0, 6851.047403446038 + 0.04464997725331571*I}\n"
"From remote kernel:"
"\"block\" -> {128}\n"
"From remote kernel:"
"\"boundary condition inserted\" -> {128, 0, 221.25555537948364 - 0.0024640768182136084*I}\n"
"From remote kernel:"
"\"block\" -> {127}\n"
"From remote kernel:"
"\"boundary condition inserted\" -> {127, 0, 190.62129314324645 + 0.8265511049156604*I}\n"
"From remote kernel:"
"\"block\" -> {126}\n"
"From remote kernel:"
"\"boundary condition inserted\" -> {126, 0, -174.656397900146 + 148.75907839720165*I}\n"
"From remote kernel:"
"\"block\" -> {125}\n"
"From remote kernel:"
"\"boundary condition inserted\" -> {125, 0, 0.02439315504977143 - 0.11064216094493276*I}\n"
"From remote kernel:"
"\"block\" -> {124}\n"
"From remote kernel:"
"\"boundary condition inserted\" -> {124, 0, 153.0471872159505 - 102.75371335500252*I}\n"
"From remote kernel:"
"\"block\" -> {122}\n"
"From remote kernel:"
"\"boundary condition inserted\" -> {122, 0, 73765.23872434377 - 199463.41722907723*I}\n"
"From remote kernel:"
"\"block\" -> {121}\n"
"From remote kernel:"
"\"boundary condition inserted\" -> {121, 0, 752950.3703855823 - 4463.618271731728*I}\n"
"From remote kernel:"
"\"block\" -> {120}\n"
"From remote kernel:"
"\"boundary condition inserted\" -> {120, 0, -312171.2969017471 + 552792.7923842564*I}\n"
"From remote kernel:"
"\"block\" -> {119}\n"
"From remote kernel:"
"\"boundary condition inserted\" -> {119, 0, -1768.263595053373 + 9.364520612290747*I}\n"
"From remote kernel:"
"\"block\" -> {99}\n"
"From remote kernel:"
"\"boundary condition inserted\" -> {99, 0, 255.5745099502869 + 4.229024439691536*I}\n"
"From remote kernel:"
"\"block\" -> {98}\n"
"From remote kernel:"
"\"boundary condition inserted\" -> {98, 0, 39.29335416647101 - 69.20086322905482*I}\n"
"From remote kernel:"
"\"block\" -> {96}\n"
"From remote kernel:"
"\"boundary condition inserted\" -> {96, 0, 9828.802369473995 - 17224.374690170902*I}\n"
"From remote kernel:"
"\"block\" -> {95}\n"
"From remote kernel:"
"\"boundary condition inserted\" -> {95, 0, -47275.35152388829 + 520.3116001911351*I}\n"
"From remote kernel:"
"\"block\" -> {94}\n"
"From remote kernel:"
"\"boundary condition inserted\" -> {94, 0, 0.0012775753710144394 - 0.2799185271410452*I}\n"
"From remote kernel:"
"\"block\" -> {93}\n"
"From remote kernel:"
"\"boundary condition inserted\" -> {93, 0, 0.943581858539976 - 1.5027467840955235*I}\n"
"From remote kernel:"
"\"block\" -> {81}\n"
"From remote kernel:"
"\"boundary condition inserted\" -> {81, 0, 389.49806570514437 - 325.3364810289951*I}\n"
"From remote kernel:"
"\"block\" -> {137, 138, 139, 140, 141}\n"
"From remote kernel:"
"\"homogeneous id up to\" -> 2610\n"
"From remote kernel:"
"\"dropped eqs\" -> {{2611 -> 0.}}\n"
"From remote kernel:"
"\"boundary condition test\" -> {141, 0, -190.62129314324645 - 0.8265511049156604*I}\n"
"From remote kernel:"
"\"boundary condition test\" -> {140, 0, 174.656397900146 - 148.75907839720165*I}\n"
"From remote kernel:"
"\"boundary condition test\" -> {139, 0, -0.02439315504977143 + 0.11064216094493276*I}\n"
"From remote kernel:"
"\"boundary condition test\" -> {138, 0, -153.0471872159505 + 102.75371335500252*I}\n"
"From remote kernel:"
"\"boundary condition test\" -> {137, 0, -0.7950865373695684 + 1.0790432010773134*I}\n"
"From remote kernel:"
"\"block\" -> {142, 143, 144, 145, 146}\n"
"From remote kernel:"
"\"homogeneous id up to\" -> 2610\n"
"From remote kernel:"
"\"dropped eqs\" -> {{2611 -> 0.}, {2611 -> 0.}, {2611 -> 0.}}\n"
"From remote kernel:"
"\"boundary condition test\" -> {146, 0, 11608.643489851524 + 4.229448662167628*I}\n"
"From remote kernel:"
"\"boundary condition test\" -> {145, 0, -255.5745099502869 - 4.229024439691536*I}\n"
"From remote kernel:"
"\"boundary condition test\" -> {144, 0, -255.5745099502869 - 4.229024439691536*I}\n"
"From remote kernel:"
"\"boundary condition test\" -> {143, 0, -39.29335416647101 + 69.20086322905482*I}\n"
"From remote kernel:"
"\"boundary condition test\" -> {142, 0, -389.57126908261694 + 325.594403596346*I}\n"
"From remote kernel:"
"\"block\" -> {130}\n"
"From remote kernel:"
"\"boundary condition test\" -> {130, 0, -0.943581858539976 + 1.5027467840955235*I}\n"
"From remote kernel:"
"\"block\" -> {132}\n"
"From remote kernel:"
"\"boundary condition test\" -> {132, 0, -389.49806570514437 + 325.3364810289951*I}\n"
"From remote kernel:"
"\"block\" -> {133, 134, 135, 136}\n"
"From remote kernel:"
"\"homogeneous id up to\" -> 2088\n"
"From remote kernel:"
"\"dropped eqs\" -> {{2089 -> 0.}}\n"
"From remote kernel:"
"\"boundary condition test\" -> {136, 0, -752950.3703855823 + 4463.618271731728*I}\n"
"From remote kernel:"
"\"boundary condition test\" -> {135, 0, 312171.2969017471 - 552792.7923842564*I}\n"
"From remote kernel:"
"\"boundary condition test\" -> {134, 0, 1768.263595053373 - 9.364520612290747*I}\n"
"From remote kernel:"
"\"boundary condition test\" -> {133, 0, 9.470551959325187 + 3.493544586140756*I}\n"
"From remote kernel:"
"\"block\" -> {131}\n"
"From remote kernel:"
"\"boundary condition test\" -> {131, 0, -389.57685138213355 + 326.7852041072249*I}\n"
"From remote kernel:"
"\"block\" -> {150}\n"
"From remote kernel:"
"\"boundary condition inserted\" -> {150, 0, 46990.20016530372 - 278.88515695924383*I}\n"
"From remote kernel:"
"\"block\" -> {149}\n"
"From remote kernel:"
"\"boundary condition inserted\" -> {149, 0, -19518.55242141909 + 34549.78676443726*I}\n"
"From remote kernel:"
"\"block\" -> {148}\n"
"From remote kernel:"
"\"boundary condition inserted\" -> {148, 0, -0.05392787946432178 - 0.03687951412561934*I}\n"
"From remote kernel:"
"\"block\" -> {147}\n"
"From remote kernel:"
"\"boundary condition inserted\" -> {147, 0, -0.6914365935443998 - 0.2447926767004185*I}\n"
"From remote kernel:"
"\"block\" -> {151, 152, 153, 154, 155}\n"
"From remote kernel:"
"\"homogeneous id up to\" -> 2610\n"
"From remote kernel:"
"\"dropped eqs\" -> {{2611 -> 0.}}\n"
"From remote kernel:"
"\"boundary condition test\" -> {155, 0, -3311.143428695307 + 10703.035134516287*I}\n"
"From remote kernel:"
"\"boundary condition test\" -> {154, 0, 19518.55242141909 - 34549.78676443726*I}\n"
"From remote kernel:"
"\"boundary condition test\" -> {153, 0, -47051.009971557374 + 274.77917118063687*I}\n"
"From remote kernel:"
"\"boundary condition test\" -> {152, 0, 0.05392787946432178 + 0.03687951412561934*I}\n"
"From remote kernel:"
"\"boundary condition test\" -> {151, 0, 0.6914365935443998 + 0.2447926767004185*I}\n"
"From remote kernel:"
"\"block\" -> {110}\n"
"From remote kernel:"
"\"boundary condition test\" -> {110, 0, -499307.19907810795 - 2952.5508105915883*I}\n"
"From remote kernel:"
"\"block\" -> {86}\n"
"From remote kernel:"
"\"homogeneous id up to\" -> 522\n"
"From remote kernel:"
"\"dropped eqs\" -> {{523 -> 0.}}\n"
"From remote kernel:"
"\"boundary condition test\" -> {86, 0, -501930.32985425537}\n"
"From remote kernel:"
"\"block\" -> {49}\n"
"From remote kernel:"
"\"boundary condition test\" -> {49, 0, 0.}\n"
"From remote kernel:"
"\"block\" -> {45}\n"
"From remote kernel:"
"\"homogeneous id up to\" -> 522\n"
"From remote kernel:"
"\"dropped eqs\" -> {{523 -> 0.}}\n"
"From remote kernel:"
"\"boundary condition test\" -> {45, 0, -496676.87160082825 + 17.709980032341313*I}\n"
"From remote kernel:"
"\"block\" -> {53}\n"
"From remote kernel:"
"\"homogeneous id up to\" -> 522\n"
"From remote kernel:"
"\"dropped eqs\" -> {{523 -> 0.}}\n"
"From remote kernel:"
"\"boundary condition test\" -> {53, 0, -251.34147345738242}\n"
"From remote kernel:"
"\"block\" -> {42}\n"
"From remote kernel:"
"\"homogeneous id up to\" -> 522\n"
"From remote kernel:"
"\"dropped eqs\" -> {{523 -> 0.}}\n"
"From remote kernel:"
"\"boundary condition test\" -> {42, 0, -500677.1674539695}\n"
"From remote kernel:"
"\"block\" -> {10}\n"
"From remote kernel:"
"\"boundary condition test\" -> {10, 0, 0.}\n"
"From remote kernel:"
"\"block\" -> {14}\n"
"From remote kernel:"
"\"boundary condition test\" -> {14, 0, 0.}\n"
"From remote kernel:"
"\"block\" -> {123}\n"
"From remote kernel:"
"\"boundary condition inserted\" -> {123, 0, 0.7950865373695684 - 1.0790432010773134*I}\n"
"From remote kernel:"
"\"block\" -> {118}\n"
"From remote kernel:"
"\"boundary condition inserted\" -> {118, 0, -9.470551959325187 - 3.493544586140756*I}\n"
"From remote kernel:"
"\"block\" -> {97}\n"
"From remote kernel:"
"\"boundary condition inserted\" -> {97, 0, 389.57126908261694 - 325.594403596346*I}\n"
"From remote kernel:"
"\"block\" -> {70}\n"
"From remote kernel:"
"\"boundary condition inserted\" -> {70, 0, 499307.19907810795 + 2952.5508105915883*I}\n"
"From remote kernel:"
"\"block\" -> {68}\n"
"From remote kernel:"
"\"boundary condition inserted\" -> {68, 0, 501930.32985425537}\n"
"From remote kernel:"
"\"block\" -> {65}\n"
"From remote kernel:"
"\"boundary condition inserted\" -> {65, 0, 500670.96459678124 + 2225.540994256057*I}\n"
"From remote kernel:"
"\"block\" -> {61}\n"
"From remote kernel:"
"\"boundary condition inserted\" -> {61, 0, 499306.6500317988 + 2952.0587588841045*I}\n"
"From remote kernel:"
"\"block\" -> {58}\n"
"From remote kernel:"
"\"boundary condition inserted\" -> {58, 0, 501926.0007090505 + 11.872979610488322*I}\n"
"From remote kernel:"
"\"block\" -> {56}\n"
"From remote kernel:"
"\"boundary condition inserted\" -> {56, 0, 501930.4953513181 + 2.0953127578455204*I}\n"
"From remote kernel:"
"\"block\" -> {28}\n"
"From remote kernel:"
"\"boundary condition inserted\" -> {28, 0, 251.34147345738242}\n"
"From remote kernel:"
"\"block\" -> {25}\n"
"From remote kernel:"
"\"boundary condition inserted\" -> {25, 0, 496676.87160082825 - 17.709980032341313*I}\n"
"From remote kernel:"
"\"block\" -> {23}\n"
"From remote kernel:"
"\"boundary condition inserted\" -> {23, 0, 500677.1674539695}\n"
"From remote kernel:"
"\"block\" -> {20}\n"
"From remote kernel:"
"\"boundary condition inserted\" -> {20, 0, 993860.1308118348 - 29.224346858920683*I}\n"
"From remote kernel:"
"\"block\" -> {17}\n"
"From remote kernel:"
"\"boundary condition inserted\" -> {17, 0, 999851.8766901696 - 1.4204953546165144*I}\n"
"From remote kernel:"
"\"CalcTaylor: current region\" -> 1/500\n"
"From remote kernel:"
"\"block\" -> {1}\n"
"From remote kernel:"
"\"boundary condition test\" -> {1, 0, 0.}\n"
"From remote kernel:"
"\"block\" -> {11, 12, 13}\n"
"From remote kernel:"
"\"boundary condition inserted\" -> {13, 0, -499925.5058526091}\n"
"From remote kernel:"
"\"boundary condition test\" -> {12, 0, -499925.5058526091}\n"
"From remote kernel:"
"\"boundary condition test\" -> {11, 0, 499925.5058526091}\n"
"From remote kernel:"
"\"block\" -> {6}\n"
"From remote kernel:"
"\"boundary condition inserted\" -> {6, 0, 500927.3605737566}\n"
"From remote kernel:"
"\"block\" -> {5}\n"
"From remote kernel:"
"\"boundary condition inserted\" -> {5, 0, 0.}\n"
"From remote kernel:"
"\"block\" -> {27}\n"
"From remote kernel:"
"\"boundary condition test\" -> {27, 0, 0.}\n"
"From remote kernel:"
"\"block\" -> {26}\n"
"From remote kernel:"
"\"boundary condition test\" -> {26, 0, 0.}\n"
"From remote kernel:"
"\"block\" -> {24}\n"
"From remote kernel:"
"\"boundary condition test\" -> {24, 0, 0.}\n"
"From remote kernel:"
"\"block\" -> {4}\n"
"From remote kernel:"
"\"boundary condition test\" -> {4, 0, 0.}\n"
"From remote kernel:"
"\"block\" -> {2}\n"
"From remote kernel:"
"\"boundary condition test\" -> {2, 0, 0.}\n"
"From remote kernel:"
"\"block\" -> {46, 47, 48}\n"
"From remote kernel:"
"\"boundary condition test\" -> {48, 0, -499925.5058526091}\n"
"From remote kernel:"
"\"boundary condition test\" -> {47, 0, 500927.3605737566}\n"
"From remote kernel:"
"\"boundary condition test\" -> {46, 0, -499925.5058526091}\n"
"From remote kernel:"
"\"block\" -> {36}\n"
"From remote kernel:"
"\"boundary condition test\" -> {36, 0, -499925.5058526091}\n"
"From remote kernel:"
"\"block\" -> {38}\n"
"From remote kernel:"
"\"boundary condition test\" -> {38, 0, 500927.3605737566}\n"
"From remote kernel:"
"\"block\" -> {3}\n"
"From remote kernel:"
"\"boundary condition inserted\" -> {3, 0, 0.}\n"
"From remote kernel:"
"\"block\" -> {15, 16}\n"
"From remote kernel:"
"\"boundary condition inserted\" -> {16, 0, -499925.5058526091}\n"
"From remote kernel:"
"\"boundary condition test\" -> {15, 0, 499925.5058526091}\n"
"From remote kernel:"
"\"block\" -> {35}\n"
"From remote kernel:"
"\"boundary condition test\" -> {35, 0, 0.}\n"
"From remote kernel:"
"\"block\" -> {67}\n"
"From remote kernel:"
"\"boundary condition test\" -> {67, 0, 0.}\n"
"From remote kernel:"
"\"block\" -> {66}\n"
"From remote kernel:"
"\"boundary condition test\" -> {66, 0, 0.}\n"
"From remote kernel:"
"\"block\" -> {29}\n"
"From remote kernel:"
"\"boundary condition test\" -> {29, 0, 0.}\n"
"From remote kernel:"
"\"block\" -> {22}\n"
"From remote kernel:"
"\"boundary condition test\" -> {22, 0, 0.}\n"
"From remote kernel:"
"\"block\" -> {21}\n"
"From remote kernel:"
"\"boundary condition test\" -> {21, 0, 0.}\n"
"From remote kernel:"
"\"block\" -> {19}\n"
"From remote kernel:"
"\"boundary condition test\" -> {19, 0, 0.}\n"
"From remote kernel:"
"\"block\" -> {18}\n"
"From remote kernel:"
"\"boundary condition test\" -> {18, 0, 0.}\n"
"From remote kernel:"
"\"block\" -> {9}\n"
"From remote kernel:"
"\"boundary condition test\" -> {9, 0, 0.}\n"
"From remote kernel:"
"\"block\" -> {8}\n"
"From remote kernel:"
"\"boundary condition test\" -> {8, 0, 0.}\n"
"From remote kernel:"
"\"block\" -> {7}\n"
"From remote kernel:"
"\"boundary condition test\" -> {7, 0, 0.}\n"
"From remote kernel:"
"\"block\" -> {105, 107, 108, 109}\n"
"From remote kernel:"
"\"boundary condition test\" -> {109, 0, -1.002351639085493*^6}\n"
"From remote kernel:"
"\"boundary condition test\" -> {108, 0, -1.0008508627169235*^6}\n"
"From remote kernel:"
"\"boundary condition test\" -> {107, 0, -499925.5058526091}\n"
"From remote kernel:"
"\"boundary condition test\" -> {105, 0, -499925.5058526091}\n"
"From remote kernel:"
"\"block\" -> {50, 51, 52}\n"
"From remote kernel:"
"\"boundary condition test\" -> {52, 0, -499.92550585260915}\n"
"From remote kernel:"
"\"boundary condition test\" -> {51, 0, -1.0008508627169235*^6}\n"
"From remote kernel:"
"\"boundary condition test\" -> {50, 0, -499.92550585260915}\n"
"From remote kernel:"
"\"block\" -> {33}\n"
"From remote kernel:"
"\"boundary condition test\" -> {33, 0, 500927.3605737566}\n"
"From remote kernel:"
"\"block\" -> {32}\n"
"From remote kernel:"
"\"boundary condition test\" -> {32, 0, 500927.3605737566}\n"
"From remote kernel:"
"\"block\" -> {54, 55}\n"
"From remote kernel:"
"\"boundary condition test\" -> {55, 0, -499925.5058526091}\n"
"From remote kernel:"
"\"boundary condition test\" -> {54, 0, 500927.3605737566}\n"
"From remote kernel:"
"\"block\" -> {43, 44}\n"
"From remote kernel:"
"\"boundary condition test\" -> {44, 0, -499925.5058526091}\n"
"From remote kernel:"
"\"boundary condition test\" -> {43, 0, 500927.3605737566}\n"
"From remote kernel:"
"\"block\" -> {31}\n"
"From remote kernel:"
"\"boundary condition inserted\" -> {31, 0, 0.}\n"
"From remote kernel:"
"\"block\" -> {34}\n"
"From remote kernel:"
"\"boundary condition test\" -> {34, 0, 0.}\n"
"From remote kernel:"
"\"block\" -> {30}\n"
"From remote kernel:"
"\"boundary condition test\" -> {30, 0, 0.}\n"
"From remote kernel:"
"\"block\" -> {39}\n"
"From remote kernel:"
"\"boundary condition test\" -> {39, 0, 0.}\n"
"From remote kernel:"
"\"block\" -> {72}\n"
"From remote kernel:"
"\"boundary condition test\" -> {72, 0, 0.}\n"
"From remote kernel:"
"\"block\" -> {71}\n"
"From remote kernel:"
"\"boundary condition test\" -> {71, 0, 0.}\n"
"From remote kernel:"
"\"block\" -> {69}\n"
"From remote kernel:"
"\"boundary condition test\" -> {69, 0, 0.}\n"
"From remote kernel:"
"\"block\" -> {64}\n"
"From remote kernel:"
"\"boundary condition test\" -> {64, 0, 0.}\n"
"From remote kernel:"
"\"block\" -> {63}\n"
"From remote kernel:"
"\"boundary condition test\" -> {63, 0, 0.}\n"
"From remote kernel:"
"\"block\" -> {62}\n"
"From remote kernel:"
"\"boundary condition test\" -> {62, 0, 0.}\n"
"From remote kernel:"
"\"block\" -> {60}\n"
"From remote kernel:"
"\"boundary condition test\" -> {60, 0, 0.}\n"
"From remote kernel:"
"\"block\" -> {59}\n"
"From remote kernel:"
"\"boundary condition test\" -> {59, 0, 0.}\n"
"From remote kernel:"
"\"block\" -> {57}\n"
"From remote kernel:"
"\"boundary condition test\" -> {57, 0, 0.}\n"
"From remote kernel:"
"\"block\" -> {41}\n"
"From remote kernel:"
"\"boundary condition test\" -> {41, 0, 0.}\n"
"From remote kernel:"
"\"block\" -> {40}\n"
"From remote kernel:"
"\"boundary condition test\" -> {40, 0, 0.}\n"
"From remote kernel:"
"\"block\" -> {37}\n"
"From remote kernel:"
"\"boundary condition test\" -> {37, 0, 0.}\n"
"From remote kernel:"
"\"block\" -> {111, 112, 113, 114, 115, 116, 117}\n"
"From remote kernel:"
"\"homogeneous id up to\" -> 3654\n"
"From remote kernel:"
"\"dropped eqs\" -> {{3655 -> 0.}, {3655 -> 0.}, {3655 -> 0.}, {3655 -> 0.}, {3655 -> 0.}}\n"
"From remote kernel:"
"\"boundary condition test\" -> {117, 0, -1.002351639085493*^6}\n"
"From remote kernel:"
"\"boundary condition test\" -> {116, 0, -1.002351639085493*^6}\n"
"From remote kernel:"
"\"boundary condition test\" -> {115, 0, -499.92550585260915}\n"
"From remote kernel:"
"\"boundary condition test\" -> {114, 0, -1.0008508627169235*^6}\n"
"From remote kernel:"
"\"boundary condition test\" -> {113, 0, -499925.5058526091}\n"
"From remote kernel:"
"\"boundary condition test\" -> {112, 0, -499.92550585260915}\n"
"From remote kernel:"
"\"boundary condition test\" -> {111, 0, 500925.35686431435}\n"
"From remote kernel:"
"\"block\" -> {100, 101, 102, 103, 104}\n"
"From remote kernel:"
"\"boundary condition test\" -> {104, 0, -1.002351639085493*^6}\n"
"From remote kernel:"
"\"boundary condition test\" -> {103, 0, -1.0008508627169235*^6}\n"
"From remote kernel:"
"\"boundary condition test\" -> {102, 0, -499.92550585260915}\n"
"From remote kernel:"
"\"boundary condition test\" -> {101, 0, -499925.5058526091}\n"
"From remote kernel:"
"\"boundary condition test\" -> {100, 0, -499925.5058526091}\n"
"From remote kernel:"
"\"block\" -> {106}\n"
"From remote kernel:"
"\"boundary condition test\" -> {106, 0, -499.92550585260915}\n"
"From remote kernel:"
"\"block\" -> {77}\n"
"From remote kernel:"
"\"boundary condition test\" -> {77, 0, 500927.3605737566}\n"
"From remote kernel:"
"\"block\" -> {74}\n"
"From remote kernel:"
"\"boundary condition test\" -> {74, 0, -499925.5058526091}\n"
"From remote kernel:"
"\"block\" -> {82, 83, 84, 85}\n"
"From remote kernel:"
"\"homogeneous id up to\" -> 2088\n"
"From remote kernel:"
"\"dropped eqs\" -> {{2089 -> 0.}}\n"
"From remote kernel:"
"\"boundary condition test\" -> {85, 0, -499.92550585260915}\n"
"From remote kernel:"
"\"boundary condition test\" -> {84, 0, -1.0008508627169235*^6}\n"
"From remote kernel:"
"\"boundary condition test\" -> {83, 0, -499925.5058526091}\n"
"From remote kernel:"
"\"boundary condition test\" -> {82, 0, -499925.5058526091}\n"
"From remote kernel:"
"\"block\" -> {89, 90, 91, 92}\n"
"From remote kernel:"
"\"homogeneous id up to\" -> 2088\n"
"From remote kernel:"
"\"dropped eqs\" -> {{2089 -> 0.}}\n"
"From remote kernel:"
"\"boundary condition test\" -> {92, 0, -499.92550585260915}\n"
"From remote kernel:"
"\"boundary condition test\" -> {91, 0, -1.0008508627169235*^6}\n"
"From remote kernel:"
"\"boundary condition test\" -> {90, 0, -499925.5058526091}\n"
"From remote kernel:"
"\"boundary condition test\" -> {89, 0, -499925.5058526091}\n"
"From remote kernel:"
"\"block\" -> {80}\n"
"From remote kernel:"
"\"boundary condition test\" -> {80, 0, -499.92550585260915}\n"
"From remote kernel:"
"\"block\" -> {87, 88}\n"
"From remote kernel:"
"\"boundary condition test\" -> {88, 0, -499925.5058526091}\n"
"From remote kernel:"
"\"boundary condition test\" -> {87, 0, 500927.3605737566}\n"
"From remote kernel:"
"\"block\" -> {76}\n"
"From remote kernel:"
"\"boundary condition test\" -> {76, 0, 500927.3605737566}\n"
"From remote kernel:"
"\"block\" -> {78}\n"
"From remote kernel:"
"\"boundary condition test\" -> {78, 0, 0.}\n"
"From remote kernel:"
"\"block\" -> {73}\n"
"From remote kernel:"
"\"boundary condition test\" -> {73, 0, 0.}\n"
"From remote kernel:"
"\"block\" -> {75}\n"
"From remote kernel:"
"\"boundary condition test\" -> {75, 0, 0.}\n"
"From remote kernel:"
"\"block\" -> {79}\n"
"From remote kernel:"
"\"boundary condition test\" -> {79, 0, 0.}\n"
"From remote kernel:"
"\"block\" -> {129}\n"
"From remote kernel:"
"\"boundary condition test\" -> {129, 0, 0.}\n"
"From remote kernel:"
"\"block\" -> {128}\n"
"From remote kernel:"
"\"boundary condition test\" -> {128, 0, 0.}\n"
"From remote kernel:"
"\"block\" -> {127}\n"
"From remote kernel:"
"\"boundary condition test\" -> {127, 0, 0.}\n"
"From remote kernel:"
"\"block\" -> {126}\n"
"From remote kernel:"
"\"boundary condition test\" -> {126, 0, 0.}\n"
"From remote kernel:"
"\"block\" -> {125}\n"
"From remote kernel:"
"\"boundary condition test\" -> {125, 0, 0.}\n"
"From remote kernel:"
"\"block\" -> {124}\n"
"From remote kernel:"
"\"boundary condition test\" -> {124, 0, 0.}\n"
"From remote kernel:"
"\"block\" -> {122}\n"
"From remote kernel:"
"\"boundary condition test\" -> {122, 0, 0.}\n"
"From remote kernel:"
"\"block\" -> {121}\n"
"From remote kernel:"
"\"boundary condition test\" -> {121, 0, 0.}\n"
"From remote kernel:"
"\"block\" -> {120}\n"
"From remote kernel:"
"\"boundary condition test\" -> {120, 0, 0.}\n"
"From remote kernel:"
"\"block\" -> {119}\n"
"From remote kernel:"
"\"boundary condition test\" -> {119, 0, 0.}\n"
"From remote kernel:"
"\"block\" -> {99}\n"
"From remote kernel:"
"\"boundary condition test\" -> {99, 0, 0.}\n"
"From remote kernel:"
"\"block\" -> {98}\n"
"From remote kernel:"
"\"boundary condition test\" -> {98, 0, 0.}\n"
"From remote kernel:"
"\"block\" -> {96}\n"
"From remote kernel:"
"\"boundary condition test\" -> {96, 0, 0.}\n"
"From remote kernel:"
"\"block\" -> {95}\n"
"From remote kernel:"
"\"boundary condition test\" -> {95, 0, 0.}\n"
"From remote kernel:"
"\"block\" -> {94}\n"
"From remote kernel:"
"\"boundary condition test\" -> {94, 0, 0.}\n"
"From remote kernel:"
"\"block\" -> {93}\n"
"From remote kernel:"
"\"boundary condition test\" -> {93, 0, 0.}\n"
"From remote kernel:"
"\"block\" -> {81}\n"
"From remote kernel:"
"\"boundary condition test\" -> {81, 0, 0.}\n"
"From remote kernel:"
"\"block\" -> {137, 138, 139, 140, 141}\n"
"From remote kernel:"
"\"homogeneous id up to\" -> 2610\n"
"From remote kernel:"
"\"dropped eqs\" -> {{2611 -> 0.}, {2611 -> 0.}, {2611 -> 0.}}\n"
"From remote kernel:"
"\"boundary condition test\" -> {141, 0, -1.0008508627169235*^6}\n"
"From remote kernel:"
"\"boundary condition test\" -> {140, 0, -499925.5058526091}\n"
"From remote kernel:"
"\"boundary condition test\" -> {139, 0, -499.92550585260915}\n"
"From remote kernel:"
"\"boundary condition test\" -> {138, 0, -499925.5058526091}\n"
"From remote kernel:"
"\"boundary condition test\" -> {137, 0, -499925.5058526091}\n"
"From remote kernel:"
"\"block\" -> {142, 143, 144, 145, 146}\n"
"From remote kernel:"
"\"homogeneous id up to\" -> 2610\n"
"From remote kernel:"
"\"dropped eqs\" -> {{2611 -> 0.}, {2611 -> 0.}, {2611 -> 0.}, {2611 -> 0.}, {2611 -> 0.}, {2611 -> 0.}}\n"
"From remote kernel:"
"\"boundary condition test\" -> {146, 0, -166.97511895477146}\n"
"From remote kernel:"
"\"boundary condition test\" -> {145, 0, -1.002351639085493*^6}\n"
"From remote kernel:"
"\"boundary condition test\" -> {144, 0, -499.92550585260915}\n"
"From remote kernel:"
"\"boundary condition test\" -> {143, 0, -166.97511895477146}\n"
"From remote kernel:"
"\"boundary condition test\" -> {142, 0, -499.92550585260915}\n"
"From remote kernel:"
"\"block\" -> {130}\n"
"From remote kernel:"
"\"boundary condition test\" -> {130, 0, -499925.5058526091}\n"
"From remote kernel:"
"\"block\" -> {132}\n"
"From remote kernel:"
"\"boundary condition test\" -> {132, 0, -499.92550585260915}\n"
"From remote kernel:"
"\"block\" -> {133, 134, 135, 136}\n"
"From remote kernel:"
"\"homogeneous id up to\" -> 2088\n"
"From remote kernel:"
"\"dropped eqs\" -> {{2089 -> 0.}}\n"
"From remote kernel:"
"\"boundary condition test\" -> {136, 0, -499.92550585260915}\n"
"From remote kernel:"
"\"boundary condition test\" -> {135, 0, -1.0008508627169235*^6}\n"
"From remote kernel:"
"\"boundary condition test\" -> {134, 0, -499925.5058526091}\n"
"From remote kernel:"
"\"boundary condition test\" -> {133, 0, -499925.5058526091}\n"
"From remote kernel:"
"\"block\" -> {131}\n"
"From remote kernel:"
"\"boundary condition test\" -> {131, 0, 0.}\n"
"From remote kernel:"
"\"block\" -> {150}\n"
"From remote kernel:"
"\"boundary condition test\" -> {150, 0, 0.}\n"
"From remote kernel:"
"\"block\" -> {149}\n"
"From remote kernel:"
"\"boundary condition test\" -> {149, 0, 0.}\n"
"From remote kernel:"
"\"block\" -> {148}\n"
"From remote kernel:"
"\"boundary condition test\" -> {148, 0, 0.}\n"
"From remote kernel:"
"\"block\" -> {147}\n"
"From remote kernel:"
"\"boundary condition test\" -> {147, 0, 0.}\n"
"From remote kernel:"
"\"block\" -> {151, 152, 153, 154, 155}\n"
"From remote kernel:"
"\"homogeneous id up to\" -> 2610\n"
"From remote kernel:"
"\"dropped eqs\" -> {{2611 -> 0.}, {2611 -> 0.}, {2611 -> 0.}, {2611 -> 0.}, {2611 -> 0.}}\n"
"From remote kernel:"
"\"boundary condition test\" -> {155, 0, -3.0080572688955646*^6}\n"
"From remote kernel:"
"\"boundary condition test\" -> {154, 0, -1.002351639085493*^6}\n"
"From remote kernel:"
"\"boundary condition test\" -> {153, 0, -499.92550585260915}\n"
"From remote kernel:"
"\"boundary condition test\" -> {152, 0, -166.97511895477146}\n"
"From remote kernel:"
"\"boundary condition test\" -> {151, 0, -499.92550585260915}\n"
"From remote kernel:"
"\"block\" -> {110}\n"
"From remote kernel:"
"\"boundary condition test\" -> {110, 0, -499925.5058526091}\n"
"From remote kernel:"
"\"block\" -> {86}\n"
"From remote kernel:"
"\"boundary condition test\" -> {86, 0, 500927.3605737566}\n"
"From remote kernel:"
"\"block\" -> {49}\n"
"From remote kernel:"
"\"boundary condition test\" -> {49, 0, -499925.5058526091}\n"
"From remote kernel:"
"\"block\" -> {45}\n"
"From remote kernel:"
"\"boundary condition test\" -> {45, 0, 500927.3605737566}\n"
"From remote kernel:"
"\"block\" -> {53}\n"
"From remote kernel:"
"\"boundary condition test\" -> {53, 0, 500927.3605737566}\n"
"From remote kernel:"
"\"block\" -> {42}\n"
"From remote kernel:"
"\"boundary condition test\" -> {42, 0, 500927.3605737566}\n"
"From remote kernel:"
"\"block\" -> {10}\n"
"From remote kernel:"
"\"boundary condition test\" -> {10, 0, 500927.3605737566}\n"
"From remote kernel:"
"\"block\" -> {14}\n"
"From remote kernel:"
"\"boundary condition test\" -> {14, 0, 500927.3605737566}\n"
"From remote kernel:"
"\"block\" -> {123}\n"
"From remote kernel:"
"\"boundary condition test\" -> {123, 0, 0.}\n"
"From remote kernel:"
"\"block\" -> {118}\n"
"From remote kernel:"
"\"boundary condition test\" -> {118, 0, 0.}\n"
"From remote kernel:"
"\"block\" -> {97}\n"
"From remote kernel:"
"\"boundary condition test\" -> {97, 0, 0.}\n"
"From remote kernel:"
"\"block\" -> {70}\n"
"From remote kernel:"
"\"boundary condition test\" -> {70, 0, 0.}\n"
"From remote kernel:"
"\"block\" -> {68}\n"
"From remote kernel:"
"\"boundary condition test\" -> {68, 0, 0.}\n"
"From remote kernel:"
"\"block\" -> {65}\n"
"From remote kernel:"
"\"boundary condition test\" -> {65, 0, 0.}\n"
"From remote kernel:"
"\"block\" -> {61}\n"
"From remote kernel:"
"\"boundary condition test\" -> {61, 0, 0.}\n"
"From remote kernel:"
"\"block\" -> {58}\n"
"From remote kernel:"
"\"boundary condition test\" -> {58, 0, 0.}\n"
"From remote kernel:"
"\"block\" -> {56}\n"
"From remote kernel:"
"\"boundary condition test\" -> {56, 0, 0.}\n"
"From remote kernel:"
"\"block\" -> {28}\n"
"From remote kernel:"
"\"boundary condition test\" -> {28, 0, 0.}\n"
"From remote kernel:"
"\"block\" -> {25}\n"
"From remote kernel:"
"\"boundary condition test\" -> {25, 0, 0.}\n"
"From remote kernel:"
"\"block\" -> {23}\n"
"From remote kernel:"
"\"boundary condition test\" -> {23, 0, 0.}\n"
"From remote kernel:"
"\"block\" -> {20}\n"
"From remote kernel:"
"\"boundary condition test\" -> {20, 0, 0.}\n"
"From remote kernel:"
"\"block\" -> {17}\n"
"From remote kernel:"
"\"boundary condition test\" -> {17, 0, 0.}\n"
"From remote kernel:"
"\"AMFlow: Infinity solved in 191s.\"\n"
"From remote kernel:"
"\"AMFlow: running among regular points...\"\n"
"From remote kernel:"
"\"current regular point\" -> 25.43239356145732 - 25.43239356145732*I\n"
"From remote kernel:"
"\"current regular point\" -> 16.062936000196252 - 16.062936000196252*I\n"
"From remote kernel:"
"\"current regular point\" -> 10.343384402141227 - 10.343384402141227*I\n"
"From remote kernel:"
"\"current regular point\" -> 6.965010811925178 - 6.965010811925178*I\n"
"From remote kernel:"
"\"current regular point\" -> 4.558346311542888 - 4.558346311542888*I\n"
"From remote kernel:"
"\"current regular point\" -> 3.16616556087276 - 3.16616556087276*I\n"
"From remote kernel:"
"\"current regular point\" -> 2.4671756809010676 - 2.4671756809010676*I\n"
"From remote kernel:"
"\"current regular point\" -> 2.111923118708012 - 2.111923118708012*I\n"
"From remote kernel:"
"\"current regular point\" -> 1.9230878360255852 - 1.9230878360255852*I\n"
"From remote kernel:"
"\"current regular point\" -> 1.8081322528901669 - 1.8081322528901669*I\n"
"From remote kernel:"
"\"current regular point\" -> 1.71712467947251 - 1.71712467947251*I\n"
"From remote kernel:"
"\"current regular point\" -> 1.6219219403583678 - 1.6219219403583678*I\n"
"From remote kernel:"
"\"current regular point\" -> 1.502286294708529 - 1.502286294708529*I\n"
"From remote kernel:"
"\"current regular point\" -> 1.3369547005971765 - 1.3369547005971765*I\n"
"From remote kernel:"
"\"current regular point\" -> 1.0979803871498037 - 1.0979803871498037*I\n"
"From remote kernel:"
"\"current regular point\" -> 0.768331864372031 - 0.768331864372031*I\n"
"From remote kernel:"
"\"current regular point\" -> 0.39835087628916893 - 0.39835087628916893*I\n"
"From remote kernel:"
"\"AMFlow: regular running finished in 355s.\"\n"
"From remote kernel:"
"\"AMFlow: solving near the last point...\"\n"
"From remote kernel:"
"\"NormalizeMat finished in 104s.\"\n"
"From remote kernel:"
"\"LearnXOrder is negative. skip learning phase.\"\n"
"From remote kernel:"
"\"block\" -> {1}\n"
"From remote kernel:"
"\"behavior\" -> {{0, 0}}\n"
"From remote kernel:"
"\"number of constraints and variables\" -> {1, 1}\n"
"From remote kernel:"
"\"block\" -> {11, 12, 13}\n"
"From remote kernel:"
"\"behavior\" -> {{0, 1}}\n"
"From remote kernel:"
"\"number of constraints and variables\" -> {3, 3}\n"
"From remote kernel:"
"\"block\" -> {5}\n"
"From remote kernel:"
"\"behavior\" -> {{499/500, 0}, {0, 0}}\n"
"From remote kernel:"
"\"number of constraints and variables\" -> {1, 1}\n"
"From remote kernel:"
"\"block\" -> {27}\n"
"From remote kernel:"
"\"behavior\" -> {{0, 0}}\n"
"From remote kernel:"
"\"number of constraints and variables\" -> {1, 1}\n"
"From remote kernel:"
"\"block\" -> {26}\n"
"From remote kernel:"
"\"behavior\" -> {{0, 0}}\n"
"From remote kernel:"
"\"number of constraints and variables\" -> {1, 1}\n"
"From remote kernel:"
"\"block\" -> {46, 47, 48}\n"
"From remote kernel:"
"\"behavior\" -> {{0, 2}, {499/500, 1}}\n"
"From remote kernel:"
"\"number of constraints and variables\" -> {6, 6}\n"
"From remote kernel:"
"\"block\" -> {6}\n"
"From remote kernel:"
"\"behavior\" -> {{499/500, 0}, {0, 0}}\n"
"From remote kernel:"
"\"number of constraints and variables\" -> {1, 1}\n"
"From remote kernel:"
"\"block\" -> {24}\n"
"From remote kernel:"
"\"behavior\" -> {{0, 0}}\n"
"From remote kernel:"
"\"number of constraints and variables\" -> {1, 1}\n"
"From remote kernel:"
"\"block\" -> {4}\n"
"From remote kernel:"
"\"behavior\" -> {{0, 0}}\n"
"From remote kernel:"
"\"number of constraints and variables\" -> {1, 1}\n"
"From remote kernel:"
"\"block\" -> {108}\n"
"From remote kernel:"
"\"behavior\" -> {{499/500, 2}, {0, 2}}\n"
"From remote kernel:"
"\"number of constraints and variables\" -> {1, 1}\n"
"From remote kernel:"
"\"block\" -> {36}\n"
"From remote kernel:"
"\"behavior\" -> {{499/500, 0}, {0, 1}}\n"
"From remote kernel:"
"\"number of constraints and variables\" -> {1, 1}\n"
"From remote kernel:"
"\"block\" -> {38}\n"
"From remote kernel:"
"\"behavior\" -> {{249/250, 0}, {0, 0}, {499/500, 0}}\n"
"From remote kernel:"
"\"number of constraints and variables\" -> {1, 1}\n"
"From remote kernel:"
"\"block\" -> {15, 16}\n"
"From remote kernel:"
"\"behavior\" -> {{0, 0}, {249/250, 0}}\n"
"From remote kernel:"
"\"number of constraints and variables\" -> {4, 4}\n"
"From remote kernel:"
"\"block\" -> {35}\n"
"From remote kernel:"
"\"behavior\" -> {{499/500, 0}, {0, 0}}\n"
"From remote kernel:"
"\"number of constraints and variables\" -> {1, 1}\n"
"From remote kernel:"
"\"block\" -> {67}\n"
"From remote kernel:"
"\"behavior\" -> {{0, 0}}\n"
"From remote kernel:"
"\"number of constraints and variables\" -> {1, 1}\n"
"From remote kernel:"
"\"block\" -> {66}\n"
"From remote kernel:"
"\"behavior\" -> {{0, 0}}\n"
"From remote kernel:"
"\"number of constraints and variables\" -> {1, 1}\n"
"From remote kernel:"
"\"block\" -> {29}\n"
"From remote kernel:"
"\"behavior\" -> {{0, 0}}\n"
"From remote kernel:"
"\"number of constraints and variables\" -> {1, 1}\n"
"From remote kernel:"
"\"block\" -> {7}\n"
"From remote kernel:"
"\"behavior\" -> {{0, 0}}\n"
"From remote kernel:"
"\"number of constraints and variables\" -> {1, 1}\n"
"From remote kernel:"
"\"block\" -> {2}\n"
"From remote kernel:"
"\"behavior\" -> {{0, 0}}\n"
"From remote kernel:"
"\"number of constraints and variables\" -> {1, 1}\n"
"From remote kernel:"
"\"block\" -> {105, 107, 109}\n"
"From remote kernel:"
"\"behavior\" -> {{0, 3}, {499/500, 3}, {249/250, 0}}\n"
"From remote kernel:"
"\"number of constraints and variables\" -> {6, 6}\n"
"From remote kernel:"
"\"block\" -> {50, 51, 52}\n"
"From remote kernel:"
"\"behavior\" -> {{0, 2}, {249/250, 0}}\n"
"From remote kernel:"
"\"number of constraints and variables\" -> {3, 3}\n"
"From remote kernel:"
"\"block\" -> {54, 55}\n"
"From remote kernel:"
"\"behavior\" -> {{0, 1}, {499/500, 0}, {249/250, 0}}\n"
"From remote kernel:"
"\"number of constraints and variables\" -> {4, 4}\n"
"From remote kernel:"
"\"block\" -> {3}\n"
"From remote kernel:"
"\"behavior\" -> {{0, 1}}\n"
"From remote kernel:"
"\"number of constraints and variables\" -> {1, 1}\n"
"From remote kernel:"
"\"block\" -> {39}\n"
"From remote kernel:"
"\"behavior\" -> {{499/500, 0}, {0, 0}}\n"
"From remote kernel:"
"\"number of constraints and variables\" -> {1, 1}\n"
"From remote kernel:"
"\"block\" -> {72}\n"
"From remote kernel:"
"\"behavior\" -> {{0, 0}}\n"
"From remote kernel:"
"\"number of constraints and variables\" -> {1, 1}\n"
"From remote kernel:"
"\"block\" -> {71}\n"
"From remote kernel:"
"\"behavior\" -> {{0, 0}}\n"
"From remote kernel:"
"\"number of constraints and variables\" -> {1, 1}\n"
"From remote kernel:"
"\"block\" -> {69}\n"
"From remote kernel:"
"\"behavior\" -> {{0, 0}}\n"
"From remote kernel:"
"\"number of constraints and variables\" -> {1, 1}\n"
"From remote kernel:"
"\"block\" -> {37}\n"
"From remote kernel:"
"\"behavior\" -> {{0, 0}}\n"
"From remote kernel:"
"\"number of constraints and variables\" -> {1, 1}\n"
"From remote kernel:"
"\"block\" -> {22}\n"
"From remote kernel:"
"\"behavior\" -> {{0, 0}}\n"
"From remote kernel:"
"\"number of constraints and variables\" -> {1, 1}\n"
"From remote kernel:"
"\"block\" -> {21}\n"
"From remote kernel:"
"\"behavior\" -> {{0, 0}}\n"
"From remote kernel:"
"\"number of constraints and variables\" -> {1, 1}\n"
"From remote kernel:"
"\"block\" -> {19}\n"
"From remote kernel:"
"\"behavior\" -> {{0, 0}}\n"
"From remote kernel:"
"\"number of constraints and variables\" -> {1, 1}\n"
"From remote kernel:"
"\"block\" -> {18}\n"
"From remote kernel:"
"\"behavior\" -> {{0, 0}}\n"
"From remote kernel:"
"\"number of constraints and variables\" -> {1, 1}\n"
"From remote kernel:"
"\"block\" -> {9}\n"
"From remote kernel:"
"\"behavior\" -> {{0, 0}}\n"
"From remote kernel:"
"\"number of constraints and variables\" -> {1, 1}\n"
"From remote kernel:"
"\"block\" -> {8}\n"
"From remote kernel:"
"\"behavior\" -> {{0, 0}}\n"
"From remote kernel:"
"\"number of constraints and variables\" -> {1, 1}\n"
"From remote kernel:"
"\"block\" -> {111, 112, 113, 114, 115, 116, 117}\n"
"From remote kernel:"
"\"behavior\" -> {{0, 3}, {499/500, 2}, {249/250, 0}}\n"
"From remote kernel:"
"\"number of constraints and variables\" -> {14, 14}\n"
"From remote kernel:"
"\"block\" -> {106}\n"
"From remote kernel:"
"\"behavior\" -> {{0, 4}, {499/500, 3}, {249/250, 0}}\n"
"From remote kernel:"
"\"number of constraints and variables\" -> {1, 1}\n"
"From remote kernel:"
"\"block\" -> {89, 90, 91}\n"
"From remote kernel:"
"\"behavior\" -> {{0, 2}, {499/500, 1}, {249/250, 0}}\n"
"From remote kernel:"
"\"number of constraints and variables\" -> {6, 6}\n"
"From remote kernel:"
"\"block\" -> {80}\n"
"From remote kernel:"
"\"behavior\" -> {{499/500, 0}, {0, 2}, {249/250, 0}}\n"
"From remote kernel:"
"\"number of constraints and variables\" -> {1, 1}\n"
"From remote kernel:"
"\"block\" -> {33}\n"
"From remote kernel:"
"\"behavior\" -> {{0, 2}}\n"
"From remote kernel:"
"\"number of constraints and variables\" -> {1, 1}\n"
"From remote kernel:"
"\"block\" -> {32}\n"
"From remote kernel:"
"\"behavior\" -> {{499/500, 1}, {0, 1}}\n"
"From remote kernel:"
"\"number of constraints and variables\" -> {1, 1}\n"
"From remote kernel:"
"\"block\" -> {43, 44}\n"
"From remote kernel:"
"\"behavior\" -> {{0, 1}, {249/250, 1}}\n"
"From remote kernel:"
"\"number of constraints and variables\" -> {4, 4}\n"
"From remote kernel:"
"\"block\" -> {31}\n"
"From remote kernel:"
"\"behavior\" -> {{499/500, 0}, {0, 1}}\n"
"From remote kernel:"
"\"number of constraints and variables\" -> {1, 1}\n"
"From remote kernel:"
"\"block\" -> {34}\n"
"From remote kernel:"
"\"behavior\" -> {{0, 1}}\n"
"From remote kernel:"
"\"number of constraints and variables\" -> {1, 1}\n"
"From remote kernel:"
"\"block\" -> {30}\n"
"From remote kernel:"
"\"behavior\" -> {{0, 1}}\n"
"From remote kernel:"
"\"number of constraints and variables\" -> {1, 1}\n"
"From remote kernel:"
"\"block\" -> {79}\n"
"From remote kernel:"
"\"behavior\" -> {{499/500, 0}, {0, 0}}\n"
"From remote kernel:"
"\"number of constraints and variables\" -> {1, 1}\n"
"From remote kernel:"
"\"block\" -> {99}\n"
"From remote kernel:"
"\"behavior\" -> {{0, 0}}\n"
"From remote kernel:"
"\"number of constraints and variables\" -> {1, 1}\n"
"From remote kernel:"
"\"block\" -> {98}\n"
"From remote kernel:"
"\"behavior\" -> {{0, 0}}\n"
"From remote kernel:"
"\"number of constraints and variables\" -> {1, 1}\n"
"From remote kernel:"
"\"block\" -> {64}\n"
"From remote kernel:"
"\"behavior\" -> {{0, 0}}\n"
"From remote kernel:"
"\"number of constraints and variables\" -> {1, 1}\n"
"From remote kernel:"
"\"block\" -> {63}\n"
"From remote kernel:"
"\"behavior\" -> {{0, 0}}\n"
"From remote kernel:"
"\"number of constraints and variables\" -> {1, 1}\n"
"From remote kernel:"
"\"block\" -> {62}\n"
"From remote kernel:"
"\"behavior\" -> {{0, 0}}\n"
"From remote kernel:"
"\"number of constraints and variables\" -> {1, 1}\n"
"From remote kernel:"
"\"block\" -> {60}\n"
"From remote kernel:"
"\"behavior\" -> {{0, 0}}\n"
"From remote kernel:"
"\"number of constraints and variables\" -> {1, 1}\n"
"From remote kernel:"
"\"block\" -> {59}\n"
"From remote kernel:"
"\"behavior\" -> {{0, 0}}\n"
"From remote kernel:"
"\"number of constraints and variables\" -> {1, 1}\n"
"From remote kernel:"
"\"block\" -> {57}\n"
"From remote kernel:"
"\"behavior\" -> {{0, 0}}\n"
"From remote kernel:"
"\"number of constraints and variables\" -> {1, 1}\n"
"From remote kernel:"
"\"block\" -> {41}\n"
"From remote kernel:"
"\"behavior\" -> {{0, 0}}\n"
"From remote kernel:"
"\"number of constraints and variables\" -> {1, 1}\n"
"From remote kernel:"
"\"block\" -> {40}\n"
"From remote kernel:"
"\"behavior\" -> {{0, 0}}\n"
"From remote kernel:"
"\"number of constraints and variables\" -> {1, 1}\n"
"From remote kernel:"
"\"block\" -> {142, 143, 144, 145}\n"
"From remote kernel:"
"\"behavior\" -> {{0, 5}, {499/500, 4}, {249/250, 0}}\n"
"From remote kernel:"
"\"number of constraints and variables\" -> {8, 8}\n"
"From remote kernel:"
"\"block\" -> {100, 101, 102, 103, 104}\n"
"From remote kernel:"
"\"behavior\" -> {{0, 3}, {499/500, 0}, {249/250, 1}}\n"
"From remote kernel:"
"\"number of constraints and variables\" -> {10, 10}\n"
"From remote kernel:"
"\"block\" -> {77}\n"
"From remote kernel:"
"\"behavior\" -> {{499/500, 2}, {0, 2}}\n"
"From remote kernel:"
"\"number of constraints and variables\" -> {1, 1}\n"
"From remote kernel:"
"\"block\" -> {74}\n"
"From remote kernel:"
"\"behavior\" -> {{0, 3}, {499/500, 1}}\n"
"From remote kernel:"
"\"number of constraints and variables\" -> {1, 1}\n"
"From remote kernel:"
"\"block\" -> {82, 83, 84, 85}\n"
"From remote kernel:"
"\"behavior\" -> {{0, 2}, {249/250, 2}, {499/500, 1}}\n"
"From remote kernel:"
"\"number of constraints and variables\" -> {8, 8}\n"
"From remote kernel:"
"\"block\" -> {92}\n"
"From remote kernel:"
"\"behavior\" -> {{499/500, 2}, {0, 2}, {249/250, 0}}\n"
"From remote kernel:"
"\"number of constraints and variables\" -> {1, 1}\n"
"From remote kernel:"
"\"block\" -> {87, 88}\n"
"From remote kernel:"
"\"behavior\" -> {{0, 2}, {499/500, 1}, {249/250, 1}}\n"
"From remote kernel:"
"\"number of constraints and variables\" -> {4, 4}\n"
"From remote kernel:"
"\"block\" -> {76}\n"
"From remote kernel:"
"\"behavior\" -> {{249/250, 0}, {0, 1}, {499/500, 1}}\n"
"From remote kernel:"
"\"number of constraints and variables\" -> {1, 1}\n"
"From remote kernel:"
"\"block\" -> {78}\n"
"From remote kernel:"
"\"behavior\" -> {{499/500, 0}, {0, 1}}\n"
"From remote kernel:"
"\"number of constraints and variables\" -> {1, 1}\n"
"From remote kernel:"
"\"block\" -> {73}\n"
"From remote kernel:"
"\"behavior\" -> {{499/500, 0}, {0, 1}}\n"
"From remote kernel:"
"\"number of constraints and variables\" -> {1, 1}\n"
"From remote kernel:"
"\"block\" -> {75}\n"
"From remote kernel:"
"\"behavior\" -> {{0, 1}}\n"
"From remote kernel:"
"\"number of constraints and variables\" -> {1, 1}\n"
"From remote kernel:"
"\"block\" -> {129}\n"
"From remote kernel:"
"\"behavior\" -> {{0, 0}}\n"
"From remote kernel:"
"\"number of constraints and variables\" -> {1, 1}\n"
"From remote kernel:"
"\"block\" -> {128}\n"
"From remote kernel:"
"\"behavior\" -> {{0, 0}}\n"
"From remote kernel:"
"\"number of constraints and variables\" -> {1, 1}\n"
"From remote kernel:"
"\"block\" -> {127}\n"
"From remote kernel:"
"\"behavior\" -> {{0, 0}}\n"
"From remote kernel:"
"\"number of constraints and variables\" -> {1, 1}\n"
"From remote kernel:"
"\"block\" -> {126}\n"
"From remote kernel:"
"\"behavior\" -> {{0, 0}}\n"
"From remote kernel:"
"\"number of constraints and variables\" -> {1, 1}\n"
"From remote kernel:"
"\"block\" -> {125}\n"
"From remote kernel:"
"\"behavior\" -> {{0, 0}}\n"
"From remote kernel:"
"\"number of constraints and variables\" -> {1, 1}\n"
"From remote kernel:"
"\"block\" -> {124}\n"
"From remote kernel:"
"\"behavior\" -> {{0, 0}}\n"
"From remote kernel:"
"\"number of constraints and variables\" -> {1, 1}\n"
"From remote kernel:"
"\"block\" -> {122}\n"
"From remote kernel:"
"\"behavior\" -> {{0, 0}}\n"
"From remote kernel:"
"\"number of constraints and variables\" -> {1, 1}\n"
"From remote kernel:"
"\"block\" -> {121}\n"
"From remote kernel:"
"\"behavior\" -> {{0, 0}}\n"
"From remote kernel:"
"\"number of constraints and variables\" -> {1, 1}\n"
"From remote kernel:"
"\"block\" -> {120}\n"
"From remote kernel:"
"\"behavior\" -> {{0, 0}}\n"
"From remote kernel:"
"\"number of constraints and variables\" -> {1, 1}\n"
"From remote kernel:"
"\"block\" -> {119}\n"
"From remote kernel:"
"\"behavior\" -> {{0, 0}}\n"
"From remote kernel:"
"\"number of constraints and variables\" -> {1, 1}\n"
"From remote kernel:"
"\"block\" -> {96}\n"
"From remote kernel:"
"\"behavior\" -> {{0, 0}}\n"
"From remote kernel:"
"\"number of constraints and variables\" -> {1, 1}\n"
"From remote kernel:"
"\"block\" -> {95}\n"
"From remote kernel:"
"\"behavior\" -> {{0, 0}}\n"
"From remote kernel:"
"\"number of constraints and variables\" -> {1, 1}\n"
"From remote kernel:"
"\"block\" -> {94}\n"
"From remote kernel:"
"\"behavior\" -> {{0, 0}}\n"
"From remote kernel:"
"\"number of constraints and variables\" -> {1, 1}\n"
"From remote kernel:"
"\"block\" -> {93}\n"
"From remote kernel:"
"\"behavior\" -> {{0, 0}}\n"
"From remote kernel:"
"\"number of constraints and variables\" -> {1, 1}\n"
"From remote kernel:"
"\"block\" -> {81}\n"
"From remote kernel:"
"\"behavior\" -> {{0, 0}}\n"
"From remote kernel:"
"\"number of constraints and variables\" -> {1, 1}\n"
"From remote kernel:"
"\"block\" -> {137, 138, 139, 140, 141}\n"
"From remote kernel:"
"\"behavior\" -> {{0, 4}, {499/500, 3}, {249/250, 1}}\n"
"From remote kernel:"
"\"number of constraints and variables\" -> {10, 10}\n"
"From remote kernel:"
"\"block\" -> {146}\n"
"From remote kernel:"
"\"behavior\" -> {{499/500, 5}, {0, 5}, {249/250, 0}}\n"
"From remote kernel:"
"\"number of constraints and variables\" -> {1, 1}\n"
"From remote kernel:"
"\"block\" -> {130}\n"
"From remote kernel:"
"\"behavior\" -> {{499/500, 4}, {0, 4}, {249/250, 0}}\n"
"From remote kernel:"
"\"number of constraints and variables\" -> {1, 1}\n"
"From remote kernel:"
"\"block\" -> {132}\n"
"From remote kernel:"
"\"behavior\" -> {{0, 4}, {499/500, 1}, {249/250, 2}}\n"
"From remote kernel:"
"\"number of constraints and variables\" -> {1, 1}\n"
"From remote kernel:"
"\"block\" -> {133, 134, 135, 136}\n"
"From remote kernel:"
"\"behavior\" -> {{0, 3}, {499/500, 3}, {249/250, 2}}\n"
"From remote kernel:"
"\"number of constraints and variables\" -> {8, 8}\n"
"From remote kernel:"
"\"block\" -> {131}\n"
"From remote kernel:"
"\"behavior\" -> {{499/500, 0}, {0, 1}}\n"
"From remote kernel:"
"\"number of constraints and variables\" -> {1, 1}\n"
"From remote kernel:"
"\"block\" -> {150}\n"
"From remote kernel:"
"\"behavior\" -> {{0, 0}}\n"
"From remote kernel:"
"\"number of constraints and variables\" -> {1, 1}\n"
"From remote kernel:"
"\"block\" -> {149}\n"
"From remote kernel:"
"\"behavior\" -> {{0, 0}}\n"
"From remote kernel:"
"\"number of constraints and variables\" -> {1, 1}\n"
"From remote kernel:"
"\"block\" -> {148}\n"
"From remote kernel:"
"\"behavior\" -> {{0, 0}}\n"
"From remote kernel:"
"\"number of constraints and variables\" -> {1, 1}\n"
"From remote kernel:"
"\"block\" -> {147}\n"
"From remote kernel:"
"\"behavior\" -> {{0, 0}}\n"
"From remote kernel:"
"\"number of constraints and variables\" -> {1, 1}\n"
"From remote kernel:"
"\"block\" -> {151, 152, 153, 154, 155}\n"
"From remote kernel:"
"\"behavior\" -> {{0, 6}, {499/500, 6}, {249/250, 2}}\n"
"From remote kernel:"
"\"number of constraints and variables\" -> {10, 10}\n"
"From remote kernel:"
"\"block\" -> {110}\n"
"From remote kernel:"
"\"behavior\" -> {{0, 4}, {249/250, 0}, {499/500, 2}}\n"
"From remote kernel:"
"\"number of constraints and variables\" -> {1, 1}\n"
"From remote kernel:"
"\"block\" -> {86}\n"
"From remote kernel:"
"\"behavior\" -> {{0, 3}, {249/250, 1}, {499/500, 1}}\n"
"From remote kernel:"
"\"number of constraints and variables\" -> {1, 1}\n"
"From remote kernel:"
"\"block\" -> {49}\n"
"From remote kernel:"
"\"behavior\" -> {{0, 3}, {249/250, 0}}\n"
"From remote kernel:"
"\"number of constraints and variables\" -> {1, 1}\n"
"From remote kernel:"
"\"block\" -> {45}\n"
"From remote kernel:"
"\"behavior\" -> {{0, 3}, {499/500, 1}}\n"
"From remote kernel:"
"\"number of constraints and variables\" -> {1, 1}\n"
"From remote kernel:"
"\"block\" -> {53}\n"
"From remote kernel:"
"\"behavior\" -> {{0, 2}, {249/250, 0}, {499/500, 0}}\n"
"From remote kernel:"
"\"number of constraints and variables\" -> {1, 1}\n"
"From remote kernel:"
"\"block\" -> {42}\n"
"From remote kernel:"
"\"behavior\" -> {{0, 2}, {249/250, 1}}\n"
"From remote kernel:"
"\"number of constraints and variables\" -> {1, 1}\n"
"From remote kernel:"
"\"block\" -> {10}\n"
"From remote kernel:"
"\"behavior\" -> {{0, 2}}\n"
"From remote kernel:"
"\"number of constraints and variables\" -> {1, 1}\n"
"From remote kernel:"
"\"block\" -> {14}\n"
"From remote kernel:"
"\"behavior\" -> {{0, 1}, {249/250, 0}}\n"
"From remote kernel:"
"\"number of constraints and variables\" -> {1, 1}\n"
"From remote kernel:"
"\"block\" -> {123}\n"
"From remote kernel:"
"\"behavior\" -> {{0, 0}}\n"
"From remote kernel:"
"\"number of constraints and variables\" -> {1, 1}\n"
"From remote kernel:"
"\"block\" -> {118}\n"
"From remote kernel:"
"\"behavior\" -> {{0, 0}}\n"
"From remote kernel:"
"\"number of constraints and variables\" -> {1, 1}\n"
"From remote kernel:"
"\"block\" -> {97}\n"
"From remote kernel:"
"\"behavior\" -> {{0, 0}}\n"
"From remote kernel:"
"\"number of constraints and variables\" -> {1, 1}\n"
"From remote kernel:"
"\"block\" -> {70}\n"
"From remote kernel:"
"\"behavior\" -> {{0, 0}}\n"
"From remote kernel:"
"\"number of constraints and variables\" -> {1, 1}\n"
"From remote kernel:"
"\"block\" -> {68}\n"
"From remote kernel:"
"\"behavior\" -> {{0, 0}}\n"
"From remote kernel:"
"\"number of constraints and variables\" -> {1, 1}\n"
"From remote kernel:"
"\"block\" -> {65}\n"
"From remote kernel:"
"\"behavior\" -> {{0, 0}}\n"
"From remote kernel:"
"\"number of constraints and variables\" -> {1, 1}\n"
"From remote kernel:"
"\"block\" -> {61}\n"
"From remote kernel:"
"\"behavior\" -> {{0, 0}}\n"
"From remote kernel:"
"\"number of constraints and variables\" -> {1, 1}\n"
"From remote kernel:"
"\"block\" -> {58}\n"
"From remote kernel:"
"\"behavior\" -> {{0, 0}}\n"
"From remote kernel:"
"\"number of constraints and variables\" -> {1, 1}\n"
"From remote kernel:"
"\"block\" -> {56}\n"
"From remote kernel:"
"\"behavior\" -> {{0, 0}}\n"
"From remote kernel:"
"\"number of constraints and variables\" -> {1, 1}\n"
"From remote kernel:"
"\"block\" -> {28}\n"
"From remote kernel:"
"\"behavior\" -> {{0, 0}}\n"
"From remote kernel:"
"\"number of constraints and variables\" -> {1, 1}\n"
"From remote kernel:"
"\"block\" -> {25}\n"
"From remote kernel:"
"\"behavior\" -> {{0, 0}}\n"
"From remote kernel:"
"\"number of constraints and variables\" -> {1, 1}\n"
"From remote kernel:"
"\"block\" -> {23}\n"
"From remote kernel:"
"\"behavior\" -> {{0, 0}}\n"
"From remote kernel:"
"\"number of constraints and variables\" -> {1, 1}\n"
"From remote kernel:"
"\"block\" -> {20}\n"
"From remote kernel:"
"\"behavior\" -> {{0, 0}}\n"
"From remote kernel:"
"\"number of constraints and variables\" -> {1, 1}\n"
"From remote kernel:"
"\"block\" -> {17}\n"
"From remote kernel:"
"\"behavior\" -> {{0, 0}}\n"
"From remote kernel:"
"\"number of constraints and variables\" -> {1, 1}\n"
"From remote kernel:"
"\"AMFlow: last point solved in 288s.\"\n"
"From remote kernel:"
"\"dropped terms when pickzero\" -> {0.}\n"
"From remote kernel:"
"\"dropped terms when pickzero\" -> {0.}\n"
"From remote kernel:"
"\"dropped terms when pickzero\" -> {0., 0.}\n"
"From remote kernel:"
"\"dropped terms when pickzero\" -> {0., 0.}\n"
"From remote kernel:"
"\"dropped terms when pickzero\" -> {0.}\n"
"From remote kernel:"
"\"dropped terms when pickzero\" -> {0.}\n"
"From remote kernel:"
"\"dropped terms when pickzero\" -> {0.}\n"
"From remote kernel:"
"\"dropped terms when pickzero\" -> {0.}\n"
"From remote kernel:"
"\"dropped terms when pickzero\" -> {0.}\n"
"From remote kernel:"
"\"dropped terms when pickzero\" -> {0., 0.}\n"
"From remote kernel:"
"\"dropped terms when pickzero\" -> {0., 0.}\n"
"From remote kernel:"
"\"dropped terms when pickzero\" -> {0.}\n"
"From remote kernel:"
"\"dropped terms when pickzero\" -> {0., 0.}\n"
"From remote kernel:"
"\"dropped terms when pickzero\" -> {0.}\n"
"From remote kernel:"
"\"dropped terms when pickzero\" -> {0., 0.}\n"
"From remote kernel:"
"\"dropped terms when pickzero\" -> {0., 0.}\n"
"From remote kernel:"
"\"dropped terms when pickzero\" -> {0.}\n"
"From remote kernel:"
"\"dropped terms when pickzero\" -> {0.}\n"
"From remote kernel:"
"\"dropped terms when pickzero\" -> {0.}\n"
"From remote kernel:"
"\"dropped terms when pickzero\" -> {0., 0., 0.}\n"
"From remote kernel:"
"\"dropped terms when pickzero\" -> {0., 0.}\n"
"From remote kernel:"
"\"dropped terms when pickzero\" -> {0., 0.}\n"
"From remote kernel:"
"\"dropped terms when pickzero\" -> {0., 0., 0., 0.}\n"
"From remote kernel:"
"\"dropped terms when pickzero\" -> {0.}\n"
"From remote kernel:"
"\"dropped terms when pickzero\" -> {0., 0.}\n"
"From remote kernel:"
"\"dropped terms when pickzero\" -> {0., 0.}\n"
"From remote kernel:"
"\"dropped terms when pickzero\" -> {0.}\n"
"From remote kernel:"
"\"dropped terms when pickzero\" -> {0.}\n"
"From remote kernel:"
"\"dropped terms when pickzero\" -> {0.}\n"
"From remote kernel:"
"\"dropped terms when pickzero\" -> {0., 0.}\n"
"From remote kernel:"
"\"dropped terms when pickzero\" -> {0., 0.}\n"
"From remote kernel:"
"\"dropped terms when pickzero\" -> {0., 0.}\n"
"From remote kernel:"
"\"dropped terms when pickzero\" -> {0.}\n"
"From remote kernel:"
"\"dropped terms when pickzero\" -> {0., 0.}\n"
"From remote kernel:"
"\"dropped terms when pickzero\" -> {0.}\n"
"From remote kernel:"
"\"dropped terms when pickzero\" -> {0., 0., 0.}\n"
"From remote kernel:"
"\"dropped terms when pickzero\" -> {0.}\n"
"From remote kernel:"
"\"dropped terms when pickzero\" -> {0., 0.}\n"
"From remote kernel:"
"\"dropped terms when pickzero\" -> {0., 0.}\n"
"From remote kernel:"
"\"dropped terms when pickzero\" -> {0.}\n"
"From remote kernel:"
"\"dropped terms when pickzero\" -> {0.}\n"
"From remote kernel:"
"\"dropped terms when pickzero\" -> {0.}\n"
"From remote kernel:"
"\"dropped terms when pickzero\" -> {0., 0., 0.}\n"
"From remote kernel:"
"\"dropped terms when pickzero\" -> {0., 0.}\n"
"From remote kernel:"
"\"dropped terms when pickzero\" -> {0., 0., 0., 0.}\n"
"From remote kernel:"
"\"system cleared: DESolver`$InternalSystem\"\n"
"From remote kernel:"
"\"AMFlow: finished in 843s.\"\n"
