"From remote kernel:"
"DESolver`SetGlobalOptions -> {\"WorkingPre\" -> 100, \"ChopPre\" -> 20, \"SilentMode\" -> False, \"RationalizePre\" -> 100}\n"
"From remote kernel:"
"DESolver`SetExpansionOptions -> {\"XOrder\" -> 100, \"ExtraXOrder\" -> 20, \"LearnXOrder\" -> -1, \"TestXOrder\" -> 5}\n"
"From remote kernel:"
"DESolver`SetRunningOptions -> {\"RunRadius\" -> 2, \"RunLength\" -> 1000, \"RunCandidate\" -> 10, \"RunDirection\" -> \"NegIm\"}\n"
"From remote kernel:"
"DESolver`SetGlobalOptions -> {\"WorkingPre\" -> 120, \"ChopPre\" -> 20, \"SilentMode\" -> False, \"RationalizePre\" -> 100}\n"
"From remote kernel:"
"DESolver`SetExpansionOptions -> {\"XOrder\" -> 240, \"ExtraXOrder\" -> 280, \"LearnXOrder\" -> -1, \"TestXOrder\" -> 5}\n"
"From remote kernel:"
"DESolver`SetRunningOptions -> {\"RunRadius\" -> 2, \"RunLength\" -> 1000, \"RunCandidate\" -> 10, \"RunDirection\" -> \"NegIm\"}\n"
"From remote kernel:"
"\"AMFlow: start.\"\n"
"From remote kernel:"
"\"system loaded: DESolver`$InternalSystem\\nDE[DESolver`$InternalSystem] -- differential equation in matrix form\\nBC[DESolver`$InternalSystem] -- boundary conditions either in singular form or in regular form\\nP[DESolver`$InternalSystem] -- boundary point\\nAsyExp[DESolver`$InternalSystem] -- asymptotic expansion near a singular point (currently it is Null)\\nintegrals: 155, blocks: 111, density: 0.08, degrees: {73, 80}\"\n"
"From remote kernel:"
"\"AMFlow: integrals will be evaluated at 18 regular points\" -> {135.76400736027333 - 193.94858194324763*I, 79.92976337421045 - 114.18537624887207*I, 45.38356918347991 - 64.83367026211415*I, 23.761548069720565 - 33.94506867102938*I, 12.890347123365208 - 18.414781604807438*I, 7.335506201360635 - 10.479294573372337*I, 4.529911046741171 - 6.47130149534453*I, 3.1145946117738177 - 4.4494208739625964*I, 2.382272617730644 - 3.403246596758063*I, 1.9693412926779381 - 2.8133447038256256*I, 1.6821351424052393 - 2.4030502034360564*I, 1.4146760776606746 - 2.020965825229535*I, 1.1009533124352242 - 1.5727904463360347*I, 0.7151653109674664 - 1.0216647299535235*I, 0.4417271201066095 - 0.6310387430094422*I, 0.2581387441654285 - 0.36876963452204065*I, 0.150225202074524 - 0.21460743153503434*I, 0.09557705739388807 - 0.1365386534198401*I}\n"
"From remote kernel:"
"\"AMFlow: integration contour generated in 6s.\"\n"
"From remote kernel:"
"\"AMFlow: solving near eta = Infinity...\"\n"
"From remote kernel:"
"\"CalcTaylor: current region\" -> 1/1000\n"
"From remote kernel:"
"\"block\" -> {1}\n"
"From remote kernel:"
"\"boundary condition inserted\" -> {1, 0, 1.0008485733053779*^6}\n"
"From remote kernel:"
"\"block\" -> {11, 12, 13}\n"
"From remote kernel:"
"\"boundary condition test\" -> {13, 0, 1.0008485733053779*^6}\n"
"From remote kernel:"
"\"boundary condition test\" -> {12, 0, 999847.7247320726}\n"
"From remote kernel:"
"\"boundary condition test\" -> {11, 0, -1000.8485733053778}\n"
"From remote kernel:"
"\"block\" -> {6}\n"
"From remote kernel:"
"\"boundary condition test\" -> {6, 0, 1.0008485733053779*^6}\n"
"From remote kernel:"
"\"block\" -> {5}\n"
"From remote kernel:"
"\"boundary condition test\" -> {5, 0, 1.0008485733053779*^6}\n"
"From remote kernel:"
"\"block\" -> {27}\n"
"From remote kernel:"
"\"boundary condition test\" -> {27, 0, 0.}\n"
"From remote kernel:"
"\"block\" -> {26}\n"
"From remote kernel:"
"\"boundary condition test\" -> {26, 0, 0.}\n"
"From remote kernel:"
"\"block\" -> {24}\n"
"From remote kernel:"
"\"boundary condition test\" -> {24, 0, 0.}\n"
"From remote kernel:"
"\"block\" -> {4}\n"
"From remote kernel:"
"\"boundary condition inserted\" -> {4, 0, 999454.5492892474}\n"
"From remote kernel:"
"\"block\" -> {2}\n"
"From remote kernel:"
"\"boundary condition test\" -> {2, 0, 0.}\n"
"From remote kernel:"
"\"block\" -> {46, 47, 48}\n"
"From remote kernel:"
"\"boundary condition test\" -> {48, 0, 1.0008485733053779*^6}\n"
"From remote kernel:"
"\"boundary condition test\" -> {47, 0, 1.0008485733053779*^6}\n"
"From remote kernel:"
"\"boundary condition test\" -> {46, 0, 999847.7247320726}\n"
"From remote kernel:"
"\"block\" -> {36}\n"
"From remote kernel:"
"\"boundary condition test\" -> {36, 0, 999454.5492892474}\n"
"From remote kernel:"
"\"block\" -> {38}\n"
"From remote kernel:"
"\"boundary condition test\" -> {38, 0, 1.0008485733053779*^6}\n"
"From remote kernel:"
"\"block\" -> {3}\n"
"From remote kernel:"
"\"boundary condition test\" -> {3, 0, 1.0008485733053779*^6}\n"
"From remote kernel:"
"\"block\" -> {15, 16}\n"
"From remote kernel:"
"\"boundary condition test\" -> {16, 0, 0.}\n"
"From remote kernel:"
"\"boundary condition test\" -> {15, 0, 0.}\n"
"From remote kernel:"
"\"block\" -> {35}\n"
"From remote kernel:"
"\"boundary condition test\" -> {35, 0, 999454.5492892474}\n"
"From remote kernel:"
"\"block\" -> {67}\n"
"From remote kernel:"
"\"boundary condition test\" -> {67, 0, 0.}\n"
"From remote kernel:"
"\"block\" -> {66}\n"
"From remote kernel:"
"\"boundary condition test\" -> {66, 0, 0.}\n"
"From remote kernel:"
"\"block\" -> {29}\n"
"From remote kernel:"
"\"boundary condition test\" -> {29, 0, 0.}\n"
"From remote kernel:"
"\"block\" -> {22}\n"
"From remote kernel:"
"\"boundary condition test\" -> {22, 0, 0.}\n"
"From remote kernel:"
"\"block\" -> {21}\n"
"From remote kernel:"
"\"boundary condition test\" -> {21, 0, 0.}\n"
"From remote kernel:"
"\"block\" -> {19}\n"
"From remote kernel:"
"\"boundary condition test\" -> {19, 0, 0.}\n"
"From remote kernel:"
"\"block\" -> {18}\n"
"From remote kernel:"
"\"boundary condition test\" -> {18, 0, 0.}\n"
"From remote kernel:"
"\"block\" -> {9}\n"
"From remote kernel:"
"\"boundary condition test\" -> {9, 0, 0.}\n"
"From remote kernel:"
"\"block\" -> {8}\n"
"From remote kernel:"
"\"boundary condition test\" -> {8, 0, 0.}\n"
"From remote kernel:"
"\"block\" -> {7}\n"
"From remote kernel:"
"\"boundary condition inserted\" -> {7, 0, 999697.8894698338}\n"
"From remote kernel:"
"\"block\" -> {105, 107, 108, 109}\n"
"From remote kernel:"
"\"boundary condition test\" -> {109, 0, 999454.5492892474}\n"
"From remote kernel:"
"\"boundary condition test\" -> {108, 0, 999454.5492892474}\n"
"From remote kernel:"
"\"boundary condition test\" -> {107, 0, 999454.5492892474}\n"
"From remote kernel:"
"\"boundary condition test\" -> {105, 0, 999454.5492892474}\n"
"From remote kernel:"
"\"block\" -> {50, 51, 52}\n"
"From remote kernel:"
"\"boundary condition test\" -> {52, 0, 166402.4840063256}\n"
"From remote kernel:"
"\"boundary condition test\" -> {51, 0, 999697.8894698338}\n"
"From remote kernel:"
"\"boundary condition test\" -> {50, 0, -358.2051735297333}\n"
"From remote kernel:"
"\"block\" -> {33}\n"
"From remote kernel:"
"\"boundary condition test\" -> {33, 0, 1.0008485733053779*^6}\n"
"From remote kernel:"
"\"block\" -> {32}\n"
"From remote kernel:"
"\"boundary condition test\" -> {32, 0, 1.0008485733053779*^6}\n"
"From remote kernel:"
"\"block\" -> {54, 55}\n"
"From remote kernel:"
"\"boundary condition test\" -> {55, 0, 0.}\n"
"From remote kernel:"
"\"boundary condition test\" -> {54, 0, 0.}\n"
"From remote kernel:"
"\"block\" -> {43, 44}\n"
"From remote kernel:"
"\"boundary condition test\" -> {44, 0, 0.}\n"
"From remote kernel:"
"\"boundary condition test\" -> {43, 0, 0.}\n"
"From remote kernel:"
"\"block\" -> {31}\n"
"From remote kernel:"
"\"boundary condition test\" -> {31, 0, 1.0008485733053779*^6}\n"
"From remote kernel:"
"\"block\" -> {34}\n"
"From remote kernel:"
"\"boundary condition test\" -> {34, 0, 999697.8894698338}\n"
"From remote kernel:"
"\"block\" -> {30}\n"
"From remote kernel:"
"\"boundary condition test\" -> {30, 0, 999454.5492892474}\n"
"From remote kernel:"
"\"block\" -> {39}\n"
"From remote kernel:"
"\"boundary condition test\" -> {39, 0, 999697.8894698338}\n"
"From remote kernel:"
"\"block\" -> {72}\n"
"From remote kernel:"
"\"boundary condition test\" -> {72, 0, 0.}\n"
"From remote kernel:"
"\"block\" -> {71}\n"
"From remote kernel:"
"\"boundary condition test\" -> {71, 0, 0.}\n"
"From remote kernel:"
"\"block\" -> {69}\n"
"From remote kernel:"
"\"boundary condition test\" -> {69, 0, 0.}\n"
"From remote kernel:"
"\"block\" -> {64}\n"
"From remote kernel:"
"\"boundary condition test\" -> {64, 0, 0.}\n"
"From remote kernel:"
"\"block\" -> {63}\n"
"From remote kernel:"
"\"boundary condition test\" -> {63, 0, 0.}\n"
"From remote kernel:"
"\"block\" -> {62}\n"
"From remote kernel:"
"\"boundary condition test\" -> {62, 0, 0.}\n"
"From remote kernel:"
"\"block\" -> {60}\n"
"From remote kernel:"
"\"boundary condition test\" -> {60, 0, 0.}\n"
"From remote kernel:"
"\"block\" -> {59}\n"
"From remote kernel:"
"\"boundary condition test\" -> {59, 0, 0.}\n"
"From remote kernel:"
"\"block\" -> {57}\n"
"From remote kernel:"
"\"boundary condition test\" -> {57, 0, 0.}\n"
"From remote kernel:"
"\"block\" -> {41}\n"
"From remote kernel:"
"\"boundary condition test\" -> {41, 0, 0.}\n"
"From remote kernel:"
"\"block\" -> {40}\n"
"From remote kernel:"
"\"boundary condition test\" -> {40, 0, 0.}\n"
"From remote kernel:"
"\"block\" -> {37}\n"
"From remote kernel:"
"\"boundary condition inserted\" -> {37, 0, -628.6530669049101}\n"
"From remote kernel:"
"\"block\" -> {111, 112, 113, 114, 115, 116, 117}\n"
"From remote kernel:"
"\"boundary condition test\" -> {117, 0, 999697.8894698338}\n"
"From remote kernel:"
"\"boundary condition test\" -> {116, 0, -358.2051735297333}\n"
"From remote kernel:"
"\"boundary condition test\" -> {115, 0, 166402.4840063256}\n"
"From remote kernel:"
"\"boundary condition test\" -> {114, 0, 999697.8894698338}\n"
"From remote kernel:"
"\"boundary condition test\" -> {113, 0, 999697.8894698338}\n"
"From remote kernel:"
"\"boundary condition test\" -> {112, 0, -358.2051735297333}\n"
"From remote kernel:"
"\"boundary condition test\" -> {111, 0, -1.0006975873593036*^6}\n"
"From remote kernel:"
"\"block\" -> {100, 101, 102, 103, 104}\n"
"From remote kernel:"
"\"boundary condition test\" -> {104, 0, 999697.8894698338}\n"
"From remote kernel:"
"\"boundary condition test\" -> {103, 0, 999697.8894698338}\n"
"From remote kernel:"
"\"boundary condition test\" -> {102, 0, -358.2051735297333}\n"
"From remote kernel:"
"\"boundary condition test\" -> {101, 0, 999697.8894698338}\n"
"From remote kernel:"
"\"boundary condition test\" -> {100, 0, 999697.8894698338}\n"
"From remote kernel:"
"\"block\" -> {106}\n"
"From remote kernel:"
"\"boundary condition test\" -> {106, 0, -341.7263630576652}\n"
"From remote kernel:"
"\"block\" -> {77}\n"
"From remote kernel:"
"\"boundary condition test\" -> {77, 0, 1.0008485733053779*^6}\n"
"From remote kernel:"
"\"block\" -> {74}\n"
"From remote kernel:"
"\"boundary condition test\" -> {74, 0, 999454.5492892474}\n"
"From remote kernel:"
"\"block\" -> {82, 83, 84, 85}\n"
"From remote kernel:"
"\"boundary condition test\" -> {85, 0, -498926.01034534554}\n"
"From remote kernel:"
"\"boundary condition test\" -> {84, 0, 1.001851427587247*^6}\n"
"From remote kernel:"
"\"boundary condition test\" -> {83, 0, 1.001851427587247*^6}\n"
"From remote kernel:"
"\"boundary condition test\" -> {82, 0, 1.001851427587247*^6}\n"
"From remote kernel:"
"\"block\" -> {89, 90, 91, 92}\n"
"From remote kernel:"
"\"boundary condition test\" -> {92, 0, -498926.01034534554}\n"
"From remote kernel:"
"\"boundary condition test\" -> {91, 0, 1.001851427587247*^6}\n"
"From remote kernel:"
"\"boundary condition test\" -> {90, 0, 1.001851427587247*^6}\n"
"From remote kernel:"
"\"boundary condition test\" -> {89, 0, 1.001851427587247*^6}\n"
"From remote kernel:"
"\"block\" -> {80}\n"
"From remote kernel:"
"\"boundary condition test\" -> {80, 0, -628.6530669049101}\n"
"From remote kernel:"
"\"block\" -> {87, 88}\n"
"From remote kernel:"
"\"boundary condition test\" -> {88, 0, 0.}\n"
"From remote kernel:"
"\"boundary condition test\" -> {87, 0, 0.}\n"
"From remote kernel:"
"\"block\" -> {76}\n"
"From remote kernel:"
"\"boundary condition test\" -> {76, 0, 1.0008485733053779*^6}\n"
"From remote kernel:"
"\"block\" -> {78}\n"
"From remote kernel:"
"\"boundary condition test\" -> {78, 0, 999697.8894698338}\n"
"From remote kernel:"
"\"block\" -> {73}\n"
"From remote kernel:"
"\"boundary condition test\" -> {73, 0, 999454.5492892474}\n"
"From remote kernel:"
"\"block\" -> {75}\n"
"From remote kernel:"
"\"boundary condition test\" -> {75, 0, -628.6530669049101}\n"
"From remote kernel:"
"\"block\" -> {79}\n"
"From remote kernel:"
"\"boundary condition test\" -> {79, 0, -628.6530669049101}\n"
"From remote kernel:"
"\"block\" -> {129}\n"
"From remote kernel:"
"\"boundary condition test\" -> {129, 0, 0.}\n"
"From remote kernel:"
"\"block\" -> {128}\n"
"From remote kernel:"
"\"boundary condition test\" -> {128, 0, 0.}\n"
"From remote kernel:"
"\"block\" -> {127}\n"
"From remote kernel:"
"\"boundary condition test\" -> {127, 0, 0.}\n"
"From remote kernel:"
"\"block\" -> {126}\n"
"From remote kernel:"
"\"boundary condition test\" -> {126, 0, 0.}\n"
"From remote kernel:"
"\"block\" -> {125}\n"
"From remote kernel:"
"\"boundary condition test\" -> {125, 0, 0.}\n"
"From remote kernel:"
"\"block\" -> {124}\n"
"From remote kernel:"
"\"boundary condition test\" -> {124, 0, 0.}\n"
"From remote kernel:"
"\"block\" -> {122}\n"
"From remote kernel:"
"\"boundary condition test\" -> {122, 0, 0.}\n"
"From remote kernel:"
"\"block\" -> {121}\n"
"From remote kernel:"
"\"boundary condition test\" -> {121, 0, 0.}\n"
"From remote kernel:"
"\"block\" -> {120}\n"
"From remote kernel:"
"\"boundary condition test\" -> {120, 0, 0.}\n"
"From remote kernel:"
"\"block\" -> {119}\n"
"From remote kernel:"
"\"boundary condition test\" -> {119, 0, 0.}\n"
"From remote kernel:"
"\"block\" -> {99}\n"
"From remote kernel:"
"\"boundary condition test\" -> {99, 0, 0.}\n"
"From remote kernel:"
"\"block\" -> {98}\n"
"From remote kernel:"
"\"boundary condition test\" -> {98, 0, 0.}\n"
"From remote kernel:"
"\"block\" -> {96}\n"
"From remote kernel:"
"\"boundary condition test\" -> {96, 0, 0.}\n"
"From remote kernel:"
"\"block\" -> {95}\n"
"From remote kernel:"
"\"boundary condition test\" -> {95, 0, 0.}\n"
"From remote kernel:"
"\"block\" -> {94}\n"
"From remote kernel:"
"\"boundary condition test\" -> {94, 0, 0.}\n"
"From remote kernel:"
"\"block\" -> {93}\n"
"From remote kernel:"
"\"boundary condition test\" -> {93, 0, 0.}\n"
"From remote kernel:"
"\"block\" -> {81}\n"
"From remote kernel:"
"\"boundary condition test\" -> {81, 0, 0.}\n"
"From remote kernel:"
"\"block\" -> {137, 138, 139, 140, 141}\n"
"From remote kernel:"
"\"boundary condition test\" -> {141, 0, 999697.8894698338}\n"
"From remote kernel:"
"\"boundary condition test\" -> {140, 0, 999697.8894698338}\n"
"From remote kernel:"
"\"boundary condition test\" -> {139, 0, -358.2051735297333}\n"
"From remote kernel:"
"\"boundary condition test\" -> {138, 0, 999697.8894698338}\n"
"From remote kernel:"
"\"boundary condition test\" -> {137, 0, 999697.8894698338}\n"
"From remote kernel:"
"\"block\" -> {142, 143, 144, 145, 146}\n"
"From remote kernel:"
"\"boundary condition test\" -> {146, 0, 69218.20027642237}\n"
"From remote kernel:"
"\"boundary condition test\" -> {145, 0, -628.6530669049101}\n"
"From remote kernel:"
"\"boundary condition test\" -> {144, 0, -628.6530669049101}\n"
"From remote kernel:"
"\"boundary condition test\" -> {143, 0, 114.11833870819004}\n"
"From remote kernel:"
"\"boundary condition test\" -> {142, 0, -628.6530669049101}\n"
"From remote kernel:"
"\"block\" -> {130}\n"
"From remote kernel:"
"\"boundary condition test\" -> {130, 0, 999454.5492892474}\n"
"From remote kernel:"
"\"block\" -> {132}\n"
"From remote kernel:"
"\"boundary condition test\" -> {132, 0, -628.6530669049101}\n"
"From remote kernel:"
"\"block\" -> {133, 134, 135, 136}\n"
"From remote kernel:"
"\"boundary condition test\" -> {136, 0, -498926.01034534554}\n"
"From remote kernel:"
"\"boundary condition test\" -> {135, 0, 1.001851427587247*^6}\n"
"From remote kernel:"
"\"boundary condition test\" -> {134, 0, 1.001851427587247*^6}\n"
"From remote kernel:"
"\"boundary condition test\" -> {133, 0, 1.001851427587247*^6}\n"
"From remote kernel:"
"\"block\" -> {131}\n"
"From remote kernel:"
"\"boundary condition test\" -> {131, 0, -628.6530669049101}\n"
"From remote kernel:"
"\"block\" -> {150}\n"
"From remote kernel:"
"\"boundary condition test\" -> {150, 0, 0.}\n"
"From remote kernel:"
"\"block\" -> {149}\n"
"From remote kernel:"
"\"boundary condition test\" -> {149, 0, 0.}\n"
"From remote kernel:"
"\"block\" -> {148}\n"
"From remote kernel:"
"\"boundary condition test\" -> {148, 0, 0.}\n"
"From remote kernel:"
"\"block\" -> {147}\n"
"From remote kernel:"
"\"boundary condition test\" -> {147, 0, 0.}\n"
"From remote kernel:"
"\"block\" -> {151, 152, 153, 154, 155}\n"
"From remote kernel:"
"\"boundary condition test\" -> {155, 0, -628.6530669049101}\n"
"From remote kernel:"
"\"boundary condition test\" -> {154, 0, -628.6530669049101}\n"
"From remote kernel:"
"\"boundary condition test\" -> {153, 0, -628.6530669049101}\n"
"From remote kernel:"
"\"boundary condition test\" -> {152, 0, 114.11833870819004}\n"
"From remote kernel:"
"\"boundary condition test\" -> {151, 0, -628.6530669049101}\n"
"From remote kernel:"
"\"block\" -> {110}\n"
"From remote kernel:"
"\"boundary condition test\" -> {110, 0, 999697.8894698338}\n"
"From remote kernel:"
"\"block\" -> {86}\n"
"From remote kernel:"
"\"boundary condition test\" -> {86, 0, 0.}\n"
"From remote kernel:"
"\"block\" -> {49}\n"
"From remote kernel:"
"\"boundary condition test\" -> {49, 0, 999697.8894698338}\n"
"From remote kernel:"
"\"block\" -> {45}\n"
"From remote kernel:"
"\"boundary condition test\" -> {45, 0, 1.0008485733053779*^6}\n"
"From remote kernel:"
"\"block\" -> {53}\n"
"From remote kernel:"
"\"boundary condition test\" -> {53, 0, 0.}\n"
"From remote kernel:"
"\"block\" -> {42}\n"
"From remote kernel:"
"\"boundary condition test\" -> {42, 0, 0.}\n"
"From remote kernel:"
"\"block\" -> {10}\n"
"From remote kernel:"
"\"boundary condition test\" -> {10, 0, 1.0008485733053779*^6}\n"
"From remote kernel:"
"\"block\" -> {14}\n"
"From remote kernel:"
"\"boundary condition test\" -> {14, 0, 0.}\n"
"From remote kernel:"
"\"block\" -> {123}\n"
"From remote kernel:"
"\"boundary condition test\" -> {123, 0, 0.}\n"
"From remote kernel:"
"\"block\" -> {118}\n"
"From remote kernel:"
"\"boundary condition test\" -> {118, 0, 0.}\n"
"From remote kernel:"
"\"block\" -> {97}\n"
"From remote kernel:"
"\"boundary condition test\" -> {97, 0, 0.}\n"
"From remote kernel:"
"\"block\" -> {70}\n"
"From remote kernel:"
"\"boundary condition test\" -> {70, 0, 0.}\n"
"From remote kernel:"
"\"block\" -> {68}\n"
"From remote kernel:"
"\"boundary condition test\" -> {68, 0, 0.}\n"
"From remote kernel:"
"\"block\" -> {65}\n"
"From remote kernel:"
"\"boundary condition test\" -> {65, 0, 0.}\n"
"From remote kernel:"
"\"block\" -> {61}\n"
"From remote kernel:"
"\"boundary condition test\" -> {61, 0, 0.}\n"
"From remote kernel:"
"\"block\" -> {58}\n"
"From remote kernel:"
"\"boundary condition test\" -> {58, 0, 0.}\n"
"From remote kernel:"
"\"block\" -> {56}\n"
"From remote kernel:"
"\"boundary condition test\" -> {56, 0, 0.}\n"
"From remote kernel:"
"\"block\" -> {28}\n"
"From remote kernel:"
"\"boundary condition test\" -> {28, 0, 0.}\n"
"From remote kernel:"
"\"block\" -> {25}\n"
"From remote kernel:"
"\"boundary condition test\" -> {25, 0, 0.}\n"
"From remote kernel:"
"\"block\" -> {23}\n"
"From remote kernel:"
"\"boundary condition test\" -> {23, 0, 0.}\n"
"From remote kernel:"
"\"block\" -> {20}\n"
"From remote kernel:"
"\"boundary condition test\" -> {20, 0, 0.}\n"
"From remote kernel:"
"\"block\" -> {17}\n"
"From remote kernel:"
"\"boundary condition test\" -> {17, 0, 0.}\n"
"From remote kernel:"
"\"CalcTaylor: current region\" -> 0\n"
"From remote kernel:"
"\"block\" -> {1}\n"
"From remote kernel:"
"\"boundary condition test\" -> {1, 0, 0.}\n"
"From remote kernel:"
"\"block\" -> {11, 12, 13}\n"
"From remote kernel:"
"\"boundary condition test\" -> {13, 0, 0.}\n"
"From remote kernel:"
"\"boundary condition test\" -> {12, 0, 0.}\n"
"From remote kernel:"
"\"boundary condition test\" -> {11, 0, 0.}\n"
"From remote kernel:"
"\"block\" -> {6}\n"
"From remote kernel:"
"\"boundary condition test\" -> {6, 0, 0.}\n"
"From remote kernel:"
"\"block\" -> {5}\n"
"From remote kernel:"
"\"boundary condition test\" -> {5, 0, 0.}\n"
"From remote kernel:"
"\"block\" -> {27}\n"
"From remote kernel:"
"\"boundary condition inserted\" -> {27, 0, -498775.9230469152}\n"
"From remote kernel:"
"\"block\" -> {26}\n"
"From remote kernel:"
"\"boundary condition inserted\" -> {26, 0, 499923.90812322433}\n"
"From remote kernel:"
"\"block\" -> {24}\n"
"From remote kernel:"
"\"boundary condition inserted\" -> {24, 0, -500930.01947729214}\n"
"From remote kernel:"
"\"block\" -> {4}\n"
"From remote kernel:"
"\"boundary condition test\" -> {4, 0, 0.}\n"
"From remote kernel:"
"\"block\" -> {2}\n"
"From remote kernel:"
"\"boundary condition inserted\" -> {2, 0, 1.0008485733053779*^6}\n"
"From remote kernel:"
"\"block\" -> {46, 47, 48}\n"
"From remote kernel:"
"\"boundary condition test\" -> {48, 0, 498775.9230469152}\n"
"From remote kernel:"
"\"boundary condition test\" -> {47, 0, 498775.9230469152}\n"
"From remote kernel:"
"\"boundary condition test\" -> {46, 0, -499923.90812322433}\n"
"From remote kernel:"
"\"block\" -> {36}\n"
"From remote kernel:"
"\"boundary condition test\" -> {36, 0, 0.}\n"
"From remote kernel:"
"\"block\" -> {38}\n"
"From remote kernel:"
"\"boundary condition test\" -> {38, 0, -500677.1674539695}\n"
"From remote kernel:"
"\"block\" -> {3}\n"
"From remote kernel:"
"\"boundary condition test\" -> {3, 0, -1.0008485733053779*^6}\n"
"From remote kernel:"
"\"block\" -> {15, 16}\n"
"From remote kernel:"
"\"boundary condition test\" -> {16, 0, 0.}\n"
"From remote kernel:"
"\"boundary condition test\" -> {15, 0, 0.}\n"
"From remote kernel:"
"\"block\" -> {35}\n"
"From remote kernel:"
"\"boundary condition test\" -> {35, 0, 0.}\n"
"From remote kernel:"
"\"block\" -> {67}\n"
"From remote kernel:"
"\"boundary condition inserted\" -> {67, 0, 628.0269847116139}\n"
"From remote kernel:"
"\"block\" -> {66}\n"
"From remote kernel:"
"\"boundary condition inserted\" -> {66, 0, -341.4031117825527}\n"
"From remote kernel:"
"\"block\" -> {29}\n"
"From remote kernel:"
"\"boundary condition inserted\" -> {29, 0, -500925.0646494039}\n"
"From remote kernel:"
"\"block\" -> {22}\n"
"From remote kernel:"
"\"boundary condition inserted\" -> {22, 0, -497887.43504631304}\n"
"From remote kernel:"
"\"block\" -> {21}\n"
"From remote kernel:"
"\"boundary condition inserted\" -> {21, 0, 499921.8620665323}\n"
"From remote kernel:"
"\"block\" -> {19}\n"
"From remote kernel:"
"\"boundary condition inserted\" -> {19, 0, -498533.4192192536}\n"
"From remote kernel:"
"\"block\" -> {18}\n"
"From remote kernel:"
"\"boundary condition inserted\" -> {18, 0, 499923.2112805471}\n"
"From remote kernel:"
"\"block\" -> {9}\n"
"From remote kernel:"
"\"boundary condition inserted\" -> {9, 0, 999697.8894698338}\n"
"From remote kernel:"
"\"block\" -> {8}\n"
"From remote kernel:"
"\"boundary condition inserted\" -> {8, 0, 999454.5492892474}\n"
"From remote kernel:"
"\"block\" -> {7}\n"
"From remote kernel:"
"\"boundary condition test\" -> {7, 0, 0.}\n"
"From remote kernel:"
"\"block\" -> {105, 107, 108, 109}\n"
"From remote kernel:"
"\"homogeneous id up to\" -> 2088\n"
"From remote kernel:"
"\"dropped eqs\" -> {{2089 -> 0.}}\n"
"From remote kernel:"
"\"boundary condition test\" -> {109, 0, 34.47432337220925}\n"
"From remote kernel:"
"\"boundary condition test\" -> {108, 0, -628.0269847116139}\n"
"From remote kernel:"
"\"boundary condition test\" -> {107, 0, -628.0269847116139}\n"
"From remote kernel:"
"\"boundary condition test\" -> {105, 0, -499532.0404163329}\n"
"From remote kernel:"
"\"block\" -> {50, 51, 52}\n"
"From remote kernel:"
"\"boundary condition test\" -> {52, 0, 0.}\n"
"From remote kernel:"
"\"boundary condition test\" -> {51, 0, 0.}\n"
"From remote kernel:"
"\"boundary condition test\" -> {50, 0, 0.}\n"
"From remote kernel:"
"\"block\" -> {33}\n"
"From remote kernel:"
"\"boundary condition test\" -> {33, 0, -1.0048437634747402*^6}\n"
"From remote kernel:"
"\"block\" -> {32}\n"
"From remote kernel:"
"\"boundary condition test\" -> {32, 0, -1.0025999714547835*^6}\n"
"From remote kernel:"
"\"block\" -> {54, 55}\n"
"From remote kernel:"
"\"boundary condition test\" -> {55, 0, 500925.0646494039}\n"
"From remote kernel:"
"\"boundary condition test\" -> {54, 0, 500925.0646494039}\n"
"From remote kernel:"
"\"block\" -> {43, 44}\n"
"From remote kernel:"
"\"boundary condition test\" -> {44, 0, 500930.01947729214}\n"
"From remote kernel:"
"\"boundary condition test\" -> {43, 0, -499926.15170278854}\n"
"From remote kernel:"
"\"block\" -> {31}\n"
"From remote kernel:"
"\"boundary condition test\" -> {31, 0, -1.001851427587247*^6}\n"
"From remote kernel:"
"\"block\" -> {34}\n"
"From remote kernel:"
"\"boundary condition test\" -> {34, 0, -999697.8894698338}\n"
"From remote kernel:"
"\"block\" -> {30}\n"
"From remote kernel:"
"\"boundary condition test\" -> {30, 0, -999454.5492892474}\n"
"From remote kernel:"
"\"block\" -> {39}\n"
"From remote kernel:"
"\"boundary condition test\" -> {39, 0, 0.}\n"
"From remote kernel:"
"\"block\" -> {72}\n"
"From remote kernel:"
"\"boundary condition inserted\" -> {72, 0, 592.0772745833615}\n"
"From remote kernel:"
"\"block\" -> {71}\n"
"From remote kernel:"
"\"boundary condition inserted\" -> {71, 0, -357.8761472543037}\n"
"From remote kernel:"
"\"block\" -> {69}\n"
"From remote kernel:"
"\"boundary condition inserted\" -> {69, 0, 3539.6318970539696}\n"
"From remote kernel:"
"\"block\" -> {64}\n"
"From remote kernel:"
"\"boundary condition inserted\" -> {64, 0, 476.0329579631267}\n"
"From remote kernel:"
"\"block\" -> {63}\n"
"From remote kernel:"
"\"boundary condition inserted\" -> {63, 0, -357.5900431070354}\n"
"From remote kernel:"
"\"block\" -> {62}\n"
"From remote kernel:"
"\"boundary condition inserted\" -> {62, 0, -0.8493639478957391}\n"
"From remote kernel:"
"\"block\" -> {60}\n"
"From remote kernel:"
"\"boundary condition inserted\" -> {60, 0, 475.17893426944545}\n"
"From remote kernel:"
"\"block\" -> {59}\n"
"From remote kernel:"
"\"boundary condition inserted\" -> {59, 0, -1.2187254965292793}\n"
"From remote kernel:"
"\"block\" -> {57}\n"
"From remote kernel:"
"\"boundary condition inserted\" -> {57, 0, -170202.53406397867}\n"
"From remote kernel:"
"\"block\" -> {41}\n"
"From remote kernel:"
"\"boundary condition inserted\" -> {41, 0, -628.6530669049101}\n"
"From remote kernel:"
"\"block\" -> {40}\n"
"From remote kernel:"
"\"boundary condition inserted\" -> {40, 0, 499530.086530768}\n"
"From remote kernel:"
"\"block\" -> {37}\n"
"From remote kernel:"
"\"boundary condition test\" -> {37, 0, 0.}\n"
"From remote kernel:"
"\"block\" -> {111, 112, 113, 114, 115, 116, 117}\n"
"From remote kernel:"
"\"homogeneous id up to\" -> 3654\n"
"From remote kernel:"
"\"dropped eqs\" -> {{3655 -> 0.}, {3655 -> 0.}}\n"
"From remote kernel:"
"\"boundary condition test\" -> {117, 0, -83.17079414658885}\n"
"From remote kernel:"
"\"boundary condition test\" -> {116, 0, 102.3244183078019}\n"
"From remote kernel:"
"\"boundary condition test\" -> {115, 0, -166569.7135090204}\n"
"From remote kernel:"
"\"boundary condition test\" -> {114, 0, -592.0772745833615}\n"
"From remote kernel:"
"\"boundary condition test\" -> {113, 0, -592.0772745833615}\n"
"From remote kernel:"
"\"boundary condition test\" -> {112, 0, 357.8761472543037}\n"
"From remote kernel:"
"\"boundary condition test\" -> {111, 0, 499775.1589266712}\n"
"From remote kernel:"
"\"block\" -> {100, 101, 102, 103, 104}\n"
"From remote kernel:"
"\"homogeneous id up to\" -> 2610\n"
"From remote kernel:"
"\"dropped eqs\" -> {{2611 -> 0.}, {2611 -> 0.}}\n"
"From remote kernel:"
"\"boundary condition test\" -> {104, 0, -27859.186515545578}\n"
"From remote kernel:"
"\"boundary condition test\" -> {103, 0, -476.0329579631267}\n"
"From remote kernel:"
"\"boundary condition test\" -> {102, 0, 357.5900431070354}\n"
"From remote kernel:"
"\"boundary condition test\" -> {101, 0, 0.8493639478957391}\n"
"From remote kernel:"
"\"boundary condition test\" -> {100, 0, -499773.6298975779}\n"
"From remote kernel:"
"\"block\" -> {106}\n"
"From remote kernel:"
"\"homogeneous id up to\" -> 522\n"
"From remote kernel:"
"\"dropped eqs\" -> {{523 -> 0.}}\n"
"From remote kernel:"
"\"boundary condition test\" -> {106, 0, 341.4031117825527}\n"
"From remote kernel:"
"\"block\" -> {77}\n"
"From remote kernel:"
"\"boundary condition test\" -> {77, 0, -501923.020521476}\n"
"From remote kernel:"
"\"block\" -> {74}\n"
"From remote kernel:"
"\"boundary condition test\" -> {74, 0, -499530.086530768}\n"
"From remote kernel:"
"\"block\" -> {82, 83, 84, 85}\n"
"From remote kernel:"
"\"homogeneous id up to\" -> 2088\n"
"From remote kernel:"
"\"dropped eqs\" -> {{2089 -> 0.}}\n"
"From remote kernel:"
"\"boundary condition test\" -> {85, 0, -127912.84866400555}\n"
"From remote kernel:"
"\"boundary condition test\" -> {84, 0, 170202.53406397867}\n"
"From remote kernel:"
"\"boundary condition test\" -> {83, 0, 2.814690679967525}\n"
"From remote kernel:"
"\"boundary condition test\" -> {82, 0, -501926.5320368661}\n"
"From remote kernel:"
"\"block\" -> {89, 90, 91, 92}\n"
"From remote kernel:"
"\"homogeneous id up to\" -> 2088\n"
"From remote kernel:"
"\"dropped eqs\" -> {{2089 -> 0.}}\n"
"From remote kernel:"
"\"boundary condition test\" -> {92, 0, 498922.0368463661}\n"
"From remote kernel:"
"\"boundary condition test\" -> {91, 0, -3539.6318970539696}\n"
"From remote kernel:"
"\"boundary condition test\" -> {90, 0, -3539.6318970539696}\n"
"From remote kernel:"
"\"boundary condition test\" -> {89, 0, -501930.32985425537}\n"
"From remote kernel:"
"\"block\" -> {80}\n"
"From remote kernel:"
"\"boundary condition test\" -> {80, 0, 0.}\n"
"From remote kernel:"
"\"block\" -> {87, 88}\n"
"From remote kernel:"
"\"boundary condition test\" -> {88, 0, -3539.6318970539696}\n"
"From remote kernel:"
"\"boundary condition test\" -> {87, 0, -500423.83729580103}\n"
"From remote kernel:"
"\"block\" -> {76}\n"
"From remote kernel:"
"\"boundary condition test\" -> {76, 0, -501926.5320368661}\n"
"From remote kernel:"
"\"block\" -> {78}\n"
"From remote kernel:"
"\"boundary condition test\" -> {78, 0, -1.0006995907618877*^6}\n"
"From remote kernel:"
"\"block\" -> {73}\n"
"From remote kernel:"
"\"boundary condition test\" -> {73, 0, -1.000456006753465*^6}\n"
"From remote kernel:"
"\"block\" -> {75}\n"
"From remote kernel:"
"\"boundary condition test\" -> {75, 0, 628.6530669049101}\n"
"From remote kernel:"
"\"block\" -> {79}\n"
"From remote kernel:"
"\"boundary condition test\" -> {79, 0, 0.}\n"
"From remote kernel:"
"\"block\" -> {129}\n"
"From remote kernel:"
"\"boundary condition inserted\" -> {129, 0, -27872.822141199707}\n"
"From remote kernel:"
"\"block\" -> {128}\n"
"From remote kernel:"
"\"boundary condition inserted\" -> {128, 0, -590.1541085614872}\n"
"From remote kernel:"
"\"block\" -> {127}\n"
"From remote kernel:"
"\"boundary condition inserted\" -> {127, 0, -473.0127760177291}\n"
"From remote kernel:"
"\"block\" -> {126}\n"
"From remote kernel:"
"\"boundary condition inserted\" -> {126, 0, 355.42175465553555}\n"
"From remote kernel:"
"\"block\" -> {125}\n"
"From remote kernel:"
"\"boundary condition inserted\" -> {125, 0, 0.26237881408113056}\n"
"From remote kernel:"
"\"block\" -> {124}\n"
"From remote kernel:"
"\"boundary condition inserted\" -> {124, 0, -296.45249153384}\n"
"From remote kernel:"
"\"block\" -> {122}\n"
"From remote kernel:"
"\"boundary condition inserted\" -> {122, 0, -79671.46068764887}\n"
"From remote kernel:"
"\"block\" -> {121}\n"
"From remote kernel:"
"\"boundary condition inserted\" -> {121, 0, -625896.5174917463}\n"
"From remote kernel:"
"\"block\" -> {120}\n"
"From remote kernel:"
"\"boundary condition inserted\" -> {120, 0, 340649.8795577432}\n"
"From remote kernel:"
"\"block\" -> {119}\n"
"From remote kernel:"
"\"boundary condition inserted\" -> {119, 0, -1771.4455472282198}\n"
"From remote kernel:"
"\"block\" -> {99}\n"
"From remote kernel:"
"\"boundary condition inserted\" -> {99, 0, -593.6183858114923}\n"
"From remote kernel:"
"\"block\" -> {98}\n"
"From remote kernel:"
"\"boundary condition inserted\" -> {98, 0, 114.15592785575286}\n"
"From remote kernel:"
"\"block\" -> {96}\n"
"From remote kernel:"
"\"boundary condition inserted\" -> {96, 0, 28421.094737247276}\n"
"From remote kernel:"
"\"block\" -> {95}\n"
"From remote kernel:"
"\"boundary condition inserted\" -> {95, 0, -104048.43295769946}\n"
"From remote kernel:"
"\"block\" -> {94}\n"
"From remote kernel:"
"\"boundary condition inserted\" -> {94, 0, 0.21737502871682984}\n"
"From remote kernel:"
"\"block\" -> {93}\n"
"From remote kernel:"
"\"boundary condition inserted\" -> {93, 0, -1.4217176235692894}\n"
"From remote kernel:"
"\"block\" -> {81}\n"
"From remote kernel:"
"\"boundary condition inserted\" -> {81, 0, -628.0414238366225}\n"
"From remote kernel:"
"\"block\" -> {137, 138, 139, 140, 141}\n"
"From remote kernel:"
"\"homogeneous id up to\" -> 2610\n"
"From remote kernel:"
"\"dropped eqs\" -> {{2611 -> 0.}}\n"
"From remote kernel:"
"\"boundary condition test\" -> {141, 0, 473.0127760177291}\n"
"From remote kernel:"
"\"boundary condition test\" -> {140, 0, -355.42175465553555}\n"
"From remote kernel:"
"\"boundary condition test\" -> {139, 0, -0.26237881408113056}\n"
"From remote kernel:"
"\"boundary condition test\" -> {138, 0, 296.45249153384}\n"
"From remote kernel:"
"\"boundary condition test\" -> {137, 0, 1.8028415801052824}\n"
"From remote kernel:"
"\"block\" -> {142, 143, 144, 145, 146}\n"
"From remote kernel:"
"\"homogeneous id up to\" -> 2610\n"
"From remote kernel:"
"\"dropped eqs\" -> {{2611 -> 0.}, {2611 -> 0.}, {2611 -> 0.}}\n"
"From remote kernel:"
"\"boundary condition test\" -> {146, 0, -69203.68262600286}\n"
"From remote kernel:"
"\"boundary condition test\" -> {145, 0, 593.6183858114923}\n"
"From remote kernel:"
"\"boundary condition test\" -> {144, 0, 593.6183858114923}\n"
"From remote kernel:"
"\"boundary condition test\" -> {143, 0, -114.15592785575286}\n"
"From remote kernel:"
"\"boundary condition test\" -> {142, 0, 628.7020622271576}\n"
"From remote kernel:"
"\"block\" -> {130}\n"
"From remote kernel:"
"\"boundary condition test\" -> {130, 0, 1.4217176235692894}\n"
"From remote kernel:"
"\"block\" -> {132}\n"
"From remote kernel:"
"\"boundary condition test\" -> {132, 0, 628.0414238366225}\n"
"From remote kernel:"
"\"block\" -> {133, 134, 135, 136}\n"
"From remote kernel:"
"\"homogeneous id up to\" -> 2088\n"
"From remote kernel:"
"\"dropped eqs\" -> {{2089 -> 0.}}\n"
"From remote kernel:"
"\"boundary condition test\" -> {136, 0, 625896.5174917463}\n"
"From remote kernel:"
"\"boundary condition test\" -> {135, 0, -340649.8795577432}\n"
"From remote kernel:"
"\"boundary condition test\" -> {134, 0, 1771.4455472282198}\n"
"From remote kernel:"
"\"boundary condition test\" -> {133, 0, 6.745282212920386}\n"
"From remote kernel:"
"\"block\" -> {131}\n"
"From remote kernel:"
"\"boundary condition test\" -> {131, 0, 629.2829797976004}\n"
"From remote kernel:"
"\"block\" -> {150}\n"
"From remote kernel:"
"\"boundary condition inserted\" -> {150, 0, 104365.53691650231}\n"
"From remote kernel:"
"\"block\" -> {149}\n"
"From remote kernel:"
"\"boundary condition inserted\" -> {149, 0, -56833.83163552129}\n"
"From remote kernel:"
"\"block\" -> {148}\n"
"From remote kernel:"
"\"boundary condition inserted\" -> {148, 0, -0.18558142813663184}\n"
"From remote kernel:"
"\"block\" -> {147}\n"
"From remote kernel:"
"\"boundary condition inserted\" -> {147, 0, 1.0241411451464202}\n"
"From remote kernel:"
"\"block\" -> {151, 152, 153, 154, 155}\n"
"From remote kernel:"
"\"homogeneous id up to\" -> 2610\n"
"From remote kernel:"
"\"dropped eqs\" -> {{2611 -> 0.}}\n"
"From remote kernel:"
"\"boundary condition test\" -> {155, 0, -9031.734083857164}\n"
"From remote kernel:"
"\"boundary condition test\" -> {154, 0, 56833.83163552129}\n"
"From remote kernel:"
"\"boundary condition test\" -> {153, 0, -104130.24262969346}\n"
"From remote kernel:"
"\"boundary condition test\" -> {152, 0, 0.18558142813663184}\n"
"From remote kernel:"
"\"boundary condition test\" -> {151, 0, -1.0241411451464202}\n"
"From remote kernel:"
"\"block\" -> {110}\n"
"From remote kernel:"
"\"boundary condition test\" -> {110, 0, -499775.1589266712}\n"
"From remote kernel:"
"\"block\" -> {86}\n"
"From remote kernel:"
"\"homogeneous id up to\" -> 522\n"
"From remote kernel:"
"\"dropped eqs\" -> {{523 -> 0.}}\n"
"From remote kernel:"
"\"boundary condition test\" -> {86, 0, -501930.32985425537}\n"
"From remote kernel:"
"\"block\" -> {49}\n"
"From remote kernel:"
"\"boundary condition test\" -> {49, 0, 0.}\n"
"From remote kernel:"
"\"block\" -> {45}\n"
"From remote kernel:"
"\"homogeneous id up to\" -> 522\n"
"From remote kernel:"
"\"dropped eqs\" -> {{523 -> 0.}}\n"
"From remote kernel:"
"\"boundary condition test\" -> {45, 0, -502176.4992941503}\n"
"From remote kernel:"
"\"block\" -> {53}\n"
"From remote kernel:"
"\"homogeneous id up to\" -> 522\n"
"From remote kernel:"
"\"dropped eqs\" -> {{523 -> 0.}}\n"
"From remote kernel:"
"\"boundary condition test\" -> {53, 0, -251.34147345738242}\n"
"From remote kernel:"
"\"block\" -> {42}\n"
"From remote kernel:"
"\"homogeneous id up to\" -> 522\n"
"From remote kernel:"
"\"dropped eqs\" -> {{523 -> 0.}}\n"
"From remote kernel:"
"\"boundary condition test\" -> {42, 0, -500677.1674539695}\n"
"From remote kernel:"
"\"block\" -> {10}\n"
"From remote kernel:"
"\"boundary condition test\" -> {10, 0, 0.}\n"
"From remote kernel:"
"\"block\" -> {14}\n"
"From remote kernel:"
"\"boundary condition test\" -> {14, 0, 0.}\n"
"From remote kernel:"
"\"block\" -> {123}\n"
"From remote kernel:"
"\"boundary condition inserted\" -> {123, 0, -1.8028415801052824}\n"
"From remote kernel:"
"\"block\" -> {118}\n"
"From remote kernel:"
"\"boundary condition inserted\" -> {118, 0, -6.745282212920386}\n"
"From remote kernel:"
"\"block\" -> {97}\n"
"From remote kernel:"
"\"boundary condition inserted\" -> {97, 0, -628.7020622271576}\n"
"From remote kernel:"
"\"block\" -> {70}\n"
"From remote kernel:"
"\"boundary condition inserted\" -> {70, 0, 499775.1589266712}\n"
"From remote kernel:"
"\"block\" -> {68}\n"
"From remote kernel:"
"\"boundary condition inserted\" -> {68, 0, 501930.32985425537}\n"
"From remote kernel:"
"\"block\" -> {65}\n"
"From remote kernel:"
"\"boundary condition inserted\" -> {65, 0, 499532.0404163329}\n"
"From remote kernel:"
"\"block\" -> {61}\n"
"From remote kernel:"
"\"boundary condition inserted\" -> {61, 0, 499773.6298975779}\n"
"From remote kernel:"
"\"block\" -> {58}\n"
"From remote kernel:"
"\"boundary condition inserted\" -> {58, 0, 501923.020521476}\n"
"From remote kernel:"
"\"block\" -> {56}\n"
"From remote kernel:"
"\"boundary condition inserted\" -> {56, 0, 501926.5320368661}\n"
"From remote kernel:"
"\"block\" -> {28}\n"
"From remote kernel:"
"\"boundary condition inserted\" -> {28, 0, 251.34147345738242}\n"
"From remote kernel:"
"\"block\" -> {25}\n"
"From remote kernel:"
"\"boundary condition inserted\" -> {25, 0, 502176.4992941503}\n"
"From remote kernel:"
"\"block\" -> {23}\n"
"From remote kernel:"
"\"boundary condition inserted\" -> {23, 0, 500677.1674539695}\n"
"From remote kernel:"
"\"block\" -> {20}\n"
"From remote kernel:"
"\"boundary condition inserted\" -> {20, 0, 1.0048437634747402*^6}\n"
"From remote kernel:"
"\"block\" -> {17}\n"
"From remote kernel:"
"\"boundary condition inserted\" -> {17, 0, 1.0025999714547835*^6}\n"
"From remote kernel:"
"\"CalcTaylor: current region\" -> 1/500\n"
"From remote kernel:"
"\"block\" -> {1}\n"
"From remote kernel:"
"\"boundary condition test\" -> {1, 0, 0.}\n"
"From remote kernel:"
"\"block\" -> {11, 12, 13}\n"
"From remote kernel:"
"\"boundary condition inserted\" -> {13, 0, -499925.5058526091}\n"
"From remote kernel:"
"\"boundary condition test\" -> {12, 0, -499925.5058526091}\n"
"From remote kernel:"
"\"boundary condition test\" -> {11, 0, 499925.5058526091}\n"
"From remote kernel:"
"\"block\" -> {6}\n"
"From remote kernel:"
"\"boundary condition inserted\" -> {6, 0, 500927.3605737566}\n"
"From remote kernel:"
"\"block\" -> {5}\n"
"From remote kernel:"
"\"boundary condition inserted\" -> {5, 0, 0.}\n"
"From remote kernel:"
"\"block\" -> {27}\n"
"From remote kernel:"
"\"boundary condition test\" -> {27, 0, 0.}\n"
"From remote kernel:"
"\"block\" -> {26}\n"
"From remote kernel:"
"\"boundary condition test\" -> {26, 0, 0.}\n"
"From remote kernel:"
"\"block\" -> {24}\n"
"From remote kernel:"
"\"boundary condition test\" -> {24, 0, 0.}\n"
"From remote kernel:"
"\"block\" -> {4}\n"
"From remote kernel:"
"\"boundary condition test\" -> {4, 0, 0.}\n"
"From remote kernel:"
"\"block\" -> {2}\n"
"From remote kernel:"
"\"boundary condition test\" -> {2, 0, 0.}\n"
"From remote kernel:"
"\"block\" -> {46, 47, 48}\n"
"From remote kernel:"
"\"boundary condition test\" -> {48, 0, -499925.5058526091}\n"
"From remote kernel:"
"\"boundary condition test\" -> {47, 0, 500927.3605737566}\n"
"From remote kernel:"
"\"boundary condition test\" -> {46, 0, -499925.5058526091}\n"
"From remote kernel:"
"\"block\" -> {36}\n"
"From remote kernel:"
"\"boundary condition test\" -> {36, 0, -499925.5058526091}\n"
"From remote kernel:"
"\"block\" -> {38}\n"
"From remote kernel:"
"\"boundary condition test\" -> {38, 0, 500927.3605737566}\n"
"From remote kernel:"
"\"block\" -> {3}\n"
"From remote kernel:"
"\"boundary condition inserted\" -> {3, 0, 0.}\n"
"From remote kernel:"
"\"block\" -> {15, 16}\n"
"From remote kernel:"
"\"boundary condition inserted\" -> {16, 0, -499925.5058526091}\n"
"From remote kernel:"
"\"boundary condition test\" -> {15, 0, 499925.5058526091}\n"
"From remote kernel:"
"\"block\" -> {35}\n"
"From remote kernel:"
"\"boundary condition test\" -> {35, 0, 0.}\n"
"From remote kernel:"
"\"block\" -> {67}\n"
"From remote kernel:"
"\"boundary condition test\" -> {67, 0, 0.}\n"
"From remote kernel:"
"\"block\" -> {66}\n"
"From remote kernel:"
"\"boundary condition test\" -> {66, 0, 0.}\n"
"From remote kernel:"
"\"block\" -> {29}\n"
"From remote kernel:"
"\"boundary condition test\" -> {29, 0, 0.}\n"
"From remote kernel:"
"\"block\" -> {22}\n"
"From remote kernel:"
"\"boundary condition test\" -> {22, 0, 0.}\n"
"From remote kernel:"
"\"block\" -> {21}\n"
"From remote kernel:"
"\"boundary condition test\" -> {21, 0, 0.}\n"
"From remote kernel:"
"\"block\" -> {19}\n"
"From remote kernel:"
"\"boundary condition test\" -> {19, 0, 0.}\n"
"From remote kernel:"
"\"block\" -> {18}\n"
"From remote kernel:"
"\"boundary condition test\" -> {18, 0, 0.}\n"
"From remote kernel:"
"\"block\" -> {9}\n"
"From remote kernel:"
"\"boundary condition test\" -> {9, 0, 0.}\n"
"From remote kernel:"
"\"block\" -> {8}\n"
"From remote kernel:"
"\"boundary condition test\" -> {8, 0, 0.}\n"
"From remote kernel:"
"\"block\" -> {7}\n"
"From remote kernel:"
"\"boundary condition test\" -> {7, 0, 0.}\n"
"From remote kernel:"
"\"block\" -> {105, 107, 108, 109}\n"
"From remote kernel:"
"\"boundary condition test\" -> {109, 0, -1.002351639085493*^6}\n"
"From remote kernel:"
"\"boundary condition test\" -> {108, 0, -1.0008508627169235*^6}\n"
"From remote kernel:"
"\"boundary condition test\" -> {107, 0, -499925.5058526091}\n"
"From remote kernel:"
"\"boundary condition test\" -> {105, 0, -499925.5058526091}\n"
"From remote kernel:"
"\"block\" -> {50, 51, 52}\n"
"From remote kernel:"
"\"boundary condition test\" -> {52, 0, -499.92550585260915}\n"
"From remote kernel:"
"\"boundary condition test\" -> {51, 0, -1.0008508627169235*^6}\n"
"From remote kernel:"
"\"boundary condition test\" -> {50, 0, -499.92550585260915}\n"
"From remote kernel:"
"\"block\" -> {33}\n"
"From remote kernel:"
"\"boundary condition test\" -> {33, 0, 500927.3605737566}\n"
"From remote kernel:"
"\"block\" -> {32}\n"
"From remote kernel:"
"\"boundary condition test\" -> {32, 0, 500927.3605737566}\n"
"From remote kernel:"
"\"block\" -> {54, 55}\n"
"From remote kernel:"
"\"boundary condition test\" -> {55, 0, -499925.5058526091}\n"
"From remote kernel:"
"\"boundary condition test\" -> {54, 0, 500927.3605737566}\n"
"From remote kernel:"
"\"block\" -> {43, 44}\n"
"From remote kernel:"
"\"boundary condition test\" -> {44, 0, -499925.5058526091}\n"
"From remote kernel:"
"\"boundary condition test\" -> {43, 0, 500927.3605737566}\n"
"From remote kernel:"
"\"block\" -> {31}\n"
"From remote kernel:"
"\"boundary condition inserted\" -> {31, 0, 0.}\n"
"From remote kernel:"
"\"block\" -> {34}\n"
"From remote kernel:"
"\"boundary condition test\" -> {34, 0, 0.}\n"
"From remote kernel:"
"\"block\" -> {30}\n"
"From remote kernel:"
"\"boundary condition test\" -> {30, 0, 0.}\n"
"From remote kernel:"
"\"block\" -> {39}\n"
"From remote kernel:"
"\"boundary condition test\" -> {39, 0, 0.}\n"
"From remote kernel:"
"\"block\" -> {72}\n"
"From remote kernel:"
"\"boundary condition test\" -> {72, 0, 0.}\n"
"From remote kernel:"
"\"block\" -> {71}\n"
"From remote kernel:"
"\"boundary condition test\" -> {71, 0, 0.}\n"
"From remote kernel:"
"\"block\" -> {69}\n"
"From remote kernel:"
"\"boundary condition test\" -> {69, 0, 0.}\n"
"From remote kernel:"
"\"block\" -> {64}\n"
"From remote kernel:"
"\"boundary condition test\" -> {64, 0, 0.}\n"
"From remote kernel:"
"\"block\" -> {63}\n"
"From remote kernel:"
"\"boundary condition test\" -> {63, 0, 0.}\n"
"From remote kernel:"
"\"block\" -> {62}\n"
"From remote kernel:"
"\"boundary condition test\" -> {62, 0, 0.}\n"
"From remote kernel:"
"\"block\" -> {60}\n"
"From remote kernel:"
"\"boundary condition test\" -> {60, 0, 0.}\n"
"From remote kernel:"
"\"block\" -> {59}\n"
"From remote kernel:"
"\"boundary condition test\" -> {59, 0, 0.}\n"
"From remote kernel:"
"\"block\" -> {57}\n"
"From remote kernel:"
"\"boundary condition test\" -> {57, 0, 0.}\n"
"From remote kernel:"
"\"block\" -> {41}\n"
"From remote kernel:"
"\"boundary condition test\" -> {41, 0, 0.}\n"
"From remote kernel:"
"\"block\" -> {40}\n"
"From remote kernel:"
"\"boundary condition test\" -> {40, 0, 0.}\n"
"From remote kernel:"
"\"block\" -> {37}\n"
"From remote kernel:"
"\"boundary condition test\" -> {37, 0, 0.}\n"
"From remote kernel:"
"\"block\" -> {111, 112, 113, 114, 115, 116, 117}\n"
"From remote kernel:"
"\"homogeneous id up to\" -> 3654\n"
"From remote kernel:"
"\"dropped eqs\" -> {{3655 -> 0.}, {3655 -> 0.}, {3655 -> 0.}, {3655 -> 0.}, {3655 -> 0.}, {3655 -> 0.}}\n"
"From remote kernel:"
"\"boundary condition test\" -> {117, 0, -1.002351639085493*^6}\n"
"From remote kernel:"
"\"boundary condition test\" -> {116, 0, -1.002351639085493*^6}\n"
"From remote kernel:"
"\"boundary condition test\" -> {115, 0, -499.92550585260915}\n"
"From remote kernel:"
"\"boundary condition test\" -> {114, 0, -1.0008508627169235*^6}\n"
"From remote kernel:"
"\"boundary condition test\" -> {113, 0, -499925.5058526091}\n"
"From remote kernel:"
"\"boundary condition test\" -> {112, 0, -499.92550585260915}\n"
"From remote kernel:"
"\"boundary condition test\" -> {111, 0, 500925.35686431435}\n"
"From remote kernel:"
"\"block\" -> {100, 101, 102, 103, 104}\n"
"From remote kernel:"
"\"boundary condition test\" -> {104, 0, -1.002351639085493*^6}\n"
"From remote kernel:"
"\"boundary condition test\" -> {103, 0, -1.0008508627169235*^6}\n"
"From remote kernel:"
"\"boundary condition test\" -> {102, 0, -499.92550585260915}\n"
"From remote kernel:"
"\"boundary condition test\" -> {101, 0, -499925.5058526091}\n"
"From remote kernel:"
"\"boundary condition test\" -> {100, 0, -499925.5058526091}\n"
"From remote kernel:"
"\"block\" -> {106}\n"
"From remote kernel:"
"\"homogeneous id up to\" -> 522\n"
"From remote kernel:"
"\"dropped eqs\" -> {{523 -> 0.}}\n"
"From remote kernel:"
"\"boundary condition test\" -> {106, 0, -499.92550585260915}\n"
"From remote kernel:"
"\"block\" -> {77}\n"
"From remote kernel:"
"\"boundary condition test\" -> {77, 0, 500927.3605737566}\n"
"From remote kernel:"
"\"block\" -> {74}\n"
"From remote kernel:"
"\"boundary condition test\" -> {74, 0, -499925.5058526091}\n"
"From remote kernel:"
"\"block\" -> {82, 83, 84, 85}\n"
"From remote kernel:"
"\"homogeneous id up to\" -> 2088\n"
"From remote kernel:"
"\"dropped eqs\" -> {{2089 -> 0.}}\n"
"From remote kernel:"
"\"boundary condition test\" -> {85, 0, -499.92550585260915}\n"
"From remote kernel:"
"\"boundary condition test\" -> {84, 0, -1.0008508627169235*^6}\n"
"From remote kernel:"
"\"boundary condition test\" -> {83, 0, -499925.5058526091}\n"
"From remote kernel:"
"\"boundary condition test\" -> {82, 0, -499925.5058526091}\n"
"From remote kernel:"
"\"block\" -> {89, 90, 91, 92}\n"
"From remote kernel:"
"\"homogeneous id up to\" -> 2088\n"
"From remote kernel:"
"\"dropped eqs\" -> {{2089 -> 0.}}\n"
"From remote kernel:"
"\"boundary condition test\" -> {92, 0, -499.92550585260915}\n"
"From remote kernel:"
"\"boundary condition test\" -> {91, 0, -1.0008508627169235*^6}\n"
"From remote kernel:"
"\"boundary condition test\" -> {90, 0, -499925.5058526091}\n"
"From remote kernel:"
"\"boundary condition test\" -> {89, 0, -499925.5058526091}\n"
"From remote kernel:"
"\"block\" -> {80}\n"
"From remote kernel:"
"\"boundary condition test\" -> {80, 0, -499.92550585260915}\n"
"From remote kernel:"
"\"block\" -> {87, 88}\n"
"From remote kernel:"
"\"boundary condition test\" -> {88, 0, -499925.5058526091}\n"
"From remote kernel:"
"\"boundary condition test\" -> {87, 0, 500927.3605737566}\n"
"From remote kernel:"
"\"block\" -> {76}\n"
"From remote kernel:"
"\"boundary condition test\" -> {76, 0, 500927.3605737566}\n"
"From remote kernel:"
"\"block\" -> {78}\n"
"From remote kernel:"
"\"boundary condition test\" -> {78, 0, 0.}\n"
"From remote kernel:"
"\"block\" -> {73}\n"
"From remote kernel:"
"\"boundary condition test\" -> {73, 0, 0.}\n"
"From remote kernel:"
"\"block\" -> {75}\n"
"From remote kernel:"
"\"boundary condition test\" -> {75, 0, 0.}\n"
"From remote kernel:"
"\"block\" -> {79}\n"
"From remote kernel:"
"\"boundary condition test\" -> {79, 0, 0.}\n"
"From remote kernel:"
"\"block\" -> {129}\n"
"From remote kernel:"
"\"boundary condition test\" -> {129, 0, 0.}\n"
"From remote kernel:"
"\"block\" -> {128}\n"
"From remote kernel:"
"\"boundary condition test\" -> {128, 0, 0.}\n"
"From remote kernel:"
"\"block\" -> {127}\n"
"From remote kernel:"
"\"boundary condition test\" -> {127, 0, 0.}\n"
"From remote kernel:"
"\"block\" -> {126}\n"
"From remote kernel:"
"\"boundary condition test\" -> {126, 0, 0.}\n"
"From remote kernel:"
"\"block\" -> {125}\n"
"From remote kernel:"
"\"boundary condition test\" -> {125, 0, 0.}\n"
"From remote kernel:"
"\"block\" -> {124}\n"
"From remote kernel:"
"\"boundary condition test\" -> {124, 0, 0.}\n"
"From remote kernel:"
"\"block\" -> {122}\n"
"From remote kernel:"
"\"boundary condition test\" -> {122, 0, 0.}\n"
"From remote kernel:"
"\"block\" -> {121}\n"
"From remote kernel:"
"\"boundary condition test\" -> {121, 0, 0.}\n"
"From remote kernel:"
"\"block\" -> {120}\n"
"From remote kernel:"
"\"boundary condition test\" -> {120, 0, 0.}\n"
"From remote kernel:"
"\"block\" -> {119}\n"
"From remote kernel:"
"\"boundary condition test\" -> {119, 0, 0.}\n"
"From remote kernel:"
"\"block\" -> {99}\n"
"From remote kernel:"
"\"boundary condition test\" -> {99, 0, 0.}\n"
"From remote kernel:"
"\"block\" -> {98}\n"
"From remote kernel:"
"\"boundary condition test\" -> {98, 0, 0.}\n"
"From remote kernel:"
"\"block\" -> {96}\n"
"From remote kernel:"
"\"boundary condition test\" -> {96, 0, 0.}\n"
"From remote kernel:"
"\"block\" -> {95}\n"
"From remote kernel:"
"\"boundary condition test\" -> {95, 0, 0.}\n"
"From remote kernel:"
"\"block\" -> {94}\n"
"From remote kernel:"
"\"boundary condition test\" -> {94, 0, 0.}\n"
"From remote kernel:"
"\"block\" -> {93}\n"
"From remote kernel:"
"\"boundary condition test\" -> {93, 0, 0.}\n"
"From remote kernel:"
"\"block\" -> {81}\n"
"From remote kernel:"
"\"boundary condition test\" -> {81, 0, 0.}\n"
"From remote kernel:"
"\"block\" -> {137, 138, 139, 140, 141}\n"
"From remote kernel:"
"\"boundary condition test\" -> {141, 0, -1.0008508627169235*^6}\n"
"From remote kernel:"
"\"boundary condition test\" -> {140, 0, -499925.5058526091}\n"
"From remote kernel:"
"\"boundary condition test\" -> {139, 0, -499.92550585260915}\n"
"From remote kernel:"
"\"boundary condition test\" -> {138, 0, -499925.5058526091}\n"
"From remote kernel:"
"\"boundary condition test\" -> {137, 0, -499925.5058526091}\n"
"From remote kernel:"
"\"block\" -> {142, 143, 144, 145, 146}\n"
"From remote kernel:"
"\"homogeneous id up to\" -> 2610\n"
"From remote kernel:"
"\"dropped eqs\" -> {{2611 -> 0.}, {2611 -> 0.}, {2611 -> 0.}, {2611 -> 0.}, {2611 -> 0.}, {2611 -> 0.}}\n"
"From remote kernel:"
"\"boundary condition test\" -> {146, 0, -166.97511895477146}\n"
"From remote kernel:"
"\"boundary condition test\" -> {145, 0, -1.002351639085493*^6}\n"
"From remote kernel:"
"\"boundary condition test\" -> {144, 0, -499.92550585260915}\n"
"From remote kernel:"
"\"boundary condition test\" -> {143, 0, -166.97511895477146}\n"
"From remote kernel:"
"\"boundary condition test\" -> {142, 0, -499.92550585260915}\n"
"From remote kernel:"
"\"block\" -> {130}\n"
"From remote kernel:"
"\"boundary condition test\" -> {130, 0, -499925.5058526091}\n"
"From remote kernel:"
"\"block\" -> {132}\n"
"From remote kernel:"
"\"boundary condition test\" -> {132, 0, -499.92550585260915}\n"
"From remote kernel:"
"\"block\" -> {133, 134, 135, 136}\n"
"From remote kernel:"
"\"homogeneous id up to\" -> 2088\n"
"From remote kernel:"
"\"dropped eqs\" -> {{2089 -> 0.}}\n"
"From remote kernel:"
"\"boundary condition test\" -> {136, 0, -499.92550585260915}\n"
"From remote kernel:"
"\"boundary condition test\" -> {135, 0, -1.0008508627169235*^6}\n"
"From remote kernel:"
"\"boundary condition test\" -> {134, 0, -499925.5058526091}\n"
"From remote kernel:"
"\"boundary condition test\" -> {133, 0, -499925.5058526091}\n"
"From remote kernel:"
"\"block\" -> {131}\n"
"From remote kernel:"
"\"boundary condition test\" -> {131, 0, 0.}\n"
"From remote kernel:"
"\"block\" -> {150}\n"
"From remote kernel:"
"\"boundary condition test\" -> {150, 0, 0.}\n"
"From remote kernel:"
"\"block\" -> {149}\n"
"From remote kernel:"
"\"boundary condition test\" -> {149, 0, 0.}\n"
"From remote kernel:"
"\"block\" -> {148}\n"
"From remote kernel:"
"\"boundary condition test\" -> {148, 0, 0.}\n"
"From remote kernel:"
"\"block\" -> {147}\n"
"From remote kernel:"
"\"boundary condition test\" -> {147, 0, 0.}\n"
"From remote kernel:"
"\"block\" -> {151, 152, 153, 154, 155}\n"
"From remote kernel:"
"\"homogeneous id up to\" -> 2610\n"
"From remote kernel:"
"\"dropped eqs\" -> {{2611 -> 0.}, {2611 -> 0.}, {2611 -> 0.}, {2611 -> 0.}, {2611 -> 0.}}\n"
"From remote kernel:"
"\"boundary condition test\" -> {155, 0, -3.0080572688955646*^6}\n"
"From remote kernel:"
"\"boundary condition test\" -> {154, 0, -1.002351639085493*^6}\n"
"From remote kernel:"
"\"boundary condition test\" -> {153, 0, -499.92550585260915}\n"
"From remote kernel:"
"\"boundary condition test\" -> {152, 0, -166.97511895477146}\n"
"From remote kernel:"
"\"boundary condition test\" -> {151, 0, -499.92550585260915}\n"
"From remote kernel:"
"\"block\" -> {110}\n"
"From remote kernel:"
"\"boundary condition test\" -> {110, 0, -499925.5058526091}\n"
"From remote kernel:"
"\"block\" -> {86}\n"
"From remote kernel:"
"\"boundary condition test\" -> {86, 0, 500927.3605737566}\n"
"From remote kernel:"
"\"block\" -> {49}\n"
"From remote kernel:"
"\"boundary condition test\" -> {49, 0, -499925.5058526091}\n"
"From remote kernel:"
"\"block\" -> {45}\n"
"From remote kernel:"
"\"boundary condition test\" -> {45, 0, 500927.3605737566}\n"
"From remote kernel:"
"\"block\" -> {53}\n"
"From remote kernel:"
"\"boundary condition test\" -> {53, 0, 500927.3605737566}\n"
"From remote kernel:"
"\"block\" -> {42}\n"
"From remote kernel:"
"\"boundary condition test\" -> {42, 0, 500927.3605737566}\n"
"From remote kernel:"
"\"block\" -> {10}\n"
"From remote kernel:"
"\"boundary condition test\" -> {10, 0, 500927.3605737566}\n"
"From remote kernel:"
"\"block\" -> {14}\n"
"From remote kernel:"
"\"boundary condition test\" -> {14, 0, 500927.3605737566}\n"
"From remote kernel:"
"\"block\" -> {123}\n"
"From remote kernel:"
"\"boundary condition test\" -> {123, 0, 0.}\n"
"From remote kernel:"
"\"block\" -> {118}\n"
"From remote kernel:"
"\"boundary condition test\" -> {118, 0, 0.}\n"
"From remote kernel:"
"\"block\" -> {97}\n"
"From remote kernel:"
"\"boundary condition test\" -> {97, 0, 0.}\n"
"From remote kernel:"
"\"block\" -> {70}\n"
"From remote kernel:"
"\"boundary condition test\" -> {70, 0, 0.}\n"
"From remote kernel:"
"\"block\" -> {68}\n"
"From remote kernel:"
"\"boundary condition test\" -> {68, 0, 0.}\n"
"From remote kernel:"
"\"block\" -> {65}\n"
"From remote kernel:"
"\"boundary condition test\" -> {65, 0, 0.}\n"
"From remote kernel:"
"\"block\" -> {61}\n"
"From remote kernel:"
"\"boundary condition test\" -> {61, 0, 0.}\n"
"From remote kernel:"
"\"block\" -> {58}\n"
"From remote kernel:"
"\"boundary condition test\" -> {58, 0, 0.}\n"
"From remote kernel:"
"\"block\" -> {56}\n"
"From remote kernel:"
"\"boundary condition test\" -> {56, 0, 0.}\n"
"From remote kernel:"
"\"block\" -> {28}\n"
"From remote kernel:"
"\"boundary condition test\" -> {28, 0, 0.}\n"
"From remote kernel:"
"\"block\" -> {25}\n"
"From remote kernel:"
"\"boundary condition test\" -> {25, 0, 0.}\n"
"From remote kernel:"
"\"block\" -> {23}\n"
"From remote kernel:"
"\"boundary condition test\" -> {23, 0, 0.}\n"
"From remote kernel:"
"\"block\" -> {20}\n"
"From remote kernel:"
"\"boundary condition test\" -> {20, 0, 0.}\n"
"From remote kernel:"
"\"block\" -> {17}\n"
"From remote kernel:"
"\"boundary condition test\" -> {17, 0, 0.}\n"
"From remote kernel:"
"\"AMFlow: Infinity solved in 188s.\"\n"
"From remote kernel:"
"\"AMFlow: running among regular points...\"\n"
"From remote kernel:"
"\"current regular point\" -> 135.7640073602733 - 193.94858194324758*I\n"
"From remote kernel:"
"\"current regular point\" -> 79.92976337421045 - 114.18537624887206*I\n"
"From remote kernel:"
"\"current regular point\" -> 45.383569183479906 - 64.83367026211415*I\n"
"From remote kernel:"
"\"current regular point\" -> 23.761548069720565 - 33.94506867102938*I\n"
"From remote kernel:"
"\"current regular point\" -> 12.890347123365204 - 18.414781604807438*I\n"
"From remote kernel:"
"\"current regular point\" -> 7.335506201360635 - 10.479294573372336*I\n"
"From remote kernel:"
"\"current regular point\" -> 4.52991104674117 - 6.4713014953445285*I\n"
"From remote kernel:"
"\"current regular point\" -> 3.114594611773817 - 4.449420873962596*I\n"
"From remote kernel:"
"\"current regular point\" -> 2.382272617730644 - 3.4032465967580627*I\n"
"From remote kernel:"
"\"current regular point\" -> 1.9693412926779381 - 2.8133447038256256*I\n"
"From remote kernel:"
"\"current regular point\" -> 1.6821351424052393 - 2.4030502034360564*I\n"
"From remote kernel:"
"\"current regular point\" -> 1.4146760776606744 - 2.020965825229535*I\n"
"From remote kernel:"
"\"current regular point\" -> 1.1009533124352242 - 1.5727904463360345*I\n"
"From remote kernel:"
"\"current regular point\" -> 0.7151653109674664 - 1.0216647299535233*I\n"
"From remote kernel:"
"\"current regular point\" -> 0.44172712010660947 - 0.6310387430094422*I\n"
"From remote kernel:"
"\"current regular point\" -> 0.2581387441654284 - 0.36876963452204065*I\n"
"From remote kernel:"
"\"current regular point\" -> 0.150225202074524 - 0.21460743153503428*I\n"
"From remote kernel:"
"\"AMFlow: regular running finished in 362s.\"\n"
"From remote kernel:"
"\"AMFlow: solving near the last point...\"\n"
"From remote kernel:"
"\"NormalizeMat finished in 100s.\"\n"
"From remote kernel:"
"\"LearnXOrder is negative. skip learning phase.\"\n"
"From remote kernel:"
"\"block\" -> {1}\n"
"From remote kernel:"
"\"behavior\" -> {{0, 0}}\n"
"From remote kernel:"
"\"number of constraints and variables\" -> {1, 1}\n"
"From remote kernel:"
"\"block\" -> {11, 12, 13}\n"
"From remote kernel:"
"\"behavior\" -> {{0, 1}}\n"
"From remote kernel:"
"\"number of constraints and variables\" -> {3, 3}\n"
"From remote kernel:"
"\"block\" -> {5}\n"
"From remote kernel:"
"\"behavior\" -> {{499/500, 0}, {0, 0}}\n"
"From remote kernel:"
"\"number of constraints and variables\" -> {1, 1}\n"
"From remote kernel:"
"\"block\" -> {27}\n"
"From remote kernel:"
"\"behavior\" -> {{0, 0}}\n"
"From remote kernel:"
"\"number of constraints and variables\" -> {1, 1}\n"
"From remote kernel:"
"\"block\" -> {26}\n"
"From remote kernel:"
"\"behavior\" -> {{0, 0}}\n"
"From remote kernel:"
"\"number of constraints and variables\" -> {1, 1}\n"
"From remote kernel:"
"\"block\" -> {46, 47, 48}\n"
"From remote kernel:"
"\"behavior\" -> {{0, 2}, {499/500, 1}}\n"
"From remote kernel:"
"\"number of constraints and variables\" -> {6, 6}\n"
"From remote kernel:"
"\"block\" -> {6}\n"
"From remote kernel:"
"\"behavior\" -> {{499/500, 0}, {0, 0}}\n"
"From remote kernel:"
"\"number of constraints and variables\" -> {1, 1}\n"
"From remote kernel:"
"\"block\" -> {24}\n"
"From remote kernel:"
"\"behavior\" -> {{0, 0}}\n"
"From remote kernel:"
"\"number of constraints and variables\" -> {1, 1}\n"
"From remote kernel:"
"\"block\" -> {4}\n"
"From remote kernel:"
"\"behavior\" -> {{0, 0}}\n"
"From remote kernel:"
"\"number of constraints and variables\" -> {1, 1}\n"
"From remote kernel:"
"\"block\" -> {108}\n"
"From remote kernel:"
"\"behavior\" -> {{499/500, 2}, {0, 2}}\n"
"From remote kernel:"
"\"number of constraints and variables\" -> {1, 1}\n"
"From remote kernel:"
"\"block\" -> {36}\n"
"From remote kernel:"
"\"behavior\" -> {{499/500, 0}, {0, 1}}\n"
"From remote kernel:"
"\"number of constraints and variables\" -> {1, 1}\n"
"From remote kernel:"
"\"block\" -> {38}\n"
"From remote kernel:"
"\"behavior\" -> {{249/250, 0}, {0, 0}, {499/500, 0}}\n"
"From remote kernel:"
"\"number of constraints and variables\" -> {1, 1}\n"
"From remote kernel:"
"\"block\" -> {15, 16}\n"
"From remote kernel:"
"\"behavior\" -> {{0, 0}, {249/250, 0}}\n"
"From remote kernel:"
"\"number of constraints and variables\" -> {4, 4}\n"
"From remote kernel:"
"\"block\" -> {35}\n"
"From remote kernel:"
"\"behavior\" -> {{499/500, 0}, {0, 0}}\n"
"From remote kernel:"
"\"number of constraints and variables\" -> {1, 1}\n"
"From remote kernel:"
"\"block\" -> {67}\n"
"From remote kernel:"
"\"behavior\" -> {{0, 0}}\n"
"From remote kernel:"
"\"number of constraints and variables\" -> {1, 1}\n"
"From remote kernel:"
"\"block\" -> {66}\n"
"From remote kernel:"
"\"behavior\" -> {{0, 0}}\n"
"From remote kernel:"
"\"number of constraints and variables\" -> {1, 1}\n"
"From remote kernel:"
"\"block\" -> {29}\n"
"From remote kernel:"
"\"behavior\" -> {{0, 0}}\n"
"From remote kernel:"
"\"number of constraints and variables\" -> {1, 1}\n"
"From remote kernel:"
"\"block\" -> {7}\n"
"From remote kernel:"
"\"behavior\" -> {{0, 0}}\n"
"From remote kernel:"
"\"number of constraints and variables\" -> {1, 1}\n"
"From remote kernel:"
"\"block\" -> {2}\n"
"From remote kernel:"
"\"behavior\" -> {{0, 0}}\n"
"From remote kernel:"
"\"number of constraints and variables\" -> {1, 1}\n"
"From remote kernel:"
"\"block\" -> {105, 107, 109}\n"
"From remote kernel:"
"\"behavior\" -> {{0, 3}, {499/500, 3}, {249/250, 0}}\n"
"From remote kernel:"
"\"number of constraints and variables\" -> {6, 6}\n"
"From remote kernel:"
"\"block\" -> {50, 51, 52}\n"
"From remote kernel:"
"\"behavior\" -> {{0, 2}, {249/250, 0}}\n"
"From remote kernel:"
"\"number of constraints and variables\" -> {3, 3}\n"
"From remote kernel:"
"\"block\" -> {54, 55}\n"
"From remote kernel:"
"\"behavior\" -> {{0, 1}, {499/500, 0}, {249/250, 0}}\n"
"From remote kernel:"
"\"number of constraints and variables\" -> {4, 4}\n"
"From remote kernel:"
"\"block\" -> {3}\n"
"From remote kernel:"
"\"behavior\" -> {{0, 1}}\n"
"From remote kernel:"
"\"number of constraints and variables\" -> {1, 1}\n"
"From remote kernel:"
"\"block\" -> {39}\n"
"From remote kernel:"
"\"behavior\" -> {{499/500, 0}, {0, 0}}\n"
"From remote kernel:"
"\"number of constraints and variables\" -> {1, 1}\n"
"From remote kernel:"
"\"block\" -> {72}\n"
"From remote kernel:"
"\"behavior\" -> {{0, 0}}\n"
"From remote kernel:"
"\"number of constraints and variables\" -> {1, 1}\n"
"From remote kernel:"
"\"block\" -> {71}\n"
"From remote kernel:"
"\"behavior\" -> {{0, 0}}\n"
"From remote kernel:"
"\"number of constraints and variables\" -> {1, 1}\n"
"From remote kernel:"
"\"block\" -> {69}\n"
"From remote kernel:"
"\"behavior\" -> {{0, 0}}\n"
"From remote kernel:"
"\"number of constraints and variables\" -> {1, 1}\n"
"From remote kernel:"
"\"block\" -> {37}\n"
"From remote kernel:"
"\"behavior\" -> {{0, 0}}\n"
"From remote kernel:"
"\"number of constraints and variables\" -> {1, 1}\n"
"From remote kernel:"
"\"block\" -> {22}\n"
"From remote kernel:"
"\"behavior\" -> {{0, 0}}\n"
"From remote kernel:"
"\"number of constraints and variables\" -> {1, 1}\n"
"From remote kernel:"
"\"block\" -> {21}\n"
"From remote kernel:"
"\"behavior\" -> {{0, 0}}\n"
"From remote kernel:"
"\"number of constraints and variables\" -> {1, 1}\n"
"From remote kernel:"
"\"block\" -> {19}\n"
"From remote kernel:"
"\"behavior\" -> {{0, 0}}\n"
"From remote kernel:"
"\"number of constraints and variables\" -> {1, 1}\n"
"From remote kernel:"
"\"block\" -> {18}\n"
"From remote kernel:"
"\"behavior\" -> {{0, 0}}\n"
"From remote kernel:"
"\"number of constraints and variables\" -> {1, 1}\n"
"From remote kernel:"
"\"block\" -> {9}\n"
"From remote kernel:"
"\"behavior\" -> {{0, 0}}\n"
"From remote kernel:"
"\"number of constraints and variables\" -> {1, 1}\n"
"From remote kernel:"
"\"block\" -> {8}\n"
"From remote kernel:"
"\"behavior\" -> {{0, 0}}\n"
"From remote kernel:"
"\"number of constraints and variables\" -> {1, 1}\n"
"From remote kernel:"
"\"block\" -> {111, 112, 113, 114, 115, 116, 117}\n"
"From remote kernel:"
"\"behavior\" -> {{0, 3}, {499/500, 2}, {249/250, 0}}\n"
"From remote kernel:"
"\"number of constraints and variables\" -> {14, 14}\n"
"From remote kernel:"
"\"block\" -> {106}\n"
"From remote kernel:"
"\"behavior\" -> {{0, 4}, {499/500, 3}, {249/250, 0}}\n"
"From remote kernel:"
"\"number of constraints and variables\" -> {1, 1}\n"
"From remote kernel:"
"\"block\" -> {89, 90, 91}\n"
"From remote kernel:"
"\"behavior\" -> {{0, 2}, {499/500, 1}, {249/250, 0}}\n"
"From remote kernel:"
"\"number of constraints and variables\" -> {6, 6}\n"
"From remote kernel:"
"\"block\" -> {80}\n"
"From remote kernel:"
"\"behavior\" -> {{499/500, 0}, {0, 2}, {249/250, 0}}\n"
"From remote kernel:"
"\"number of constraints and variables\" -> {1, 1}\n"
"From remote kernel:"
"\"block\" -> {33}\n"
"From remote kernel:"
"\"behavior\" -> {{0, 2}}\n"
"From remote kernel:"
"\"number of constraints and variables\" -> {1, 1}\n"
"From remote kernel:"
"\"block\" -> {32}\n"
"From remote kernel:"
"\"behavior\" -> {{499/500, 1}, {0, 1}}\n"
"From remote kernel:"
"\"number of constraints and variables\" -> {1, 1}\n"
"From remote kernel:"
"\"block\" -> {43, 44}\n"
"From remote kernel:"
"\"behavior\" -> {{0, 1}, {249/250, 1}}\n"
"From remote kernel:"
"\"number of constraints and variables\" -> {4, 4}\n"
"From remote kernel:"
"\"block\" -> {31}\n"
"From remote kernel:"
"\"behavior\" -> {{499/500, 0}, {0, 1}}\n"
"From remote kernel:"
"\"number of constraints and variables\" -> {1, 1}\n"
"From remote kernel:"
"\"block\" -> {34}\n"
"From remote kernel:"
"\"behavior\" -> {{0, 1}}\n"
"From remote kernel:"
"\"number of constraints and variables\" -> {1, 1}\n"
"From remote kernel:"
"\"block\" -> {30}\n"
"From remote kernel:"
"\"behavior\" -> {{0, 1}}\n"
"From remote kernel:"
"\"number of constraints and variables\" -> {1, 1}\n"
"From remote kernel:"
"\"block\" -> {79}\n"
"From remote kernel:"
"\"behavior\" -> {{499/500, 0}, {0, 0}}\n"
"From remote kernel:"
"\"number of constraints and variables\" -> {1, 1}\n"
"From remote kernel:"
"\"block\" -> {99}\n"
"From remote kernel:"
"\"behavior\" -> {{0, 0}}\n"
"From remote kernel:"
"\"number of constraints and variables\" -> {1, 1}\n"
"From remote kernel:"
"\"block\" -> {98}\n"
"From remote kernel:"
"\"behavior\" -> {{0, 0}}\n"
"From remote kernel:"
"\"number of constraints and variables\" -> {1, 1}\n"
"From remote kernel:"
"\"block\" -> {64}\n"
"From remote kernel:"
"\"behavior\" -> {{0, 0}}\n"
"From remote kernel:"
"\"number of constraints and variables\" -> {1, 1}\n"
"From remote kernel:"
"\"block\" -> {63}\n"
"From remote kernel:"
"\"behavior\" -> {{0, 0}}\n"
"From remote kernel:"
"\"number of constraints and variables\" -> {1, 1}\n"
"From remote kernel:"
"\"block\" -> {62}\n"
"From remote kernel:"
"\"behavior\" -> {{0, 0}}\n"
"From remote kernel:"
"\"number of constraints and variables\" -> {1, 1}\n"
"From remote kernel:"
"\"block\" -> {60}\n"
"From remote kernel:"
"\"behavior\" -> {{0, 0}}\n"
"From remote kernel:"
"\"number of constraints and variables\" -> {1, 1}\n"
"From remote kernel:"
"\"block\" -> {59}\n"
"From remote kernel:"
"\"behavior\" -> {{0, 0}}\n"
"From remote kernel:"
"\"number of constraints and variables\" -> {1, 1}\n"
"From remote kernel:"
"\"block\" -> {57}\n"
"From remote kernel:"
"\"behavior\" -> {{0, 0}}\n"
"From remote kernel:"
"\"number of constraints and variables\" -> {1, 1}\n"
"From remote kernel:"
"\"block\" -> {41}\n"
"From remote kernel:"
"\"behavior\" -> {{0, 0}}\n"
"From remote kernel:"
"\"number of constraints and variables\" -> {1, 1}\n"
"From remote kernel:"
"\"block\" -> {40}\n"
"From remote kernel:"
"\"behavior\" -> {{0, 0}}\n"
"From remote kernel:"
"\"number of constraints and variables\" -> {1, 1}\n"
"From remote kernel:"
"\"block\" -> {142, 143, 144, 145}\n"
"From remote kernel:"
"\"behavior\" -> {{0, 5}, {499/500, 4}, {249/250, 0}}\n"
"From remote kernel:"
"\"number of constraints and variables\" -> {8, 8}\n"
"From remote kernel:"
"\"block\" -> {100, 101, 102, 103, 104}\n"
"From remote kernel:"
"\"behavior\" -> {{0, 3}, {499/500, 0}, {249/250, 1}}\n"
"From remote kernel:"
"\"number of constraints and variables\" -> {10, 10}\n"
"From remote kernel:"
"\"block\" -> {77}\n"
"From remote kernel:"
"\"behavior\" -> {{499/500, 2}, {0, 2}}\n"
"From remote kernel:"
"\"number of constraints and variables\" -> {1, 1}\n"
"From remote kernel:"
"\"block\" -> {74}\n"
"From remote kernel:"
"\"behavior\" -> {{0, 3}, {499/500, 1}}\n"
"From remote kernel:"
"\"number of constraints and variables\" -> {1, 1}\n"
"From remote kernel:"
"\"block\" -> {82, 83, 84, 85}\n"
"From remote kernel:"
"\"behavior\" -> {{0, 2}, {249/250, 2}, {499/500, 1}}\n"
"From remote kernel:"
"\"number of constraints and variables\" -> {8, 8}\n"
"From remote kernel:"
"\"block\" -> {92}\n"
"From remote kernel:"
"\"behavior\" -> {{499/500, 2}, {0, 2}, {249/250, 0}}\n"
"From remote kernel:"
"\"number of constraints and variables\" -> {1, 1}\n"
"From remote kernel:"
"\"block\" -> {87, 88}\n"
"From remote kernel:"
"\"behavior\" -> {{0, 2}, {499/500, 1}, {249/250, 1}}\n"
"From remote kernel:"
"\"number of constraints and variables\" -> {4, 4}\n"
"From remote kernel:"
"\"block\" -> {76}\n"
"From remote kernel:"
"\"behavior\" -> {{249/250, 0}, {0, 1}, {499/500, 1}}\n"
"From remote kernel:"
"\"number of constraints and variables\" -> {1, 1}\n"
"From remote kernel:"
"\"block\" -> {78}\n"
"From remote kernel:"
"\"behavior\" -> {{499/500, 0}, {0, 1}}\n"
"From remote kernel:"
"\"number of constraints and variables\" -> {1, 1}\n"
"From remote kernel:"
"\"block\" -> {73}\n"
"From remote kernel:"
"\"behavior\" -> {{499/500, 0}, {0, 1}}\n"
"From remote kernel:"
"\"number of constraints and variables\" -> {1, 1}\n"
"From remote kernel:"
"\"block\" -> {75}\n"
"From remote kernel:"
"\"behavior\" -> {{0, 1}}\n"
"From remote kernel:"
"\"number of constraints and variables\" -> {1, 1}\n"
"From remote kernel:"
"\"block\" -> {129}\n"
"From remote kernel:"
"\"behavior\" -> {{0, 0}}\n"
"From remote kernel:"
"\"number of constraints and variables\" -> {1, 1}\n"
"From remote kernel:"
"\"block\" -> {128}\n"
"From remote kernel:"
"\"behavior\" -> {{0, 0}}\n"
"From remote kernel:"
"\"number of constraints and variables\" -> {1, 1}\n"
"From remote kernel:"
"\"block\" -> {127}\n"
"From remote kernel:"
"\"behavior\" -> {{0, 0}}\n"
"From remote kernel:"
"\"number of constraints and variables\" -> {1, 1}\n"
"From remote kernel:"
"\"block\" -> {126}\n"
"From remote kernel:"
"\"behavior\" -> {{0, 0}}\n"
"From remote kernel:"
"\"number of constraints and variables\" -> {1, 1}\n"
"From remote kernel:"
"\"block\" -> {125}\n"
"From remote kernel:"
"\"behavior\" -> {{0, 0}}\n"
"From remote kernel:"
"\"number of constraints and variables\" -> {1, 1}\n"
"From remote kernel:"
"\"block\" -> {124}\n"
"From remote kernel:"
"\"behavior\" -> {{0, 0}}\n"
"From remote kernel:"
"\"number of constraints and variables\" -> {1, 1}\n"
"From remote kernel:"
"\"block\" -> {122}\n"
"From remote kernel:"
"\"behavior\" -> {{0, 0}}\n"
"From remote kernel:"
"\"number of constraints and variables\" -> {1, 1}\n"
"From remote kernel:"
"\"block\" -> {121}\n"
"From remote kernel:"
"\"behavior\" -> {{0, 0}}\n"
"From remote kernel:"
"\"number of constraints and variables\" -> {1, 1}\n"
"From remote kernel:"
"\"block\" -> {120}\n"
"From remote kernel:"
"\"behavior\" -> {{0, 0}}\n"
"From remote kernel:"
"\"number of constraints and variables\" -> {1, 1}\n"
"From remote kernel:"
"\"block\" -> {119}\n"
"From remote kernel:"
"\"behavior\" -> {{0, 0}}\n"
"From remote kernel:"
"\"number of constraints and variables\" -> {1, 1}\n"
"From remote kernel:"
"\"block\" -> {96}\n"
"From remote kernel:"
"\"behavior\" -> {{0, 0}}\n"
"From remote kernel:"
"\"number of constraints and variables\" -> {1, 1}\n"
"From remote kernel:"
"\"block\" -> {95}\n"
"From remote kernel:"
"\"behavior\" -> {{0, 0}}\n"
"From remote kernel:"
"\"number of constraints and variables\" -> {1, 1}\n"
"From remote kernel:"
"\"block\" -> {94}\n"
"From remote kernel:"
"\"behavior\" -> {{0, 0}}\n"
"From remote kernel:"
"\"number of constraints and variables\" -> {1, 1}\n"
"From remote kernel:"
"\"block\" -> {93}\n"
"From remote kernel:"
"\"behavior\" -> {{0, 0}}\n"
"From remote kernel:"
"\"number of constraints and variables\" -> {1, 1}\n"
"From remote kernel:"
"\"block\" -> {81}\n"
"From remote kernel:"
"\"behavior\" -> {{0, 0}}\n"
"From remote kernel:"
"\"number of constraints and variables\" -> {1, 1}\n"
"From remote kernel:"
"\"block\" -> {137, 138, 139, 140, 141}\n"
"From remote kernel:"
"\"behavior\" -> {{0, 4}, {499/500, 3}, {249/250, 1}}\n"
"From remote kernel:"
"\"number of constraints and variables\" -> {10, 10}\n"
"From remote kernel:"
"\"block\" -> {146}\n"
"From remote kernel:"
"\"behavior\" -> {{499/500, 5}, {0, 5}, {249/250, 0}}\n"
"From remote kernel:"
"\"number of constraints and variables\" -> {1, 1}\n"
"From remote kernel:"
"\"block\" -> {130}\n"
"From remote kernel:"
"\"behavior\" -> {{499/500, 4}, {0, 4}, {249/250, 0}}\n"
"From remote kernel:"
"\"number of constraints and variables\" -> {1, 1}\n"
"From remote kernel:"
"\"block\" -> {132}\n"
"From remote kernel:"
"\"behavior\" -> {{0, 4}, {499/500, 1}, {249/250, 2}}\n"
"From remote kernel:"
"\"number of constraints and variables\" -> {1, 1}\n"
"From remote kernel:"
"\"block\" -> {133, 134, 135, 136}\n"
"From remote kernel:"
"\"behavior\" -> {{0, 3}, {499/500, 3}, {249/250, 2}}\n"
"From remote kernel:"
"\"number of constraints and variables\" -> {8, 8}\n"
"From remote kernel:"
"\"block\" -> {131}\n"
"From remote kernel:"
"\"behavior\" -> {{499/500, 0}, {0, 1}}\n"
"From remote kernel:"
"\"number of constraints and variables\" -> {1, 1}\n"
"From remote kernel:"
"\"block\" -> {150}\n"
"From remote kernel:"
"\"behavior\" -> {{0, 0}}\n"
"From remote kernel:"
"\"number of constraints and variables\" -> {1, 1}\n"
"From remote kernel:"
"\"block\" -> {149}\n"
"From remote kernel:"
"\"behavior\" -> {{0, 0}}\n"
"From remote kernel:"
"\"number of constraints and variables\" -> {1, 1}\n"
"From remote kernel:"
"\"block\" -> {148}\n"
"From remote kernel:"
"\"behavior\" -> {{0, 0}}\n"
"From remote kernel:"
"\"number of constraints and variables\" -> {1, 1}\n"
"From remote kernel:"
"\"block\" -> {147}\n"
"From remote kernel:"
"\"behavior\" -> {{0, 0}}\n"
"From remote kernel:"
"\"number of constraints and variables\" -> {1, 1}\n"
"From remote kernel:"
"\"block\" -> {151, 152, 153, 154, 155}\n"
"From remote kernel:"
"\"behavior\" -> {{0, 6}, {499/500, 6}, {249/250, 2}}\n"
"From remote kernel:"
"\"number of constraints and variables\" -> {10, 10}\n"
"From remote kernel:"
"\"block\" -> {110}\n"
"From remote kernel:"
"\"behavior\" -> {{0, 4}, {249/250, 0}, {499/500, 2}}\n"
"From remote kernel:"
"\"number of constraints and variables\" -> {1, 1}\n"
"From remote kernel:"
"\"block\" -> {86}\n"
"From remote kernel:"
"\"behavior\" -> {{0, 3}, {249/250, 1}, {499/500, 1}}\n"
"From remote kernel:"
"\"number of constraints and variables\" -> {1, 1}\n"
"From remote kernel:"
"\"block\" -> {49}\n"
"From remote kernel:"
"\"behavior\" -> {{0, 3}, {249/250, 0}}\n"
"From remote kernel:"
"\"number of constraints and variables\" -> {1, 1}\n"
"From remote kernel:"
"\"block\" -> {45}\n"
"From remote kernel:"
"\"behavior\" -> {{0, 3}, {499/500, 1}}\n"
"From remote kernel:"
"\"number of constraints and variables\" -> {1, 1}\n"
"From remote kernel:"
"\"block\" -> {53}\n"
"From remote kernel:"
"\"behavior\" -> {{0, 2}, {249/250, 0}, {499/500, 0}}\n"
"From remote kernel:"
"\"number of constraints and variables\" -> {1, 1}\n"
"From remote kernel:"
"\"block\" -> {42}\n"
"From remote kernel:"
"\"behavior\" -> {{0, 2}, {249/250, 1}}\n"
"From remote kernel:"
"\"number of constraints and variables\" -> {1, 1}\n"
"From remote kernel:"
"\"block\" -> {10}\n"
"From remote kernel:"
"\"behavior\" -> {{0, 2}}\n"
"From remote kernel:"
"\"number of constraints and variables\" -> {1, 1}\n"
"From remote kernel:"
"\"block\" -> {14}\n"
"From remote kernel:"
"\"behavior\" -> {{0, 1}, {249/250, 0}}\n"
"From remote kernel:"
"\"number of constraints and variables\" -> {1, 1}\n"
"From remote kernel:"
"\"block\" -> {123}\n"
"From remote kernel:"
"\"behavior\" -> {{0, 0}}\n"
"From remote kernel:"
"\"number of constraints and variables\" -> {1, 1}\n"
"From remote kernel:"
"\"block\" -> {118}\n"
"From remote kernel:"
"\"behavior\" -> {{0, 0}}\n"
"From remote kernel:"
"\"number of constraints and variables\" -> {1, 1}\n"
"From remote kernel:"
"\"block\" -> {97}\n"
"From remote kernel:"
"\"behavior\" -> {{0, 0}}\n"
"From remote kernel:"
"\"number of constraints and variables\" -> {1, 1}\n"
"From remote kernel:"
"\"block\" -> {70}\n"
"From remote kernel:"
"\"behavior\" -> {{0, 0}}\n"
"From remote kernel:"
"\"number of constraints and variables\" -> {1, 1}\n"
"From remote kernel:"
"\"block\" -> {68}\n"
"From remote kernel:"
"\"behavior\" -> {{0, 0}}\n"
"From remote kernel:"
"\"number of constraints and variables\" -> {1, 1}\n"
"From remote kernel:"
"\"block\" -> {65}\n"
"From remote kernel:"
"\"behavior\" -> {{0, 0}}\n"
"From remote kernel:"
"\"number of constraints and variables\" -> {1, 1}\n"
"From remote kernel:"
"\"block\" -> {61}\n"
"From remote kernel:"
"\"behavior\" -> {{0, 0}}\n"
"From remote kernel:"
"\"number of constraints and variables\" -> {1, 1}\n"
"From remote kernel:"
"\"block\" -> {58}\n"
"From remote kernel:"
"\"behavior\" -> {{0, 0}}\n"
"From remote kernel:"
"\"number of constraints and variables\" -> {1, 1}\n"
"From remote kernel:"
"\"block\" -> {56}\n"
"From remote kernel:"
"\"behavior\" -> {{0, 0}}\n"
"From remote kernel:"
"\"number of constraints and variables\" -> {1, 1}\n"
"From remote kernel:"
"\"block\" -> {28}\n"
"From remote kernel:"
"\"behavior\" -> {{0, 0}}\n"
"From remote kernel:"
"\"number of constraints and variables\" -> {1, 1}\n"
"From remote kernel:"
"\"block\" -> {25}\n"
"From remote kernel:"
"\"behavior\" -> {{0, 0}}\n"
"From remote kernel:"
"\"number of constraints and variables\" -> {1, 1}\n"
"From remote kernel:"
"\"block\" -> {23}\n"
"From remote kernel:"
"\"behavior\" -> {{0, 0}}\n"
"From remote kernel:"
"\"number of constraints and variables\" -> {1, 1}\n"
"From remote kernel:"
"\"block\" -> {20}\n"
"From remote kernel:"
"\"behavior\" -> {{0, 0}}\n"
"From remote kernel:"
"\"number of constraints and variables\" -> {1, 1}\n"
"From remote kernel:"
"\"block\" -> {17}\n"
"From remote kernel:"
"\"behavior\" -> {{0, 0}}\n"
"From remote kernel:"
"\"number of constraints and variables\" -> {1, 1}\n"
"From remote kernel:"
"\"AMFlow: last point solved in 285s.\"\n"
"From remote kernel:"
"\"dropped terms when pickzero\" -> {0.}\n"
"From remote kernel:"
"\"dropped terms when pickzero\" -> {0.}\n"
"From remote kernel:"
"\"dropped terms when pickzero\" -> {0., 0.}\n"
"From remote kernel:"
"\"dropped terms when pickzero\" -> {0., 0.}\n"
"From remote kernel:"
"\"dropped terms when pickzero\" -> {0.}\n"
"From remote kernel:"
"\"dropped terms when pickzero\" -> {0.}\n"
"From remote kernel:"
"\"dropped terms when pickzero\" -> {0.}\n"
"From remote kernel:"
"\"dropped terms when pickzero\" -> {0.}\n"
"From remote kernel:"
"\"dropped terms when pickzero\" -> {0.}\n"
"From remote kernel:"
"\"dropped terms when pickzero\" -> {0., 0.}\n"
"From remote kernel:"
"\"dropped terms when pickzero\" -> {0., 0.}\n"
"From remote kernel:"
"\"dropped terms when pickzero\" -> {0.}\n"
"From remote kernel:"
"\"dropped terms when pickzero\" -> {0., 0.}\n"
"From remote kernel:"
"\"dropped terms when pickzero\" -> {0.}\n"
"From remote kernel:"
"\"dropped terms when pickzero\" -> {0., 0.}\n"
"From remote kernel:"
"\"dropped terms when pickzero\" -> {0., 0.}\n"
"From remote kernel:"
"\"dropped terms when pickzero\" -> {0.}\n"
"From remote kernel:"
"\"dropped terms when pickzero\" -> {0.}\n"
"From remote kernel:"
"\"dropped terms when pickzero\" -> {0.}\n"
"From remote kernel:"
"\"dropped terms when pickzero\" -> {0., 0., 0.}\n"
"From remote kernel:"
"\"dropped terms when pickzero\" -> {0., 0.}\n"
"From remote kernel:"
"\"dropped terms when pickzero\" -> {0., 0.}\n"
"From remote kernel:"
"\"dropped terms when pickzero\" -> {0., 0., 0., 0.}\n"
"From remote kernel:"
"\"dropped terms when pickzero\" -> {0.}\n"
"From remote kernel:"
"\"dropped terms when pickzero\" -> {0., 0.}\n"
"From remote kernel:"
"\"dropped terms when pickzero\" -> {0., 0.}\n"
"From remote kernel:"
"\"dropped terms when pickzero\" -> {0.}\n"
"From remote kernel:"
"\"dropped terms when pickzero\" -> {0.}\n"
"From remote kernel:"
"\"dropped terms when pickzero\" -> {0.}\n"
"From remote kernel:"
"\"dropped terms when pickzero\" -> {0., 0.}\n"
"From remote kernel:"
"\"dropped terms when pickzero\" -> {0., 0.}\n"
"From remote kernel:"
"\"dropped terms when pickzero\" -> {0., 0.}\n"
"From remote kernel:"
"\"dropped terms when pickzero\" -> {0.}\n"
"From remote kernel:"
"\"dropped terms when pickzero\" -> {0., 0.}\n"
"From remote kernel:"
"\"dropped terms when pickzero\" -> {0.}\n"
"From remote kernel:"
"\"dropped terms when pickzero\" -> {0., 0., 0.}\n"
"From remote kernel:"
"\"dropped terms when pickzero\" -> {0.}\n"
"From remote kernel:"
"\"dropped terms when pickzero\" -> {0., 0.}\n"
"From remote kernel:"
"\"dropped terms when pickzero\" -> {0., 0.}\n"
"From remote kernel:"
"\"dropped terms when pickzero\" -> {0.}\n"
"From remote kernel:"
"\"dropped terms when pickzero\" -> {0.}\n"
"From remote kernel:"
"\"dropped terms when pickzero\" -> {0.}\n"
"From remote kernel:"
"\"dropped terms when pickzero\" -> {0., 0., 0.}\n"
"From remote kernel:"
"\"dropped terms when pickzero\" -> {0., 0.}\n"
"From remote kernel:"
"\"dropped terms when pickzero\" -> {0., 0., 0., 0.}\n"
"From remote kernel:"
"\"system cleared: DESolver`$InternalSystem\"\n"
"From remote kernel:"
"\"AMFlow: finished in 843s.\"\n"
