"From remote kernel:"
"DESolver`SetGlobalOptions -> {\"WorkingPre\" -> 100, \"ChopPre\" -> 20, \"SilentMode\" -> False, \"RationalizePre\" -> 100}\n"
"From remote kernel:"
"DESolver`SetExpansionOptions -> {\"XOrder\" -> 100, \"ExtraXOrder\" -> 20, \"LearnXOrder\" -> -1, \"TestXOrder\" -> 5}\n"
"From remote kernel:"
"DESolver`SetRunningOptions -> {\"RunRadius\" -> 2, \"RunLength\" -> 1000, \"RunCandidate\" -> 10, \"RunDirection\" -> \"NegIm\"}\n"
"From remote kernel:"
"DESolver`SetGlobalOptions -> {\"WorkingPre\" -> 200, \"ChopPre\" -> 20, \"SilentMode\" -> False, \"RationalizePre\" -> 100}\n"
"From remote kernel:"
"DESolver`SetExpansionOptions -> {\"XOrder\" -> 400, \"ExtraXOrder\" -> 480, \"LearnXOrder\" -> -1, \"TestXOrder\" -> 5}\n"
"From remote kernel:"
"DESolver`SetRunningOptions -> {\"RunRadius\" -> 2, \"RunLength\" -> 1000, \"RunCandidate\" -> 10, \"RunDirection\" -> \"NegIm\"}\n"
"From remote kernel:"
"\"AMFlow: start.\"\n"
"From remote kernel:"
"\"system loaded: DESolver`$InternalSystem\\nDE[DESolver`$InternalSystem] -- differential equation in matrix form\\nBC[DESolver`$InternalSystem] -- boundary conditions either in singular form or in regular form\\nP[DESolver`$InternalSystem] -- boundary point\\nAsyExp[DESolver`$InternalSystem] -- asymptotic expansion near a singular point (currently it is Null)\\nintegrals: 31, blocks: 24, density: 0.18, degrees: {11, 15}\"\n"
"From remote kernel:"
"\"AMFlow: integrals will be evaluated at 12 regular points\" -> {-7.522865310081077 - 25.076217700270256*I, -3.9960113583017716 - 13.320037861005906*I, -2.2169714234968905 - 7.389904744989635*I, -1.2966883754143417 - 4.322294584714473*I, -0.7781893362966885 - 2.5939644543222955*I, -0.4181258669096871 - 1.393752889698957*I, -0.2178727179868916 - 0.7262423932896386*I, -0.1109403902495734 - 0.3698013008319113*I, -0.057206203877740225 - 0.1906873462591341*I, -0.029807650327936665 - 0.09935883442645556*I, -0.015078879392140861 - 0.05026293130713621*I, -0.00790931711491072 - 0.026364390383035733*I}\n"
"From remote kernel:"
"\"AMFlow: integration contour generated in 0s.\"\n"
"From remote kernel:"
"\"AMFlow: solving near eta = Infinity...\"\n"
"From remote kernel:"
"\"CalcTaylor: current region\" -> 1/100000\n"
"From remote kernel:"
"\"block\" -> {1}\n"
"From remote kernel:"
"\"boundary condition inserted\" -> {1, 0, 1.0000084559869469*^10}\n"
"From remote kernel:"
"\"block\" -> {12, 14}\n"
"From remote kernel:"
"\"boundary condition test\" -> {14, 0, -100000.8455986947}\n"
"From remote kernel:"
"\"boundary condition test\" -> {12, 0, 1.0000084559869469*^10}\n"
"From remote kernel:"
"\"block\" -> {2}\n"
"From remote kernel:"
"\"boundary condition test\" -> {2, 0, 0.}\n"
"From remote kernel:"
"\"block\" -> {13}\n"
"From remote kernel:"
"\"boundary condition test\" -> {13, 0, 9.99998455902387*^9}\n"
"From remote kernel:"
"\"block\" -> {3}\n"
"From remote kernel:"
"\"boundary condition test\" -> {3, 0, 1.0000084559869469*^10}\n"
"From remote kernel:"
"\"block\" -> {4}\n"
"From remote kernel:"
"\"boundary condition test\" -> {4, 0, 1.0000084559869469*^10}\n"
"From remote kernel:"
"\"block\" -> {10}\n"
"From remote kernel:"
"\"boundary condition test\" -> {10, 0, 0.}\n"
"From remote kernel:"
"\"block\" -> {8}\n"
"From remote kernel:"
"\"boundary condition test\" -> {8, 0, 0.}\n"
"From remote kernel:"
"\"block\" -> {7}\n"
"From remote kernel:"
"\"boundary condition test\" -> {7, 0, 0.}\n"
"From remote kernel:"
"\"block\" -> {5}\n"
"From remote kernel:"
"\"boundary condition test\" -> {5, 0, 0.}\n"
"From remote kernel:"
"\"block\" -> {17, 18, 19}\n"
"From remote kernel:"
"\"boundary condition test\" -> {19, 0, 1.0000084559869469*^10}\n"
"From remote kernel:"
"\"boundary condition test\" -> {18, 0, -1.0000184560715067*^10}\n"
"From remote kernel:"
"\"boundary condition test\" -> {17, 0, 9.99998455902387*^9}\n"
"From remote kernel:"
"\"block\" -> {25, 26, 27}\n"
"From remote kernel:"
"\"boundary condition test\" -> {27, 0, 9.99998455902387*^9}\n"
"From remote kernel:"
"\"boundary condition test\" -> {26, 0, 1.0000084559869469*^10}\n"
"From remote kernel:"
"\"boundary condition test\" -> {25, 0, 9.99998455902387*^9}\n"
"From remote kernel:"
"\"block\" -> {15}\n"
"From remote kernel:"
"\"boundary condition test\" -> {15, 0, 1.0000084559869469*^10}\n"
"From remote kernel:"
"\"block\" -> {23}\n"
"From remote kernel:"
"\"boundary condition test\" -> {23, 0, 0.}\n"
"From remote kernel:"
"\"block\" -> {22}\n"
"From remote kernel:"
"\"boundary condition test\" -> {22, 0, 0.}\n"
"From remote kernel:"
"\"block\" -> {21}\n"
"From remote kernel:"
"\"boundary condition test\" -> {21, 0, 0.}\n"
"From remote kernel:"
"\"block\" -> {29, 30, 31}\n"
"From remote kernel:"
"\"homogeneous id up to\" -> 2646\n"
"From remote kernel:"
"\"dropped eqs\" -> {{2647 -> 0.}, {2647 -> 0.}, {2647 -> 0.}}\n"
"From remote kernel:"
"\"boundary condition test\" -> {31, 0, 1.0000084559869469*^10}\n"
"From remote kernel:"
"\"boundary condition test\" -> {30, 0, 1.0000084559869469*^10}\n"
"From remote kernel:"
"\"boundary condition test\" -> {29, 0, 9.99998455902387*^9}\n"
"From remote kernel:"
"\"block\" -> {28}\n"
"From remote kernel:"
"\"homogeneous id up to\" -> 882\n"
"From remote kernel:"
"\"dropped eqs\" -> {{883 -> 0.}, {883 -> 0.}}\n"
"From remote kernel:"
"\"boundary condition test\" -> {28, 0, 1.0000084559869469*^10}\n"
"From remote kernel:"
"\"block\" -> {16}\n"
"From remote kernel:"
"\"boundary condition test\" -> {16, 0, 1.0000084559869469*^10}\n"
"From remote kernel:"
"\"block\" -> {24}\n"
"From remote kernel:"
"\"homogeneous id up to\" -> 882\n"
"From remote kernel:"
"\"dropped eqs\" -> {{883 -> 0.}}\n"
"From remote kernel:"
"\"boundary condition test\" -> {24, 0, 1.0000084559869469*^10}\n"
"From remote kernel:"
"\"block\" -> {11}\n"
"From remote kernel:"
"\"boundary condition test\" -> {11, 0, 1.0000084559869469*^10}\n"
"From remote kernel:"
"\"block\" -> {20}\n"
"From remote kernel:"
"\"boundary condition test\" -> {20, 0, 0.}\n"
"From remote kernel:"
"\"block\" -> {9}\n"
"From remote kernel:"
"\"boundary condition test\" -> {9, 0, 0.}\n"
"From remote kernel:"
"\"block\" -> {6}\n"
"From remote kernel:"
"\"boundary condition test\" -> {6, 0, 0.}\n"
"From remote kernel:"
"\"CalcTaylor: current region\" -> 0\n"
"From remote kernel:"
"\"block\" -> {1}\n"
"From remote kernel:"
"\"boundary condition test\" -> {1, 0, 0.}\n"
"From remote kernel:"
"\"block\" -> {12, 14}\n"
"From remote kernel:"
"\"boundary condition test\" -> {14, 0, 0.}\n"
"From remote kernel:"
"\"boundary condition test\" -> {12, 0, 0.}\n"
"From remote kernel:"
"\"block\" -> {2}\n"
"From remote kernel:"
"\"boundary condition inserted\" -> {2, 0, 1.0000084559869469*^10}\n"
"From remote kernel:"
"\"block\" -> {13}\n"
"From remote kernel:"
"\"boundary condition test\" -> {13, 0, 0.}\n"
"From remote kernel:"
"\"block\" -> {3}\n"
"From remote kernel:"
"\"boundary condition test\" -> {3, 0, -1.0000084559869469*^10}\n"
"From remote kernel:"
"\"block\" -> {4}\n"
"From remote kernel:"
"\"boundary condition test\" -> {4, 0, 0.}\n"
"From remote kernel:"
"\"block\" -> {10}\n"
"From remote kernel:"
"\"boundary condition inserted\" -> {10, 0, 4.999992281801798*^9}\n"
"From remote kernel:"
"\"block\" -> {8}\n"
"From remote kernel:"
"\"boundary condition inserted\" -> {8, 0, 4.999992278859557*^9}\n"
"From remote kernel:"
"\"block\" -> {7}\n"
"From remote kernel:"
"\"boundary condition inserted\" -> {7, 0, -4.999852949865974*^9}\n"
"From remote kernel:"
"\"block\" -> {5}\n"
"From remote kernel:"
"\"boundary condition inserted\" -> {5, 0, 9.999969548163868*^9}\n"
"From remote kernel:"
"\"block\" -> {17, 18, 19}\n"
"From remote kernel:"
"\"boundary condition test\" -> {19, 0, -4.999992278859557*^9}\n"
"From remote kernel:"
"\"boundary condition test\" -> {18, 0, 1.0000259561254538*^10}\n"
"From remote kernel:"
"\"boundary condition test\" -> {17, 0, -4.999992278859557*^9}\n"
"From remote kernel:"
"\"block\" -> {25, 26, 27}\n"
"From remote kernel:"
"\"boundary condition test\" -> {27, 0, 2.499971141439509*^9}\n"
"From remote kernel:"
"\"boundary condition test\" -> {26, 0, 5.000092285647588*^9}\n"
"From remote kernel:"
"\"boundary condition test\" -> {25, 0, -4.999992281801798*^9}\n"
"From remote kernel:"
"\"block\" -> {15}\n"
"From remote kernel:"
"\"boundary condition test\" -> {15, 0, -9.999969548163868*^9}\n"
"From remote kernel:"
"\"block\" -> {23}\n"
"From remote kernel:"
"\"boundary condition inserted\" -> {23, 0, 1.6666568711258492*^9}\n"
"From remote kernel:"
"\"block\" -> {22}\n"
"From remote kernel:"
"\"boundary condition inserted\" -> {22, 0, -35834.6002733672}\n"
"From remote kernel:"
"\"block\" -> {21}\n"
"From remote kernel:"
"\"boundary condition inserted\" -> {21, 0, -1.0197933755010204}\n"
"From remote kernel:"
"\"block\" -> {29, 30, 31}\n"
"From remote kernel:"
"\"homogeneous id up to\" -> 2646\n"
"From remote kernel:"
"\"dropped eqs\" -> {{2647 -> 0.}}\n"
"From remote kernel:"
"\"boundary condition test\" -> {31, 0, -1.6666568711258492*^9}\n"
"From remote kernel:"
"\"boundary condition test\" -> {30, 0, 35834.6002733672}\n"
"From remote kernel:"
"\"boundary condition test\" -> {29, 0, 1.0197933755010204}\n"
"From remote kernel:"
"\"block\" -> {28}\n"
"From remote kernel:"
"\"homogeneous id up to\" -> 882\n"
"From remote kernel:"
"\"dropped eqs\" -> {{883 -> 0.}, {883 -> 0.}}\n"
"From remote kernel:"
"\"boundary condition test\" -> {28, 0, -4.999977268954354*^9}\n"
"From remote kernel:"
"\"block\" -> {16}\n"
"From remote kernel:"
"\"boundary condition test\" -> {16, 0, -1.0000259561254538*^10}\n"
"From remote kernel:"
"\"block\" -> {24}\n"
"From remote kernel:"
"\"homogeneous id up to\" -> 882\n"
"From remote kernel:"
"\"dropped eqs\" -> {{883 -> 0.}, {883 -> 0.}}\n"
"From remote kernel:"
"\"boundary condition test\" -> {24, 0, -5.00006728281104*^9}\n"
"From remote kernel:"
"\"block\" -> {11}\n"
"From remote kernel:"
"\"boundary condition test\" -> {11, 0, 0.}\n"
"From remote kernel:"
"\"block\" -> {20}\n"
"From remote kernel:"
"\"boundary condition inserted\" -> {20, 0, 4.999977268954354*^9}\n"
"From remote kernel:"
"\"block\" -> {9}\n"
"From remote kernel:"
"\"boundary condition inserted\" -> {9, 0, 5.00006728281104*^9}\n"
"From remote kernel:"
"\"block\" -> {6}\n"
"From remote kernel:"
"\"boundary condition inserted\" -> {6, 0, 1.0000259561254538*^10}\n"
"From remote kernel:"
"\"CalcTaylor: current region\" -> 1/50000\n"
"From remote kernel:"
"\"block\" -> {1}\n"
"From remote kernel:"
"\"boundary condition test\" -> {1, 0, 0.}\n"
"From remote kernel:"
"\"block\" -> {12, 14}\n"
"From remote kernel:"
"\"boundary condition inserted\" -> {14, 0, 4.999992281156855*^9}\n"
"From remote kernel:"
"\"boundary condition test\" -> {12, 0, -4.999992281156855*^9}\n"
"From remote kernel:"
"\"block\" -> {2}\n"
"From remote kernel:"
"\"boundary condition test\" -> {2, 0, 0.}\n"
"From remote kernel:"
"\"block\" -> {13}\n"
"From remote kernel:"
"\"boundary condition test\" -> {13, 0, -4.999992281156855*^9}\n"
"From remote kernel:"
"\"block\" -> {3}\n"
"From remote kernel:"
"\"boundary condition inserted\" -> {3, 0, 0.}\n"
"From remote kernel:"
"\"block\" -> {4}\n"
"From remote kernel:"
"\"boundary condition inserted\" -> {4, 0, 0.}\n"
"From remote kernel:"
"\"block\" -> {10}\n"
"From remote kernel:"
"\"boundary condition test\" -> {10, 0, 0.}\n"
"From remote kernel:"
"\"block\" -> {8}\n"
"From remote kernel:"
"\"boundary condition test\" -> {8, 0, 0.}\n"
"From remote kernel:"
"\"block\" -> {7}\n"
"From remote kernel:"
"\"boundary condition test\" -> {7, 0, 0.}\n"
"From remote kernel:"
"\"block\" -> {5}\n"
"From remote kernel:"
"\"boundary condition test\" -> {5, 0, 0.}\n"
"From remote kernel:"
"\"block\" -> {17, 18, 19}\n"
"From remote kernel:"
"\"boundary condition test\" -> {19, 0, 5.000092283002515*^9}\n"
"From remote kernel:"
"\"boundary condition test\" -> {18, 0, -100001.8456600503}\n"
"From remote kernel:"
"\"boundary condition test\" -> {17, 0, -4.999992281156855*^9}\n"
"From remote kernel:"
"\"block\" -> {25, 26, 27}\n"
"From remote kernel:"
"\"boundary condition test\" -> {27, 0, -4.999992281156855*^9}\n"
"From remote kernel:"
"\"boundary condition test\" -> {26, 0, 5.000092283002515*^9}\n"
"From remote kernel:"
"\"boundary condition test\" -> {25, 0, -4.999992281156855*^9}\n"
"From remote kernel:"
"\"block\" -> {15}\n"
"From remote kernel:"
"\"boundary condition inserted\" -> {15, 0, 0.}\n"
"From remote kernel:"
"\"block\" -> {23}\n"
"From remote kernel:"
"\"boundary condition test\" -> {23, 0, 0.}\n"
"From remote kernel:"
"\"block\" -> {22}\n"
"From remote kernel:"
"\"boundary condition test\" -> {22, 0, 0.}\n"
"From remote kernel:"
"\"block\" -> {21}\n"
"From remote kernel:"
"\"boundary condition test\" -> {21, 0, 0.}\n"
"From remote kernel:"
"\"block\" -> {29, 30, 31}\n"
"From remote kernel:"
"\"homogeneous id up to\" -> 2646\n"
"From remote kernel:"
"\"dropped eqs\" -> {{2647 -> 0.}}\n"
"From remote kernel:"
"\"boundary condition test\" -> {31, 0, 5.000092283002515*^9}\n"
"From remote kernel:"
"\"boundary condition test\" -> {30, 0, 5.000092283002515*^9}\n"
"From remote kernel:"
"\"boundary condition test\" -> {29, 0, -4.999992281156855*^9}\n"
"From remote kernel:"
"\"block\" -> {28}\n"
"From remote kernel:"
"\"homogeneous id up to\" -> 882\n"
"From remote kernel:"
"\"dropped eqs\" -> {{883 -> 0.}}\n"
"From remote kernel:"
"\"boundary condition test\" -> {28, 0, 5.000092283002515*^9}\n"
"From remote kernel:"
"\"block\" -> {16}\n"
"From remote kernel:"
"\"boundary condition test\" -> {16, 0, 5.000092283002515*^9}\n"
"From remote kernel:"
"\"block\" -> {24}\n"
"From remote kernel:"
"\"boundary condition test\" -> {24, 0, 5.000092283002515*^9}\n"
"From remote kernel:"
"\"block\" -> {11}\n"
"From remote kernel:"
"\"boundary condition test\" -> {11, 0, 5.000092283002515*^9}\n"
"From remote kernel:"
"\"block\" -> {20}\n"
"From remote kernel:"
"\"boundary condition test\" -> {20, 0, 0.}\n"
"From remote kernel:"
"\"block\" -> {9}\n"
"From remote kernel:"
"\"boundary condition test\" -> {9, 0, 0.}\n"
"From remote kernel:"
"\"block\" -> {6}\n"
"From remote kernel:"
"\"boundary condition test\" -> {6, 0, 0.}\n"
"From remote kernel:"
"\"AMFlow: Infinity solved in 25s.\"\n"
"From remote kernel:"
"\"AMFlow: running among regular points...\"\n"
"From remote kernel:"
"\"current regular point\" -> -7.522865310081077 - 25.076217700270256*I\n"
"From remote kernel:"
"\"current regular point\" -> -3.996011358301771 - 13.320037861005904*I\n"
"From remote kernel:"
"\"current regular point\" -> -2.2169714234968905 - 7.389904744989636*I\n"
"From remote kernel:"
"\"current regular point\" -> -1.2966883754143417 - 4.322294584714473*I\n"
"From remote kernel:"
"\"current regular point\" -> -0.7781893362966886 - 2.5939644543222955*I\n"
"From remote kernel:"
"\"current regular point\" -> -0.41812586690968717 - 1.3937528896989573*I\n"
"From remote kernel:"
"\"current regular point\" -> -0.2178727179868916 - 0.7262423932896387*I\n"
"From remote kernel:"
"\"current regular point\" -> -0.1109403902495734 - 0.3698013008319114*I\n"
"From remote kernel:"
"\"current regular point\" -> -0.05720620387774023 - 0.1906873462591341*I\n"
"From remote kernel:"
"\"current regular point\" -> -0.029807650327936665 - 0.09935883442645556*I\n"
"From remote kernel:"
"\"current regular point\" -> -0.015078879392140863 - 0.050262931307136216*I\n"
"From remote kernel:"
"\"AMFlow: regular running finished in 21s.\"\n"
"From remote kernel:"
"\"AMFlow: solving near the last point...\"\n"
"From remote kernel:"
"\"NormalizeMat finished in 0s.\"\n"
"From remote kernel:"
"\"LearnXOrder is negative. skip learning phase.\"\n"
"From remote kernel:"
"\"block\" -> {1}\n"
"From remote kernel:"
"\"behavior\" -> {{99999/100000, 0}}\n"
"From remote kernel:"
"\"number of constraints and variables\" -> {1, 1}\n"
"From remote kernel:"
"\"block\" -> {12, 14}\n"
"From remote kernel:"
"\"behavior\" -> {{0, 0}, {24999/50000, 0}, {99999/100000, 0}}\n"
"From remote kernel:"
"\"number of constraints and variables\" -> {4, 4}\n"
"From remote kernel:"
"\"block\" -> {2}\n"
"From remote kernel:"
"\"behavior\" -> {{0, 0}}\n"
"From remote kernel:"
"\"number of constraints and variables\" -> {1, 1}\n"
"From remote kernel:"
"\"block\" -> {13}\n"
"From remote kernel:"
"\"behavior\" -> {{49999/50000, 0}, {0, 0}, {24999/50000, 0}, {99999/100000, 0}}\n"
"From remote kernel:"
"\"number of constraints and variables\" -> {1, 1}\n"
"From remote kernel:"
"\"block\" -> {3}\n"
"From remote kernel:"
"\"behavior\" -> {{49999/100000, 0}, {99999/100000, 0}, {0, 0}}\n"
"From remote kernel:"
"\"number of constraints and variables\" -> {1, 1}\n"
"From remote kernel:"
"\"block\" -> {4}\n"
"From remote kernel:"
"\"behavior\" -> {{0, 0}, {99999/100000, 0}}\n"
"From remote kernel:"
"\"number of constraints and variables\" -> {1, 1}\n"
"From remote kernel:"
"\"block\" -> {10}\n"
"From remote kernel:"
"\"behavior\" -> {{0, 0}}\n"
"From remote kernel:"
"\"number of constraints and variables\" -> {1, 1}\n"
"From remote kernel:"
"\"block\" -> {8}\n"
"From remote kernel:"
"\"behavior\" -> {{0, 0}}\n"
"From remote kernel:"
"\"number of constraints and variables\" -> {1, 1}\n"
"From remote kernel:"
"\"block\" -> {7}\n"
"From remote kernel:"
"\"behavior\" -> {{0, 0}}\n"
"From remote kernel:"
"\"number of constraints and variables\" -> {1, 1}\n"
"From remote kernel:"
"\"block\" -> {5}\n"
"From remote kernel:"
"\"behavior\" -> {{0, 0}}\n"
"From remote kernel:"
"\"number of constraints and variables\" -> {1, 1}\n"
"From remote kernel:"
"\"block\" -> {17, 18, 19}\n"
"From remote kernel:"
"\"behavior\" -> {{0, 1}, {24999/50000, 1}, {49999/50000, 1}, {99999/100000, 0}, {49999/100000, 0}}\n"
"From remote kernel:"
"\"number of constraints and variables\" -> {9, 9}\n"
"From remote kernel:"
"\"block\" -> {25, 26, 27}\n"
"From remote kernel:"
"\"behavior\" -> {{0, 1}, {99999/100000, 0}, {24999/50000, 0}, {49999/50000, 0}}\n"
"From remote kernel:"
"\"number of constraints and variables\" -> {3, 3}\n"
"From remote kernel:"
"\"block\" -> {15}\n"
"From remote kernel:"
"\"behavior\" -> {{0, 1}, {99999/100000, 0}, {49999/100000, 0}}\n"
"From remote kernel:"
"\"number of constraints and variables\" -> {1, 1}\n"
"From remote kernel:"
"\"block\" -> {23}\n"
"From remote kernel:"
"\"behavior\" -> {{0, 0}}\n"
"From remote kernel:"
"\"number of constraints and variables\" -> {1, 1}\n"
"From remote kernel:"
"\"block\" -> {22}\n"
"From remote kernel:"
"\"behavior\" -> {{0, 0}}\n"
"From remote kernel:"
"\"number of constraints and variables\" -> {1, 1}\n"
"From remote kernel:"
"\"block\" -> {21}\n"
"From remote kernel:"
"\"behavior\" -> {{0, 0}}\n"
"From remote kernel:"
"\"number of constraints and variables\" -> {1, 1}\n"
"From remote kernel:"
"\"block\" -> {29, 30, 31}\n"
"From remote kernel:"
"\"behavior\" -> {{0, 2}, {99999/100000, 0}, {24999/50000, 1}, {49999/50000, 1}, {49999/100000, 0}}\n"
"From remote kernel:"
"\"number of constraints and variables\" -> {3, 3}\n"
"From remote kernel:"
"\"block\" -> {28}\n"
"From remote kernel:"
"\"behavior\" -> {{0, 3}, {99999/100000, 0}, {24999/50000, 1}, {49999/50000, 1}, {49999/100000, 0}}\n"
"From remote kernel:"
"\"number of constraints and variables\" -> {1, 1}\n"
"From remote kernel:"
"\"block\" -> {16}\n"
"From remote kernel:"
"\"behavior\" -> {{0, 2}, {99999/100000, 0}, {24999/50000, 1}, {49999/50000, 1}, {49999/100000, 0}}\n"
"From remote kernel:"
"\"number of constraints and variables\" -> {1, 1}\n"
"From remote kernel:"
"\"block\" -> {24}\n"
"From remote kernel:"
"\"behavior\" -> {{0, 2}, {99999/100000, 0}, {24999/50000, 0}, {49999/50000, 0}}\n"
"From remote kernel:"
"\"number of constraints and variables\" -> {1, 1}\n"
"From remote kernel:"
"\"block\" -> {11}\n"
"From remote kernel:"
"\"behavior\" -> {{0, 1}, {99999/100000, 0}, {24999/50000, 0}}\n"
"From remote kernel:"
"\"number of constraints and variables\" -> {1, 1}\n"
"From remote kernel:"
"\"block\" -> {20}\n"
"From remote kernel:"
"\"behavior\" -> {{0, 0}}\n"
"From remote kernel:"
"\"number of constraints and variables\" -> {1, 1}\n"
"From remote kernel:"
"\"block\" -> {9}\n"
"From remote kernel:"
"\"behavior\" -> {{0, 0}}\n"
"From remote kernel:"
"\"number of constraints and variables\" -> {1, 1}\n"
"From remote kernel:"
"\"block\" -> {6}\n"
"From remote kernel:"
"\"behavior\" -> {{0, 0}}\n"
"From remote kernel:"
"\"number of constraints and variables\" -> {1, 1}\n"
"From remote kernel:"
"\"AMFlow: last point solved in 13s.\"\n"
"From remote kernel:"
"\"dropped terms when pickzero\" -> {0.}\n"
"From remote kernel:"
"\"system cleared: DESolver`$InternalSystem\"\n"
"From remote kernel:"
"\"AMFlow: finished in 61s.\"\n"
