"From remote kernel:"
"DESolver`SetGlobalOptions -> {\"WorkingPre\" -> 100, \"ChopPre\" -> 20, \"SilentMode\" -> False, \"RationalizePre\" -> 100}\n"
"From remote kernel:"
"DESolver`SetExpansionOptions -> {\"XOrder\" -> 100, \"ExtraXOrder\" -> 20, \"LearnXOrder\" -> -1, \"TestXOrder\" -> 5}\n"
"From remote kernel:"
"DESolver`SetRunningOptions -> {\"RunRadius\" -> 2, \"RunLength\" -> 1000, \"RunCandidate\" -> 10, \"RunDirection\" -> \"NegIm\"}\n"
"From remote kernel:"
"DESolver`SetGlobalOptions -> {\"WorkingPre\" -> 200, \"ChopPre\" -> 20, \"SilentMode\" -> False, \"RationalizePre\" -> 100}\n"
"From remote kernel:"
"DESolver`SetExpansionOptions -> {\"XOrder\" -> 400, \"ExtraXOrder\" -> 480, \"LearnXOrder\" -> -1, \"TestXOrder\" -> 5}\n"
"From remote kernel:"
"DESolver`SetRunningOptions -> {\"RunRadius\" -> 2, \"RunLength\" -> 1000, \"RunCandidate\" -> 10, \"RunDirection\" -> \"NegIm\"}\n"
"From remote kernel:"
"\"AMFlow: start.\"\n"
"From remote kernel:"
"\"system loaded: DESolver`$InternalSystem\\nDE[DESolver`$InternalSystem] -- differential equation in matrix form\\nBC[DESolver`$InternalSystem] -- boundary conditions either in singular form or in regular form\\nP[DESolver`$InternalSystem] -- boundary point\\nAsyExp[DESolver`$InternalSystem] -- asymptotic expansion near a singular point (currently it is Null)\\nintegrals: 135, blocks: 94, density: 0.09, degrees: {66, 72}\"\n"
"From remote kernel:"
"\"AMFlow: integrals will be evaluated at 11 regular points\" -> {10.544025350322109 - 17.57337558387018*I, 6.526527285124163 - 10.877545475206938*I, 4.060162279746893 - 6.766937132911487*I, 2.3098099404728063 - 3.8496832341213434*I, 1.3438961989621196 - 2.2398269982701993*I, 0.830366295456624 - 1.3839438257610404*I, 0.5175955901226361 - 0.86265931687106*I, 0.2946681379666856 - 0.49111356327780936*I, 0.1656296615220241 - 0.2760494358700402*I, 0.09427884677074433 - 0.1571314112845739*I, 0.04954141460269105 - 0.08256902433781842*I}\n"
"From remote kernel:"
"\"AMFlow: integration contour generated in 6s.\"\n"
"From remote kernel:"
"\"AMFlow: solving near eta = Infinity...\"\n"
"From remote kernel:"
"\"CalcTaylor: current region\" -> 1/100000\n"
"From remote kernel:"
"\"block\" -> {2}\n"
"From remote kernel:"
"\"boundary condition test\" -> {2, 0, 0.}\n"
"From remote kernel:"
"\"block\" -> {1}\n"
"From remote kernel:"
"\"boundary condition inserted\" -> {1, 0, 1.0000084559869469*^10}\n"
"From remote kernel:"
"\"block\" -> {11, 12, 13}\n"
"From remote kernel:"
"\"boundary condition test\" -> {13, 0, 1.0000084559869469*^10}\n"
"From remote kernel:"
"\"boundary condition test\" -> {12, 0, 9.99998455902387*^9}\n"
"From remote kernel:"
"\"boundary condition test\" -> {11, 0, -100000.8455986947}\n"
"From remote kernel:"
"\"block\" -> {3}\n"
"From remote kernel:"
"\"boundary condition test\" -> {3, 0, 1.0000084559869469*^10}\n"
"From remote kernel:"
"\"block\" -> {15, 16}\n"
"From remote kernel:"
"\"boundary condition test\" -> {16, 0, 0.}\n"
"From remote kernel:"
"\"boundary condition test\" -> {15, 0, 0.}\n"
"From remote kernel:"
"\"block\" -> {6}\n"
"From remote kernel:"
"\"boundary condition test\" -> {6, 0, 1.0000084559869469*^10}\n"
"From remote kernel:"
"\"block\" -> {5}\n"
"From remote kernel:"
"\"boundary condition test\" -> {5, 0, 1.0000084559869469*^10}\n"
"From remote kernel:"
"\"block\" -> {26}\n"
"From remote kernel:"
"\"boundary condition test\" -> {26, 0, 0.}\n"
"From remote kernel:"
"\"block\" -> {24}\n"
"From remote kernel:"
"\"boundary condition test\" -> {24, 0, 0.}\n"
"From remote kernel:"
"\"block\" -> {22}\n"
"From remote kernel:"
"\"boundary condition test\" -> {22, 0, 0.}\n"
"From remote kernel:"
"\"block\" -> {21}\n"
"From remote kernel:"
"\"boundary condition test\" -> {21, 0, 0.}\n"
"From remote kernel:"
"\"block\" -> {19}\n"
"From remote kernel:"
"\"boundary condition test\" -> {19, 0, 0.}\n"
"From remote kernel:"
"\"block\" -> {18}\n"
"From remote kernel:"
"\"boundary condition test\" -> {18, 0, 0.}\n"
"From remote kernel:"
"\"block\" -> {9}\n"
"From remote kernel:"
"\"boundary condition test\" -> {9, 0, 0.}\n"
"From remote kernel:"
"\"block\" -> {8}\n"
"From remote kernel:"
"\"boundary condition test\" -> {8, 0, 0.}\n"
"From remote kernel:"
"\"block\" -> {7}\n"
"From remote kernel:"
"\"boundary condition inserted\" -> {7, 0, 9.999969548163868*^9}\n"
"From remote kernel:"
"\"block\" -> {4}\n"
"From remote kernel:"
"\"boundary condition inserted\" -> {4, 0, 9.999945226637922*^9}\n"
"From remote kernel:"
"\"block\" -> {45, 46, 47}\n"
"From remote kernel:"
"\"boundary condition test\" -> {47, 0, 1.66664020314276*^9}\n"
"From remote kernel:"
"\"boundary condition test\" -> {46, 0, 9.999969548163868*^9}\n"
"From remote kernel:"
"\"boundary condition test\" -> {45, 0, -35835.041827682515}\n"
"From remote kernel:"
"\"block\" -> {41, 42, 43}\n"
"From remote kernel:"
"\"boundary condition test\" -> {43, 0, 1.0000084559869469*^10}\n"
"From remote kernel:"
"\"boundary condition test\" -> {42, 0, 1.0000084559869469*^10}\n"
"From remote kernel:"
"\"boundary condition test\" -> {41, 0, 9.99998455902387*^9}\n"
"From remote kernel:"
"\"block\" -> {29}\n"
"From remote kernel:"
"\"boundary condition test\" -> {29, 0, 1.0000084559869469*^10}\n"
"From remote kernel:"
"\"block\" -> {38, 39}\n"
"From remote kernel:"
"\"boundary condition test\" -> {39, 0, 0.}\n"
"From remote kernel:"
"\"boundary condition test\" -> {38, 0, 0.}\n"
"From remote kernel:"
"\"block\" -> {32}\n"
"From remote kernel:"
"\"boundary condition test\" -> {32, 0, 9.999945226637922*^9}\n"
"From remote kernel:"
"\"block\" -> {49, 50}\n"
"From remote kernel:"
"\"boundary condition test\" -> {50, 0, 0.}\n"
"From remote kernel:"
"\"boundary condition test\" -> {49, 0, 0.}\n"
"From remote kernel:"
"\"block\" -> {34}\n"
"From remote kernel:"
"\"boundary condition test\" -> {34, 0, 1.0000084559869469*^10}\n"
"From remote kernel:"
"\"block\" -> {28}\n"
"From remote kernel:"
"\"boundary condition test\" -> {28, 0, 1.0000084559869469*^10}\n"
"From remote kernel:"
"\"block\" -> {30}\n"
"From remote kernel:"
"\"boundary condition test\" -> {30, 0, 9.999969548163868*^9}\n"
"From remote kernel:"
"\"block\" -> {27}\n"
"From remote kernel:"
"\"boundary condition test\" -> {27, 0, 9.999945226637922*^9}\n"
"From remote kernel:"
"\"block\" -> {35}\n"
"From remote kernel:"
"\"boundary condition test\" -> {35, 0, 9.999969548163868*^9}\n"
"From remote kernel:"
"\"block\" -> {31}\n"
"From remote kernel:"
"\"boundary condition test\" -> {31, 0, 9.999945226637922*^9}\n"
"From remote kernel:"
"\"block\" -> {64}\n"
"From remote kernel:"
"\"boundary condition test\" -> {64, 0, 0.}\n"
"From remote kernel:"
"\"block\" -> {63}\n"
"From remote kernel:"
"\"boundary condition test\" -> {63, 0, 0.}\n"
"From remote kernel:"
"\"block\" -> {61}\n"
"From remote kernel:"
"\"boundary condition test\" -> {61, 0, 0.}\n"
"From remote kernel:"
"\"block\" -> {59}\n"
"From remote kernel:"
"\"boundary condition test\" -> {59, 0, 0.}\n"
"From remote kernel:"
"\"block\" -> {57}\n"
"From remote kernel:"
"\"boundary condition test\" -> {57, 0, 0.}\n"
"From remote kernel:"
"\"block\" -> {55}\n"
"From remote kernel:"
"\"boundary condition test\" -> {55, 0, 0.}\n"
"From remote kernel:"
"\"block\" -> {54}\n"
"From remote kernel:"
"\"boundary condition test\" -> {54, 0, 0.}\n"
"From remote kernel:"
"\"block\" -> {52}\n"
"From remote kernel:"
"\"boundary condition test\" -> {52, 0, 0.}\n"
"From remote kernel:"
"\"block\" -> {36}\n"
"From remote kernel:"
"\"boundary condition test\" -> {36, 0, 0.}\n"
"From remote kernel:"
"\"block\" -> {33}\n"
"From remote kernel:"
"\"boundary condition inserted\" -> {33, 0, -62814.28952138368}\n"
"From remote kernel:"
"\"block\" -> {99, 100, 101, 102, 103, 104, 105}\n"
"From remote kernel:"
"\"boundary condition test\" -> {105, 0, 9.999969548163868*^9}\n"
"From remote kernel:"
"\"boundary condition test\" -> {104, 0, -35835.041827682515}\n"
"From remote kernel:"
"\"boundary condition test\" -> {103, 0, 1.66664020314276*^9}\n"
"From remote kernel:"
"\"boundary condition test\" -> {102, 0, 9.999969548163868*^9}\n"
"From remote kernel:"
"\"boundary condition test\" -> {101, 0, 9.999969548163868*^9}\n"
"From remote kernel:"
"\"boundary condition test\" -> {100, 0, -35835.041827682515}\n"
"From remote kernel:"
"\"boundary condition test\" -> {99, 0, -1.0000069547859348*^10}\n"
"From remote kernel:"
"\"block\" -> {76, 77, 78, 79}\n"
"From remote kernel:"
"\"boundary condition test\" -> {79, 0, 9.999969548163868*^9}\n"
"From remote kernel:"
"\"boundary condition test\" -> {78, 0, -35835.041827682515}\n"
"From remote kernel:"
"\"boundary condition test\" -> {77, 0, 9.999969548163868*^9}\n"
"From remote kernel:"
"\"boundary condition test\" -> {76, 0, 9.999969548163868*^9}\n"
"From remote kernel:"
"\"block\" -> {72, 73, 74, 75}\n"
"From remote kernel:"
"\"boundary condition test\" -> {75, 0, -4.999892281666302*^9}\n"
"From remote kernel:"
"\"boundary condition test\" -> {74, 0, 1.0000184562715124*^10}\n"
"From remote kernel:"
"\"boundary condition test\" -> {73, 0, 1.0000184562715124*^10}\n"
"From remote kernel:"
"\"boundary condition test\" -> {72, 0, 1.0000184562715124*^10}\n"
"From remote kernel:"
"\"block\" -> {83, 84, 85}\n"
"From remote kernel:"
"\"boundary condition test\" -> {85, 0, 9.999945226637922*^9}\n"
"From remote kernel:"
"\"boundary condition test\" -> {84, 0, -34190.18435449355}\n"
"From remote kernel:"
"\"boundary condition test\" -> {83, 0, 9.999945226637922*^9}\n"
"From remote kernel:"
"\"block\" -> {86, 87, 88, 89}\n"
"From remote kernel:"
"\"boundary condition test\" -> {89, 0, -4.999892281666302*^9}\n"
"From remote kernel:"
"\"boundary condition test\" -> {88, 0, 1.0000184562715124*^10}\n"
"From remote kernel:"
"\"boundary condition test\" -> {87, 0, 1.0000184562715124*^10}\n"
"From remote kernel:"
"\"boundary condition test\" -> {86, 0, 1.0000184562715124*^10}\n"
"From remote kernel:"
"\"block\" -> {66}\n"
"From remote kernel:"
"\"boundary condition test\" -> {66, 0, 9.999945226637922*^9}\n"
"From remote kernel:"
"\"block\" -> {81, 82}\n"
"From remote kernel:"
"\"boundary condition test\" -> {82, 0, 0.}\n"
"From remote kernel:"
"\"boundary condition test\" -> {81, 0, 0.}\n"
"From remote kernel:"
"\"block\" -> {71}\n"
"From remote kernel:"
"\"boundary condition test\" -> {71, 0, -62814.28952138368}\n"
"From remote kernel:"
"\"block\" -> {68}\n"
"From remote kernel:"
"\"boundary condition test\" -> {68, 0, 1.0000084559869469*^10}\n"
"From remote kernel:"
"\"block\" -> {69}\n"
"From remote kernel:"
"\"boundary condition test\" -> {69, 0, 9.999969548163868*^9}\n"
"From remote kernel:"
"\"block\" -> {65}\n"
"From remote kernel:"
"\"boundary condition test\" -> {65, 0, 9.999945226637922*^9}\n"
"From remote kernel:"
"\"block\" -> {67}\n"
"From remote kernel:"
"\"boundary condition test\" -> {67, 0, -62814.28952138368}\n"
"From remote kernel:"
"\"block\" -> {70}\n"
"From remote kernel:"
"\"boundary condition test\" -> {70, 0, -62814.28952138368}\n"
"From remote kernel:"
"\"block\" -> {111}\n"
"From remote kernel:"
"\"boundary condition test\" -> {111, 0, 0.}\n"
"From remote kernel:"
"\"block\" -> {110}\n"
"From remote kernel:"
"\"boundary condition test\" -> {110, 0, 0.}\n"
"From remote kernel:"
"\"block\" -> {109}\n"
"From remote kernel:"
"\"boundary condition test\" -> {109, 0, 0.}\n"
"From remote kernel:"
"\"block\" -> {108}\n"
"From remote kernel:"
"\"boundary condition test\" -> {108, 0, 0.}\n"
"From remote kernel:"
"\"block\" -> {107}\n"
"From remote kernel:"
"\"boundary condition test\" -> {107, 0, 0.}\n"
"From remote kernel:"
"\"block\" -> {97}\n"
"From remote kernel:"
"\"boundary condition test\" -> {97, 0, 0.}\n"
"From remote kernel:"
"\"block\" -> {96}\n"
"From remote kernel:"
"\"boundary condition test\" -> {96, 0, 0.}\n"
"From remote kernel:"
"\"block\" -> {94}\n"
"From remote kernel:"
"\"boundary condition test\" -> {94, 0, 0.}\n"
"From remote kernel:"
"\"block\" -> {93}\n"
"From remote kernel:"
"\"boundary condition test\" -> {93, 0, 0.}\n"
"From remote kernel:"
"\"block\" -> {92}\n"
"From remote kernel:"
"\"boundary condition test\" -> {92, 0, 0.}\n"
"From remote kernel:"
"\"block\" -> {91}\n"
"From remote kernel:"
"\"boundary condition test\" -> {91, 0, 0.}\n"
"From remote kernel:"
"\"block\" -> {90}\n"
"From remote kernel:"
"\"boundary condition test\" -> {90, 0, 0.}\n"
"From remote kernel:"
"\"block\" -> {123, 124, 125, 126, 127}\n"
"From remote kernel:"
"\"boundary condition test\" -> {127, 0, 6.944217647276683*^8}\n"
"From remote kernel:"
"\"boundary condition test\" -> {126, 0, -62814.28952138368}\n"
"From remote kernel:"
"\"boundary condition test\" -> {125, 0, -62814.28952138368}\n"
"From remote kernel:"
"\"boundary condition test\" -> {124, 0, 11396.937499129586}\n"
"From remote kernel:"
"\"boundary condition test\" -> {123, 0, -62814.28952138368}\n"
"From remote kernel:"
"\"block\" -> {119, 120, 121, 122}\n"
"From remote kernel:"
"\"boundary condition test\" -> {122, 0, 9.999969548163868*^9}\n"
"From remote kernel:"
"\"boundary condition test\" -> {121, 0, -35835.041827682515}\n"
"From remote kernel:"
"\"boundary condition test\" -> {120, 0, 9.999969548163868*^9}\n"
"From remote kernel:"
"\"boundary condition test\" -> {119, 0, 9.999969548163868*^9}\n"
"From remote kernel:"
"\"block\" -> {115, 116, 117, 118}\n"
"From remote kernel:"
"\"boundary condition test\" -> {118, 0, -4.999892281666302*^9}\n"
"From remote kernel:"
"\"boundary condition test\" -> {117, 0, 1.0000184562715124*^10}\n"
"From remote kernel:"
"\"boundary condition test\" -> {116, 0, 1.0000184562715124*^10}\n"
"From remote kernel:"
"\"boundary condition test\" -> {115, 0, 1.0000184562715124*^10}\n"
"From remote kernel:"
"\"block\" -> {114}\n"
"From remote kernel:"
"\"boundary condition test\" -> {114, 0, -62814.28952138368}\n"
"From remote kernel:"
"\"block\" -> {112}\n"
"From remote kernel:"
"\"boundary condition test\" -> {112, 0, 9.999945226637922*^9}\n"
"From remote kernel:"
"\"block\" -> {113}\n"
"From remote kernel:"
"\"boundary condition test\" -> {113, 0, -62814.28952138368}\n"
"From remote kernel:"
"\"block\" -> {130}\n"
"From remote kernel:"
"\"boundary condition test\" -> {130, 0, 0.}\n"
"From remote kernel:"
"\"block\" -> {129}\n"
"From remote kernel:"
"\"boundary condition test\" -> {129, 0, 0.}\n"
"From remote kernel:"
"\"block\" -> {128}\n"
"From remote kernel:"
"\"boundary condition test\" -> {128, 0, 0.}\n"
"From remote kernel:"
"\"block\" -> {131, 132, 133, 134, 135}\n"
"From remote kernel:"
"\"boundary condition test\" -> {135, 0, -62814.28952138368}\n"
"From remote kernel:"
"\"boundary condition test\" -> {134, 0, -62814.28952138368}\n"
"From remote kernel:"
"\"boundary condition test\" -> {133, 0, 11396.937499129586}\n"
"From remote kernel:"
"\"boundary condition test\" -> {132, 0, -62814.28952138368}\n"
"From remote kernel:"
"\"boundary condition test\" -> {131, 0, -62814.28952138368}\n"
"From remote kernel:"
"\"block\" -> {98}\n"
"From remote kernel:"
"\"boundary condition test\" -> {98, 0, 9.999969548163868*^9}\n"
"From remote kernel:"
"\"block\" -> {80}\n"
"From remote kernel:"
"\"boundary condition test\" -> {80, 0, 0.}\n"
"From remote kernel:"
"\"block\" -> {44}\n"
"From remote kernel:"
"\"boundary condition test\" -> {44, 0, 9.999969548163868*^9}\n"
"From remote kernel:"
"\"block\" -> {40}\n"
"From remote kernel:"
"\"boundary condition test\" -> {40, 0, 1.0000084559869469*^10}\n"
"From remote kernel:"
"\"block\" -> {37}\n"
"From remote kernel:"
"\"boundary condition test\" -> {37, 0, 0.}\n"
"From remote kernel:"
"\"block\" -> {48}\n"
"From remote kernel:"
"\"boundary condition test\" -> {48, 0, 0.}\n"
"From remote kernel:"
"\"block\" -> {10}\n"
"From remote kernel:"
"\"boundary condition test\" -> {10, 0, 1.0000084559869469*^10}\n"
"From remote kernel:"
"\"block\" -> {14}\n"
"From remote kernel:"
"\"boundary condition test\" -> {14, 0, 0.}\n"
"From remote kernel:"
"\"block\" -> {106}\n"
"From remote kernel:"
"\"boundary condition test\" -> {106, 0, 0.}\n"
"From remote kernel:"
"\"block\" -> {95}\n"
"From remote kernel:"
"\"boundary condition test\" -> {95, 0, 0.}\n"
"From remote kernel:"
"\"block\" -> {62}\n"
"From remote kernel:"
"\"boundary condition test\" -> {62, 0, 0.}\n"
"From remote kernel:"
"\"block\" -> {60}\n"
"From remote kernel:"
"\"boundary condition test\" -> {60, 0, 0.}\n"
"From remote kernel:"
"\"block\" -> {58}\n"
"From remote kernel:"
"\"boundary condition test\" -> {58, 0, 0.}\n"
"From remote kernel:"
"\"block\" -> {56}\n"
"From remote kernel:"
"\"boundary condition test\" -> {56, 0, 0.}\n"
"From remote kernel:"
"\"block\" -> {53}\n"
"From remote kernel:"
"\"boundary condition test\" -> {53, 0, 0.}\n"
"From remote kernel:"
"\"block\" -> {51}\n"
"From remote kernel:"
"\"boundary condition test\" -> {51, 0, 0.}\n"
"From remote kernel:"
"\"block\" -> {25}\n"
"From remote kernel:"
"\"boundary condition test\" -> {25, 0, 0.}\n"
"From remote kernel:"
"\"block\" -> {23}\n"
"From remote kernel:"
"\"boundary condition test\" -> {23, 0, 0.}\n"
"From remote kernel:"
"\"block\" -> {20}\n"
"From remote kernel:"
"\"boundary condition test\" -> {20, 0, 0.}\n"
"From remote kernel:"
"\"block\" -> {17}\n"
"From remote kernel:"
"\"boundary condition test\" -> {17, 0, 0.}\n"
"From remote kernel:"
"\"CalcTaylor: current region\" -> 0\n"
"From remote kernel:"
"\"block\" -> {2}\n"
"From remote kernel:"
"\"boundary condition inserted\" -> {2, 0, 1.0000084559869469*^10}\n"
"From remote kernel:"
"\"block\" -> {1}\n"
"From remote kernel:"
"\"boundary condition test\" -> {1, 0, 0.}\n"
"From remote kernel:"
"\"block\" -> {11, 12, 13}\n"
"From remote kernel:"
"\"boundary condition test\" -> {13, 0, 0.}\n"
"From remote kernel:"
"\"boundary condition test\" -> {12, 0, 0.}\n"
"From remote kernel:"
"\"boundary condition test\" -> {11, 0, 0.}\n"
"From remote kernel:"
"\"block\" -> {3}\n"
"From remote kernel:"
"\"boundary condition test\" -> {3, 0, -1.0000084559869469*^10}\n"
"From remote kernel:"
"\"block\" -> {15, 16}\n"
"From remote kernel:"
"\"boundary condition test\" -> {16, 0, 0.}\n"
"From remote kernel:"
"\"boundary condition test\" -> {15, 0, 0.}\n"
"From remote kernel:"
"\"block\" -> {6}\n"
"From remote kernel:"
"\"boundary condition test\" -> {6, 0, 0.}\n"
"From remote kernel:"
"\"block\" -> {5}\n"
"From remote kernel:"
"\"boundary condition test\" -> {5, 0, 0.}\n"
"From remote kernel:"
"\"block\" -> {26}\n"
"From remote kernel:"
"\"boundary condition inserted\" -> {26, 0, -4.9999313266717825*^9 - 314154.9508999222*I}\n"
"From remote kernel:"
"\"block\" -> {24}\n"
"From remote kernel:"
"\"boundary condition inserted\" -> {24, 0, -5.000092285647588*^9}\n"
"From remote kernel:"
"\"block\" -> {22}\n"
"From remote kernel:"
"\"boundary condition inserted\" -> {22, 0, -4.999877270554435*^9}\n"
"From remote kernel:"
"\"block\" -> {21}\n"
"From remote kernel:"
"\"boundary condition inserted\" -> {21, 0, 4.999992279557701*^9}\n"
"From remote kernel:"
"\"block\" -> {19}\n"
"From remote kernel:"
"\"boundary condition inserted\" -> {19, 0, -4.999852949865974*^9}\n"
"From remote kernel:"
"\"block\" -> {18}\n"
"From remote kernel:"
"\"boundary condition inserted\" -> {18, 0, 4.999992278859557*^9}\n"
"From remote kernel:"
"\"block\" -> {9}\n"
"From remote kernel:"
"\"boundary condition inserted\" -> {9, 0, 9.999969548163868*^9}\n"
"From remote kernel:"
"\"block\" -> {8}\n"
"From remote kernel:"
"\"boundary condition inserted\" -> {8, 0, 9.999945226637922*^9}\n"
"From remote kernel:"
"\"block\" -> {7}\n"
"From remote kernel:"
"\"boundary condition test\" -> {7, 0, 0.}\n"
"From remote kernel:"
"\"block\" -> {4}\n"
"From remote kernel:"
"\"boundary condition test\" -> {4, 0, 0.}\n"
"From remote kernel:"
"\"block\" -> {45, 46, 47}\n"
"From remote kernel:"
"\"boundary condition test\" -> {47, 0, 0.}\n"
"From remote kernel:"
"\"boundary condition test\" -> {46, 0, 0.}\n"
"From remote kernel:"
"\"boundary condition test\" -> {45, 0, 0.}\n"
"From remote kernel:"
"\"block\" -> {41, 42, 43}\n"
"From remote kernel:"
"\"boundary condition test\" -> {43, 0, 5.000092285647588*^9}\n"
"From remote kernel:"
"\"boundary condition test\" -> {42, 0, 5.000092285647588*^9}\n"
"From remote kernel:"
"\"boundary condition test\" -> {41, 0, -4.999992281801798*^9}\n"
"From remote kernel:"
"\"block\" -> {29}\n"
"From remote kernel:"
"\"boundary condition test\" -> {29, 0, -1.0000259561254538*^10}\n"
"From remote kernel:"
"\"block\" -> {38, 39}\n"
"From remote kernel:"
"\"boundary condition test\" -> {39, 0, 4.999877270554435*^9}\n"
"From remote kernel:"
"\"boundary condition test\" -> {38, 0, -4.999992279557701*^9}\n"
"From remote kernel:"
"\"block\" -> {32}\n"
"From remote kernel:"
"\"boundary condition test\" -> {32, 0, 0.}\n"
"From remote kernel:"
"\"block\" -> {49, 50}\n"
"From remote kernel:"
"\"boundary condition test\" -> {50, 0, 4.9999313266717825*^9 + 314154.9508999222*I}\n"
"From remote kernel:"
"\"boundary condition test\" -> {49, 0, 4.9999313266717825*^9 + 314154.9508999222*I}\n"
"From remote kernel:"
"\"block\" -> {34}\n"
"From remote kernel:"
"\"boundary condition test\" -> {34, 0, -5.00006728281104*^9}\n"
"From remote kernel:"
"\"block\" -> {28}\n"
"From remote kernel:"
"\"boundary condition test\" -> {28, 0, -1.0000184562715124*^10}\n"
"From remote kernel:"
"\"block\" -> {30}\n"
"From remote kernel:"
"\"boundary condition test\" -> {30, 0, -9.999969548163868*^9}\n"
"From remote kernel:"
"\"block\" -> {27}\n"
"From remote kernel:"
"\"boundary condition test\" -> {27, 0, -9.999945226637922*^9}\n"
"From remote kernel:"
"\"block\" -> {35}\n"
"From remote kernel:"
"\"boundary condition test\" -> {35, 0, 0.}\n"
"From remote kernel:"
"\"block\" -> {31}\n"
"From remote kernel:"
"\"boundary condition test\" -> {31, 0, 0.}\n"
"From remote kernel:"
"\"block\" -> {64}\n"
"From remote kernel:"
"\"boundary condition inserted\" -> {64, 0, 3566.41153097624 + 96845.06659503243*I}\n"
"From remote kernel:"
"\"block\" -> {63}\n"
"From remote kernel:"
"\"boundary condition inserted\" -> {63, 0, -35835.22431250407 - 0.5233464812025337*I}\n"
"From remote kernel:"
"\"block\" -> {61}\n"
"From remote kernel:"
"\"boundary condition inserted\" -> {61, 0, -62921.67648786214 + 135213.81648280108*I}\n"
"From remote kernel:"
"\"block\" -> {59}\n"
"From remote kernel:"
"\"boundary condition inserted\" -> {59, 0, -1.709485861657863*^9}\n"
"From remote kernel:"
"\"block\" -> {57}\n"
"From remote kernel:"
"\"boundary condition inserted\" -> {57, 0, 3566.951423245146 + 96843.48522167202*I}\n"
"From remote kernel:"
"\"block\" -> {55}\n"
"From remote kernel:"
"\"boundary condition inserted\" -> {55, 0, 62812.658782251274}\n"
"From remote kernel:"
"\"block\" -> {54}\n"
"From remote kernel:"
"\"boundary condition inserted\" -> {54, 0, -1.4500830728181746}\n"
"From remote kernel:"
"\"block\" -> {52}\n"
"From remote kernel:"
"\"boundary condition inserted\" -> {52, 0, -1.709443131472301*^9}\n"
"From remote kernel:"
"\"block\" -> {36}\n"
"From remote kernel:"
"\"boundary condition inserted\" -> {36, 0, -62814.28952138368}\n"
"From remote kernel:"
"\"block\" -> {33}\n"
"From remote kernel:"
"\"boundary condition test\" -> {33, 0, 0.}\n"
"From remote kernel:"
"\"block\" -> {99, 100, 101, 102, 103, 104, 105}\n"
"From remote kernel:"
"\"homogeneous id up to\" -> 6174\n"
"From remote kernel:"
"\"dropped eqs\" -> {{6175 -> 0.}, {6175 -> 0.}, {6175 -> 0.}}\n"
"From remote kernel:"
"\"boundary condition test\" -> {105, 0, 6000.064456458575 + 0.7539817053016418*I}\n"
"From remote kernel:"
"\"boundary condition test\" -> {104, 0, 4.9999787208736074*^8 + 62832.92131855754*I}\n"
"From remote kernel:"
"\"boundary condition test\" -> {103, 0, -1.666630044894046*^9 - 52359.09304197215*I}\n"
"From remote kernel:"
"\"boundary condition test\" -> {102, 0, -3566.41153097624 - 96845.06659503243*I}\n"
"From remote kernel:"
"\"boundary condition test\" -> {101, 0, -3566.41153097624 - 96845.06659503243*I}\n"
"From remote kernel:"
"\"boundary condition test\" -> {100, 0, 35835.22431250407 + 0.5233464812025337*I}\n"
"From remote kernel:"
"\"boundary condition test\" -> {99, 0, 4.9999772718752985*^9 + 1.702322359210731*I}\n"
"From remote kernel:"
"\"block\" -> {76, 77, 78, 79}\n"
"From remote kernel:"
"\"boundary condition test\" -> {79, 0, -35834.14660842862}\n"
"From remote kernel:"
"\"boundary condition test\" -> {78, 0, 35834.57829376459}\n"
"From remote kernel:"
"\"boundary condition test\" -> {77, 0, 0.8218750655195144}\n"
"From remote kernel:"
"\"boundary condition test\" -> {76, 0, -4.999977268456054*^9}\n"
"From remote kernel:"
"\"block\" -> {72, 73, 74, 75}\n"
"From remote kernel:"
"\"homogeneous id up to\" -> 3528\n"
"From remote kernel:"
"\"dropped eqs\" -> {{3529 -> 0.}}\n"
"From remote kernel:"
"\"boundary condition test\" -> {75, 0, 4.999828360604767*^9}\n"
"From remote kernel:"
"\"boundary condition test\" -> {74, 0, -62812.658782251274}\n"
"From remote kernel:"
"\"boundary condition test\" -> {73, 0, 1.4500830728181746}\n"
"From remote kernel:"
"\"boundary condition test\" -> {72, 0, -5.000192279756831*^9}\n"
"From remote kernel:"
"\"block\" -> {83, 84, 85}\n"
"From remote kernel:"
"\"homogeneous id up to\" -> 2646\n"
"From remote kernel:"
"\"dropped eqs\" -> {{2647 -> 0.}}\n"
"From remote kernel:"
"\"boundary condition test\" -> {85, 0, 1.709485861657863*^9}\n"
"From remote kernel:"
"\"boundary condition test\" -> {84, 0, 34190.40104117808}\n"
"From remote kernel:"
"\"boundary condition test\" -> {83, 0, -4.99995294950589*^9}\n"
"From remote kernel:"
"\"block\" -> {86, 87, 88, 89}\n"
"From remote kernel:"
"\"boundary condition test\" -> {89, 0, 4.999811808243532*^9 + 157073.22068842495*I}\n"
"From remote kernel:"
"\"boundary condition test\" -> {88, 0, 62921.67648786214 - 135213.81648280108*I}\n"
"From remote kernel:"
"\"boundary condition test\" -> {87, 0, 62921.67648786214 - 135213.81648280108*I}\n"
"From remote kernel:"
"\"boundary condition test\" -> {86, 0, -5.0001922863471365*^9 - 6.761028871527013*I}\n"
"From remote kernel:"
"\"block\" -> {66}\n"
"From remote kernel:"
"\"boundary condition test\" -> {66, 0, -4.999952947385046*^9}\n"
"From remote kernel:"
"\"block\" -> {81, 82}\n"
"From remote kernel:"
"\"boundary condition test\" -> {82, 0, -3566.951423245146 - 96843.48522167202*I}\n"
"From remote kernel:"
"\"boundary condition test\" -> {81, 0, -4.999961803040643*^9 - 157081.23114200763*I}\n"
"From remote kernel:"
"\"block\" -> {71}\n"
"From remote kernel:"
"\"boundary condition test\" -> {71, 0, 0.}\n"
"From remote kernel:"
"\"block\" -> {68}\n"
"From remote kernel:"
"\"boundary condition test\" -> {68, 0, -5.000192282166608*^9}\n"
"From remote kernel:"
"\"block\" -> {69}\n"
"From remote kernel:"
"\"boundary condition test\" -> {69, 0, -1.0000069549859383*^10}\n"
"From remote kernel:"
"\"block\" -> {65}\n"
"From remote kernel:"
"\"boundary condition test\" -> {65, 0, -1.0000045228090218*^10}\n"
"From remote kernel:"
"\"block\" -> {67}\n"
"From remote kernel:"
"\"boundary condition test\" -> {67, 0, 62814.28952138368}\n"
"From remote kernel:"
"\"block\" -> {70}\n"
"From remote kernel:"
"\"boundary condition test\" -> {70, 0, 0.}\n"
"From remote kernel:"
"\"block\" -> {111}\n"
"From remote kernel:"
"\"boundary condition inserted\" -> {111, 0, -3.379868656235911*^7 - 4247.430306895417*I}\n"
"From remote kernel:"
"\"block\" -> {110}\n"
"From remote kernel:"
"\"boundary condition inserted\" -> {110, 0, -7275.041894502274 + 23127.863140617315*I}\n"
"From remote kernel:"
"\"block\" -> {109}\n"
"From remote kernel:"
"\"boundary condition inserted\" -> {109, 0, -3.4187653186834943*^8 - 42964.108138865464*I}\n"
"From remote kernel:"
"\"block\" -> {108}\n"
"From remote kernel:"
"\"boundary condition inserted\" -> {108, 0, 1.2499992558332705*^9 - 9152.972498895304*I}\n"
"From remote kernel:"
"\"block\" -> {107}\n"
"From remote kernel:"
"\"boundary condition inserted\" -> {107, 0, 31462.304077290475 - 67607.80139739068*I}\n"
"From remote kernel:"
"\"block\" -> {97}\n"
"From remote kernel:"
"\"boundary condition inserted\" -> {97, 0, -3.418850772294799*^8 - 42964.52303709619*I}\n"
"From remote kernel:"
"\"block\" -> {96}\n"
"From remote kernel:"
"\"boundary condition inserted\" -> {96, 0, 11397.013624732392 + 0.3580516907780101*I}\n"
"From remote kernel:"
"\"block\" -> {94}\n"
"From remote kernel:"
"\"boundary condition inserted\" -> {94, 0, -4.9998787212027186*^8 - 62832.10977586483*I}\n"
"From remote kernel:"
"\"block\" -> {93}\n"
"From remote kernel:"
"\"boundary condition inserted\" -> {93, 0, 0.3629437343931162 + 0.6254795628880176*I}\n"
"From remote kernel:"
"\"block\" -> {92}\n"
"From remote kernel:"
"\"boundary condition inserted\" -> {92, 0, -2.108486332435673 - 1.3449766113937427*I}\n"
"From remote kernel:"
"\"block\" -> {91}\n"
"From remote kernel:"
"\"boundary condition inserted\" -> {91, 0, 24053.190675953483}\n"
"From remote kernel:"
"\"block\" -> {90}\n"
"From remote kernel:"
"\"boundary condition inserted\" -> {90, 0, -2.429070456102257}\n"
"From remote kernel:"
"\"block\" -> {123, 124, 125, 126, 127}\n"
"From remote kernel:"
"\"homogeneous id up to\" -> 4410\n"
"From remote kernel:"
"\"dropped eqs\" -> {{4411 -> 0.}}\n"
"From remote kernel:"
"\"boundary condition test\" -> {127, 0, -6.944091990078928*^8 - 21815.50839027888*I}\n"
"From remote kernel:"
"\"boundary condition test\" -> {126, 0, 3.418850772294799*^8 + 42964.52303709619*I}\n"
"From remote kernel:"
"\"boundary condition test\" -> {125, 0, 3.418850772294799*^8 + 42964.52303709619*I}\n"
"From remote kernel:"
"\"boundary condition test\" -> {124, 0, -11397.013624732392 - 0.3580516907780101*I}\n"
"From remote kernel:"
"\"boundary condition test\" -> {123, 0, 62814.44127245278 + 1.3675810302183067*I}\n"
"From remote kernel:"
"\"block\" -> {119, 120, 121, 122}\n"
"From remote kernel:"
"\"boundary condition test\" -> {122, 0, 4.9998787212027186*^8 + 62832.10977586483*I}\n"
"From remote kernel:"
"\"boundary condition test\" -> {121, 0, -0.3629437343931162 - 0.6254795628880176*I}\n"
"From remote kernel:"
"\"boundary condition test\" -> {120, 0, 1782.9357982688036 + 48423.32397074666*I}\n"
"From remote kernel:"
"\"boundary condition test\" -> {119, 0, 2.108486332435673 + 1.3449766113937427*I}\n"
"From remote kernel:"
"\"block\" -> {115, 116, 117, 118}\n"
"From remote kernel:"
"\"homogeneous id up to\" -> 3528\n"
"From remote kernel:"
"\"dropped eqs\" -> {{3529 -> 0.}}\n"
"From remote kernel:"
"\"boundary condition test\" -> {118, 0, 7275.041894502274 - 23127.863140617315*I}\n"
"From remote kernel:"
"\"boundary condition test\" -> {117, 0, 3.4187653186834943*^8 + 42964.108138865464*I}\n"
"From remote kernel:"
"\"boundary condition test\" -> {116, 0, -31462.304077290475 + 67607.80139739068*I}\n"
"From remote kernel:"
"\"boundary condition test\" -> {115, 0, 2.842922351847498 + 3.4586309559915738*I}\n"
"From remote kernel:"
"\"block\" -> {114}\n"
"From remote kernel:"
"\"boundary condition test\" -> {114, 0, 62813.46756476694}\n"
"From remote kernel:"
"\"block\" -> {112}\n"
"From remote kernel:"
"\"boundary condition test\" -> {112, 0, 2.429070456102257}\n"
"From remote kernel:"
"\"block\" -> {113}\n"
"From remote kernel:"
"\"boundary condition test\" -> {113, 0, 62814.917676842}\n"
"From remote kernel:"
"\"block\" -> {130}\n"
"From remote kernel:"
"\"boundary condition inserted\" -> {130, 0, 2.240513396095112*^8 + 28155.62748153103*I}\n"
"From remote kernel:"
"\"block\" -> {129}\n"
"From remote kernel:"
"\"boundary condition inserted\" -> {129, 0, -1350.5746985411836 - 0.3410680920625577*I}\n"
"From remote kernel:"
"\"block\" -> {128}\n"
"From remote kernel:"
"\"boundary condition inserted\" -> {128, 0, 0.3470680218640718 + 0.8612778781710593*I}\n"
"From remote kernel:"
"\"block\" -> {131, 132, 133, 134, 135}\n"
"From remote kernel:"
"\"homogeneous id up to\" -> 4410\n"
"From remote kernel:"
"\"dropped eqs\" -> {{4411 -> 0.}}\n"
"From remote kernel:"
"\"boundary condition test\" -> {135, 0, 2.8295492552602384*^7 + 3555.663275052322*I}\n"
"From remote kernel:"
"\"boundary condition test\" -> {134, 0, -2.240513396095112*^8 - 28155.62748153103*I}\n"
"From remote kernel:"
"\"boundary condition test\" -> {133, 0, 1350.5746985411836 + 0.3410680920625577*I}\n"
"From remote kernel:"
"\"boundary condition test\" -> {132, 0, -1.709468112953017*^8 - 21482.46895905067*I}\n"
"From remote kernel:"
"\"boundary condition test\" -> {131, 0, -0.3470680218640718 - 0.8612778781710593*I}\n"
"From remote kernel:"
"\"block\" -> {98}\n"
"From remote kernel:"
"\"boundary condition test\" -> {98, 0, -4.9999772718752985*^9 - 1.702322359210731*I}\n"
"From remote kernel:"
"\"block\" -> {80}\n"
"From remote kernel:"
"\"homogeneous id up to\" -> 882\n"
"From remote kernel:"
"\"dropped eqs\" -> {{883 -> 0.}}\n"
"From remote kernel:"
"\"boundary condition test\" -> {80, 0, -5.000192285277312*^9 - 4.842416378997101*I}\n"
"From remote kernel:"
"\"block\" -> {44}\n"
"From remote kernel:"
"\"boundary condition test\" -> {44, 0, 0.}\n"
"From remote kernel:"
"\"block\" -> {40}\n"
"From remote kernel:"
"\"homogeneous id up to\" -> 882\n"
"From remote kernel:"
"\"dropped eqs\" -> {{883 -> 0.}}\n"
"From remote kernel:"
"\"boundary condition test\" -> {40, 0, -5.00006728281104*^9}\n"
"From remote kernel:"
"\"block\" -> {37}\n"
"From remote kernel:"
"\"homogeneous id up to\" -> 882\n"
"From remote kernel:"
"\"dropped eqs\" -> {{883 -> 0.}}\n"
"From remote kernel:"
"\"boundary condition test\" -> {37, 0, -5.000217282135036*^9}\n"
"From remote kernel:"
"\"block\" -> {48}\n"
"From remote kernel:"
"\"homogeneous id up to\" -> 882\n"
"From remote kernel:"
"\"dropped eqs\" -> {{883 -> 0.}}\n"
"From remote kernel:"
"\"boundary condition test\" -> {48, 0, 125002.65822233155 + 7.854148665345097*I}\n"
"From remote kernel:"
"\"block\" -> {10}\n"
"From remote kernel:"
"\"boundary condition test\" -> {10, 0, 0.}\n"
"From remote kernel:"
"\"block\" -> {14}\n"
"From remote kernel:"
"\"boundary condition test\" -> {14, 0, 0.}\n"
"From remote kernel:"
"\"block\" -> {106}\n"
"From remote kernel:"
"\"boundary condition inserted\" -> {106, 0, -2.842922351847498 - 3.4586309559915738*I}\n"
"From remote kernel:"
"\"block\" -> {95}\n"
"From remote kernel:"
"\"boundary condition inserted\" -> {95, 0, -62814.44127245278 - 1.3675810302183067*I}\n"
"From remote kernel:"
"\"block\" -> {62}\n"
"From remote kernel:"
"\"boundary condition inserted\" -> {62, 0, 4.9999772718752985*^9 + 1.702322359210731*I}\n"
"From remote kernel:"
"\"block\" -> {60}\n"
"From remote kernel:"
"\"boundary condition inserted\" -> {60, 0, 5.0001922863471365*^9 + 6.761028871527013*I}\n"
"From remote kernel:"
"\"block\" -> {58}\n"
"From remote kernel:"
"\"boundary condition inserted\" -> {58, 0, 4.99995294950589*^9}\n"
"From remote kernel:"
"\"block\" -> {56}\n"
"From remote kernel:"
"\"boundary condition inserted\" -> {56, 0, 5.000192285277312*^9 + 4.842416378997101*I}\n"
"From remote kernel:"
"\"block\" -> {53}\n"
"From remote kernel:"
"\"boundary condition inserted\" -> {53, 0, 5.000192279756831*^9}\n"
"From remote kernel:"
"\"block\" -> {51}\n"
"From remote kernel:"
"\"boundary condition inserted\" -> {51, 0, 5.000192282166608*^9}\n"
"From remote kernel:"
"\"block\" -> {25}\n"
"From remote kernel:"
"\"boundary condition inserted\" -> {25, 0, -125002.65822233155 - 7.854148665345097*I}\n"
"From remote kernel:"
"\"block\" -> {23}\n"
"From remote kernel:"
"\"boundary condition inserted\" -> {23, 0, 5.00006728281104*^9}\n"
"From remote kernel:"
"\"block\" -> {20}\n"
"From remote kernel:"
"\"boundary condition inserted\" -> {20, 0, 5.000217282135036*^9}\n"
"From remote kernel:"
"\"block\" -> {17}\n"
"From remote kernel:"
"\"boundary condition inserted\" -> {17, 0, 1.0000259561254538*^10}\n"
"From remote kernel:"
"\"CalcTaylor: current region\" -> 1/50000\n"
"From remote kernel:"
"\"block\" -> {2}\n"
"From remote kernel:"
"\"boundary condition test\" -> {2, 0, 0.}\n"
"From remote kernel:"
"\"block\" -> {1}\n"
"From remote kernel:"
"\"boundary condition test\" -> {1, 0, 0.}\n"
"From remote kernel:"
"\"block\" -> {11, 12, 13}\n"
"From remote kernel:"
"\"boundary condition inserted\" -> {13, 0, -4.999992281156855*^9}\n"
"From remote kernel:"
"\"boundary condition test\" -> {12, 0, -4.999992281156855*^9}\n"
"From remote kernel:"
"\"boundary condition test\" -> {11, 0, 4.999992281156855*^9}\n"
"From remote kernel:"
"\"block\" -> {3}\n"
"From remote kernel:"
"\"boundary condition inserted\" -> {3, 0, 0.}\n"
"From remote kernel:"
"\"block\" -> {15, 16}\n"
"From remote kernel:"
"\"boundary condition inserted\" -> {16, 0, -4.999992281156855*^9}\n"
"From remote kernel:"
"\"boundary condition test\" -> {15, 0, 4.999992281156855*^9}\n"
"From remote kernel:"
"\"block\" -> {6}\n"
"From remote kernel:"
"\"boundary condition inserted\" -> {6, 0, 5.000092283002515*^9}\n"
"From remote kernel:"
"\"block\" -> {5}\n"
"From remote kernel:"
"\"boundary condition inserted\" -> {5, 0, 0.}\n"
"From remote kernel:"
"\"block\" -> {26}\n"
"From remote kernel:"
"\"boundary condition test\" -> {26, 0, 0.}\n"
"From remote kernel:"
"\"block\" -> {24}\n"
"From remote kernel:"
"\"boundary condition test\" -> {24, 0, 0.}\n"
"From remote kernel:"
"\"block\" -> {22}\n"
"From remote kernel:"
"\"boundary condition test\" -> {22, 0, 0.}\n"
"From remote kernel:"
"\"block\" -> {21}\n"
"From remote kernel:"
"\"boundary condition test\" -> {21, 0, 0.}\n"
"From remote kernel:"
"\"block\" -> {19}\n"
"From remote kernel:"
"\"boundary condition test\" -> {19, 0, 0.}\n"
"From remote kernel:"
"\"block\" -> {18}\n"
"From remote kernel:"
"\"boundary condition test\" -> {18, 0, 0.}\n"
"From remote kernel:"
"\"block\" -> {9}\n"
"From remote kernel:"
"\"boundary condition test\" -> {9, 0, 0.}\n"
"From remote kernel:"
"\"block\" -> {8}\n"
"From remote kernel:"
"\"boundary condition test\" -> {8, 0, 0.}\n"
"From remote kernel:"
"\"block\" -> {7}\n"
"From remote kernel:"
"\"boundary condition test\" -> {7, 0, 0.}\n"
"From remote kernel:"
"\"block\" -> {4}\n"
"From remote kernel:"
"\"boundary condition test\" -> {4, 0, 0.}\n"
"From remote kernel:"
"\"block\" -> {45, 46, 47}\n"
"From remote kernel:"
"\"boundary condition test\" -> {47, 0, -49999.92281156855}\n"
"From remote kernel:"
"\"boundary condition test\" -> {46, 0, -1.0000084562159332*^10}\n"
"From remote kernel:"
"\"boundary condition test\" -> {45, 0, -49999.92281156855}\n"
"From remote kernel:"
"\"block\" -> {41, 42, 43}\n"
"From remote kernel:"
"\"boundary condition test\" -> {43, 0, -4.999992281156855*^9}\n"
"From remote kernel:"
"\"boundary condition test\" -> {42, 0, 5.000092283002515*^9}\n"
"From remote kernel:"
"\"boundary condition test\" -> {41, 0, -4.999992281156855*^9}\n"
"From remote kernel:"
"\"block\" -> {29}\n"
"From remote kernel:"
"\"boundary condition test\" -> {29, 0, 5.000092283002515*^9}\n"
"From remote kernel:"
"\"block\" -> {38, 39}\n"
"From remote kernel:"
"\"boundary condition test\" -> {39, 0, -4.999992281156855*^9}\n"
"From remote kernel:"
"\"boundary condition test\" -> {38, 0, 5.000092283002515*^9}\n"
"From remote kernel:"
"\"block\" -> {32}\n"
"From remote kernel:"
"\"boundary condition test\" -> {32, 0, -4.999992281156855*^9}\n"
"From remote kernel:"
"\"block\" -> {49, 50}\n"
"From remote kernel:"
"\"boundary condition test\" -> {50, 0, -4.999992281156855*^9}\n"
"From remote kernel:"
"\"boundary condition test\" -> {49, 0, 5.000092283002515*^9}\n"
"From remote kernel:"
"\"block\" -> {34}\n"
"From remote kernel:"
"\"boundary condition test\" -> {34, 0, 5.000092283002515*^9}\n"
"From remote kernel:"
"\"block\" -> {28}\n"
"From remote kernel:"
"\"boundary condition inserted\" -> {28, 0, 0.}\n"
"From remote kernel:"
"\"block\" -> {30}\n"
"From remote kernel:"
"\"boundary condition test\" -> {30, 0, 0.}\n"
"From remote kernel:"
"\"block\" -> {27}\n"
"From remote kernel:"
"\"boundary condition test\" -> {27, 0, 0.}\n"
"From remote kernel:"
"\"block\" -> {35}\n"
"From remote kernel:"
"\"boundary condition test\" -> {35, 0, 0.}\n"
"From remote kernel:"
"\"block\" -> {31}\n"
"From remote kernel:"
"\"boundary condition test\" -> {31, 0, 0.}\n"
"From remote kernel:"
"\"block\" -> {64}\n"
"From remote kernel:"
"\"boundary condition test\" -> {64, 0, 0.}\n"
"From remote kernel:"
"\"block\" -> {63}\n"
"From remote kernel:"
"\"boundary condition test\" -> {63, 0, 0.}\n"
"From remote kernel:"
"\"block\" -> {61}\n"
"From remote kernel:"
"\"boundary condition test\" -> {61, 0, 0.}\n"
"From remote kernel:"
"\"block\" -> {59}\n"
"From remote kernel:"
"\"boundary condition test\" -> {59, 0, 0.}\n"
"From remote kernel:"
"\"block\" -> {57}\n"
"From remote kernel:"
"\"boundary condition test\" -> {57, 0, 0.}\n"
"From remote kernel:"
"\"block\" -> {55}\n"
"From remote kernel:"
"\"boundary condition test\" -> {55, 0, 0.}\n"
"From remote kernel:"
"\"block\" -> {54}\n"
"From remote kernel:"
"\"boundary condition test\" -> {54, 0, 0.}\n"
"From remote kernel:"
"\"block\" -> {52}\n"
"From remote kernel:"
"\"boundary condition test\" -> {52, 0, 0.}\n"
"From remote kernel:"
"\"block\" -> {36}\n"
"From remote kernel:"
"\"boundary condition test\" -> {36, 0, 0.}\n"
"From remote kernel:"
"\"block\" -> {33}\n"
"From remote kernel:"
"\"boundary condition test\" -> {33, 0, 0.}\n"
"From remote kernel:"
"\"block\" -> {99, 100, 101, 102, 103, 104, 105}\n"
"From remote kernel:"
"\"boundary condition test\" -> {105, 0, -1.0000234562927765*^10}\n"
"From remote kernel:"
"\"boundary condition test\" -> {104, 0, -1.0000234562927765*^10}\n"
"From remote kernel:"
"\"boundary condition test\" -> {103, 0, -49999.92281156855}\n"
"From remote kernel:"
"\"boundary condition test\" -> {102, 0, -1.0000084562159332*^10}\n"
"From remote kernel:"
"\"boundary condition test\" -> {101, 0, -4.999992281156855*^9}\n"
"From remote kernel:"
"\"boundary condition test\" -> {100, 0, -49999.92281156855}\n"
"From remote kernel:"
"\"boundary condition test\" -> {99, 0, 5.000092281002478*^9}\n"
"From remote kernel:"
"\"block\" -> {76, 77, 78, 79}\n"
"From remote kernel:"
"\"homogeneous id up to\" -> 3528\n"
"From remote kernel:"
"\"dropped eqs\" -> {{3529 -> 0.}}\n"
"From remote kernel:"
"\"boundary condition test\" -> {79, 0, -1.0000084562159332*^10}\n"
"From remote kernel:"
"\"boundary condition test\" -> {78, 0, -49999.92281156855}\n"
"From remote kernel:"
"\"boundary condition test\" -> {77, 0, -4.999992281156855*^9}\n"
"From remote kernel:"
"\"boundary condition test\" -> {76, 0, -4.999992281156855*^9}\n"
"From remote kernel:"
"\"block\" -> {72, 73, 74, 75}\n"
"From remote kernel:"
"\"homogeneous id up to\" -> 3528\n"
"From remote kernel:"
"\"dropped eqs\" -> {{3529 -> 0.}}\n"
"From remote kernel:"
"\"boundary condition test\" -> {75, 0, -49999.92281156855}\n"
"From remote kernel:"
"\"boundary condition test\" -> {74, 0, -1.0000084562159332*^10}\n"
"From remote kernel:"
"\"boundary condition test\" -> {73, 0, -4.999992281156855*^9}\n"
"From remote kernel:"
"\"boundary condition test\" -> {72, 0, -4.999992281156855*^9}\n"
"From remote kernel:"
"\"block\" -> {83, 84, 85}\n"
"From remote kernel:"
"\"homogeneous id up to\" -> 2646\n"
"From remote kernel:"
"\"dropped eqs\" -> {{2647 -> 0.}, {2647 -> 0.}, {2647 -> 0.}}\n"
"From remote kernel:"
"\"boundary condition test\" -> {85, 0, -1.0000084562159332*^10}\n"
"From remote kernel:"
"\"boundary condition test\" -> {84, 0, -49999.92281156855}\n"
"From remote kernel:"
"\"boundary condition test\" -> {83, 0, -4.999992281156855*^9}\n"
"From remote kernel:"
"\"block\" -> {86, 87, 88, 89}\n"
"From remote kernel:"
"\"homogeneous id up to\" -> 3528\n"
"From remote kernel:"
"\"dropped eqs\" -> {{3529 -> 0.}}\n"
"From remote kernel:"
"\"boundary condition test\" -> {89, 0, -49999.92281156855}\n"
"From remote kernel:"
"\"boundary condition test\" -> {88, 0, -1.0000084562159332*^10}\n"
"From remote kernel:"
"\"boundary condition test\" -> {87, 0, -4.999992281156855*^9}\n"
"From remote kernel:"
"\"boundary condition test\" -> {86, 0, -4.999992281156855*^9}\n"
"From remote kernel:"
"\"block\" -> {66}\n"
"From remote kernel:"
"\"boundary condition test\" -> {66, 0, -4.999992281156855*^9}\n"
"From remote kernel:"
"\"block\" -> {81, 82}\n"
"From remote kernel:"
"\"boundary condition test\" -> {82, 0, -4.999992281156855*^9}\n"
"From remote kernel:"
"\"boundary condition test\" -> {81, 0, 5.000092283002515*^9}\n"
"From remote kernel:"
"\"block\" -> {71}\n"
"From remote kernel:"
"\"boundary condition test\" -> {71, 0, -49999.92281156855}\n"
"From remote kernel:"
"\"block\" -> {68}\n"
"From remote kernel:"
"\"boundary condition test\" -> {68, 0, 5.000092283002515*^9}\n"
"From remote kernel:"
"\"block\" -> {69}\n"
"From remote kernel:"
"\"boundary condition test\" -> {69, 0, 0.}\n"
"From remote kernel:"
"\"block\" -> {65}\n"
"From remote kernel:"
"\"boundary condition test\" -> {65, 0, 0.}\n"
"From remote kernel:"
"\"block\" -> {67}\n"
"From remote kernel:"
"\"boundary condition test\" -> {67, 0, 0.}\n"
"From remote kernel:"
"\"block\" -> {70}\n"
"From remote kernel:"
"\"boundary condition test\" -> {70, 0, 0.}\n"
"From remote kernel:"
"\"block\" -> {111}\n"
"From remote kernel:"
"\"boundary condition test\" -> {111, 0, 0.}\n"
"From remote kernel:"
"\"block\" -> {110}\n"
"From remote kernel:"
"\"boundary condition test\" -> {110, 0, 0.}\n"
"From remote kernel:"
"\"block\" -> {109}\n"
"From remote kernel:"
"\"boundary condition test\" -> {109, 0, 0.}\n"
"From remote kernel:"
"\"block\" -> {108}\n"
"From remote kernel:"
"\"boundary condition test\" -> {108, 0, 0.}\n"
"From remote kernel:"
"\"block\" -> {107}\n"
"From remote kernel:"
"\"boundary condition test\" -> {107, 0, 0.}\n"
"From remote kernel:"
"\"block\" -> {97}\n"
"From remote kernel:"
"\"boundary condition test\" -> {97, 0, 0.}\n"
"From remote kernel:"
"\"block\" -> {96}\n"
"From remote kernel:"
"\"boundary condition test\" -> {96, 0, 0.}\n"
"From remote kernel:"
"\"block\" -> {94}\n"
"From remote kernel:"
"\"boundary condition test\" -> {94, 0, 0.}\n"
"From remote kernel:"
"\"block\" -> {93}\n"
"From remote kernel:"
"\"boundary condition test\" -> {93, 0, 0.}\n"
"From remote kernel:"
"\"block\" -> {92}\n"
"From remote kernel:"
"\"boundary condition test\" -> {92, 0, 0.}\n"
"From remote kernel:"
"\"block\" -> {91}\n"
"From remote kernel:"
"\"boundary condition test\" -> {91, 0, 0.}\n"
"From remote kernel:"
"\"block\" -> {90}\n"
"From remote kernel:"
"\"boundary condition test\" -> {90, 0, 0.}\n"
"From remote kernel:"
"\"block\" -> {123, 124, 125, 126, 127}\n"
"From remote kernel:"
"\"homogeneous id up to\" -> 4410\n"
"From remote kernel:"
"\"dropped eqs\" -> {{4411 -> 0.}, {4411 -> 0.}, {4411 -> 0.}, {4411 -> 0.}}\n"
"From remote kernel:"
"\"boundary condition test\" -> {127, 0, -16666.97427000826}\n"
"From remote kernel:"
"\"boundary condition test\" -> {126, 0, -1.0000234562927765*^10}\n"
"From remote kernel:"
"\"boundary condition test\" -> {125, 0, -49999.92281156855}\n"
"From remote kernel:"
"\"boundary condition test\" -> {124, 0, -16666.97427000826}\n"
"From remote kernel:"
"\"boundary condition test\" -> {123, 0, -49999.92281156855}\n"
"From remote kernel:"
"\"block\" -> {119, 120, 121, 122}\n"
"From remote kernel:"
"\"boundary condition test\" -> {122, 0, -1.0000084562159332*^10}\n"
"From remote kernel:"
"\"boundary condition test\" -> {121, 0, -49999.92281156855}\n"
"From remote kernel:"
"\"boundary condition test\" -> {120, 0, -4.999992281156855*^9}\n"
"From remote kernel:"
"\"boundary condition test\" -> {119, 0, -4.999992281156855*^9}\n"
"From remote kernel:"
"\"block\" -> {115, 116, 117, 118}\n"
"From remote kernel:"
"\"homogeneous id up to\" -> 3528\n"
"From remote kernel:"
"\"dropped eqs\" -> {{3529 -> 0.}}\n"
"From remote kernel:"
"\"boundary condition test\" -> {118, 0, -49999.92281156855}\n"
"From remote kernel:"
"\"boundary condition test\" -> {117, 0, -1.0000084562159332*^10}\n"
"From remote kernel:"
"\"boundary condition test\" -> {116, 0, -4.999992281156855*^9}\n"
"From remote kernel:"
"\"boundary condition test\" -> {115, 0, -4.999992281156855*^9}\n"
"From remote kernel:"
"\"block\" -> {114}\n"
"From remote kernel:"
"\"boundary condition test\" -> {114, 0, -49999.92281156855}\n"
"From remote kernel:"
"\"block\" -> {112}\n"
"From remote kernel:"
"\"homogeneous id up to\" -> 882\n"
"From remote kernel:"
"\"dropped eqs\" -> {{883 -> 0.}}\n"
"From remote kernel:"
"\"boundary condition test\" -> {112, 0, -4.999992281156855*^9}\n"
"From remote kernel:"
"\"block\" -> {113}\n"
"From remote kernel:"
"\"boundary condition test\" -> {113, 0, 0.}\n"
"From remote kernel:"
"\"block\" -> {130}\n"
"From remote kernel:"
"\"boundary condition test\" -> {130, 0, 0.}\n"
"From remote kernel:"
"\"block\" -> {129}\n"
"From remote kernel:"
"\"boundary condition test\" -> {129, 0, 0.}\n"
"From remote kernel:"
"\"block\" -> {128}\n"
"From remote kernel:"
"\"boundary condition test\" -> {128, 0, 0.}\n"
"From remote kernel:"
"\"block\" -> {131, 132, 133, 134, 135}\n"
"From remote kernel:"
"\"homogeneous id up to\" -> 4410\n"
"From remote kernel:"
"\"dropped eqs\" -> {{4411 -> 0.}, {4411 -> 0.}, {4411 -> 0.}, {4411 -> 0.}, {4411 -> 0.}, {4411 -> 0.}}\n"
"From remote kernel:"
"\"boundary condition test\" -> {135, 0, -3.0000803691128925*^10}\n"
"From remote kernel:"
"\"boundary condition test\" -> {134, 0, -1.0000234562927765*^10}\n"
"From remote kernel:"
"\"boundary condition test\" -> {133, 0, -16666.97427000826}\n"
"From remote kernel:"
"\"boundary condition test\" -> {132, 0, -49999.92281156855}\n"
"From remote kernel:"
"\"boundary condition test\" -> {131, 0, -49999.92281156855}\n"
"From remote kernel:"
"\"block\" -> {98}\n"
"From remote kernel:"
"\"boundary condition test\" -> {98, 0, -4.999992281156855*^9}\n"
"From remote kernel:"
"\"block\" -> {80}\n"
"From remote kernel:"
"\"boundary condition test\" -> {80, 0, 5.000092283002515*^9}\n"
"From remote kernel:"
"\"block\" -> {44}\n"
"From remote kernel:"
"\"boundary condition test\" -> {44, 0, -4.999992281156855*^9}\n"
"From remote kernel:"
"\"block\" -> {40}\n"
"From remote kernel:"
"\"boundary condition test\" -> {40, 0, 5.000092283002515*^9}\n"
"From remote kernel:"
"\"block\" -> {37}\n"
"From remote kernel:"
"\"boundary condition test\" -> {37, 0, 5.000092283002515*^9}\n"
"From remote kernel:"
"\"block\" -> {48}\n"
"From remote kernel:"
"\"boundary condition test\" -> {48, 0, 5.000092283002515*^9}\n"
"From remote kernel:"
"\"block\" -> {10}\n"
"From remote kernel:"
"\"boundary condition test\" -> {10, 0, 5.000092283002515*^9}\n"
"From remote kernel:"
"\"block\" -> {14}\n"
"From remote kernel:"
"\"boundary condition test\" -> {14, 0, 5.000092283002515*^9}\n"
"From remote kernel:"
"\"block\" -> {106}\n"
"From remote kernel:"
"\"boundary condition test\" -> {106, 0, 0.}\n"
"From remote kernel:"
"\"block\" -> {95}\n"
"From remote kernel:"
"\"boundary condition test\" -> {95, 0, 0.}\n"
"From remote kernel:"
"\"block\" -> {62}\n"
"From remote kernel:"
"\"boundary condition test\" -> {62, 0, 0.}\n"
"From remote kernel:"
"\"block\" -> {60}\n"
"From remote kernel:"
"\"boundary condition test\" -> {60, 0, 0.}\n"
"From remote kernel:"
"\"block\" -> {58}\n"
"From remote kernel:"
"\"boundary condition test\" -> {58, 0, 0.}\n"
"From remote kernel:"
"\"block\" -> {56}\n"
"From remote kernel:"
"\"boundary condition test\" -> {56, 0, 0.}\n"
"From remote kernel:"
"\"block\" -> {53}\n"
"From remote kernel:"
"\"boundary condition test\" -> {53, 0, 0.}\n"
"From remote kernel:"
"\"block\" -> {51}\n"
"From remote kernel:"
"\"boundary condition test\" -> {51, 0, 0.}\n"
"From remote kernel:"
"\"block\" -> {25}\n"
"From remote kernel:"
"\"boundary condition test\" -> {25, 0, 0.}\n"
"From remote kernel:"
"\"block\" -> {23}\n"
"From remote kernel:"
"\"boundary condition test\" -> {23, 0, 0.}\n"
"From remote kernel:"
"\"block\" -> {20}\n"
"From remote kernel:"
"\"boundary condition test\" -> {20, 0, 0.}\n"
"From remote kernel:"
"\"block\" -> {17}\n"
"From remote kernel:"
"\"boundary condition test\" -> {17, 0, 0.}\n"
"From remote kernel:"
"\"AMFlow: Infinity solved in 256s.\"\n"
"From remote kernel:"
"\"AMFlow: running among regular points...\"\n"
"From remote kernel:"
"\"current regular point\" -> 10.54402535032211 - 17.573375583870185*I\n"
"From remote kernel:"
"\"current regular point\" -> 6.526527285124164 - 10.87754547520694*I\n"
"From remote kernel:"
"\"current regular point\" -> 4.060162279746892 - 6.766937132911488*I\n"
"From remote kernel:"
"\"current regular point\" -> 2.3098099404728063 - 3.8496832341213443*I\n"
"From remote kernel:"
"\"current regular point\" -> 1.3438961989621196 - 2.2398269982701993*I\n"
"From remote kernel:"
"\"current regular point\" -> 0.8303662954566242 - 1.3839438257610404*I\n"
"From remote kernel:"
"\"current regular point\" -> 0.5175955901226361 - 0.8626593168710602*I\n"
"From remote kernel:"
"\"current regular point\" -> 0.2946681379666857 - 0.4911135632778094*I\n"
"From remote kernel:"
"\"current regular point\" -> 0.16562966152202413 - 0.2760494358700402*I\n"
"From remote kernel:"
"\"current regular point\" -> 0.09427884677074436 - 0.15713141128457392*I\n"
"From remote kernel:"
"\"AMFlow: regular running finished in 300s.\"\n"
"From remote kernel:"
"\"AMFlow: solving near the last point...\"\n"
"From remote kernel:"
"\"NormalizeMat finished in 55s.\"\n"
"From remote kernel:"
"\"LearnXOrder is negative. skip learning phase.\"\n"
"From remote kernel:"
"\"block\" -> {1}\n"
"From remote kernel:"
"\"behavior\" -> {{0, 0}}\n"
"From remote kernel:"
"\"number of constraints and variables\" -> {1, 1}\n"
"From remote kernel:"
"\"block\" -> {11, 12, 13}\n"
"From remote kernel:"
"\"behavior\" -> {{0, 1}}\n"
"From remote kernel:"
"\"number of constraints and variables\" -> {3, 3}\n"
"From remote kernel:"
"\"block\" -> {15, 16}\n"
"From remote kernel:"
"\"behavior\" -> {{0, 0}, {24999/25000, 0}}\n"
"From remote kernel:"
"\"number of constraints and variables\" -> {4, 4}\n"
"From remote kernel:"
"\"block\" -> {6}\n"
"From remote kernel:"
"\"behavior\" -> {{49999/50000, 0}, {0, 0}}\n"
"From remote kernel:"
"\"number of constraints and variables\" -> {1, 1}\n"
"From remote kernel:"
"\"block\" -> {5}\n"
"From remote kernel:"
"\"behavior\" -> {{49999/50000, 0}, {0, 0}}\n"
"From remote kernel:"
"\"number of constraints and variables\" -> {1, 1}\n"
"From remote kernel:"
"\"block\" -> {26}\n"
"From remote kernel:"
"\"behavior\" -> {{0, 0}}\n"
"From remote kernel:"
"\"number of constraints and variables\" -> {1, 1}\n"
"From remote kernel:"
"\"block\" -> {24}\n"
"From remote kernel:"
"\"behavior\" -> {{0, 0}}\n"
"From remote kernel:"
"\"number of constraints and variables\" -> {1, 1}\n"
"From remote kernel:"
"\"block\" -> {7}\n"
"From remote kernel:"
"\"behavior\" -> {{0, 0}}\n"
"From remote kernel:"
"\"number of constraints and variables\" -> {1, 1}\n"
"From remote kernel:"
"\"block\" -> {4}\n"
"From remote kernel:"
"\"behavior\" -> {{0, 0}}\n"
"From remote kernel:"
"\"number of constraints and variables\" -> {1, 1}\n"
"From remote kernel:"
"\"block\" -> {2}\n"
"From remote kernel:"
"\"behavior\" -> {{0, 0}}\n"
"From remote kernel:"
"\"number of constraints and variables\" -> {1, 1}\n"
"From remote kernel:"
"\"block\" -> {45, 46, 47}\n"
"From remote kernel:"
"\"behavior\" -> {{0, 2}, {24999/25000, 0}}\n"
"From remote kernel:"
"\"number of constraints and variables\" -> {3, 3}\n"
"From remote kernel:"
"\"block\" -> {41, 42, 43}\n"
"From remote kernel:"
"\"behavior\" -> {{0, 2}, {24999/25000, 0}, {49999/50000, 0}}\n"
"From remote kernel:"
"\"number of constraints and variables\" -> {6, 6}\n"
"From remote kernel:"
"\"block\" -> {32}\n"
"From remote kernel:"
"\"behavior\" -> {{49999/50000, 0}, {0, 1}}\n"
"From remote kernel:"
"\"number of constraints and variables\" -> {1, 1}\n"
"From remote kernel:"
"\"block\" -> {49, 50}\n"
"From remote kernel:"
"\"behavior\" -> {{0, 1}, {49999/50000, 0}, {24999/25000, 0}}\n"
"From remote kernel:"
"\"number of constraints and variables\" -> {4, 4}\n"
"From remote kernel:"
"\"block\" -> {34}\n"
"From remote kernel:"
"\"behavior\" -> {{24999/25000, 0}, {0, 0}, {49999/50000, 0}}\n"
"From remote kernel:"
"\"number of constraints and variables\" -> {1, 1}\n"
"From remote kernel:"
"\"block\" -> {3}\n"
"From remote kernel:"
"\"behavior\" -> {{0, 1}}\n"
"From remote kernel:"
"\"number of constraints and variables\" -> {1, 1}\n"
"From remote kernel:"
"\"block\" -> {35}\n"
"From remote kernel:"
"\"behavior\" -> {{49999/50000, 0}, {0, 0}}\n"
"From remote kernel:"
"\"number of constraints and variables\" -> {1, 1}\n"
"From remote kernel:"
"\"block\" -> {31}\n"
"From remote kernel:"
"\"behavior\" -> {{49999/50000, 0}, {0, 0}}\n"
"From remote kernel:"
"\"number of constraints and variables\" -> {1, 1}\n"
"From remote kernel:"
"\"block\" -> {64}\n"
"From remote kernel:"
"\"behavior\" -> {{0, 0}}\n"
"From remote kernel:"
"\"number of constraints and variables\" -> {1, 1}\n"
"From remote kernel:"
"\"block\" -> {63}\n"
"From remote kernel:"
"\"behavior\" -> {{0, 0}}\n"
"From remote kernel:"
"\"number of constraints and variables\" -> {1, 1}\n"
"From remote kernel:"
"\"block\" -> {61}\n"
"From remote kernel:"
"\"behavior\" -> {{0, 0}}\n"
"From remote kernel:"
"\"number of constraints and variables\" -> {1, 1}\n"
"From remote kernel:"
"\"block\" -> {59}\n"
"From remote kernel:"
"\"behavior\" -> {{0, 0}}\n"
"From remote kernel:"
"\"number of constraints and variables\" -> {1, 1}\n"
"From remote kernel:"
"\"block\" -> {33}\n"
"From remote kernel:"
"\"behavior\" -> {{0, 0}}\n"
"From remote kernel:"
"\"number of constraints and variables\" -> {1, 1}\n"
"From remote kernel:"
"\"block\" -> {22}\n"
"From remote kernel:"
"\"behavior\" -> {{0, 0}}\n"
"From remote kernel:"
"\"number of constraints and variables\" -> {1, 1}\n"
"From remote kernel:"
"\"block\" -> {21}\n"
"From remote kernel:"
"\"behavior\" -> {{0, 0}}\n"
"From remote kernel:"
"\"number of constraints and variables\" -> {1, 1}\n"
"From remote kernel:"
"\"block\" -> {19}\n"
"From remote kernel:"
"\"behavior\" -> {{0, 0}}\n"
"From remote kernel:"
"\"number of constraints and variables\" -> {1, 1}\n"
"From remote kernel:"
"\"block\" -> {18}\n"
"From remote kernel:"
"\"behavior\" -> {{0, 0}}\n"
"From remote kernel:"
"\"number of constraints and variables\" -> {1, 1}\n"
"From remote kernel:"
"\"block\" -> {9}\n"
"From remote kernel:"
"\"behavior\" -> {{0, 0}}\n"
"From remote kernel:"
"\"number of constraints and variables\" -> {1, 1}\n"
"From remote kernel:"
"\"block\" -> {8}\n"
"From remote kernel:"
"\"behavior\" -> {{0, 0}}\n"
"From remote kernel:"
"\"number of constraints and variables\" -> {1, 1}\n"
"From remote kernel:"
"\"block\" -> {99, 100, 101, 102, 103, 104, 105}\n"
"From remote kernel:"
"\"behavior\" -> {{0, 3}, {49999/50000, 1}, {24999/25000, 0}}\n"
"From remote kernel:"
"\"number of constraints and variables\" -> {14, 14}\n"
"From remote kernel:"
"\"block\" -> {83, 84, 85}\n"
"From remote kernel:"
"\"behavior\" -> {{0, 3}, {24999/25000, 1}, {49999/50000, 0}}\n"
"From remote kernel:"
"\"number of constraints and variables\" -> {6, 6}\n"
"From remote kernel:"
"\"block\" -> {86, 87, 88}\n"
"From remote kernel:"
"\"behavior\" -> {{0, 2}, {49999/50000, 1}, {24999/25000, 0}}\n"
"From remote kernel:"
"\"number of constraints and variables\" -> {6, 6}\n"
"From remote kernel:"
"\"block\" -> {71}\n"
"From remote kernel:"
"\"behavior\" -> {{49999/50000, 0}, {0, 2}, {24999/25000, 0}}\n"
"From remote kernel:"
"\"number of constraints and variables\" -> {1, 1}\n"
"From remote kernel:"
"\"block\" -> {29}\n"
"From remote kernel:"
"\"behavior\" -> {{49999/50000, 1}, {0, 1}}\n"
"From remote kernel:"
"\"number of constraints and variables\" -> {1, 1}\n"
"From remote kernel:"
"\"block\" -> {38, 39}\n"
"From remote kernel:"
"\"behavior\" -> {{0, 1}, {24999/25000, 0}}\n"
"From remote kernel:"
"\"number of constraints and variables\" -> {2, 2}\n"
"From remote kernel:"
"\"block\" -> {28}\n"
"From remote kernel:"
"\"behavior\" -> {{49999/50000, 0}, {0, 1}}\n"
"From remote kernel:"
"\"number of constraints and variables\" -> {1, 1}\n"
"From remote kernel:"
"\"block\" -> {30}\n"
"From remote kernel:"
"\"behavior\" -> {{0, 1}}\n"
"From remote kernel:"
"\"number of constraints and variables\" -> {1, 1}\n"
"From remote kernel:"
"\"block\" -> {27}\n"
"From remote kernel:"
"\"behavior\" -> {{0, 1}}\n"
"From remote kernel:"
"\"number of constraints and variables\" -> {1, 1}\n"
"From remote kernel:"
"\"block\" -> {70}\n"
"From remote kernel:"
"\"behavior\" -> {{49999/50000, 0}, {0, 0}}\n"
"From remote kernel:"
"\"number of constraints and variables\" -> {1, 1}\n"
"From remote kernel:"
"\"block\" -> {97}\n"
"From remote kernel:"
"\"behavior\" -> {{0, 0}}\n"
"From remote kernel:"
"\"number of constraints and variables\" -> {1, 1}\n"
"From remote kernel:"
"\"block\" -> {96}\n"
"From remote kernel:"
"\"behavior\" -> {{0, 0}}\n"
"From remote kernel:"
"\"number of constraints and variables\" -> {1, 1}\n"
"From remote kernel:"
"\"block\" -> {57}\n"
"From remote kernel:"
"\"behavior\" -> {{0, 0}}\n"
"From remote kernel:"
"\"number of constraints and variables\" -> {1, 1}\n"
"From remote kernel:"
"\"block\" -> {55}\n"
"From remote kernel:"
"\"behavior\" -> {{0, 0}}\n"
"From remote kernel:"
"\"number of constraints and variables\" -> {1, 1}\n"
"From remote kernel:"
"\"block\" -> {54}\n"
"From remote kernel:"
"\"behavior\" -> {{0, 0}}\n"
"From remote kernel:"
"\"number of constraints and variables\" -> {1, 1}\n"
"From remote kernel:"
"\"block\" -> {52}\n"
"From remote kernel:"
"\"behavior\" -> {{0, 0}}\n"
"From remote kernel:"
"\"number of constraints and variables\" -> {1, 1}\n"
"From remote kernel:"
"\"block\" -> {36}\n"
"From remote kernel:"
"\"behavior\" -> {{0, 0}}\n"
"From remote kernel:"
"\"number of constraints and variables\" -> {1, 1}\n"
"From remote kernel:"
"\"block\" -> {123, 124, 125, 126}\n"
"From remote kernel:"
"\"behavior\" -> {{0, 4}, {49999/50000, 2}, {24999/25000, 1}}\n"
"From remote kernel:"
"\"number of constraints and variables\" -> {8, 8}\n"
"From remote kernel:"
"\"block\" -> {76, 77, 78, 79}\n"
"From remote kernel:"
"\"behavior\" -> {{0, 3}, {24999/25000, 0}}\n"
"From remote kernel:"
"\"number of constraints and variables\" -> {4, 4}\n"
"From remote kernel:"
"\"block\" -> {72, 73, 74, 75}\n"
"From remote kernel:"
"\"behavior\" -> {{0, 2}, {49999/50000, 2}, {24999/25000, 0}}\n"
"From remote kernel:"
"\"number of constraints and variables\" -> {8, 8}\n"
"From remote kernel:"
"\"block\" -> {89}\n"
"From remote kernel:"
"\"behavior\" -> {{49999/50000, 2}, {0, 2}, {24999/25000, 0}}\n"
"From remote kernel:"
"\"number of constraints and variables\" -> {1, 1}\n"
"From remote kernel:"
"\"block\" -> {66}\n"
"From remote kernel:"
"\"behavior\" -> {{49999/50000, 2}, {0, 1}}\n"
"From remote kernel:"
"\"number of constraints and variables\" -> {1, 1}\n"
"From remote kernel:"
"\"block\" -> {81, 82}\n"
"From remote kernel:"
"\"behavior\" -> {{0, 2}, {49999/50000, 1}, {24999/25000, 0}}\n"
"From remote kernel:"
"\"number of constraints and variables\" -> {4, 4}\n"
"From remote kernel:"
"\"block\" -> {68}\n"
"From remote kernel:"
"\"behavior\" -> {{24999/25000, 0}, {0, 1}, {49999/50000, 1}}\n"
"From remote kernel:"
"\"number of constraints and variables\" -> {1, 1}\n"
"From remote kernel:"
"\"block\" -> {69}\n"
"From remote kernel:"
"\"behavior\" -> {{49999/50000, 0}, {0, 1}}\n"
"From remote kernel:"
"\"number of constraints and variables\" -> {1, 1}\n"
"From remote kernel:"
"\"block\" -> {65}\n"
"From remote kernel:"
"\"behavior\" -> {{49999/50000, 0}, {0, 1}}\n"
"From remote kernel:"
"\"number of constraints and variables\" -> {1, 1}\n"
"From remote kernel:"
"\"block\" -> {67}\n"
"From remote kernel:"
"\"behavior\" -> {{0, 1}}\n"
"From remote kernel:"
"\"number of constraints and variables\" -> {1, 1}\n"
"From remote kernel:"
"\"block\" -> {111}\n"
"From remote kernel:"
"\"behavior\" -> {{0, 0}}\n"
"From remote kernel:"
"\"number of constraints and variables\" -> {1, 1}\n"
"From remote kernel:"
"\"block\" -> {110}\n"
"From remote kernel:"
"\"behavior\" -> {{0, 0}}\n"
"From remote kernel:"
"\"number of constraints and variables\" -> {1, 1}\n"
"From remote kernel:"
"\"block\" -> {109}\n"
"From remote kernel:"
"\"behavior\" -> {{0, 0}}\n"
"From remote kernel:"
"\"number of constraints and variables\" -> {1, 1}\n"
"From remote kernel:"
"\"block\" -> {108}\n"
"From remote kernel:"
"\"behavior\" -> {{0, 0}}\n"
"From remote kernel:"
"\"number of constraints and variables\" -> {1, 1}\n"
"From remote kernel:"
"\"block\" -> {107}\n"
"From remote kernel:"
"\"behavior\" -> {{0, 0}}\n"
"From remote kernel:"
"\"number of constraints and variables\" -> {1, 1}\n"
"From remote kernel:"
"\"block\" -> {94}\n"
"From remote kernel:"
"\"behavior\" -> {{0, 0}}\n"
"From remote kernel:"
"\"number of constraints and variables\" -> {1, 1}\n"
"From remote kernel:"
"\"block\" -> {93}\n"
"From remote kernel:"
"\"behavior\" -> {{0, 0}}\n"
"From remote kernel:"
"\"number of constraints and variables\" -> {1, 1}\n"
"From remote kernel:"
"\"block\" -> {92}\n"
"From remote kernel:"
"\"behavior\" -> {{0, 0}}\n"
"From remote kernel:"
"\"number of constraints and variables\" -> {1, 1}\n"
"From remote kernel:"
"\"block\" -> {91}\n"
"From remote kernel:"
"\"behavior\" -> {{0, 0}}\n"
"From remote kernel:"
"\"number of constraints and variables\" -> {1, 1}\n"
"From remote kernel:"
"\"block\" -> {90}\n"
"From remote kernel:"
"\"behavior\" -> {{0, 0}}\n"
"From remote kernel:"
"\"number of constraints and variables\" -> {1, 1}\n"
"From remote kernel:"
"\"block\" -> {119, 120, 121, 122}\n"
"From remote kernel:"
"\"behavior\" -> {{0, 4}, {49999/50000, 2}, {24999/25000, 0}}\n"
"From remote kernel:"
"\"number of constraints and variables\" -> {8, 8}\n"
"From remote kernel:"
"\"block\" -> {127}\n"
"From remote kernel:"
"\"behavior\" -> {{49999/50000, 3}, {0, 4}, {24999/25000, 1}}\n"
"From remote kernel:"
"\"number of constraints and variables\" -> {1, 1}\n"
"From remote kernel:"
"\"block\" -> {115, 116, 117, 118}\n"
"From remote kernel:"
"\"behavior\" -> {{0, 3}, {49999/50000, 3}, {24999/25000, 0}}\n"
"From remote kernel:"
"\"number of constraints and variables\" -> {8, 8}\n"
"From remote kernel:"
"\"block\" -> {114}\n"
"From remote kernel:"
"\"behavior\" -> {{49999/50000, 3}, {0, 3}, {24999/25000, 0}}\n"
"From remote kernel:"
"\"number of constraints and variables\" -> {1, 1}\n"
"From remote kernel:"
"\"block\" -> {112}\n"
"From remote kernel:"
"\"behavior\" -> {{24999/25000, 2}, {0, 3}, {49999/50000, 2}}\n"
"From remote kernel:"
"\"number of constraints and variables\" -> {1, 1}\n"
"From remote kernel:"
"\"block\" -> {113}\n"
"From remote kernel:"
"\"behavior\" -> {{49999/50000, 0}, {0, 1}}\n"
"From remote kernel:"
"\"number of constraints and variables\" -> {1, 1}\n"
"From remote kernel:"
"\"block\" -> {130}\n"
"From remote kernel:"
"\"behavior\" -> {{0, 0}}\n"
"From remote kernel:"
"\"number of constraints and variables\" -> {1, 1}\n"
"From remote kernel:"
"\"block\" -> {129}\n"
"From remote kernel:"
"\"behavior\" -> {{0, 0}}\n"
"From remote kernel:"
"\"number of constraints and variables\" -> {1, 1}\n"
"From remote kernel:"
"\"block\" -> {128}\n"
"From remote kernel:"
"\"behavior\" -> {{0, 0}}\n"
"From remote kernel:"
"\"number of constraints and variables\" -> {1, 1}\n"
"From remote kernel:"
"\"block\" -> {131, 132, 133, 134, 135}\n"
"From remote kernel:"
"\"behavior\" -> {{0, 5}, {49999/50000, 4}, {24999/25000, 2}}\n"
"From remote kernel:"
"\"number of constraints and variables\" -> {10, 10}\n"
"From remote kernel:"
"\"block\" -> {98}\n"
"From remote kernel:"
"\"behavior\" -> {{0, 4}, {24999/25000, 0}, {49999/50000, 1}}\n"
"From remote kernel:"
"\"number of constraints and variables\" -> {1, 1}\n"
"From remote kernel:"
"\"block\" -> {80}\n"
"From remote kernel:"
"\"behavior\" -> {{0, 3}, {24999/25000, 0}, {49999/50000, 1}}\n"
"From remote kernel:"
"\"number of constraints and variables\" -> {1, 1}\n"
"From remote kernel:"
"\"block\" -> {44}\n"
"From remote kernel:"
"\"behavior\" -> {{0, 3}, {24999/25000, 0}}\n"
"From remote kernel:"
"\"number of constraints and variables\" -> {1, 1}\n"
"From remote kernel:"
"\"block\" -> {40}\n"
"From remote kernel:"
"\"behavior\" -> {{0, 3}, {49999/50000, 0}, {24999/25000, 0}}\n"
"From remote kernel:"
"\"number of constraints and variables\" -> {1, 1}\n"
"From remote kernel:"
"\"block\" -> {37}\n"
"From remote kernel:"
"\"behavior\" -> {{0, 2}, {24999/25000, 0}}\n"
"From remote kernel:"
"\"number of constraints and variables\" -> {1, 1}\n"
"From remote kernel:"
"\"block\" -> {48}\n"
"From remote kernel:"
"\"behavior\" -> {{0, 2}, {24999/25000, 0}, {49999/50000, 0}}\n"
"From remote kernel:"
"\"number of constraints and variables\" -> {1, 1}\n"
"From remote kernel:"
"\"block\" -> {10}\n"
"From remote kernel:"
"\"behavior\" -> {{0, 2}}\n"
"From remote kernel:"
"\"number of constraints and variables\" -> {1, 1}\n"
"From remote kernel:"
"\"block\" -> {14}\n"
"From remote kernel:"
"\"behavior\" -> {{0, 1}, {24999/25000, 0}}\n"
"From remote kernel:"
"\"number of constraints and variables\" -> {1, 1}\n"
"From remote kernel:"
"\"block\" -> {106}\n"
"From remote kernel:"
"\"behavior\" -> {{0, 0}}\n"
"From remote kernel:"
"\"number of constraints and variables\" -> {1, 1}\n"
"From remote kernel:"
"\"block\" -> {95}\n"
"From remote kernel:"
"\"behavior\" -> {{0, 0}}\n"
"From remote kernel:"
"\"number of constraints and variables\" -> {1, 1}\n"
"From remote kernel:"
"\"block\" -> {62}\n"
"From remote kernel:"
"\"behavior\" -> {{0, 0}}\n"
"From remote kernel:"
"\"number of constraints and variables\" -> {1, 1}\n"
"From remote kernel:"
"\"block\" -> {60}\n"
"From remote kernel:"
"\"behavior\" -> {{0, 0}}\n"
"From remote kernel:"
"\"number of constraints and variables\" -> {1, 1}\n"
"From remote kernel:"
"\"block\" -> {58}\n"
"From remote kernel:"
"\"behavior\" -> {{0, 0}}\n"
"From remote kernel:"
"\"number of constraints and variables\" -> {1, 1}\n"
"From remote kernel:"
"\"block\" -> {56}\n"
"From remote kernel:"
"\"behavior\" -> {{0, 0}}\n"
"From remote kernel:"
"\"number of constraints and variables\" -> {1, 1}\n"
"From remote kernel:"
"\"block\" -> {53}\n"
"From remote kernel:"
"\"behavior\" -> {{0, 0}}\n"
"From remote kernel:"
"\"number of constraints and variables\" -> {1, 1}\n"
"From remote kernel:"
"\"block\" -> {51}\n"
"From remote kernel:"
"\"behavior\" -> {{0, 0}}\n"
"From remote kernel:"
"\"number of constraints and variables\" -> {1, 1}\n"
"From remote kernel:"
"\"block\" -> {25}\n"
"From remote kernel:"
"\"behavior\" -> {{0, 0}}\n"
"From remote kernel:"
"\"number of constraints and variables\" -> {1, 1}\n"
"From remote kernel:"
"\"block\" -> {23}\n"
"From remote kernel:"
"\"behavior\" -> {{0, 0}}\n"
"From remote kernel:"
"\"number of constraints and variables\" -> {1, 1}\n"
"From remote kernel:"
"\"block\" -> {20}\n"
"From remote kernel:"
"\"behavior\" -> {{0, 0}}\n"
"From remote kernel:"
"\"number of constraints and variables\" -> {1, 1}\n"
"From remote kernel:"
"\"block\" -> {17}\n"
"From remote kernel:"
"\"behavior\" -> {{0, 0}}\n"
"From remote kernel:"
"\"number of constraints and variables\" -> {1, 1}\n"
"From remote kernel:"
"\"AMFlow: last point solved in 257s.\"\n"
"From remote kernel:"
"\"dropped terms when pickzero\" -> {0.}\n"
"From remote kernel:"
"\"dropped terms when pickzero\" -> {0., 0.}\n"
"From remote kernel:"
"\"dropped terms when pickzero\" -> {0.}\n"
"From remote kernel:"
"\"dropped terms when pickzero\" -> {0., 0.}\n"
"From remote kernel:"
"\"dropped terms when pickzero\" -> {0.}\n"
"From remote kernel:"
"\"dropped terms when pickzero\" -> {0.}\n"
"From remote kernel:"
"\"dropped terms when pickzero\" -> {0.}\n"
"From remote kernel:"
"\"dropped terms when pickzero\" -> {0.}\n"
"From remote kernel:"
"\"dropped terms when pickzero\" -> {0., 0.}\n"
"From remote kernel:"
"\"dropped terms when pickzero\" -> {0.}\n"
"From remote kernel:"
"\"dropped terms when pickzero\" -> {0.}\n"
"From remote kernel:"
"\"dropped terms when pickzero\" -> {0., 0.}\n"
"From remote kernel:"
"\"dropped terms when pickzero\" -> {0.}\n"
"From remote kernel:"
"\"dropped terms when pickzero\" -> {0.}\n"
"From remote kernel:"
"\"dropped terms when pickzero\" -> {0., 0.}\n"
"From remote kernel:"
"\"dropped terms when pickzero\" -> {0., 0.}\n"
"From remote kernel:"
"\"dropped terms when pickzero\" -> {0., 0.}\n"
"From remote kernel:"
"\"dropped terms when pickzero\" -> {0.}\n"
"From remote kernel:"
"\"dropped terms when pickzero\" -> {0.}\n"
"From remote kernel:"
"\"dropped terms when pickzero\" -> {0., 0.}\n"
"From remote kernel:"
"\"dropped terms when pickzero\" -> {0.}\n"
"From remote kernel:"
"\"dropped terms when pickzero\" -> {0., 0.}\n"
"From remote kernel:"
"\"dropped terms when pickzero\" -> {0., 0., 0.}\n"
"From remote kernel:"
"\"dropped terms when pickzero\" -> {0.}\n"
"From remote kernel:"
"\"dropped terms when pickzero\" -> {0.}\n"
"From remote kernel:"
"\"dropped terms when pickzero\" -> {0.}\n"
"From remote kernel:"
"\"dropped terms when pickzero\" -> {0.}\n"
"From remote kernel:"
"\"dropped terms when pickzero\" -> {0., 0.}\n"
"From remote kernel:"
"\"dropped terms when pickzero\" -> {0., 0.}\n"
"From remote kernel:"
"\"dropped terms when pickzero\" -> {0.}\n"
"From remote kernel:"
"\"dropped terms when pickzero\" -> {0.}\n"
"From remote kernel:"
"\"dropped terms when pickzero\" -> {0., 0.}\n"
"From remote kernel:"
"\"dropped terms when pickzero\" -> {0.}\n"
"From remote kernel:"
"\"dropped terms when pickzero\" -> {0., 0.}\n"
"From remote kernel:"
"\"dropped terms when pickzero\" -> {0.}\n"
"From remote kernel:"
"\"dropped terms when pickzero\" -> {0., 0.}\n"
"From remote kernel:"
"\"dropped terms when pickzero\" -> {0., 0.}\n"
"From remote kernel:"
"\"dropped terms when pickzero\" -> {0.}\n"
"From remote kernel:"
"\"dropped terms when pickzero\" -> {0.}\n"
"From remote kernel:"
"\"dropped terms when pickzero\" -> {0., 0.}\n"
"From remote kernel:"
"\"dropped terms when pickzero\" -> {0., 0.}\n"
"From remote kernel:"
"\"dropped terms when pickzero\" -> {0., 0., 0.}\n"
"From remote kernel:"
"\"dropped terms when pickzero\" -> {0., 0., 0., 0., 0.}\n"
"From remote kernel:"
"\"system cleared: DESolver`$InternalSystem\"\n"
"From remote kernel:"
"\"AMFlow: finished in 821s.\"\n"
