"From remote kernel:"
"DESolver`SetGlobalOptions -> {\"WorkingPre\" -> 100, \"ChopPre\" -> 20, \"SilentMode\" -> False, \"RationalizePre\" -> 100}\n"
"From remote kernel:"
"DESolver`SetExpansionOptions -> {\"XOrder\" -> 100, \"ExtraXOrder\" -> 20, \"LearnXOrder\" -> -1, \"TestXOrder\" -> 5}\n"
"From remote kernel:"
"DESolver`SetRunningOptions -> {\"RunRadius\" -> 2, \"RunLength\" -> 1000, \"RunCandidate\" -> 10, \"RunDirection\" -> \"NegIm\"}\n"
"From remote kernel:"
"DESolver`SetGlobalOptions -> {\"WorkingPre\" -> 120, \"ChopPre\" -> 20, \"SilentMode\" -> False, \"RationalizePre\" -> 100}\n"
"From remote kernel:"
"DESolver`SetExpansionOptions -> {\"XOrder\" -> 240, \"ExtraXOrder\" -> 280, \"LearnXOrder\" -> -1, \"TestXOrder\" -> 5}\n"
"From remote kernel:"
"DESolver`SetRunningOptions -> {\"RunRadius\" -> 2, \"RunLength\" -> 1000, \"RunCandidate\" -> 10, \"RunDirection\" -> \"NegIm\"}\n"
"From remote kernel:"
"\"AMFlow: start.\"\n"
"From remote kernel:"
"\"system loaded: DESolver`$InternalSystem\\nDE[DESolver`$InternalSystem] -- differential equation in matrix form\\nBC[DESolver`$InternalSystem] -- boundary conditions either in singular form or in regular form\\nP[DESolver`$InternalSystem] -- boundary point\\nAsyExp[DESolver`$InternalSystem] -- asymptotic expansion near a singular point (currently it is Null)\\nintegrals: 44, blocks: 29, density: 0.17, degrees: {16, 21}\"\n"
"From remote kernel:"
"\"AMFlow: integrals will be evaluated at 7 regular points\" -> {2.7946549257191227 - 13.973274628595613*I, 1.6492671359354227 - 8.246335679677113*I, 0.9830579783265794 - 4.915289891632897*I, 0.5007074584175787 - 2.503537292087894*I, 0.2546124060093125 - 1.2730620300465625*I, 0.12730620300465625 - 0.6365310150232812*I, 0.0663157964802384 - 0.331578982401192*I}\n"
"From remote kernel:"
"\"AMFlow: integration contour generated in 1s.\"\n"
"From remote kernel:"
"\"AMFlow: solving near eta = Infinity...\"\n"
"From remote kernel:"
"\"CalcTaylor: current region\" -> 1/1000\n"
"From remote kernel:"
"\"block\" -> {1}\n"
"From remote kernel:"
"\"boundary condition inserted\" -> {1, 0, 1.0008485733053779*^6}\n"
"From remote kernel:"
"\"block\" -> {7, 8}\n"
"From remote kernel:"
"\"boundary condition test\" -> {8, 0, 1.0008485733053779*^6}\n"
"From remote kernel:"
"\"boundary condition test\" -> {7, 0, -1000.8485733053778}\n"
"From remote kernel:"
"\"block\" -> {2}\n"
"From remote kernel:"
"\"boundary condition test\" -> {2, 0, 0.}\n"
"From remote kernel:"
"\"block\" -> {6}\n"
"From remote kernel:"
"\"boundary condition test\" -> {6, 0, 999847.7247320726}\n"
"From remote kernel:"
"\"block\" -> {4}\n"
"From remote kernel:"
"\"boundary condition test\" -> {4, 0, 1.0008485733053779*^6}\n"
"From remote kernel:"
"\"block\" -> {15, 16}\n"
"From remote kernel:"
"\"boundary condition test\" -> {16, 0, 0.}\n"
"From remote kernel:"
"\"boundary condition test\" -> {15, 0, 0.}\n"
"From remote kernel:"
"\"block\" -> {3}\n"
"From remote kernel:"
"\"boundary condition test\" -> {3, 0, 1.0008485733053779*^6}\n"
"From remote kernel:"
"\"block\" -> {13}\n"
"From remote kernel:"
"\"boundary condition test\" -> {13, 0, 0.}\n"
"From remote kernel:"
"\"block\" -> {12}\n"
"From remote kernel:"
"\"boundary condition test\" -> {12, 0, 0.}\n"
"From remote kernel:"
"\"block\" -> {10}\n"
"From remote kernel:"
"\"boundary condition test\" -> {10, 0, 0.}\n"
"From remote kernel:"
"\"block\" -> {24, 25, 26}\n"
"From remote kernel:"
"\"boundary condition test\" -> {26, 0, 1.0008485733053779*^6}\n"
"From remote kernel:"
"\"boundary condition test\" -> {25, 0, 1.0008485733053779*^6}\n"
"From remote kernel:"
"\"boundary condition test\" -> {24, 0, 999847.7247320726}\n"
"From remote kernel:"
"\"block\" -> {31, 32, 33}\n"
"From remote kernel:"
"\"boundary condition test\" -> {33, 0, 1.0008485733053779*^6}\n"
"From remote kernel:"
"\"boundary condition test\" -> {32, 0, 1.0008485733053779*^6}\n"
"From remote kernel:"
"\"boundary condition test\" -> {31, 0, 1.0008485733053779*^6}\n"
"From remote kernel:"
"\"block\" -> {19, 20}\n"
"From remote kernel:"
"\"boundary condition test\" -> {20, 0, 1.001851427587247*^6}\n"
"From remote kernel:"
"\"boundary condition test\" -> {19, 0, -1001.851427587247}\n"
"From remote kernel:"
"\"block\" -> {28, 29}\n"
"From remote kernel:"
"\"boundary condition test\" -> {29, 0, 0.}\n"
"From remote kernel:"
"\"boundary condition test\" -> {28, 0, 0.}\n"
"From remote kernel:"
"\"block\" -> {17}\n"
"From remote kernel:"
"\"boundary condition test\" -> {17, 0, 1.0008485733053779*^6}\n"
"From remote kernel:"
"\"block\" -> {22}\n"
"From remote kernel:"
"\"boundary condition test\" -> {22, 0, 0.}\n"
"From remote kernel:"
"\"block\" -> {39, 40, 41, 42, 43, 44}\n"
"From remote kernel:"
"\"boundary condition test\" -> {44, 0, 1.001851427587247*^6}\n"
"From remote kernel:"
"\"boundary condition test\" -> {43, 0, 1.001851427587247*^6}\n"
"From remote kernel:"
"\"boundary condition test\" -> {42, 0, 1.001851427587247*^6}\n"
"From remote kernel:"
"\"boundary condition test\" -> {41, 0, -1.0028532790148342*^6}\n"
"From remote kernel:"
"\"boundary condition test\" -> {40, 0, -498926.01034534554}\n"
"From remote kernel:"
"\"boundary condition test\" -> {39, 0, 499923.8623660363}\n"
"From remote kernel:"
"\"block\" -> {35, 36, 37}\n"
"From remote kernel:"
"\"boundary condition test\" -> {37, 0, 1.0008485733053779*^6}\n"
"From remote kernel:"
"\"boundary condition test\" -> {36, 0, 1.0008485733053779*^6}\n"
"From remote kernel:"
"\"boundary condition test\" -> {35, 0, 1.0008485733053779*^6}\n"
"From remote kernel:"
"\"block\" -> {38}\n"
"From remote kernel:"
"\"boundary condition test\" -> {38, 0, 1.001851427587247*^6}\n"
"From remote kernel:"
"\"block\" -> {34}\n"
"From remote kernel:"
"\"boundary condition test\" -> {34, 0, 1.0008485733053779*^6}\n"
"From remote kernel:"
"\"block\" -> {23}\n"
"From remote kernel:"
"\"boundary condition test\" -> {23, 0, 1.0008485733053779*^6}\n"
"From remote kernel:"
"\"block\" -> {30}\n"
"From remote kernel:"
"\"boundary condition test\" -> {30, 0, 1.0008485733053779*^6}\n"
"From remote kernel:"
"\"block\" -> {18}\n"
"From remote kernel:"
"\"boundary condition test\" -> {18, 0, 1.001851427587247*^6}\n"
"From remote kernel:"
"\"block\" -> {27}\n"
"From remote kernel:"
"\"boundary condition test\" -> {27, 0, 0.}\n"
"From remote kernel:"
"\"block\" -> {5}\n"
"From remote kernel:"
"\"boundary condition test\" -> {5, 0, 1.0008485733053779*^6}\n"
"From remote kernel:"
"\"block\" -> {14}\n"
"From remote kernel:"
"\"boundary condition test\" -> {14, 0, 0.}\n"
"From remote kernel:"
"\"block\" -> {21}\n"
"From remote kernel:"
"\"boundary condition test\" -> {21, 0, 0.}\n"
"From remote kernel:"
"\"block\" -> {11}\n"
"From remote kernel:"
"\"boundary condition test\" -> {11, 0, 0.}\n"
"From remote kernel:"
"\"block\" -> {9}\n"
"From remote kernel:"
"\"boundary condition test\" -> {9, 0, 0.}\n"
"From remote kernel:"
"\"CalcTaylor: current region\" -> 0\n"
"From remote kernel:"
"\"block\" -> {1}\n"
"From remote kernel:"
"\"boundary condition test\" -> {1, 0, 0.}\n"
"From remote kernel:"
"\"block\" -> {7, 8}\n"
"From remote kernel:"
"\"boundary condition test\" -> {8, 0, 0.}\n"
"From remote kernel:"
"\"boundary condition test\" -> {7, 0, 0.}\n"
"From remote kernel:"
"\"block\" -> {2}\n"
"From remote kernel:"
"\"boundary condition inserted\" -> {2, 0, 1.0008485733053779*^6}\n"
"From remote kernel:"
"\"block\" -> {6}\n"
"From remote kernel:"
"\"boundary condition test\" -> {6, 0, 0.}\n"
"From remote kernel:"
"\"block\" -> {4}\n"
"From remote kernel:"
"\"boundary condition test\" -> {4, 0, -1.0008485733053779*^6}\n"
"From remote kernel:"
"\"block\" -> {15, 16}\n"
"From remote kernel:"
"\"boundary condition test\" -> {16, 0, 0.}\n"
"From remote kernel:"
"\"boundary condition test\" -> {15, 0, 0.}\n"
"From remote kernel:"
"\"block\" -> {3}\n"
"From remote kernel:"
"\"boundary condition test\" -> {3, 0, 0.}\n"
"From remote kernel:"
"\"block\" -> {13}\n"
"From remote kernel:"
"\"boundary condition inserted\" -> {13, 0, -498434.09505027934}\n"
"From remote kernel:"
"\"block\" -> {12}\n"
"From remote kernel:"
"\"boundary condition inserted\" -> {12, 0, 499923.0265605575}\n"
"From remote kernel:"
"\"block\" -> {10}\n"
"From remote kernel:"
"\"boundary condition inserted\" -> {10, 0, -500930.01947729214}\n"
"From remote kernel:"
"\"block\" -> {24, 25, 26}\n"
"From remote kernel:"
"\"boundary condition test\" -> {26, 0, 498434.09505027934}\n"
"From remote kernel:"
"\"boundary condition test\" -> {25, 0, -499923.0265605575}\n"
"From remote kernel:"
"\"boundary condition test\" -> {24, 0, -499923.0265605575}\n"
"From remote kernel:"
"\"block\" -> {31, 32, 33}\n"
"From remote kernel:"
"\"homogeneous id up to\" -> 1566\n"
"From remote kernel:"
"\"dropped eqs\" -> {{1567 -> 0.}, {1567 -> 0.}}\n"
"From remote kernel:"
"\"boundary condition test\" -> {33, 0, -248.7187397504284}\n"
"From remote kernel:"
"\"boundary condition test\" -> {32, 0, 500930.01947729214}\n"
"From remote kernel:"
"\"boundary condition test\" -> {31, 0, 500930.01947729214}\n"
"From remote kernel:"
"\"block\" -> {19, 20}\n"
"From remote kernel:"
"\"boundary condition test\" -> {20, 0, 0.}\n"
"From remote kernel:"
"\"boundary condition test\" -> {19, 0, 0.}\n"
"From remote kernel:"
"\"block\" -> {28, 29}\n"
"From remote kernel:"
"\"boundary condition test\" -> {29, 0, 500930.01947729214}\n"
"From remote kernel:"
"\"boundary condition test\" -> {28, 0, -499926.15170278854}\n"
"From remote kernel:"
"\"block\" -> {17}\n"
"From remote kernel:"
"\"boundary condition test\" -> {17, 0, -1.001851427587247*^6}\n"
"From remote kernel:"
"\"block\" -> {22}\n"
"From remote kernel:"
"\"boundary condition inserted\" -> {22, 0, -155078.18517372938}\n"
"From remote kernel:"
"\"block\" -> {39, 40, 41, 42, 43, 44}\n"
"From remote kernel:"
"\"homogeneous id up to\" -> 3132\n"
"From remote kernel:"
"\"dropped eqs\" -> {{3133 -> 0.}, {3133 -> 0.}, {3133 -> 0.}}\n"
"From remote kernel:"
"\"boundary condition test\" -> {44, 0, 52.88407864728066}\n"
"From remote kernel:"
"\"boundary condition test\" -> {43, 0, 155078.18517372938}\n"
"From remote kernel:"
"\"boundary condition test\" -> {42, 0, 2.700890343031818}\n"
"From remote kernel:"
"\"boundary condition test\" -> {41, 0, 501926.319187455}\n"
"From remote kernel:"
"\"boundary condition test\" -> {40, 0, -253721.5053617487}\n"
"From remote kernel:"
"\"boundary condition test\" -> {39, 0, -500429.65420005814}\n"
"From remote kernel:"
"\"block\" -> {35, 36, 37}\n"
"From remote kernel:"
"\"boundary condition test\" -> {37, 0, 155078.18517372938}\n"
"From remote kernel:"
"\"boundary condition test\" -> {36, 0, -500429.65420005814}\n"
"From remote kernel:"
"\"boundary condition test\" -> {35, 0, -253721.5053617487}\n"
"From remote kernel:"
"\"block\" -> {38}\n"
"From remote kernel:"
"\"boundary condition test\" -> {38, 0, -501926.319187455}\n"
"From remote kernel:"
"\"block\" -> {34}\n"
"From remote kernel:"
"\"homogeneous id up to\" -> 522\n"
"From remote kernel:"
"\"dropped eqs\" -> {{523 -> 0.}}\n"
"From remote kernel:"
"\"boundary condition test\" -> {34, 0, -501926.319187455}\n"
"From remote kernel:"
"\"block\" -> {23}\n"
"From remote kernel:"
"\"homogeneous id up to\" -> 522\n"
"From remote kernel:"
"\"dropped eqs\" -> {{523 -> 0.}}\n"
"From remote kernel:"
"\"boundary condition test\" -> {23, 0, -1.0028494022935721*^6}\n"
"From remote kernel:"
"\"block\" -> {30}\n"
"From remote kernel:"
"\"homogeneous id up to\" -> 522\n"
"From remote kernel:"
"\"dropped eqs\" -> {{523 -> 0.}, {523 -> 0.}}\n"
"From remote kernel:"
"\"boundary condition test\" -> {30, 0, -500677.1674539695}\n"
"From remote kernel:"
"\"block\" -> {18}\n"
"From remote kernel:"
"\"boundary condition test\" -> {18, 0, 0.}\n"
"From remote kernel:"
"\"block\" -> {27}\n"
"From remote kernel:"
"\"homogeneous id up to\" -> 522\n"
"From remote kernel:"
"\"dropped eqs\" -> {{523 -> 0.}}\n"
"From remote kernel:"
"\"boundary condition test\" -> {27, 0, -500677.1674539695}\n"
"From remote kernel:"
"\"block\" -> {5}\n"
"From remote kernel:"
"\"boundary condition test\" -> {5, 0, 0.}\n"
"From remote kernel:"
"\"block\" -> {14}\n"
"From remote kernel:"
"\"boundary condition test\" -> {14, 0, 0.}\n"
"From remote kernel:"
"\"block\" -> {21}\n"
"From remote kernel:"
"\"boundary condition inserted\" -> {21, 0, 501926.319187455}\n"
"From remote kernel:"
"\"block\" -> {11}\n"
"From remote kernel:"
"\"boundary condition inserted\" -> {11, 0, 1.0028494022935721*^6}\n"
"From remote kernel:"
"\"block\" -> {9}\n"
"From remote kernel:"
"\"boundary condition inserted\" -> {9, 0, 500677.1674539695}\n"
"From remote kernel:"
"\"CalcTaylor: current region\" -> 1/500\n"
"From remote kernel:"
"\"block\" -> {1}\n"
"From remote kernel:"
"\"boundary condition test\" -> {1, 0, 0.}\n"
"From remote kernel:"
"\"block\" -> {7, 8}\n"
"From remote kernel:"
"\"boundary condition inserted\" -> {8, 0, -499925.5058526091}\n"
"From remote kernel:"
"\"boundary condition test\" -> {7, 0, 499925.5058526091}\n"
"From remote kernel:"
"\"block\" -> {2}\n"
"From remote kernel:"
"\"boundary condition test\" -> {2, 0, 0.}\n"
"From remote kernel:"
"\"block\" -> {6}\n"
"From remote kernel:"
"\"boundary condition test\" -> {6, 0, -499925.5058526091}\n"
"From remote kernel:"
"\"block\" -> {4}\n"
"From remote kernel:"
"\"boundary condition inserted\" -> {4, 0, 0.}\n"
"From remote kernel:"
"\"block\" -> {15, 16}\n"
"From remote kernel:"
"\"boundary condition inserted\" -> {16, 0, -499925.5058526091}\n"
"From remote kernel:"
"\"boundary condition test\" -> {15, 0, 499925.5058526091}\n"
"From remote kernel:"
"\"block\" -> {3}\n"
"From remote kernel:"
"\"boundary condition inserted\" -> {3, 0, 0.}\n"
"From remote kernel:"
"\"block\" -> {13}\n"
"From remote kernel:"
"\"boundary condition test\" -> {13, 0, 0.}\n"
"From remote kernel:"
"\"block\" -> {12}\n"
"From remote kernel:"
"\"boundary condition test\" -> {12, 0, 0.}\n"
"From remote kernel:"
"\"block\" -> {10}\n"
"From remote kernel:"
"\"boundary condition test\" -> {10, 0, 0.}\n"
"From remote kernel:"
"\"block\" -> {24, 25, 26}\n"
"From remote kernel:"
"\"boundary condition test\" -> {26, 0, -499925.5058526091}\n"
"From remote kernel:"
"\"boundary condition test\" -> {25, 0, 500927.3605737566}\n"
"From remote kernel:"
"\"boundary condition test\" -> {24, 0, -499925.5058526091}\n"
"From remote kernel:"
"\"block\" -> {31, 32, 33}\n"
"From remote kernel:"
"\"homogeneous id up to\" -> 1566\n"
"From remote kernel:"
"\"dropped eqs\" -> {{1567 -> 0.}}\n"
"From remote kernel:"
"\"boundary condition inserted\" -> {33, 0, -499.92550585260915}\n"
"From remote kernel:"
"\"boundary condition test\" -> {32, 0, -499925.5058526091}\n"
"From remote kernel:"
"\"boundary condition test\" -> {31, 0, 500927.3605737566}\n"
"From remote kernel:"
"\"block\" -> {19, 20}\n"
"From remote kernel:"
"\"boundary condition test\" -> {20, 0, -1.0008508627169235*^6}\n"
"From remote kernel:"
"\"boundary condition test\" -> {19, 0, 999.8510117052183}\n"
"From remote kernel:"
"\"block\" -> {28, 29}\n"
"From remote kernel:"
"\"boundary condition test\" -> {29, 0, -499925.5058526091}\n"
"From remote kernel:"
"\"boundary condition test\" -> {28, 0, 500927.3605737566}\n"
"From remote kernel:"
"\"block\" -> {17}\n"
"From remote kernel:"
"\"boundary condition inserted\" -> {17, 0, 0.}\n"
"From remote kernel:"
"\"block\" -> {22}\n"
"From remote kernel:"
"\"boundary condition test\" -> {22, 0, 0.}\n"
"From remote kernel:"
"\"block\" -> {39, 40, 41, 42, 43, 44}\n"
"From remote kernel:"
"\"homogeneous id up to\" -> 3132\n"
"From remote kernel:"
"\"dropped eqs\" -> {{3133 -> 0.}}\n"
"From remote kernel:"
"\"boundary condition test\" -> {44, 0, -1.002351639085493*^6}\n"
"From remote kernel:"
"\"boundary condition test\" -> {43, 0, -1.0008508627169235*^6}\n"
"From remote kernel:"
"\"boundary condition test\" -> {42, 0, -499925.5058526091}\n"
"From remote kernel:"
"\"boundary condition test\" -> {41, 0, 500925.35686431435}\n"
"From remote kernel:"
"\"boundary condition test\" -> {40, 0, -499.92550585260915}\n"
"From remote kernel:"
"\"boundary condition test\" -> {39, 0, -499.92550585260915}\n"
"From remote kernel:"
"\"block\" -> {35, 36, 37}\n"
"From remote kernel:"
"\"homogeneous id up to\" -> 1566\n"
"From remote kernel:"
"\"dropped eqs\" -> {{1567 -> 0.}}\n"
"From remote kernel:"
"\"boundary condition inserted\" -> {37, 0, -499925.5058526091}\n"
"From remote kernel:"
"\"boundary condition test\" -> {36, 0, 500927.3605737566}\n"
"From remote kernel:"
"\"boundary condition test\" -> {35, 0, 500927.3605737566}\n"
"From remote kernel:"
"\"block\" -> {38}\n"
"From remote kernel:"
"\"boundary condition test\" -> {38, 0, -499925.5058526091}\n"
"From remote kernel:"
"\"block\" -> {34}\n"
"From remote kernel:"
"\"boundary condition test\" -> {34, 0, 500927.3605737566}\n"
"From remote kernel:"
"\"block\" -> {23}\n"
"From remote kernel:"
"\"boundary condition test\" -> {23, 0, 500927.3605737566}\n"
"From remote kernel:"
"\"block\" -> {30}\n"
"From remote kernel:"
"\"boundary condition test\" -> {30, 0, 500927.3605737566}\n"
"From remote kernel:"
"\"block\" -> {18}\n"
"From remote kernel:"
"\"boundary condition test\" -> {18, 0, -499925.5058526091}\n"
"From remote kernel:"
"\"block\" -> {27}\n"
"From remote kernel:"
"\"boundary condition test\" -> {27, 0, 500927.3605737566}\n"
"From remote kernel:"
"\"block\" -> {5}\n"
"From remote kernel:"
"\"boundary condition test\" -> {5, 0, 500927.3605737566}\n"
"From remote kernel:"
"\"block\" -> {14}\n"
"From remote kernel:"
"\"boundary condition test\" -> {14, 0, 500927.3605737566}\n"
"From remote kernel:"
"\"block\" -> {21}\n"
"From remote kernel:"
"\"boundary condition test\" -> {21, 0, 0.}\n"
"From remote kernel:"
"\"block\" -> {11}\n"
"From remote kernel:"
"\"boundary condition test\" -> {11, 0, 0.}\n"
"From remote kernel:"
"\"block\" -> {9}\n"
"From remote kernel:"
"\"boundary condition test\" -> {9, 0, 0.}\n"
"From remote kernel:"
"\"AMFlow: Infinity solved in 32s.\"\n"
"From remote kernel:"
"\"AMFlow: running among regular points...\"\n"
"From remote kernel:"
"\"current regular point\" -> 2.7946549257191227 - 13.973274628595613*I\n"
"From remote kernel:"
"\"current regular point\" -> 1.6492671359354223 - 8.246335679677111*I\n"
"From remote kernel:"
"\"current regular point\" -> 0.9830579783265793 - 4.915289891632896*I\n"
"From remote kernel:"
"\"current regular point\" -> 0.5007074584175788 - 2.503537292087894*I\n"
"From remote kernel:"
"\"current regular point\" -> 0.2546124060093125 - 1.2730620300465625*I\n"
"From remote kernel:"
"\"current regular point\" -> 0.12730620300465625 - 0.6365310150232812*I\n"
"From remote kernel:"
"\"AMFlow: regular running finished in 14s.\"\n"
"From remote kernel:"
"\"AMFlow: solving near the last point...\"\n"
"From remote kernel:"
"\"NormalizeMat finished in 0s.\"\n"
"From remote kernel:"
"\"LearnXOrder is negative. skip learning phase.\"\n"
"From remote kernel:"
"\"block\" -> {1}\n"
"From remote kernel:"
"\"behavior\" -> {{999/1000, 0}}\n"
"From remote kernel:"
"\"number of constraints and variables\" -> {1, 1}\n"
"From remote kernel:"
"\"block\" -> {7, 8}\n"
"From remote kernel:"
"\"behavior\" -> {{0, 0}, {249/500, 0}, {999/1000, 0}}\n"
"From remote kernel:"
"\"number of constraints and variables\" -> {4, 4}\n"
"From remote kernel:"
"\"block\" -> {2}\n"
"From remote kernel:"
"\"behavior\" -> {{0, 0}}\n"
"From remote kernel:"
"\"number of constraints and variables\" -> {1, 1}\n"
"From remote kernel:"
"\"block\" -> {6}\n"
"From remote kernel:"
"\"behavior\" -> {{499/500, 0}, {0, 0}, {249/500, 0}, {999/1000, 0}}\n"
"From remote kernel:"
"\"number of constraints and variables\" -> {1, 1}\n"
"From remote kernel:"
"\"block\" -> {4}\n"
"From remote kernel:"
"\"behavior\" -> {{0, 1}, {999/1000, 0}}\n"
"From remote kernel:"
"\"number of constraints and variables\" -> {1, 1}\n"
"From remote kernel:"
"\"block\" -> {15, 16}\n"
"From remote kernel:"
"\"behavior\" -> {{0, 0}, {999/1000, 0}}\n"
"From remote kernel:"
"\"number of constraints and variables\" -> {4, 4}\n"
"From remote kernel:"
"\"block\" -> {3}\n"
"From remote kernel:"
"\"behavior\" -> {{0, 0}, {999/1000, 0}}\n"
"From remote kernel:"
"\"number of constraints and variables\" -> {1, 1}\n"
"From remote kernel:"
"\"block\" -> {13}\n"
"From remote kernel:"
"\"behavior\" -> {{0, 0}}\n"
"From remote kernel:"
"\"number of constraints and variables\" -> {1, 1}\n"
"From remote kernel:"
"\"block\" -> {12}\n"
"From remote kernel:"
"\"behavior\" -> {{0, 0}}\n"
"From remote kernel:"
"\"number of constraints and variables\" -> {1, 1}\n"
"From remote kernel:"
"\"block\" -> {10}\n"
"From remote kernel:"
"\"behavior\" -> {{0, 0}}\n"
"From remote kernel:"
"\"number of constraints and variables\" -> {1, 1}\n"
"From remote kernel:"
"\"block\" -> {24, 25, 26}\n"
"From remote kernel:"
"\"behavior\" -> {{0, 2}, {999/1000, 0}, {249/500, 0}, {499/500, 0}}\n"
"From remote kernel:"
"\"number of constraints and variables\" -> {3, 3}\n"
"From remote kernel:"
"\"block\" -> {31, 32, 33}\n"
"From remote kernel:"
"\"behavior\" -> {{0, 1}, {999/1000, 0}, {249/500, 0}, {499/500, 0}}\n"
"From remote kernel:"
"\"number of constraints and variables\" -> {3, 3}\n"
"From remote kernel:"
"\"block\" -> {28, 29}\n"
"From remote kernel:"
"\"behavior\" -> {{0, 1}, {999/1000, 0}}\n"
"From remote kernel:"
"\"number of constraints and variables\" -> {2, 2}\n"
"From remote kernel:"
"\"block\" -> {19, 20}\n"
"From remote kernel:"
"\"behavior\" -> {{0, 1}, {999/1000, 1}, {249/500, 0}}\n"
"From remote kernel:"
"\"number of constraints and variables\" -> {4, 4}\n"
"From remote kernel:"
"\"block\" -> {17}\n"
"From remote kernel:"
"\"behavior\" -> {{0, 2}, {999/1000, 0}}\n"
"From remote kernel:"
"\"number of constraints and variables\" -> {1, 1}\n"
"From remote kernel:"
"\"block\" -> {22}\n"
"From remote kernel:"
"\"behavior\" -> {{0, 0}}\n"
"From remote kernel:"
"\"number of constraints and variables\" -> {1, 1}\n"
"From remote kernel:"
"\"block\" -> {39, 40, 41, 42, 43, 44}\n"
"From remote kernel:"
"\"behavior\" -> {{0, 3}, {999/1000, 1}, {249/500, 0}, {499/500, 0}}\n"
"From remote kernel:"
"\"number of constraints and variables\" -> {6, 6}\n"
"From remote kernel:"
"\"block\" -> {35, 36, 37}\n"
"From remote kernel:"
"\"behavior\" -> {{0, 3}, {999/1000, 0}, {249/500, 0}, {499/500, 0}}\n"
"From remote kernel:"
"\"number of constraints and variables\" -> {3, 3}\n"
"From remote kernel:"
"\"block\" -> {38}\n"
"From remote kernel:"
"\"behavior\" -> {{0, 4}, {999/1000, 1}, {249/500, 0}, {499/500, 0}}\n"
"From remote kernel:"
"\"number of constraints and variables\" -> {1, 1}\n"
"From remote kernel:"
"\"block\" -> {34}\n"
"From remote kernel:"
"\"behavior\" -> {{0, 4}, {999/1000, 0}, {249/500, 0}, {499/500, 0}}\n"
"From remote kernel:"
"\"number of constraints and variables\" -> {1, 1}\n"
"From remote kernel:"
"\"block\" -> {23}\n"
"From remote kernel:"
"\"behavior\" -> {{0, 3}, {999/1000, 0}, {249/500, 0}, {499/500, 0}}\n"
"From remote kernel:"
"\"number of constraints and variables\" -> {1, 1}\n"
"From remote kernel:"
"\"block\" -> {30}\n"
"From remote kernel:"
"\"behavior\" -> {{0, 2}, {999/1000, 0}, {249/500, 0}, {499/500, 0}}\n"
"From remote kernel:"
"\"number of constraints and variables\" -> {1, 1}\n"
"From remote kernel:"
"\"block\" -> {27}\n"
"From remote kernel:"
"\"behavior\" -> {{0, 2}, {999/1000, 0}}\n"
"From remote kernel:"
"\"number of constraints and variables\" -> {1, 1}\n"
"From remote kernel:"
"\"block\" -> {18}\n"
"From remote kernel:"
"\"behavior\" -> {{0, 2}, {999/1000, 1}, {249/500, 0}}\n"
"From remote kernel:"
"\"number of constraints and variables\" -> {1, 1}\n"
"From remote kernel:"
"\"block\" -> {5}\n"
"From remote kernel:"
"\"behavior\" -> {{0, 1}, {999/1000, 0}, {249/500, 0}}\n"
"From remote kernel:"
"\"number of constraints and variables\" -> {1, 1}\n"
"From remote kernel:"
"\"block\" -> {14}\n"
"From remote kernel:"
"\"behavior\" -> {{0, 1}, {999/1000, 0}}\n"
"From remote kernel:"
"\"number of constraints and variables\" -> {1, 1}\n"
"From remote kernel:"
"\"block\" -> {21}\n"
"From remote kernel:"
"\"behavior\" -> {{0, 0}}\n"
"From remote kernel:"
"\"number of constraints and variables\" -> {1, 1}\n"
"From remote kernel:"
"\"block\" -> {11}\n"
"From remote kernel:"
"\"behavior\" -> {{0, 0}}\n"
"From remote kernel:"
"\"number of constraints and variables\" -> {1, 1}\n"
"From remote kernel:"
"\"block\" -> {9}\n"
"From remote kernel:"
"\"behavior\" -> {{0, 0}}\n"
"From remote kernel:"
"\"number of constraints and variables\" -> {1, 1}\n"
"From remote kernel:"
"\"AMFlow: last point solved in 14s.\"\n"
"From remote kernel:"
"\"dropped terms when pickzero\" -> {0.}\n"
"From remote kernel:"
"\"dropped terms when pickzero\" -> {0.}\n"
"From remote kernel:"
"\"dropped terms when pickzero\" -> {0.}\n"
"From remote kernel:"
"\"dropped terms when pickzero\" -> {0.}\n"
"From remote kernel:"
"\"dropped terms when pickzero\" -> {0.}\n"
"From remote kernel:"
"\"system cleared: DESolver`$InternalSystem\"\n"
"From remote kernel:"
"\"AMFlow: finished in 63s.\"\n"
