"From remote kernel:"
"DESolver`SetGlobalOptions -> {\"WorkingPre\" -> 100, \"ChopPre\" -> 20, \"SilentMode\" -> False, \"RationalizePre\" -> 100}\n"
"From remote kernel:"
"DESolver`SetExpansionOptions -> {\"XOrder\" -> 100, \"ExtraXOrder\" -> 20, \"LearnXOrder\" -> -1, \"TestXOrder\" -> 5}\n"
"From remote kernel:"
"DESolver`SetRunningOptions -> {\"RunRadius\" -> 2, \"RunLength\" -> 1000, \"RunCandidate\" -> 10, \"RunDirection\" -> \"NegIm\"}\n"
"From remote kernel:"
"DESolver`SetGlobalOptions -> {\"WorkingPre\" -> 120, \"ChopPre\" -> 20, \"SilentMode\" -> False, \"RationalizePre\" -> 100}\n"
"From remote kernel:"
"DESolver`SetExpansionOptions -> {\"XOrder\" -> 240, \"ExtraXOrder\" -> 280, \"LearnXOrder\" -> -1, \"TestXOrder\" -> 5}\n"
"From remote kernel:"
"DESolver`SetRunningOptions -> {\"RunRadius\" -> 2, \"RunLength\" -> 1000, \"RunCandidate\" -> 10, \"RunDirection\" -> \"NegIm\"}\n"
"From remote kernel:"
"\"AMFlow: start.\"\n"
"From remote kernel:"
"\"system loaded: DESolver`$InternalSystem\\nDE[DESolver`$InternalSystem] -- differential equation in matrix form\\nBC[DESolver`$InternalSystem] -- boundary conditions either in singular form or in regular form\\nP[DESolver`$InternalSystem] -- boundary point\\nAsyExp[DESolver`$InternalSystem] -- asymptotic expansion near a singular point (currently it is Null)\\nintegrals: 41, blocks: 33, density: 0.09, degrees: {2, 6}\"\n"
"From remote kernel:"
"\"AMFlow: integrals will be evaluated at 5 regular points\" -> {0. - 6.024120603015075*I, 0. - 3.0120603015075376*I, 0. - 1.5060301507537688*I, 0. - 0.7530150753768844*I, 0. - 0.5*I}\n"
"From remote kernel:"
"\"AMFlow: integration contour generated in 0s.\"\n"
"From remote kernel:"
"\"AMFlow: solving near eta = Infinity...\"\n"
"From remote kernel:"
"\"CalcTaylor: current region\" -> 3/1000\n"
"From remote kernel:"
"\"block\" -> {10, 11}\n"
"From remote kernel:"
"\"boundary condition inserted\" -> {11, 0, 166380.52538124193}\n"
"From remote kernel:"
"\"boundary condition test\" -> {10, 0, -1.6654690590662318*^8}\n"
"From remote kernel:"
"\"block\" -> {9}\n"
"From remote kernel:"
"\"boundary condition test\" -> {9, 0, -1.6704805005679357*^8}\n"
"From remote kernel:"
"\"block\" -> {3}\n"
"From remote kernel:"
"\"boundary condition test\" -> {3, 0, 0.}\n"
"From remote kernel:"
"\"block\" -> {1}\n"
"From remote kernel:"
"\"boundary condition inserted\" -> {1, 0, -83817.13354440156}\n"
"From remote kernel:"
"\"block\" -> {18, 19, 20}\n"
"From remote kernel:"
"\"boundary condition test\" -> {20, 0, 1.6638052538124195*^8}\n"
"From remote kernel:"
"\"boundary condition test\" -> {19, 0, -3.3376133448221076*^8}\n"
"From remote kernel:"
"\"boundary condition test\" -> {18, 0, -1.6671395328781757*^8}\n"
"From remote kernel:"
"\"block\" -> {8}\n"
"From remote kernel:"
"\"boundary condition test\" -> {8, 0, -167382.81568816988}\n"
"From remote kernel:"
"\"block\" -> {24}\n"
"From remote kernel:"
"\"boundary condition test\" -> {24, 0, 0.}\n"
"From remote kernel:"
"\"block\" -> {2}\n"
"From remote kernel:"
"\"boundary condition test\" -> {2, 0, 0.}\n"
"From remote kernel:"
"\"block\" -> {36, 37}\n"
"From remote kernel:"
"\"boundary condition test\" -> {37, 0, 1.6638052538124195*^8}\n"
"From remote kernel:"
"\"boundary condition test\" -> {36, 0, -3.3376133448221076*^8}\n"
"From remote kernel:"
"\"block\" -> {13}\n"
"From remote kernel:"
"\"boundary condition test\" -> {13, 0, 1.673828156881699*^8}\n"
"From remote kernel:"
"\"block\" -> {6}\n"
"From remote kernel:"
"\"boundary condition test\" -> {6, 0, 0.}\n"
"From remote kernel:"
"\"block\" -> {5}\n"
"From remote kernel:"
"\"boundary condition test\" -> {5, 0, 0.}\n"
"From remote kernel:"
"\"block\" -> {32, 33}\n"
"From remote kernel:"
"\"boundary condition test\" -> {33, 0, 1.6638052538124195*^8}\n"
"From remote kernel:"
"\"boundary condition test\" -> {32, 0, -3.3376133448221076*^8}\n"
"From remote kernel:"
"\"block\" -> {35}\n"
"From remote kernel:"
"\"boundary condition test\" -> {35, 0, 1.673828156881699*^8}\n"
"From remote kernel:"
"\"block\" -> {14, 15, 16}\n"
"From remote kernel:"
"\"boundary condition inserted\" -> {16, 0, -3.337613368926772*^8}\n"
"From remote kernel:"
"\"boundary condition test\" -> {15, 0, 3.334269066953899*^8}\n"
"From remote kernel:"
"\"boundary condition test\" -> {14, 0, 3.344301972872517*^8}\n"
"From remote kernel:"
"\"block\" -> {39}\n"
"From remote kernel:"
"\"boundary condition test\" -> {39, 0, 0.}\n"
"From remote kernel:"
"\"block\" -> {22}\n"
"From remote kernel:"
"\"boundary condition test\" -> {22, 0, 0.}\n"
"From remote kernel:"
"\"block\" -> {40, 41}\n"
"From remote kernel:"
"\"homogeneous id up to\" -> 1044\n"
"From remote kernel:"
"\"dropped eqs\" -> {{1045 -> 0.}, {1045 -> 0.}}\n"
"From remote kernel:"
"\"boundary condition test\" -> {41, 0, 3.3342590319064784*^8}\n"
"From remote kernel:"
"\"boundary condition test\" -> {40, 0, 2410.4664105454694}\n"
"From remote kernel:"
"\"block\" -> {31}\n"
"From remote kernel:"
"\"boundary condition test\" -> {31, 0, 1.673828156881699*^8}\n"
"From remote kernel:"
"\"block\" -> {34}\n"
"From remote kernel:"
"\"boundary condition test\" -> {34, 0, 1.673828156881699*^8}\n"
"From remote kernel:"
"\"block\" -> {17}\n"
"From remote kernel:"
"\"boundary condition test\" -> {17, 0, 1.673828156881699*^8}\n"
"From remote kernel:"
"\"block\" -> {7}\n"
"From remote kernel:"
"\"boundary condition test\" -> {7, 0, -83817.13354440156}\n"
"From remote kernel:"
"\"block\" -> {12}\n"
"From remote kernel:"
"\"boundary condition test\" -> {12, 0, 0.}\n"
"From remote kernel:"
"\"block\" -> {38}\n"
"From remote kernel:"
"\"boundary condition test\" -> {38, 0, 0.}\n"
"From remote kernel:"
"\"block\" -> {30}\n"
"From remote kernel:"
"\"boundary condition test\" -> {30, 0, 0.}\n"
"From remote kernel:"
"\"block\" -> {29}\n"
"From remote kernel:"
"\"boundary condition test\" -> {29, 0, 0.}\n"
"From remote kernel:"
"\"block\" -> {28}\n"
"From remote kernel:"
"\"boundary condition test\" -> {28, 0, 0.}\n"
"From remote kernel:"
"\"block\" -> {27}\n"
"From remote kernel:"
"\"boundary condition test\" -> {27, 0, 0.}\n"
"From remote kernel:"
"\"block\" -> {26}\n"
"From remote kernel:"
"\"boundary condition test\" -> {26, 0, 0.}\n"
"From remote kernel:"
"\"block\" -> {25}\n"
"From remote kernel:"
"\"boundary condition test\" -> {25, 0, 0.}\n"
"From remote kernel:"
"\"block\" -> {23}\n"
"From remote kernel:"
"\"boundary condition test\" -> {23, 0, 0.}\n"
"From remote kernel:"
"\"block\" -> {21}\n"
"From remote kernel:"
"\"boundary condition test\" -> {21, 0, 0.}\n"
"From remote kernel:"
"\"block\" -> {4}\n"
"From remote kernel:"
"\"boundary condition test\" -> {4, 0, 0.}\n"
"From remote kernel:"
"\"CalcTaylor: current region\" -> 0\n"
"From remote kernel:"
"\"block\" -> {10, 11}\n"
"From remote kernel:"
"\"boundary condition test\" -> {11, 0, 0.}\n"
"From remote kernel:"
"\"boundary condition test\" -> {10, 0, 0.}\n"
"From remote kernel:"
"\"block\" -> {9}\n"
"From remote kernel:"
"\"boundary condition test\" -> {9, 0, 0.}\n"
"From remote kernel:"
"\"block\" -> {3}\n"
"From remote kernel:"
"\"boundary condition test\" -> {3, 0, 0.}\n"
"From remote kernel:"
"\"block\" -> {1}\n"
"From remote kernel:"
"\"boundary condition test\" -> {1, 0, 0.}\n"
"From remote kernel:"
"\"block\" -> {18, 19, 20}\n"
"From remote kernel:"
"\"boundary condition test\" -> {20, 0, 0.}\n"
"From remote kernel:"
"\"boundary condition test\" -> {19, 0, 0.}\n"
"From remote kernel:"
"\"boundary condition test\" -> {18, 0, 0.}\n"
"From remote kernel:"
"\"block\" -> {8}\n"
"From remote kernel:"
"\"boundary condition test\" -> {8, 0, 0.}\n"
"From remote kernel:"
"\"block\" -> {24}\n"
"From remote kernel:"
"\"boundary condition inserted\" -> {24, 0, 333076.39280880586 + 3139.263996628702*I}\n"
"From remote kernel:"
"\"block\" -> {2}\n"
"From remote kernel:"
"\"boundary condition test\" -> {2, 0, 0.}\n"
"From remote kernel:"
"\"block\" -> {36, 37}\n"
"From remote kernel:"
"\"boundary condition test\" -> {37, 0, 3.3474846305382997*^8 + 3.1550233540414963*^6*I}\n"
"From remote kernel:"
"\"boundary condition test\" -> {36, 0, -1.6737423152691498*^8 - 1.5775116770207481*^6*I}\n"
"From remote kernel:"
"\"block\" -> {13}\n"
"From remote kernel:"
"\"boundary condition test\" -> {13, 0, 0.}\n"
"From remote kernel:"
"\"block\" -> {6}\n"
"From remote kernel:"
"\"boundary condition inserted\" -> {6, 0, 166871.7857655907 + 1572.7760970672045*I}\n"
"From remote kernel:"
"\"block\" -> {5}\n"
"From remote kernel:"
"\"boundary condition inserted\" -> {5, 0, 167877.03546647588 + 1582.2506328245977*I}\n"
"From remote kernel:"
"\"block\" -> {32, 33}\n"
"From remote kernel:"
"\"boundary condition test\" -> {33, 0, 3.3474846305382997*^8 + 3.1550233540414963*^6*I}\n"
"From remote kernel:"
"\"boundary condition test\" -> {32, 0, -1.6737423152691498*^8 - 1.5775116770207481*^6*I}\n"
"From remote kernel:"
"\"block\" -> {35}\n"
"From remote kernel:"
"\"boundary condition test\" -> {35, 0, -1.6737423152691498*^8 - 1.5775116770207481*^6*I}\n"
"From remote kernel:"
"\"block\" -> {14, 15, 16}\n"
"From remote kernel:"
"\"homogeneous id up to\" -> 1566\n"
"From remote kernel:"
"\"dropped eqs\" -> {{1567 -> 0.}}\n"
"From remote kernel:"
"\"boundary condition test\" -> {16, 0, -167877.03546647588 - 1582.2506328245977*I}\n"
"From remote kernel:"
"\"boundary condition test\" -> {15, 0, 28.058950151942845 + 0.26445720530471906*I}\n"
"From remote kernel:"
"\"boundary condition test\" -> {14, 0, -28.058950151942845 - 0.26445720530471906*I}\n"
"From remote kernel:"
"\"block\" -> {39}\n"
"From remote kernel:"
"\"boundary condition inserted\" -> {39, 0, 5.5402164065000946*^10 + 5.2216855574153376*^8*I}\n"
"From remote kernel:"
"\"block\" -> {22}\n"
"From remote kernel:"
"\"boundary condition inserted\" -> {22, 0, 1.6737423152691498*^8 + 1.5775116770207481*^6*I}\n"
"From remote kernel:"
"\"block\" -> {40, 41}\n"
"From remote kernel:"
"\"boundary condition test\" -> {41, 0, -5.5402164065000946*^10 - 5.2216855574153376*^8*I}\n"
"From remote kernel:"
"\"boundary condition test\" -> {40, 0, -2425.4056869692567 - 22.859586913719554*I}\n"
"From remote kernel:"
"\"block\" -> {31}\n"
"From remote kernel:"
"\"homogeneous id up to\" -> 522\n"
"From remote kernel:"
"\"dropped eqs\" -> {{523 -> 0.}}\n"
"From remote kernel:"
"\"boundary condition test\" -> {31, 0, 168045.74231319854 + 1583.8407044758337*I}\n"
"From remote kernel:"
"\"block\" -> {34}\n"
"From remote kernel:"
"\"homogeneous id up to\" -> 522\n"
"From remote kernel:"
"\"dropped eqs\" -> {{523 -> 0.}}\n"
"From remote kernel:"
"\"boundary condition test\" -> {34, 0, 168045.74231319854 + 1583.8407044758337*I}\n"
"From remote kernel:"
"\"block\" -> {17}\n"
"From remote kernel:"
"\"boundary condition test\" -> {17, 0, 0.}\n"
"From remote kernel:"
"\"block\" -> {7}\n"
"From remote kernel:"
"\"boundary condition test\" -> {7, 0, 0.}\n"
"From remote kernel:"
"\"block\" -> {12}\n"
"From remote kernel:"
"\"boundary condition test\" -> {12, 0, 0.}\n"
"From remote kernel:"
"\"block\" -> {38}\n"
"From remote kernel:"
"\"boundary condition inserted\" -> {38, 0, 2425.4056869692567 + 22.859586913719554*I}\n"
"From remote kernel:"
"\"block\" -> {30}\n"
"From remote kernel:"
"\"boundary condition inserted\" -> {30, 0, -20.945754453429487 - 0.19741493020077547*I}\n"
"From remote kernel:"
"\"block\" -> {29}\n"
"From remote kernel:"
"\"boundary condition inserted\" -> {29, 0, 55.74387141619931 + 0.5253891670131832*I}\n"
"From remote kernel:"
"\"block\" -> {28}\n"
"From remote kernel:"
"\"boundary condition inserted\" -> {28, 0, -249.8065611633714 - 2.3544410847272292*I}\n"
"From remote kernel:"
"\"block\" -> {27}\n"
"From remote kernel:"
"\"boundary condition inserted\" -> {27, 0, 249557.7508397401 + 2352.096033238054*I}\n"
"From remote kernel:"
"\"block\" -> {26}\n"
"From remote kernel:"
"\"boundary condition inserted\" -> {26, 0, 8.385441100204231*^7 + 790332.6056744108*I}\n"
"From remote kernel:"
"\"block\" -> {25}\n"
"From remote kernel:"
"\"boundary condition inserted\" -> {25, 0, -168.55056351829498 - 1.5885986731223949*I}\n"
"From remote kernel:"
"\"block\" -> {23}\n"
"From remote kernel:"
"\"boundary condition inserted\" -> {23, 0, -3.3474846305382997*^8 - 3.1550233540414963*^6*I}\n"
"From remote kernel:"
"\"block\" -> {21}\n"
"From remote kernel:"
"\"boundary condition inserted\" -> {21, 0, -168045.74231319854 - 1583.8407044758337*I}\n"
"From remote kernel:"
"\"block\" -> {4}\n"
"From remote kernel:"
"\"boundary condition inserted\" -> {4, 0, 28.058950151942845 + 0.26445720530471906*I}\n"
"From remote kernel:"
"\"CalcTaylor: current region\" -> 1/1000\n"
"From remote kernel:"
"\"block\" -> {10, 11}\n"
"From remote kernel:"
"\"boundary condition test\" -> {11, 0, 0.}\n"
"From remote kernel:"
"\"boundary condition test\" -> {10, 0, 0.}\n"
"From remote kernel:"
"\"block\" -> {9}\n"
"From remote kernel:"
"\"boundary condition test\" -> {9, 0, 0.}\n"
"From remote kernel:"
"\"block\" -> {3}\n"
"From remote kernel:"
"\"boundary condition inserted\" -> {3, 0, -5.011276633730954*^8 - 3.148719407122683*^6*I}\n"
"From remote kernel:"
"\"block\" -> {1}\n"
"From remote kernel:"
"\"boundary condition test\" -> {1, 0, 0.}\n"
"From remote kernel:"
"\"block\" -> {18, 19, 20}\n"
"From remote kernel:"
"\"homogeneous id up to\" -> 1566\n"
"From remote kernel:"
"\"dropped eqs\" -> {{1567 -> 0.}}\n"
"From remote kernel:"
"\"boundary condition test\" -> {20, 0, -5.011276633730954*^8 - 3.148719407122683*^6*I}\n"
"From remote kernel:"
"\"boundary condition test\" -> {19, 0, -251443.1283062346 - 1579.884559867197*I}\n"
"From remote kernel:"
"\"boundary condition test\" -> {18, 0, -5.011276633730954*^8 - 3.148719407122683*^6*I}\n"
"From remote kernel:"
"\"block\" -> {8}\n"
"From remote kernel:"
"\"boundary condition test\" -> {8, 0, 0.}\n"
"From remote kernel:"
"\"block\" -> {24}\n"
"From remote kernel:"
"\"boundary condition test\" -> {24, 0, 0.}\n"
"From remote kernel:"
"\"block\" -> {2}\n"
"From remote kernel:"
"\"boundary condition inserted\" -> {2, 0, -251443.1283062346 - 1579.884559867197*I}\n"
"From remote kernel:"
"\"block\" -> {36, 37}\n"
"From remote kernel:"
"\"boundary condition test\" -> {37, 0, -5.011276633730954*^8 - 3.148719407122683*^6*I}\n"
"From remote kernel:"
"\"boundary condition test\" -> {36, 0, -251443.1283062346 - 1579.884559867197*I}\n"
"From remote kernel:"
"\"block\" -> {13}\n"
"From remote kernel:"
"\"boundary condition test\" -> {13, 0, -251443.1283062346 - 1579.884559867197*I}\n"
"From remote kernel:"
"\"block\" -> {6}\n"
"From remote kernel:"
"\"boundary condition test\" -> {6, 0, 0.}\n"
"From remote kernel:"
"\"block\" -> {5}\n"
"From remote kernel:"
"\"boundary condition test\" -> {5, 0, 0.}\n"
"From remote kernel:"
"\"block\" -> {32, 33}\n"
"From remote kernel:"
"\"boundary condition test\" -> {33, 0, -5.011276633730954*^8 - 3.148719407122683*^6*I}\n"
"From remote kernel:"
"\"boundary condition test\" -> {32, 0, -251443.1283062346 - 1579.884559867197*I}\n"
"From remote kernel:"
"\"block\" -> {35}\n"
"From remote kernel:"
"\"homogeneous id up to\" -> 522\n"
"From remote kernel:"
"\"dropped eqs\" -> {{523 -> 0.}}\n"
"From remote kernel:"
"\"boundary condition test\" -> {35, 0, -251443.1283062346 - 1579.884559867197*I}\n"
"From remote kernel:"
"\"block\" -> {14, 15, 16}\n"
"From remote kernel:"
"\"boundary condition test\" -> {16, 0, 0.}\n"
"From remote kernel:"
"\"boundary condition test\" -> {15, 0, 0.}\n"
"From remote kernel:"
"\"boundary condition test\" -> {14, 0, 0.}\n"
"From remote kernel:"
"\"block\" -> {39}\n"
"From remote kernel:"
"\"boundary condition test\" -> {39, 0, 0.}\n"
"From remote kernel:"
"\"block\" -> {22}\n"
"From remote kernel:"
"\"boundary condition test\" -> {22, 0, 0.}\n"
"From remote kernel:"
"\"block\" -> {40, 41}\n"
"From remote kernel:"
"\"homogeneous id up to\" -> 1044\n"
"From remote kernel:"
"\"dropped eqs\" -> {{1045 -> 0.}}\n"
"From remote kernel:"
"\"boundary condition test\" -> {41, 0, -5.011276633730954*^8 - 3.148719407122683*^6*I}\n"
"From remote kernel:"
"\"boundary condition test\" -> {40, 0, -251443.1283062346 - 1579.884559867197*I}\n"
"From remote kernel:"
"\"block\" -> {31}\n"
"From remote kernel:"
"\"boundary condition test\" -> {31, 0, -251443.1283062346 - 1579.884559867197*I}\n"
"From remote kernel:"
"\"block\" -> {34}\n"
"From remote kernel:"
"\"homogeneous id up to\" -> 522\n"
"From remote kernel:"
"\"dropped eqs\" -> {{523 -> 0.}}\n"
"From remote kernel:"
"\"boundary condition test\" -> {34, 0, -251443.1283062346 - 1579.884559867197*I}\n"
"From remote kernel:"
"\"block\" -> {17}\n"
"From remote kernel:"
"\"homogeneous id up to\" -> 522\n"
"From remote kernel:"
"\"dropped eqs\" -> {{523 -> 0.}}\n"
"From remote kernel:"
"\"boundary condition test\" -> {17, 0, -251443.1283062346 - 1579.884559867197*I}\n"
"From remote kernel:"
"\"block\" -> {7}\n"
"From remote kernel:"
"\"boundary condition test\" -> {7, 0, 0.}\n"
"From remote kernel:"
"\"block\" -> {12}\n"
"From remote kernel:"
"\"boundary condition test\" -> {12, 0, -251443.1283062346 - 1579.884559867197*I}\n"
"From remote kernel:"
"\"block\" -> {38}\n"
"From remote kernel:"
"\"boundary condition test\" -> {38, 0, 0.}\n"
"From remote kernel:"
"\"block\" -> {30}\n"
"From remote kernel:"
"\"boundary condition test\" -> {30, 0, 0.}\n"
"From remote kernel:"
"\"block\" -> {29}\n"
"From remote kernel:"
"\"boundary condition test\" -> {29, 0, 0.}\n"
"From remote kernel:"
"\"block\" -> {28}\n"
"From remote kernel:"
"\"boundary condition test\" -> {28, 0, 0.}\n"
"From remote kernel:"
"\"block\" -> {27}\n"
"From remote kernel:"
"\"boundary condition test\" -> {27, 0, 0.}\n"
"From remote kernel:"
"\"block\" -> {26}\n"
"From remote kernel:"
"\"boundary condition test\" -> {26, 0, 0.}\n"
"From remote kernel:"
"\"block\" -> {25}\n"
"From remote kernel:"
"\"boundary condition test\" -> {25, 0, 0.}\n"
"From remote kernel:"
"\"block\" -> {23}\n"
"From remote kernel:"
"\"boundary condition test\" -> {23, 0, 0.}\n"
"From remote kernel:"
"\"block\" -> {21}\n"
"From remote kernel:"
"\"boundary condition test\" -> {21, 0, 0.}\n"
"From remote kernel:"
"\"block\" -> {4}\n"
"From remote kernel:"
"\"boundary condition test\" -> {4, 0, 0.}\n"
"From remote kernel:"
"\"AMFlow: Infinity solved in 11s.\"\n"
"From remote kernel:"
"\"AMFlow: running among regular points...\"\n"
"From remote kernel:"
"\"current regular point\" -> 0. - 6.024120603015075*I\n"
"From remote kernel:"
"\"current regular point\" -> 0. - 3.0120603015075376*I\n"
"From remote kernel:"
"\"current regular point\" -> 0. - 1.5060301507537688*I\n"
"From remote kernel:"
"\"current regular point\" -> 0. - 0.7530150753768844*I\n"
"From remote kernel:"
"\"AMFlow: regular running finished in 3s.\"\n"
"From remote kernel:"
"\"AMFlow: solving near the last point...\"\n"
"From remote kernel:"
"\"NormalizeMat finished in 0s.\"\n"
"From remote kernel:"
"\"LearnXOrder is negative. skip learning phase.\"\n"
"From remote kernel:"
"\"block\" -> {10, 11}\n"
"From remote kernel:"
"\"behavior\" -> {{0, 0}, {999/1000, 0}}\n"
"From remote kernel:"
"\"number of constraints and variables\" -> {4, 4}\n"
"From remote kernel:"
"\"block\" -> {9}\n"
"From remote kernel:"
"\"behavior\" -> {{0, 1}, {999/1000, 0}}\n"
"From remote kernel:"
"\"number of constraints and variables\" -> {1, 1}\n"
"From remote kernel:"
"\"block\" -> {3}\n"
"From remote kernel:"
"\"behavior\" -> {{999/1000, 0}}\n"
"From remote kernel:"
"\"number of constraints and variables\" -> {1, 1}\n"
"From remote kernel:"
"\"block\" -> {1}\n"
"From remote kernel:"
"\"behavior\" -> {{997/1000, 0}}\n"
"From remote kernel:"
"\"number of constraints and variables\" -> {1, 1}\n"
"From remote kernel:"
"\"block\" -> {18, 19, 20}\n"
"From remote kernel:"
"\"behavior\" -> {{0, 0}, {499/500, 0}, {999/1000, 0}, {997/1000, 0}}\n"
"From remote kernel:"
"\"number of constraints and variables\" -> {6, 6}\n"
"From remote kernel:"
"\"block\" -> {13}\n"
"From remote kernel:"
"\"behavior\" -> {{499/500, 0}, {0, 1}, {999/1000, 0}}\n"
"From remote kernel:"
"\"number of constraints and variables\" -> {1, 1}\n"
"From remote kernel:"
"\"block\" -> {24}\n"
"From remote kernel:"
"\"behavior\" -> {{0, 0}}\n"
"From remote kernel:"
"\"number of constraints and variables\" -> {1, 1}\n"
"From remote kernel:"
"\"block\" -> {6}\n"
"From remote kernel:"
"\"behavior\" -> {{0, 0}}\n"
"From remote kernel:"
"\"number of constraints and variables\" -> {1, 1}\n"
"From remote kernel:"
"\"block\" -> {5}\n"
"From remote kernel:"
"\"behavior\" -> {{0, 0}}\n"
"From remote kernel:"
"\"number of constraints and variables\" -> {1, 1}\n"
"From remote kernel:"
"\"block\" -> {32, 33}\n"
"From remote kernel:"
"\"behavior\" -> {{499/500, 1}, {999/1000, 1}, {0, 1}}\n"
"From remote kernel:"
"\"number of constraints and variables\" -> {4, 4}\n"
"From remote kernel:"
"\"block\" -> {36, 37}\n"
"From remote kernel:"
"\"behavior\" -> {{997/1000, 1}, {999/1000, 1}, {0, 0}, {499/500, 0}}\n"
"From remote kernel:"
"\"number of constraints and variables\" -> {4, 4}\n"
"From remote kernel:"
"\"block\" -> {8}\n"
"From remote kernel:"
"\"behavior\" -> {{999/1000, 1}, {0, 1}}\n"
"From remote kernel:"
"\"number of constraints and variables\" -> {1, 1}\n"
"From remote kernel:"
"\"block\" -> {14, 15}\n"
"From remote kernel:"
"\"behavior\" -> {{499/500, 0}, {999/1000, 0}, {0, 0}}\n"
"From remote kernel:"
"\"number of constraints and variables\" -> {4, 4}\n"
"From remote kernel:"
"\"block\" -> {39}\n"
"From remote kernel:"
"\"behavior\" -> {{0, 0}}\n"
"From remote kernel:"
"\"number of constraints and variables\" -> {1, 1}\n"
"From remote kernel:"
"\"block\" -> {22}\n"
"From remote kernel:"
"\"behavior\" -> {{0, 0}}\n"
"From remote kernel:"
"\"number of constraints and variables\" -> {1, 1}\n"
"From remote kernel:"
"\"block\" -> {40, 41}\n"
"From remote kernel:"
"\"behavior\" -> {{997/1000, 2}, {499/500, 2}, {0, 1}, {999/1000, 1}}\n"
"From remote kernel:"
"\"number of constraints and variables\" -> {4, 4}\n"
"From remote kernel:"
"\"block\" -> {31}\n"
"From remote kernel:"
"\"behavior\" -> {{999/1000, 2}, {0, 1}, {499/500, 1}}\n"
"From remote kernel:"
"\"number of constraints and variables\" -> {1, 1}\n"
"From remote kernel:"
"\"block\" -> {34}\n"
"From remote kernel:"
"\"behavior\" -> {{0, 1}, {999/1000, 1}, {997/1000, 1}, {499/500, 0}}\n"
"From remote kernel:"
"\"number of constraints and variables\" -> {1, 1}\n"
"From remote kernel:"
"\"block\" -> {35}\n"
"From remote kernel:"
"\"behavior\" -> {{999/1000, 2}, {997/1000, 1}, {0, 0}, {499/500, 0}}\n"
"From remote kernel:"
"\"number of constraints and variables\" -> {1, 1}\n"
"From remote kernel:"
"\"block\" -> {17}\n"
"From remote kernel:"
"\"behavior\" -> {{0, 1}, {999/1000, 0}, {997/1000, 0}, {499/500, 0}}\n"
"From remote kernel:"
"\"number of constraints and variables\" -> {1, 1}\n"
"From remote kernel:"
"\"block\" -> {7}\n"
"From remote kernel:"
"\"behavior\" -> {{0, 2}, {999/1000, 1}}\n"
"From remote kernel:"
"\"number of constraints and variables\" -> {1, 1}\n"
"From remote kernel:"
"\"block\" -> {16}\n"
"From remote kernel:"
"\"behavior\" -> {{999/1000, 1}, {0, 0}, {499/500, 0}}\n"
"From remote kernel:"
"\"number of constraints and variables\" -> {1, 1}\n"
"From remote kernel:"
"\"block\" -> {38}\n"
"From remote kernel:"
"\"behavior\" -> {{0, 0}}\n"
"From remote kernel:"
"\"number of constraints and variables\" -> {1, 1}\n"
"From remote kernel:"
"\"block\" -> {30}\n"
"From remote kernel:"
"\"behavior\" -> {{0, 0}}\n"
"From remote kernel:"
"\"number of constraints and variables\" -> {1, 1}\n"
"From remote kernel:"
"\"block\" -> {29}\n"
"From remote kernel:"
"\"behavior\" -> {{0, 0}}\n"
"From remote kernel:"
"\"number of constraints and variables\" -> {1, 1}\n"
"From remote kernel:"
"\"block\" -> {28}\n"
"From remote kernel:"
"\"behavior\" -> {{0, 0}}\n"
"From remote kernel:"
"\"number of constraints and variables\" -> {1, 1}\n"
"From remote kernel:"
"\"block\" -> {27}\n"
"From remote kernel:"
"\"behavior\" -> {{0, 0}}\n"
"From remote kernel:"
"\"number of constraints and variables\" -> {1, 1}\n"
"From remote kernel:"
"\"block\" -> {26}\n"
"From remote kernel:"
"\"behavior\" -> {{0, 0}}\n"
"From remote kernel:"
"\"number of constraints and variables\" -> {1, 1}\n"
"From remote kernel:"
"\"block\" -> {25}\n"
"From remote kernel:"
"\"behavior\" -> {{0, 0}}\n"
"From remote kernel:"
"\"number of constraints and variables\" -> {1, 1}\n"
"From remote kernel:"
"\"block\" -> {23}\n"
"From remote kernel:"
"\"behavior\" -> {{0, 0}}\n"
"From remote kernel:"
"\"number of constraints and variables\" -> {1, 1}\n"
"From remote kernel:"
"\"block\" -> {21}\n"
"From remote kernel:"
"\"behavior\" -> {{0, 0}}\n"
"From remote kernel:"
"\"number of constraints and variables\" -> {1, 1}\n"
"From remote kernel:"
"\"block\" -> {12}\n"
"From remote kernel:"
"\"behavior\" -> {{499/500, 0}}\n"
"From remote kernel:"
"\"number of constraints and variables\" -> {1, 1}\n"
"From remote kernel:"
"\"block\" -> {4}\n"
"From remote kernel:"
"\"behavior\" -> {{0, 0}}\n"
"From remote kernel:"
"\"number of constraints and variables\" -> {1, 1}\n"
"From remote kernel:"
"\"block\" -> {2}\n"
"From remote kernel:"
"\"behavior\" -> {{999/1000, 0}}\n"
"From remote kernel:"
"\"number of constraints and variables\" -> {1, 1}\n"
"From remote kernel:"
"\"AMFlow: last point solved in 5s.\"\n"
"From remote kernel:"
"\"dropped terms when pickzero\" -> {0.}\n"
"From remote kernel:"
"\"dropped terms when pickzero\" -> {0.}\n"
"From remote kernel:"
"\"dropped terms when pickzero\" -> {0.}\n"
"From remote kernel:"
"\"dropped terms when pickzero\" -> {0.}\n"
"From remote kernel:"
"\"dropped terms when pickzero\" -> {0., 0.}\n"
"From remote kernel:"
"\"dropped terms when pickzero\" -> {0.}\n"
"From remote kernel:"
"\"dropped terms when pickzero\" -> {0.}\n"
"From remote kernel:"
"\"dropped terms when pickzero\" -> {0.}\n"
"From remote kernel:"
"\"dropped terms when pickzero\" -> {0.}\n"
"From remote kernel:"
"\"dropped terms when pickzero\" -> {0., 0.}\n"
"From remote kernel:"
"\"dropped terms when pickzero\" -> {0.}\n"
"From remote kernel:"
"\"dropped terms when pickzero\" -> {0.}\n"
"From remote kernel:"
"\"dropped terms when pickzero\" -> {0., 0.}\n"
"From remote kernel:"
"\"dropped terms when pickzero\" -> {0.}\n"
"From remote kernel:"
"\"dropped terms when pickzero\" -> {0.}\n"
"From remote kernel:"
"\"dropped terms when pickzero\" -> {0.}\n"
"From remote kernel:"
"\"dropped terms when pickzero\" -> {0., 0.}\n"
"From remote kernel:"
"\"system cleared: DESolver`$InternalSystem\"\n"
"From remote kernel:"
"\"AMFlow: finished in 20s.\"\n"
