"From remote kernel:"
"DESolver`SetGlobalOptions -> {\"WorkingPre\" -> 100, \"ChopPre\" -> 20, \"SilentMode\" -> False, \"RationalizePre\" -> 100}\n"
"From remote kernel:"
"DESolver`SetExpansionOptions -> {\"XOrder\" -> 100, \"ExtraXOrder\" -> 20, \"LearnXOrder\" -> -1, \"TestXOrder\" -> 5}\n"
"From remote kernel:"
"DESolver`SetRunningOptions -> {\"RunRadius\" -> 2, \"RunLength\" -> 1000, \"RunCandidate\" -> 10, \"RunDirection\" -> \"NegIm\"}\n"
"From remote kernel:"
"DESolver`SetGlobalOptions -> {\"WorkingPre\" -> 120, \"ChopPre\" -> 20, \"SilentMode\" -> False, \"RationalizePre\" -> 100}\n"
"From remote kernel:"
"DESolver`SetExpansionOptions -> {\"XOrder\" -> 240, \"ExtraXOrder\" -> 280, \"LearnXOrder\" -> -1, \"TestXOrder\" -> 5}\n"
"From remote kernel:"
"DESolver`SetRunningOptions -> {\"RunRadius\" -> 2, \"RunLength\" -> 1000, \"RunCandidate\" -> 10, \"RunDirection\" -> \"NegIm\"}\n"
"From remote kernel:"
"\"AMFlow: start.\"\n"
"From remote kernel:"
"\"system loaded: DESolver`$InternalSystem\\nDE[DESolver`$InternalSystem] -- differential equation in matrix form\\nBC[DESolver`$InternalSystem] -- boundary conditions either in singular form or in regular form\\nP[DESolver`$InternalSystem] -- boundary point\\nAsyExp[DESolver`$InternalSystem] -- asymptotic expansion near a singular point (currently it is Null)\\nintegrals: 25, blocks: 19, density: 0.17, degrees: {11, 13}\"\n"
"From remote kernel:"
"\"AMFlow: integrals will be evaluated at 8 regular points\" -> {0. - 25.667934540277066*I, 0. - 12.833967270138533*I, 0. - 6.416983635069267*I, 0. - 3.208491817534633*I, 0. - 1.6042459087673167*I, 0. - 0.8021229543836582*I, 0. - 0.4010614771918291*I, 0. - 0.2375310947197774*I}\n"
"From remote kernel:"
"\"AMFlow: integration contour generated in 0s.\"\n"
"From remote kernel:"
"\"AMFlow: solving near eta = Infinity...\"\n"
"From remote kernel:"
"\"CalcTaylor: current region\" -> 1/1000\n"
"From remote kernel:"
"\"block\" -> {1}\n"
"From remote kernel:"
"\"boundary condition inserted\" -> {1, 0, 1.0008485733053779*^6}\n"
"From remote kernel:"
"\"block\" -> {6, 7}\n"
"From remote kernel:"
"\"boundary condition test\" -> {7, 0, 0.}\n"
"From remote kernel:"
"\"boundary condition test\" -> {6, 0, 0.}\n"
"From remote kernel:"
"\"block\" -> {3}\n"
"From remote kernel:"
"\"boundary condition test\" -> {3, 0, 1.0008485733053779*^6}\n"
"From remote kernel:"
"\"block\" -> {2}\n"
"From remote kernel:"
"\"boundary condition test\" -> {2, 0, 1.0008485733053779*^6}\n"
"From remote kernel:"
"\"block\" -> {11}\n"
"From remote kernel:"
"\"boundary condition test\" -> {11, 0, 0.}\n"
"From remote kernel:"
"\"block\" -> {9}\n"
"From remote kernel:"
"\"boundary condition test\" -> {9, 0, 0.}\n"
"From remote kernel:"
"\"block\" -> {4}\n"
"From remote kernel:"
"\"boundary condition inserted\" -> {4, 0, 999697.8894698338}\n"
"From remote kernel:"
"\"block\" -> {16, 17}\n"
"From remote kernel:"
"\"boundary condition test\" -> {17, 0, 0.}\n"
"From remote kernel:"
"\"boundary condition test\" -> {16, 0, 0.}\n"
"From remote kernel:"
"\"block\" -> {12}\n"
"From remote kernel:"
"\"boundary condition test\" -> {12, 0, 1.0008485733053779*^6}\n"
"From remote kernel:"
"\"block\" -> {14}\n"
"From remote kernel:"
"\"boundary condition test\" -> {14, 0, 999697.8894698338}\n"
"From remote kernel:"
"\"block\" -> {13}\n"
"From remote kernel:"
"\"boundary condition test\" -> {13, 0, 999697.8894698338}\n"
"From remote kernel:"
"\"block\" -> {20}\n"
"From remote kernel:"
"\"boundary condition test\" -> {20, 0, 0.}\n"
"From remote kernel:"
"\"block\" -> {19}\n"
"From remote kernel:"
"\"boundary condition test\" -> {19, 0, 0.}\n"
"From remote kernel:"
"\"block\" -> {21, 22, 23, 24, 25}\n"
"From remote kernel:"
"\"boundary condition test\" -> {25, 0, 999697.8894698338}\n"
"From remote kernel:"
"\"boundary condition test\" -> {24, 0, 999697.8894698338}\n"
"From remote kernel:"
"\"boundary condition test\" -> {23, 0, -358.2051735297333}\n"
"From remote kernel:"
"\"boundary condition test\" -> {22, 0, -1.0006975873593036*^6}\n"
"From remote kernel:"
"\"boundary condition test\" -> {21, 0, 999697.8894698338}\n"
"From remote kernel:"
"\"block\" -> {15}\n"
"From remote kernel:"
"\"boundary condition test\" -> {15, 0, 0.}\n"
"From remote kernel:"
"\"block\" -> {5}\n"
"From remote kernel:"
"\"boundary condition test\" -> {5, 0, 0.}\n"
"From remote kernel:"
"\"block\" -> {18}\n"
"From remote kernel:"
"\"boundary condition test\" -> {18, 0, 0.}\n"
"From remote kernel:"
"\"block\" -> {10}\n"
"From remote kernel:"
"\"boundary condition test\" -> {10, 0, 0.}\n"
"From remote kernel:"
"\"block\" -> {8}\n"
"From remote kernel:"
"\"boundary condition test\" -> {8, 0, 0.}\n"
"From remote kernel:"
"\"CalcTaylor: current region\" -> 0\n"
"From remote kernel:"
"\"block\" -> {1}\n"
"From remote kernel:"
"\"boundary condition test\" -> {1, 0, 0.}\n"
"From remote kernel:"
"\"block\" -> {6, 7}\n"
"From remote kernel:"
"\"boundary condition test\" -> {7, 0, 0.}\n"
"From remote kernel:"
"\"boundary condition test\" -> {6, 0, 0.}\n"
"From remote kernel:"
"\"block\" -> {3}\n"
"From remote kernel:"
"\"boundary condition test\" -> {3, 0, 0.}\n"
"From remote kernel:"
"\"block\" -> {2}\n"
"From remote kernel:"
"\"boundary condition test\" -> {2, 0, 0.}\n"
"From remote kernel:"
"\"block\" -> {11}\n"
"From remote kernel:"
"\"boundary condition inserted\" -> {11, 0, -499305.38531394006 - 3137.269545721269*I}\n"
"From remote kernel:"
"\"block\" -> {9}\n"
"From remote kernel:"
"\"boundary condition inserted\" -> {9, 0, -500930.01947729214}\n"
"From remote kernel:"
"\"block\" -> {4}\n"
"From remote kernel:"
"\"boundary condition test\" -> {4, 0, 0.}\n"
"From remote kernel:"
"\"block\" -> {16, 17}\n"
"From remote kernel:"
"\"boundary condition test\" -> {17, 0, 499305.38531394006 + 3137.269545721269*I}\n"
"From remote kernel:"
"\"boundary condition test\" -> {16, 0, -1252.643959210208 - 7.8706976941395785*I}\n"
"From remote kernel:"
"\"block\" -> {12}\n"
"From remote kernel:"
"\"boundary condition test\" -> {12, 0, -500677.1674539695}\n"
"From remote kernel:"
"\"block\" -> {14}\n"
"From remote kernel:"
"\"boundary condition test\" -> {14, 0, 0.}\n"
"From remote kernel:"
"\"block\" -> {13}\n"
"From remote kernel:"
"\"boundary condition test\" -> {13, 0, 0.}\n"
"From remote kernel:"
"\"block\" -> {20}\n"
"From remote kernel:"
"\"boundary condition inserted\" -> {20, 0, 31.31288607303355 + 968.20781683368*I}\n"
"From remote kernel:"
"\"block\" -> {19}\n"
"From remote kernel:"
"\"boundary condition inserted\" -> {19, 0, -358.3882904476759 - 0.5249277390546763*I}\n"
"From remote kernel:"
"\"block\" -> {21, 22, 23, 24, 25}\n"
"From remote kernel:"
"\"homogeneous id up to\" -> 2610\n"
"From remote kernel:"
"\"dropped eqs\" -> {{2611 -> 0.}, {2611 -> 0.}}\n"
"From remote kernel:"
"\"boundary condition test\" -> {25, 0, 60.061010086903366 + 0.7539299436194389*I}\n"
"From remote kernel:"
"\"boundary condition test\" -> {24, 0, -31.31288607303355 - 968.20781683368*I}\n"
"From remote kernel:"
"\"boundary condition test\" -> {23, 0, 358.3882904476759 + 0.5249277390546763*I}\n"
"From remote kernel:"
"\"boundary condition test\" -> {22, 0, 499777.24445891776 + 1.7062930100009435*I}\n"
"From remote kernel:"
"\"boundary condition test\" -> {21, 0, -499777.24445891776 - 1.7062930100009435*I}\n"
"From remote kernel:"
"\"block\" -> {15}\n"
"From remote kernel:"
"\"boundary condition test\" -> {15, 0, 1252.643959210208 + 7.8706976941395785*I}\n"
"From remote kernel:"
"\"block\" -> {5}\n"
"From remote kernel:"
"\"boundary condition test\" -> {5, 0, 0.}\n"
"From remote kernel:"
"\"block\" -> {18}\n"
"From remote kernel:"
"\"boundary condition inserted\" -> {18, 0, 499777.24445891776 + 1.7062930100009435*I}\n"
"From remote kernel:"
"\"block\" -> {10}\n"
"From remote kernel:"
"\"boundary condition inserted\" -> {10, 0, -1252.643959210208 - 7.8706976941395785*I}\n"
"From remote kernel:"
"\"block\" -> {8}\n"
"From remote kernel:"
"\"boundary condition inserted\" -> {8, 0, 500677.1674539695}\n"
"From remote kernel:"
"\"CalcTaylor: current region\" -> 1/500\n"
"From remote kernel:"
"\"block\" -> {1}\n"
"From remote kernel:"
"\"boundary condition test\" -> {1, 0, 0.}\n"
"From remote kernel:"
"\"block\" -> {6, 7}\n"
"From remote kernel:"
"\"boundary condition inserted\" -> {7, 0, -499925.5058526091}\n"
"From remote kernel:"
"\"boundary condition test\" -> {6, 0, 499925.5058526091}\n"
"From remote kernel:"
"\"block\" -> {3}\n"
"From remote kernel:"
"\"boundary condition inserted\" -> {3, 0, 500927.3605737566}\n"
"From remote kernel:"
"\"block\" -> {2}\n"
"From remote kernel:"
"\"boundary condition inserted\" -> {2, 0, 0.}\n"
"From remote kernel:"
"\"block\" -> {11}\n"
"From remote kernel:"
"\"boundary condition test\" -> {11, 0, 0.}\n"
"From remote kernel:"
"\"block\" -> {9}\n"
"From remote kernel:"
"\"boundary condition test\" -> {9, 0, 0.}\n"
"From remote kernel:"
"\"block\" -> {4}\n"
"From remote kernel:"
"\"boundary condition test\" -> {4, 0, 0.}\n"
"From remote kernel:"
"\"block\" -> {16, 17}\n"
"From remote kernel:"
"\"boundary condition test\" -> {17, 0, -499925.5058526091}\n"
"From remote kernel:"
"\"boundary condition test\" -> {16, 0, -1001.8547211475133}\n"
"From remote kernel:"
"\"block\" -> {12}\n"
"From remote kernel:"
"\"boundary condition test\" -> {12, 0, 500927.3605737566}\n"
"From remote kernel:"
"\"block\" -> {14}\n"
"From remote kernel:"
"\"boundary condition test\" -> {14, 0, -499925.5058526091}\n"
"From remote kernel:"
"\"block\" -> {13}\n"
"From remote kernel:"
"\"boundary condition test\" -> {13, 0, 0.}\n"
"From remote kernel:"
"\"block\" -> {20}\n"
"From remote kernel:"
"\"boundary condition test\" -> {20, 0, 0.}\n"
"From remote kernel:"
"\"block\" -> {19}\n"
"From remote kernel:"
"\"boundary condition test\" -> {19, 0, 0.}\n"
"From remote kernel:"
"\"block\" -> {21, 22, 23, 24, 25}\n"
"From remote kernel:"
"\"homogeneous id up to\" -> 2610\n"
"From remote kernel:"
"\"dropped eqs\" -> {{2611 -> 0.}}\n"
"From remote kernel:"
"\"boundary condition test\" -> {25, 0, -1.002351639085493*^6}\n"
"From remote kernel:"
"\"boundary condition test\" -> {24, 0, -1.0008508627169235*^6}\n"
"From remote kernel:"
"\"boundary condition test\" -> {23, 0, -499.92550585260915}\n"
"From remote kernel:"
"\"boundary condition test\" -> {22, 0, 500925.35686431435}\n"
"From remote kernel:"
"\"boundary condition test\" -> {21, 0, -499925.5058526091}\n"
"From remote kernel:"
"\"block\" -> {15}\n"
"From remote kernel:"
"\"boundary condition test\" -> {15, 0, 500927.3605737566}\n"
"From remote kernel:"
"\"block\" -> {5}\n"
"From remote kernel:"
"\"boundary condition test\" -> {5, 0, 500927.3605737566}\n"
"From remote kernel:"
"\"block\" -> {18}\n"
"From remote kernel:"
"\"boundary condition test\" -> {18, 0, 0.}\n"
"From remote kernel:"
"\"block\" -> {10}\n"
"From remote kernel:"
"\"boundary condition test\" -> {10, 0, 0.}\n"
"From remote kernel:"
"\"block\" -> {8}\n"
"From remote kernel:"
"\"boundary condition test\" -> {8, 0, 0.}\n"
"From remote kernel:"
"\"AMFlow: Infinity solved in 12s.\"\n"
"From remote kernel:"
"\"AMFlow: running among regular points...\"\n"
"From remote kernel:"
"\"current regular point\" -> 0. - 25.667934540277066*I\n"
"From remote kernel:"
"\"current regular point\" -> 0. - 12.833967270138533*I\n"
"From remote kernel:"
"\"current regular point\" -> 0. - 6.416983635069267*I\n"
"From remote kernel:"
"\"current regular point\" -> 0. - 3.2084918175346333*I\n"
"From remote kernel:"
"\"current regular point\" -> 0. - 1.6042459087673167*I\n"
"From remote kernel:"
"\"current regular point\" -> 0. - 0.8021229543836583*I\n"
"From remote kernel:"
"\"current regular point\" -> 0. - 0.40106147719182916*I\n"
"From remote kernel:"
"\"AMFlow: regular running finished in 4s.\"\n"
"From remote kernel:"
"\"AMFlow: solving near the last point...\"\n"
"From remote kernel:"
"\"NormalizeMat finished in 0s.\"\n"
"From remote kernel:"
"\"LearnXOrder is negative. skip learning phase.\"\n"
"From remote kernel:"
"\"block\" -> {1}\n"
"From remote kernel:"
"\"behavior\" -> {{0, 0}}\n"
"From remote kernel:"
"\"number of constraints and variables\" -> {1, 1}\n"
"From remote kernel:"
"\"block\" -> {6, 7}\n"
"From remote kernel:"
"\"behavior\" -> {{0, 0}}\n"
"From remote kernel:"
"\"number of constraints and variables\" -> {2, 2}\n"
"From remote kernel:"
"\"block\" -> {3}\n"
"From remote kernel:"
"\"behavior\" -> {{499/500, 0}, {0, 0}}\n"
"From remote kernel:"
"\"number of constraints and variables\" -> {1, 1}\n"
"From remote kernel:"
"\"block\" -> {2}\n"
"From remote kernel:"
"\"behavior\" -> {{499/500, 0}, {0, 0}}\n"
"From remote kernel:"
"\"number of constraints and variables\" -> {1, 1}\n"
"From remote kernel:"
"\"block\" -> {11}\n"
"From remote kernel:"
"\"behavior\" -> {{0, 0}}\n"
"From remote kernel:"
"\"number of constraints and variables\" -> {1, 1}\n"
"From remote kernel:"
"\"block\" -> {9}\n"
"From remote kernel:"
"\"behavior\" -> {{0, 0}}\n"
"From remote kernel:"
"\"number of constraints and variables\" -> {1, 1}\n"
"From remote kernel:"
"\"block\" -> {4}\n"
"From remote kernel:"
"\"behavior\" -> {{0, 0}}\n"
"From remote kernel:"
"\"number of constraints and variables\" -> {1, 1}\n"
"From remote kernel:"
"\"block\" -> {16, 17}\n"
"From remote kernel:"
"\"behavior\" -> {{0, 1}, {499/500, 0}}\n"
"From remote kernel:"
"\"number of constraints and variables\" -> {4, 4}\n"
"From remote kernel:"
"\"block\" -> {12}\n"
"From remote kernel:"
"\"behavior\" -> {{249/250, 0}, {0, 0}, {499/500, 0}}\n"
"From remote kernel:"
"\"number of constraints and variables\" -> {1, 1}\n"
"From remote kernel:"
"\"block\" -> {14}\n"
"From remote kernel:"
"\"behavior\" -> {{499/500, 0}, {0, 0}}\n"
"From remote kernel:"
"\"number of constraints and variables\" -> {1, 1}\n"
"From remote kernel:"
"\"block\" -> {13}\n"
"From remote kernel:"
"\"behavior\" -> {{499/500, 0}, {0, 0}}\n"
"From remote kernel:"
"\"number of constraints and variables\" -> {1, 1}\n"
"From remote kernel:"
"\"block\" -> {20}\n"
"From remote kernel:"
"\"behavior\" -> {{0, 0}}\n"
"From remote kernel:"
"\"number of constraints and variables\" -> {1, 1}\n"
"From remote kernel:"
"\"block\" -> {19}\n"
"From remote kernel:"
"\"behavior\" -> {{0, 0}}\n"
"From remote kernel:"
"\"number of constraints and variables\" -> {1, 1}\n"
"From remote kernel:"
"\"block\" -> {21, 22, 23, 24, 25}\n"
"From remote kernel:"
"\"behavior\" -> {{0, 2}, {499/500, 1}, {249/250, 0}}\n"
"From remote kernel:"
"\"number of constraints and variables\" -> {10, 10}\n"
"From remote kernel:"
"\"block\" -> {15}\n"
"From remote kernel:"
"\"behavior\" -> {{0, 2}, {499/500, 0}}\n"
"From remote kernel:"
"\"number of constraints and variables\" -> {1, 1}\n"
"From remote kernel:"
"\"block\" -> {5}\n"
"From remote kernel:"
"\"behavior\" -> {{0, 1}}\n"
"From remote kernel:"
"\"number of constraints and variables\" -> {1, 1}\n"
"From remote kernel:"
"\"block\" -> {18}\n"
"From remote kernel:"
"\"behavior\" -> {{0, 0}}\n"
"From remote kernel:"
"\"number of constraints and variables\" -> {1, 1}\n"
"From remote kernel:"
"\"block\" -> {10}\n"
"From remote kernel:"
"\"behavior\" -> {{0, 0}}\n"
"From remote kernel:"
"\"number of constraints and variables\" -> {1, 1}\n"
"From remote kernel:"
"\"block\" -> {8}\n"
"From remote kernel:"
"\"behavior\" -> {{0, 0}}\n"
"From remote kernel:"
"\"number of constraints and variables\" -> {1, 1}\n"
"From remote kernel:"
"\"AMFlow: last point solved in 4s.\"\n"
"From remote kernel:"
"\"dropped terms when pickzero\" -> {0.}\n"
"From remote kernel:"
"\"dropped terms when pickzero\" -> {0.}\n"
"From remote kernel:"
"\"dropped terms when pickzero\" -> {0.}\n"
"From remote kernel:"
"\"dropped terms when pickzero\" -> {0., 0.}\n"
"From remote kernel:"
"\"dropped terms when pickzero\" -> {0., 0., 0., 0.}\n"
"From remote kernel:"
"\"system cleared: DESolver`$InternalSystem\"\n"
"From remote kernel:"
"\"AMFlow: finished in 22s.\"\n"
