"From remote kernel:"
"DESolver`SetGlobalOptions -> {\"WorkingPre\" -> 100, \"ChopPre\" -> 20, \"SilentMode\" -> False, \"RationalizePre\" -> 100}\n"
"From remote kernel:"
"DESolver`SetExpansionOptions -> {\"XOrder\" -> 100, \"ExtraXOrder\" -> 20, \"LearnXOrder\" -> -1, \"TestXOrder\" -> 5}\n"
"From remote kernel:"
"DESolver`SetRunningOptions -> {\"RunRadius\" -> 2, \"RunLength\" -> 1000, \"RunCandidate\" -> 10, \"RunDirection\" -> \"NegIm\"}\n"
"From remote kernel:"
"DESolver`SetGlobalOptions -> {\"WorkingPre\" -> 120, \"ChopPre\" -> 20, \"SilentMode\" -> False, \"RationalizePre\" -> 100}\n"
"From remote kernel:"
"DESolver`SetExpansionOptions -> {\"XOrder\" -> 240, \"ExtraXOrder\" -> 280, \"LearnXOrder\" -> -1, \"TestXOrder\" -> 5}\n"
"From remote kernel:"
"DESolver`SetRunningOptions -> {\"RunRadius\" -> 2, \"RunLength\" -> 1000, \"RunCandidate\" -> 10, \"RunDirection\" -> \"NegIm\"}\n"
"From remote kernel:"
"\"AMFlow: start.\"\n"
"From remote kernel:"
"\"system loaded: DESolver`$InternalSystem\\nDE[DESolver`$InternalSystem] -- differential equation in matrix form\\nBC[DESolver`$InternalSystem] -- boundary conditions either in singular form or in regular form\\nP[DESolver`$InternalSystem] -- boundary point\\nAsyExp[DESolver`$InternalSystem] -- asymptotic expansion near a singular point (currently it is Null)\\nintegrals: 75, blocks: 55, density: 0.1, degrees: {24, 29}\"\n"
"From remote kernel:"
"\"AMFlow: integrals will be evaluated at 12 regular points\" -> {-10.144056673176781 - 25.360141682941954*I, -5.94064912516864 - 14.851622812921597*I, -3.649883247745538 - 9.124708119363843*I, -2.1674608815062975 - 5.418652203765744*I, -1.217708456224669 - 3.0442711405616727*I, -0.6764556111419604 - 1.6911390278549012*I, -0.4028561065109388 - 1.007140266277347*I, -0.2602184257615725 - 0.6505460644039311*I, -0.17794107740317902 - 0.44485269350794754*I, -0.11823400027614187 - 0.29558500069035465*I, -0.060345838304838494 - 0.15086459576209624*I, -0.03186028309226536 - 0.0796507077306634*I}\n"
"From remote kernel:"
"\"AMFlow: integration contour generated in 2s.\"\n"
"From remote kernel:"
"\"AMFlow: solving near eta = Infinity...\"\n"
"From remote kernel:"
"\"CalcTaylor: current region\" -> 1/1000\n"
"From remote kernel:"
"\"block\" -> {2}\n"
"From remote kernel:"
"\"boundary condition test\" -> {2, 0, 0.}\n"
"From remote kernel:"
"\"block\" -> {1}\n"
"From remote kernel:"
"\"boundary condition inserted\" -> {1, 0, 1.0008485733053779*^6}\n"
"From remote kernel:"
"\"block\" -> {7, 8, 9}\n"
"From remote kernel:"
"\"boundary condition test\" -> {9, 0, 1.0008485733053779*^6}\n"
"From remote kernel:"
"\"boundary condition test\" -> {8, 0, -1000.8485733053778}\n"
"From remote kernel:"
"\"boundary condition test\" -> {7, 0, 999847.7247320726}\n"
"From remote kernel:"
"\"block\" -> {3}\n"
"From remote kernel:"
"\"boundary condition test\" -> {3, 0, 1.0008485733053779*^6}\n"
"From remote kernel:"
"\"block\" -> {16, 17}\n"
"From remote kernel:"
"\"boundary condition test\" -> {17, 0, 0.}\n"
"From remote kernel:"
"\"boundary condition test\" -> {16, 0, 0.}\n"
"From remote kernel:"
"\"block\" -> {4}\n"
"From remote kernel:"
"\"boundary condition test\" -> {4, 0, 1.0008485733053779*^6}\n"
"From remote kernel:"
"\"block\" -> {22}\n"
"From remote kernel:"
"\"boundary condition test\" -> {22, 0, 0.}\n"
"From remote kernel:"
"\"block\" -> {20}\n"
"From remote kernel:"
"\"boundary condition test\" -> {20, 0, 0.}\n"
"From remote kernel:"
"\"block\" -> {19}\n"
"From remote kernel:"
"\"boundary condition test\" -> {19, 0, 0.}\n"
"From remote kernel:"
"\"block\" -> {14}\n"
"From remote kernel:"
"\"boundary condition test\" -> {14, 0, 0.}\n"
"From remote kernel:"
"\"block\" -> {12}\n"
"From remote kernel:"
"\"boundary condition test\" -> {12, 0, 0.}\n"
"From remote kernel:"
"\"block\" -> {11}\n"
"From remote kernel:"
"\"boundary condition test\" -> {11, 0, 0.}\n"
"From remote kernel:"
"\"block\" -> {5}\n"
"From remote kernel:"
"\"boundary condition test\" -> {5, 0, 0.}\n"
"From remote kernel:"
"\"block\" -> {29, 30, 31}\n"
"From remote kernel:"
"\"boundary condition test\" -> {31, 0, 1.0008485733053779*^6}\n"
"From remote kernel:"
"\"boundary condition test\" -> {30, 0, 1.0008485733053779*^6}\n"
"From remote kernel:"
"\"boundary condition test\" -> {29, 0, 999847.7247320726}\n"
"From remote kernel:"
"\"block\" -> {23}\n"
"From remote kernel:"
"\"boundary condition test\" -> {23, 0, 1.0008485733053779*^6}\n"
"From remote kernel:"
"\"block\" -> {26, 27}\n"
"From remote kernel:"
"\"boundary condition test\" -> {27, 0, 1.001851427587247*^6}\n"
"From remote kernel:"
"\"boundary condition test\" -> {26, 0, 499923.8623660363}\n"
"From remote kernel:"
"\"block\" -> {42, 43}\n"
"From remote kernel:"
"\"boundary condition test\" -> {43, 0, 0.}\n"
"From remote kernel:"
"\"boundary condition test\" -> {42, 0, 0.}\n"
"From remote kernel:"
"\"block\" -> {24}\n"
"From remote kernel:"
"\"boundary condition test\" -> {24, 0, 1.0008485733053779*^6}\n"
"From remote kernel:"
"\"block\" -> {45, 46}\n"
"From remote kernel:"
"\"boundary condition test\" -> {46, 0, 0.}\n"
"From remote kernel:"
"\"boundary condition test\" -> {45, 0, 0.}\n"
"From remote kernel:"
"\"block\" -> {49}\n"
"From remote kernel:"
"\"boundary condition test\" -> {49, 0, 0.}\n"
"From remote kernel:"
"\"block\" -> {48}\n"
"From remote kernel:"
"\"boundary condition test\" -> {48, 0, 0.}\n"
"From remote kernel:"
"\"block\" -> {40}\n"
"From remote kernel:"
"\"boundary condition test\" -> {40, 0, 0.}\n"
"From remote kernel:"
"\"block\" -> {38}\n"
"From remote kernel:"
"\"boundary condition test\" -> {38, 0, 0.}\n"
"From remote kernel:"
"\"block\" -> {37}\n"
"From remote kernel:"
"\"boundary condition test\" -> {37, 0, 0.}\n"
"From remote kernel:"
"\"block\" -> {36}\n"
"From remote kernel:"
"\"boundary condition test\" -> {36, 0, 0.}\n"
"From remote kernel:"
"\"block\" -> {34}\n"
"From remote kernel:"
"\"boundary condition test\" -> {34, 0, 0.}\n"
"From remote kernel:"
"\"block\" -> {33}\n"
"From remote kernel:"
"\"boundary condition test\" -> {33, 0, 0.}\n"
"From remote kernel:"
"\"block\" -> {51, 52, 53, 54}\n"
"From remote kernel:"
"\"boundary condition test\" -> {54, 0, 1.001851427587247*^6}\n"
"From remote kernel:"
"\"boundary condition test\" -> {53, 0, -498926.01034534554}\n"
"From remote kernel:"
"\"boundary condition test\" -> {52, 0, 1.001851427587247*^6}\n"
"From remote kernel:"
"\"boundary condition test\" -> {51, 0, 1.001851427587247*^6}\n"
"From remote kernel:"
"\"block\" -> {59, 60, 61, 62, 63, 64}\n"
"From remote kernel:"
"\"boundary condition test\" -> {64, 0, 1.001851427587247*^6}\n"
"From remote kernel:"
"\"boundary condition test\" -> {63, 0, 1.001851427587247*^6}\n"
"From remote kernel:"
"\"boundary condition test\" -> {62, 0, 1.001851427587247*^6}\n"
"From remote kernel:"
"\"boundary condition test\" -> {61, 0, -498926.01034534554}\n"
"From remote kernel:"
"\"boundary condition test\" -> {60, 0, -1.0028532790148342*^6}\n"
"From remote kernel:"
"\"boundary condition test\" -> {59, 0, 499923.8623660363}\n"
"From remote kernel:"
"\"block\" -> {50}\n"
"From remote kernel:"
"\"boundary condition test\" -> {50, 0, 1.0008485733053779*^6}\n"
"From remote kernel:"
"\"block\" -> {56, 57}\n"
"From remote kernel:"
"\"boundary condition test\" -> {57, 0, 0.}\n"
"From remote kernel:"
"\"boundary condition test\" -> {56, 0, 0.}\n"
"From remote kernel:"
"\"block\" -> {71}\n"
"From remote kernel:"
"\"boundary condition test\" -> {71, 0, 0.}\n"
"From remote kernel:"
"\"block\" -> {70}\n"
"From remote kernel:"
"\"boundary condition test\" -> {70, 0, 0.}\n"
"From remote kernel:"
"\"block\" -> {69}\n"
"From remote kernel:"
"\"boundary condition test\" -> {69, 0, 0.}\n"
"From remote kernel:"
"\"block\" -> {68}\n"
"From remote kernel:"
"\"boundary condition test\" -> {68, 0, 0.}\n"
"From remote kernel:"
"\"block\" -> {67}\n"
"From remote kernel:"
"\"boundary condition test\" -> {67, 0, 0.}\n"
"From remote kernel:"
"\"block\" -> {66}\n"
"From remote kernel:"
"\"boundary condition test\" -> {66, 0, 0.}\n"
"From remote kernel:"
"\"block\" -> {72, 73, 74, 75}\n"
"From remote kernel:"
"\"boundary condition test\" -> {75, 0, 1.001851427587247*^6}\n"
"From remote kernel:"
"\"boundary condition test\" -> {74, 0, 1.001851427587247*^6}\n"
"From remote kernel:"
"\"boundary condition test\" -> {73, 0, 1.001851427587247*^6}\n"
"From remote kernel:"
"\"boundary condition test\" -> {72, 0, 1.001851427587247*^6}\n"
"From remote kernel:"
"\"block\" -> {58}\n"
"From remote kernel:"
"\"boundary condition test\" -> {58, 0, 1.001851427587247*^6}\n"
"From remote kernel:"
"\"block\" -> {55}\n"
"From remote kernel:"
"\"boundary condition test\" -> {55, 0, 0.}\n"
"From remote kernel:"
"\"block\" -> {28}\n"
"From remote kernel:"
"\"boundary condition test\" -> {28, 0, 1.0008485733053779*^6}\n"
"From remote kernel:"
"\"block\" -> {25}\n"
"From remote kernel:"
"\"boundary condition test\" -> {25, 0, 1.001851427587247*^6}\n"
"From remote kernel:"
"\"block\" -> {41}\n"
"From remote kernel:"
"\"boundary condition test\" -> {41, 0, 0.}\n"
"From remote kernel:"
"\"block\" -> {44}\n"
"From remote kernel:"
"\"boundary condition test\" -> {44, 0, 0.}\n"
"From remote kernel:"
"\"block\" -> {6}\n"
"From remote kernel:"
"\"boundary condition test\" -> {6, 0, 1.0008485733053779*^6}\n"
"From remote kernel:"
"\"block\" -> {15}\n"
"From remote kernel:"
"\"boundary condition test\" -> {15, 0, 0.}\n"
"From remote kernel:"
"\"block\" -> {65}\n"
"From remote kernel:"
"\"boundary condition test\" -> {65, 0, 0.}\n"
"From remote kernel:"
"\"block\" -> {47}\n"
"From remote kernel:"
"\"boundary condition test\" -> {47, 0, 0.}\n"
"From remote kernel:"
"\"block\" -> {39}\n"
"From remote kernel:"
"\"boundary condition test\" -> {39, 0, 0.}\n"
"From remote kernel:"
"\"block\" -> {35}\n"
"From remote kernel:"
"\"boundary condition test\" -> {35, 0, 0.}\n"
"From remote kernel:"
"\"block\" -> {32}\n"
"From remote kernel:"
"\"boundary condition test\" -> {32, 0, 0.}\n"
"From remote kernel:"
"\"block\" -> {21}\n"
"From remote kernel:"
"\"boundary condition test\" -> {21, 0, 0.}\n"
"From remote kernel:"
"\"block\" -> {18}\n"
"From remote kernel:"
"\"boundary condition test\" -> {18, 0, 0.}\n"
"From remote kernel:"
"\"block\" -> {13}\n"
"From remote kernel:"
"\"boundary condition test\" -> {13, 0, 0.}\n"
"From remote kernel:"
"\"block\" -> {10}\n"
"From remote kernel:"
"\"boundary condition test\" -> {10, 0, 0.}\n"
"From remote kernel:"
"\"CalcTaylor: current region\" -> 0\n"
"From remote kernel:"
"\"block\" -> {2}\n"
"From remote kernel:"
"\"boundary condition inserted\" -> {2, 0, 1.0008485733053779*^6}\n"
"From remote kernel:"
"\"block\" -> {1}\n"
"From remote kernel:"
"\"boundary condition test\" -> {1, 0, 0.}\n"
"From remote kernel:"
"\"block\" -> {7, 8, 9}\n"
"From remote kernel:"
"\"boundary condition test\" -> {9, 0, 0.}\n"
"From remote kernel:"
"\"boundary condition test\" -> {8, 0, 0.}\n"
"From remote kernel:"
"\"boundary condition test\" -> {7, 0, 0.}\n"
"From remote kernel:"
"\"block\" -> {3}\n"
"From remote kernel:"
"\"boundary condition test\" -> {3, 0, -1.0008485733053779*^6}\n"
"From remote kernel:"
"\"block\" -> {16, 17}\n"
"From remote kernel:"
"\"boundary condition test\" -> {17, 0, 0.}\n"
"From remote kernel:"
"\"boundary condition test\" -> {16, 0, 0.}\n"
"From remote kernel:"
"\"block\" -> {4}\n"
"From remote kernel:"
"\"boundary condition test\" -> {4, 0, 0.}\n"
"From remote kernel:"
"\"block\" -> {22}\n"
"From remote kernel:"
"\"boundary condition inserted\" -> {22, 0, -500925.0646494039}\n"
"From remote kernel:"
"\"block\" -> {20}\n"
"From remote kernel:"
"\"boundary condition inserted\" -> {20, 0, -498308.43465077865 - 2946.7426611271017*I}\n"
"From remote kernel:"
"\"block\" -> {19}\n"
"From remote kernel:"
"\"boundary condition inserted\" -> {19, 0, 499926.3126834132 + 5.937768594036673*I}\n"
"From remote kernel:"
"\"block\" -> {14}\n"
"From remote kernel:"
"\"boundary condition inserted\" -> {14, 0, -500930.01947729214}\n"
"From remote kernel:"
"\"block\" -> {12}\n"
"From remote kernel:"
"\"boundary condition inserted\" -> {12, 0, -497739.7972054285 - 2925.2688392115065*I}\n"
"From remote kernel:"
"\"block\" -> {11}\n"
"From remote kernel:"
"\"boundary condition inserted\" -> {11, 0, 499925.2272963176 + 7.060184246365372*I}\n"
"From remote kernel:"
"\"block\" -> {5}\n"
"From remote kernel:"
"\"boundary condition inserted\" -> {5, 0, 999234.3159241743 + 2954.2349685975787*I}\n"
"From remote kernel:"
"\"block\" -> {29, 30, 31}\n"
"From remote kernel:"
"\"boundary condition test\" -> {31, 0, 500930.01947729214}\n"
"From remote kernel:"
"\"boundary condition test\" -> {30, 0, 500930.01947729214}\n"
"From remote kernel:"
"\"boundary condition test\" -> {29, 0, -499926.15170278854}\n"
"From remote kernel:"
"\"block\" -> {23}\n"
"From remote kernel:"
"\"boundary condition test\" -> {23, 0, -993860.1308118348 + 29.224346858920683*I}\n"
"From remote kernel:"
"\"block\" -> {26, 27}\n"
"From remote kernel:"
"\"boundary condition test\" -> {27, 0, 0.}\n"
"From remote kernel:"
"\"boundary condition test\" -> {26, 0, 0.}\n"
"From remote kernel:"
"\"block\" -> {42, 43}\n"
"From remote kernel:"
"\"boundary condition test\" -> {43, 0, 498308.43465077865 + 2946.7426611271017*I}\n"
"From remote kernel:"
"\"boundary condition test\" -> {42, 0, -499926.3126834132 - 5.937768594036673*I}\n"
"From remote kernel:"
"\"block\" -> {24}\n"
"From remote kernel:"
"\"boundary condition test\" -> {24, 0, -999234.3159241743 - 2954.2349685975787*I}\n"
"From remote kernel:"
"\"block\" -> {45, 46}\n"
"From remote kernel:"
"\"boundary condition test\" -> {46, 0, 500925.0646494039}\n"
"From remote kernel:"
"\"boundary condition test\" -> {45, 0, 500925.0646494039}\n"
"From remote kernel:"
"\"block\" -> {49}\n"
"From remote kernel:"
"\"boundary condition inserted\" -> {49, 0, -305.8551799742394 + 204.5651933569303*I}\n"
"From remote kernel:"
"\"block\" -> {48}\n"
"From remote kernel:"
"\"boundary condition inserted\" -> {48, 0, 163.54054496275293 - 183.43798229702375*I}\n"
"From remote kernel:"
"\"block\" -> {40}\n"
"From remote kernel:"
"\"boundary condition inserted\" -> {40, 0, 3539.6318970539696}\n"
"From remote kernel:"
"\"block\" -> {38}\n"
"From remote kernel:"
"\"boundary condition inserted\" -> {38, 0, -247.80623364193593 + 144.67334992870622*I}\n"
"From remote kernel:"
"\"block\" -> {37}\n"
"From remote kernel:"
"\"boundary condition inserted\" -> {37, 0, 163.46650781397898 - 183.3790700568898*I}\n"
"From remote kernel:"
"\"block\" -> {36}\n"
"From remote kernel:"
"\"boundary condition inserted\" -> {36, 0, 0.3122552771516601 - 0.6325845005253915*I}\n"
"From remote kernel:"
"\"block\" -> {34}\n"
"From remote kernel:"
"\"boundary condition inserted\" -> {34, 0, -247.49195233498855 + 144.03859722776482*I}\n"
"From remote kernel:"
"\"block\" -> {33}\n"
"From remote kernel:"
"\"boundary condition inserted\" -> {33, 0, 0.28141044092030776 - 1.1315460209710022*I}\n"
"From remote kernel:"
"\"block\" -> {51, 52, 53, 54}\n"
"From remote kernel:"
"\"homogeneous id up to\" -> 2088\n"
"From remote kernel:"
"\"dropped eqs\" -> {{2089 -> 0.}}\n"
"From remote kernel:"
"\"boundary condition test\" -> {54, 0, 247.49195233498855 - 144.03859722776482*I}\n"
"From remote kernel:"
"\"boundary condition test\" -> {53, 0, 498600.78411784454 + 1397.834282187517*I}\n"
"From remote kernel:"
"\"boundary condition test\" -> {52, 0, -0.28141044092030776 + 1.1315460209710022*I}\n"
"From remote kernel:"
"\"boundary condition test\" -> {51, 0, -501926.0007090505 - 11.872979610488322*I}\n"
"From remote kernel:"
"\"block\" -> {59, 60, 61, 62, 63, 64}\n"
"From remote kernel:"
"\"homogeneous id up to\" -> 3132\n"
"From remote kernel:"
"\"dropped eqs\" -> {{3133 -> 0.}, {3133 -> 0.}, {3133 -> 0.}, {3133 -> 0.}, {3133 -> 0.}}\n"
"From remote kernel:"
"\"boundary condition test\" -> {64, 0, -0.7348025210390843}\n"
"From remote kernel:"
"\"boundary condition test\" -> {63, 0, -3539.6318970539696}\n"
"From remote kernel:"
"\"boundary condition test\" -> {62, 0, -3539.6318970539696}\n"
"From remote kernel:"
"\"boundary condition test\" -> {61, 0, 498922.0368463661}\n"
"From remote kernel:"
"\"boundary condition test\" -> {60, 0, 501930.32985425537}\n"
"From remote kernel:"
"\"boundary condition test\" -> {59, 0, -500423.83729580103}\n"
"From remote kernel:"
"\"block\" -> {50}\n"
"From remote kernel:"
"\"boundary condition test\" -> {50, 0, -499306.6500317988 - 2952.0587588841045*I}\n"
"From remote kernel:"
"\"block\" -> {56, 57}\n"
"From remote kernel:"
"\"boundary condition test\" -> {57, 0, 305.8551799742394 - 204.5651933569303*I}\n"
"From remote kernel:"
"\"boundary condition test\" -> {56, 0, -163.54054496275293 + 183.43798229702375*I}\n"
"From remote kernel:"
"\"block\" -> {71}\n"
"From remote kernel:"
"\"boundary condition inserted\" -> {71, 0, 6851.047403446038 + 0.04464997725331571*I}\n"
"From remote kernel:"
"\"block\" -> {70}\n"
"From remote kernel:"
"\"boundary condition inserted\" -> {70, 0, 221.25555537948364 - 0.0024640768182136084*I}\n"
"From remote kernel:"
"\"block\" -> {69}\n"
"From remote kernel:"
"\"boundary condition inserted\" -> {69, 0, 190.62129314324645 + 0.8265511049156604*I}\n"
"From remote kernel:"
"\"block\" -> {68}\n"
"From remote kernel:"
"\"boundary condition inserted\" -> {68, 0, -174.656397900146 + 148.75907839720165*I}\n"
"From remote kernel:"
"\"block\" -> {67}\n"
"From remote kernel:"
"\"boundary condition inserted\" -> {67, 0, 0.02439315504977143 - 0.11064216094493276*I}\n"
"From remote kernel:"
"\"block\" -> {66}\n"
"From remote kernel:"
"\"boundary condition inserted\" -> {66, 0, 153.0471872159505 - 102.75371335500252*I}\n"
"From remote kernel:"
"\"block\" -> {72, 73, 74, 75}\n"
"From remote kernel:"
"\"homogeneous id up to\" -> 2088\n"
"From remote kernel:"
"\"dropped eqs\" -> {{2089 -> 0.}}\n"
"From remote kernel:"
"\"boundary condition test\" -> {75, 0, -221.25555537948364 + 0.0024640768182136084*I}\n"
"From remote kernel:"
"\"boundary condition test\" -> {74, 0, -190.62129314324645 - 0.8265511049156604*I}\n"
"From remote kernel:"
"\"boundary condition test\" -> {73, 0, -0.02439315504977143 + 0.11064216094493276*I}\n"
"From remote kernel:"
"\"boundary condition test\" -> {72, 0, -0.7950865373695684 + 1.0790432010773134*I}\n"
"From remote kernel:"
"\"block\" -> {58}\n"
"From remote kernel:"
"\"boundary condition test\" -> {58, 0, -501930.32985425537}\n"
"From remote kernel:"
"\"block\" -> {55}\n"
"From remote kernel:"
"\"boundary condition test\" -> {55, 0, -499307.19907810795 - 2952.5508105915883*I}\n"
"From remote kernel:"
"\"block\" -> {28}\n"
"From remote kernel:"
"\"homogeneous id up to\" -> 522\n"
"From remote kernel:"
"\"dropped eqs\" -> {{523 -> 0.}}\n"
"From remote kernel:"
"\"boundary condition test\" -> {28, 0, -500677.1674539695}\n"
"From remote kernel:"
"\"block\" -> {25}\n"
"From remote kernel:"
"\"boundary condition test\" -> {25, 0, 0.}\n"
"From remote kernel:"
"\"block\" -> {41}\n"
"From remote kernel:"
"\"boundary condition test\" -> {41, 0, -496676.87160082825 + 17.709980032341313*I}\n"
"From remote kernel:"
"\"block\" -> {44}\n"
"From remote kernel:"
"\"homogeneous id up to\" -> 522\n"
"From remote kernel:"
"\"dropped eqs\" -> {{523 -> 0.}}\n"
"From remote kernel:"
"\"boundary condition test\" -> {44, 0, -251.34147345738242}\n"
"From remote kernel:"
"\"block\" -> {6}\n"
"From remote kernel:"
"\"boundary condition test\" -> {6, 0, 0.}\n"
"From remote kernel:"
"\"block\" -> {15}\n"
"From remote kernel:"
"\"boundary condition test\" -> {15, 0, 0.}\n"
"From remote kernel:"
"\"block\" -> {65}\n"
"From remote kernel:"
"\"boundary condition inserted\" -> {65, 0, 0.7950865373695684 - 1.0790432010773134*I}\n"
"From remote kernel:"
"\"block\" -> {47}\n"
"From remote kernel:"
"\"boundary condition inserted\" -> {47, 0, 499307.19907810795 + 2952.5508105915883*I}\n"
"From remote kernel:"
"\"block\" -> {39}\n"
"From remote kernel:"
"\"boundary condition inserted\" -> {39, 0, 501930.32985425537}\n"
"From remote kernel:"
"\"block\" -> {35}\n"
"From remote kernel:"
"\"boundary condition inserted\" -> {35, 0, 499306.6500317988 + 2952.0587588841045*I}\n"
"From remote kernel:"
"\"block\" -> {32}\n"
"From remote kernel:"
"\"boundary condition inserted\" -> {32, 0, 501926.0007090505 + 11.872979610488322*I}\n"
"From remote kernel:"
"\"block\" -> {21}\n"
"From remote kernel:"
"\"boundary condition inserted\" -> {21, 0, 251.34147345738242}\n"
"From remote kernel:"
"\"block\" -> {18}\n"
"From remote kernel:"
"\"boundary condition inserted\" -> {18, 0, 496676.87160082825 - 17.709980032341313*I}\n"
"From remote kernel:"
"\"block\" -> {13}\n"
"From remote kernel:"
"\"boundary condition inserted\" -> {13, 0, 500677.1674539695}\n"
"From remote kernel:"
"\"block\" -> {10}\n"
"From remote kernel:"
"\"boundary condition inserted\" -> {10, 0, 993860.1308118348 - 29.224346858920683*I}\n"
"From remote kernel:"
"\"CalcTaylor: current region\" -> 1/500\n"
"From remote kernel:"
"\"block\" -> {2}\n"
"From remote kernel:"
"\"boundary condition test\" -> {2, 0, 0.}\n"
"From remote kernel:"
"\"block\" -> {1}\n"
"From remote kernel:"
"\"boundary condition test\" -> {1, 0, 0.}\n"
"From remote kernel:"
"\"block\" -> {7, 8, 9}\n"
"From remote kernel:"
"\"boundary condition inserted\" -> {9, 0, -499925.5058526091}\n"
"From remote kernel:"
"\"boundary condition test\" -> {8, 0, 499925.5058526091}\n"
"From remote kernel:"
"\"boundary condition test\" -> {7, 0, -499925.5058526091}\n"
"From remote kernel:"
"\"block\" -> {3}\n"
"From remote kernel:"
"\"boundary condition inserted\" -> {3, 0, 0.}\n"
"From remote kernel:"
"\"block\" -> {16, 17}\n"
"From remote kernel:"
"\"boundary condition inserted\" -> {17, 0, -499925.5058526091}\n"
"From remote kernel:"
"\"boundary condition test\" -> {16, 0, 499925.5058526091}\n"
"From remote kernel:"
"\"block\" -> {4}\n"
"From remote kernel:"
"\"boundary condition inserted\" -> {4, 0, 0.}\n"
"From remote kernel:"
"\"block\" -> {22}\n"
"From remote kernel:"
"\"boundary condition test\" -> {22, 0, 0.}\n"
"From remote kernel:"
"\"block\" -> {20}\n"
"From remote kernel:"
"\"boundary condition test\" -> {20, 0, 0.}\n"
"From remote kernel:"
"\"block\" -> {19}\n"
"From remote kernel:"
"\"boundary condition test\" -> {19, 0, 0.}\n"
"From remote kernel:"
"\"block\" -> {14}\n"
"From remote kernel:"
"\"boundary condition test\" -> {14, 0, 0.}\n"
"From remote kernel:"
"\"block\" -> {12}\n"
"From remote kernel:"
"\"boundary condition test\" -> {12, 0, 0.}\n"
"From remote kernel:"
"\"block\" -> {11}\n"
"From remote kernel:"
"\"boundary condition test\" -> {11, 0, 0.}\n"
"From remote kernel:"
"\"block\" -> {5}\n"
"From remote kernel:"
"\"boundary condition test\" -> {5, 0, 0.}\n"
"From remote kernel:"
"\"block\" -> {29, 30, 31}\n"
"From remote kernel:"
"\"boundary condition test\" -> {31, 0, 500927.3605737566}\n"
"From remote kernel:"
"\"boundary condition test\" -> {30, 0, -499925.5058526091}\n"
"From remote kernel:"
"\"boundary condition test\" -> {29, 0, -499925.5058526091}\n"
"From remote kernel:"
"\"block\" -> {23}\n"
"From remote kernel:"
"\"boundary condition test\" -> {23, 0, 500927.3605737566}\n"
"From remote kernel:"
"\"block\" -> {26, 27}\n"
"From remote kernel:"
"\"boundary condition test\" -> {27, 0, -1.0008508627169235*^6}\n"
"From remote kernel:"
"\"boundary condition test\" -> {26, 0, -499.92550585260915}\n"
"From remote kernel:"
"\"block\" -> {42, 43}\n"
"From remote kernel:"
"\"boundary condition test\" -> {43, 0, -499925.5058526091}\n"
"From remote kernel:"
"\"boundary condition test\" -> {42, 0, 500927.3605737566}\n"
"From remote kernel:"
"\"block\" -> {24}\n"
"From remote kernel:"
"\"boundary condition inserted\" -> {24, 0, 0.}\n"
"From remote kernel:"
"\"block\" -> {45, 46}\n"
"From remote kernel:"
"\"boundary condition test\" -> {46, 0, 500927.3605737566}\n"
"From remote kernel:"
"\"boundary condition test\" -> {45, 0, -499925.5058526091}\n"
"From remote kernel:"
"\"block\" -> {49}\n"
"From remote kernel:"
"\"boundary condition test\" -> {49, 0, 0.}\n"
"From remote kernel:"
"\"block\" -> {48}\n"
"From remote kernel:"
"\"boundary condition test\" -> {48, 0, 0.}\n"
"From remote kernel:"
"\"block\" -> {40}\n"
"From remote kernel:"
"\"boundary condition test\" -> {40, 0, 0.}\n"
"From remote kernel:"
"\"block\" -> {38}\n"
"From remote kernel:"
"\"boundary condition test\" -> {38, 0, 0.}\n"
"From remote kernel:"
"\"block\" -> {37}\n"
"From remote kernel:"
"\"boundary condition test\" -> {37, 0, 0.}\n"
"From remote kernel:"
"\"block\" -> {36}\n"
"From remote kernel:"
"\"boundary condition test\" -> {36, 0, 0.}\n"
"From remote kernel:"
"\"block\" -> {34}\n"
"From remote kernel:"
"\"boundary condition test\" -> {34, 0, 0.}\n"
"From remote kernel:"
"\"block\" -> {33}\n"
"From remote kernel:"
"\"boundary condition test\" -> {33, 0, 0.}\n"
"From remote kernel:"
"\"block\" -> {51, 52, 53, 54}\n"
"From remote kernel:"
"\"boundary condition test\" -> {54, 0, -1.0008508627169235*^6}\n"
"From remote kernel:"
"\"boundary condition test\" -> {53, 0, -499.92550585260915}\n"
"From remote kernel:"
"\"boundary condition test\" -> {52, 0, -499925.5058526091}\n"
"From remote kernel:"
"\"boundary condition test\" -> {51, 0, -499925.5058526091}\n"
"From remote kernel:"
"\"block\" -> {59, 60, 61, 62, 63, 64}\n"
"From remote kernel:"
"\"boundary condition test\" -> {64, 0, -1.002351639085493*^6}\n"
"From remote kernel:"
"\"boundary condition test\" -> {63, 0, -499925.5058526091}\n"
"From remote kernel:"
"\"boundary condition test\" -> {62, 0, -1.0008508627169235*^6}\n"
"From remote kernel:"
"\"boundary condition test\" -> {61, 0, -499.92550585260915}\n"
"From remote kernel:"
"\"boundary condition test\" -> {60, 0, 500925.35686431435}\n"
"From remote kernel:"
"\"boundary condition test\" -> {59, 0, -499.92550585260915}\n"
"From remote kernel:"
"\"block\" -> {50}\n"
"From remote kernel:"
"\"boundary condition test\" -> {50, 0, 500927.3605737566}\n"
"From remote kernel:"
"\"block\" -> {56, 57}\n"
"From remote kernel:"
"\"boundary condition test\" -> {57, 0, -499925.5058526091}\n"
"From remote kernel:"
"\"boundary condition test\" -> {56, 0, 500927.3605737566}\n"
"From remote kernel:"
"\"block\" -> {71}\n"
"From remote kernel:"
"\"boundary condition test\" -> {71, 0, 0.}\n"
"From remote kernel:"
"\"block\" -> {70}\n"
"From remote kernel:"
"\"boundary condition test\" -> {70, 0, 0.}\n"
"From remote kernel:"
"\"block\" -> {69}\n"
"From remote kernel:"
"\"boundary condition test\" -> {69, 0, 0.}\n"
"From remote kernel:"
"\"block\" -> {68}\n"
"From remote kernel:"
"\"boundary condition test\" -> {68, 0, 0.}\n"
"From remote kernel:"
"\"block\" -> {67}\n"
"From remote kernel:"
"\"boundary condition test\" -> {67, 0, 0.}\n"
"From remote kernel:"
"\"block\" -> {66}\n"
"From remote kernel:"
"\"boundary condition test\" -> {66, 0, 0.}\n"
"From remote kernel:"
"\"block\" -> {72, 73, 74, 75}\n"
"From remote kernel:"
"\"boundary condition test\" -> {75, 0, -499925.5058526091}\n"
"From remote kernel:"
"\"boundary condition test\" -> {74, 0, -1.0008508627169235*^6}\n"
"From remote kernel:"
"\"boundary condition test\" -> {73, 0, -499925.5058526091}\n"
"From remote kernel:"
"\"boundary condition test\" -> {72, 0, -499925.5058526091}\n"
"From remote kernel:"
"\"block\" -> {58}\n"
"From remote kernel:"
"\"boundary condition test\" -> {58, 0, -499925.5058526091}\n"
"From remote kernel:"
"\"block\" -> {55}\n"
"From remote kernel:"
"\"boundary condition test\" -> {55, 0, 500927.3605737566}\n"
"From remote kernel:"
"\"block\" -> {28}\n"
"From remote kernel:"
"\"boundary condition test\" -> {28, 0, 500927.3605737566}\n"
"From remote kernel:"
"\"block\" -> {25}\n"
"From remote kernel:"
"\"boundary condition test\" -> {25, 0, -499925.5058526091}\n"
"From remote kernel:"
"\"block\" -> {41}\n"
"From remote kernel:"
"\"boundary condition test\" -> {41, 0, 500927.3605737566}\n"
"From remote kernel:"
"\"block\" -> {44}\n"
"From remote kernel:"
"\"boundary condition test\" -> {44, 0, 500927.3605737566}\n"
"From remote kernel:"
"\"block\" -> {6}\n"
"From remote kernel:"
"\"boundary condition test\" -> {6, 0, 500927.3605737566}\n"
"From remote kernel:"
"\"block\" -> {15}\n"
"From remote kernel:"
"\"boundary condition test\" -> {15, 0, 500927.3605737566}\n"
"From remote kernel:"
"\"block\" -> {65}\n"
"From remote kernel:"
"\"boundary condition test\" -> {65, 0, 0.}\n"
"From remote kernel:"
"\"block\" -> {47}\n"
"From remote kernel:"
"\"boundary condition test\" -> {47, 0, 0.}\n"
"From remote kernel:"
"\"block\" -> {39}\n"
"From remote kernel:"
"\"boundary condition test\" -> {39, 0, 0.}\n"
"From remote kernel:"
"\"block\" -> {35}\n"
"From remote kernel:"
"\"boundary condition test\" -> {35, 0, 0.}\n"
"From remote kernel:"
"\"block\" -> {32}\n"
"From remote kernel:"
"\"boundary condition test\" -> {32, 0, 0.}\n"
"From remote kernel:"
"\"block\" -> {21}\n"
"From remote kernel:"
"\"boundary condition test\" -> {21, 0, 0.}\n"
"From remote kernel:"
"\"block\" -> {18}\n"
"From remote kernel:"
"\"boundary condition test\" -> {18, 0, 0.}\n"
"From remote kernel:"
"\"block\" -> {13}\n"
"From remote kernel:"
"\"boundary condition test\" -> {13, 0, 0.}\n"
"From remote kernel:"
"\"block\" -> {10}\n"
"From remote kernel:"
"\"boundary condition test\" -> {10, 0, 0.}\n"
"From remote kernel:"
"\"AMFlow: Infinity solved in 58s.\"\n"
"From remote kernel:"
"\"AMFlow: running among regular points...\"\n"
"From remote kernel:"
"\"current regular point\" -> -10.144056673176781 - 25.360141682941954*I\n"
"From remote kernel:"
"\"current regular point\" -> -5.94064912516864 - 14.8516228129216*I\n"
"From remote kernel:"
"\"current regular point\" -> -3.6498832477455374 - 9.124708119363843*I\n"
"From remote kernel:"
"\"current regular point\" -> -2.1674608815062975 - 5.418652203765744*I\n"
"From remote kernel:"
"\"current regular point\" -> -1.2177084562246692 - 3.0442711405616727*I\n"
"From remote kernel:"
"\"current regular point\" -> -0.6764556111419604 - 1.691139027854901*I\n"
"From remote kernel:"
"\"current regular point\" -> -0.4028561065109388 - 1.007140266277347*I\n"
"From remote kernel:"
"\"current regular point\" -> -0.26021842576157245 - 0.6505460644039311*I\n"
"From remote kernel:"
"\"current regular point\" -> -0.17794107740317902 - 0.44485269350794754*I\n"
"From remote kernel:"
"\"current regular point\" -> -0.11823400027614187 - 0.29558500069035465*I\n"
"From remote kernel:"
"\"current regular point\" -> -0.0603458383048385 - 0.15086459576209624*I\n"
"From remote kernel:"
"\"AMFlow: regular running finished in 50s.\"\n"
"From remote kernel:"
"\"AMFlow: solving near the last point...\"\n"
"From remote kernel:"
"\"NormalizeMat finished in 4s.\"\n"
"From remote kernel:"
"\"LearnXOrder is negative. skip learning phase.\"\n"
"From remote kernel:"
"\"block\" -> {2}\n"
"From remote kernel:"
"\"behavior\" -> {{0, 0}}\n"
"From remote kernel:"
"\"number of constraints and variables\" -> {1, 1}\n"
"From remote kernel:"
"\"block\" -> {1}\n"
"From remote kernel:"
"\"behavior\" -> {{0, 0}}\n"
"From remote kernel:"
"\"number of constraints and variables\" -> {1, 1}\n"
"From remote kernel:"
"\"block\" -> {7, 8, 9}\n"
"From remote kernel:"
"\"behavior\" -> {{0, 1}}\n"
"From remote kernel:"
"\"number of constraints and variables\" -> {3, 3}\n"
"From remote kernel:"
"\"block\" -> {3}\n"
"From remote kernel:"
"\"behavior\" -> {{0, 1}}\n"
"From remote kernel:"
"\"number of constraints and variables\" -> {1, 1}\n"
"From remote kernel:"
"\"block\" -> {16, 17}\n"
"From remote kernel:"
"\"behavior\" -> {{0, 0}, {249/250, 0}}\n"
"From remote kernel:"
"\"number of constraints and variables\" -> {4, 4}\n"
"From remote kernel:"
"\"block\" -> {4}\n"
"From remote kernel:"
"\"behavior\" -> {{499/500, 0}, {0, 0}}\n"
"From remote kernel:"
"\"number of constraints and variables\" -> {1, 1}\n"
"From remote kernel:"
"\"block\" -> {22}\n"
"From remote kernel:"
"\"behavior\" -> {{0, 0}}\n"
"From remote kernel:"
"\"number of constraints and variables\" -> {1, 1}\n"
"From remote kernel:"
"\"block\" -> {20}\n"
"From remote kernel:"
"\"behavior\" -> {{0, 0}}\n"
"From remote kernel:"
"\"number of constraints and variables\" -> {1, 1}\n"
"From remote kernel:"
"\"block\" -> {19}\n"
"From remote kernel:"
"\"behavior\" -> {{0, 0}}\n"
"From remote kernel:"
"\"number of constraints and variables\" -> {1, 1}\n"
"From remote kernel:"
"\"block\" -> {14}\n"
"From remote kernel:"
"\"behavior\" -> {{0, 0}}\n"
"From remote kernel:"
"\"number of constraints and variables\" -> {1, 1}\n"
"From remote kernel:"
"\"block\" -> {12}\n"
"From remote kernel:"
"\"behavior\" -> {{0, 0}}\n"
"From remote kernel:"
"\"number of constraints and variables\" -> {1, 1}\n"
"From remote kernel:"
"\"block\" -> {11}\n"
"From remote kernel:"
"\"behavior\" -> {{0, 0}}\n"
"From remote kernel:"
"\"number of constraints and variables\" -> {1, 1}\n"
"From remote kernel:"
"\"block\" -> {5}\n"
"From remote kernel:"
"\"behavior\" -> {{0, 0}}\n"
"From remote kernel:"
"\"number of constraints and variables\" -> {1, 1}\n"
"From remote kernel:"
"\"block\" -> {29, 30, 31}\n"
"From remote kernel:"
"\"behavior\" -> {{0, 2}, {249/250, 0}, {499/500, 0}}\n"
"From remote kernel:"
"\"number of constraints and variables\" -> {6, 6}\n"
"From remote kernel:"
"\"block\" -> {23}\n"
"From remote kernel:"
"\"behavior\" -> {{0, 2}}\n"
"From remote kernel:"
"\"number of constraints and variables\" -> {1, 1}\n"
"From remote kernel:"
"\"block\" -> {26, 27}\n"
"From remote kernel:"
"\"behavior\" -> {{0, 2}, {249/250, 1}}\n"
"From remote kernel:"
"\"number of constraints and variables\" -> {4, 4}\n"
"From remote kernel:"
"\"block\" -> {42, 43}\n"
"From remote kernel:"
"\"behavior\" -> {{0, 1}, {249/250, 0}}\n"
"From remote kernel:"
"\"number of constraints and variables\" -> {2, 2}\n"
"From remote kernel:"
"\"block\" -> {24}\n"
"From remote kernel:"
"\"behavior\" -> {{0, 2}, {499/500, 0}}\n"
"From remote kernel:"
"\"number of constraints and variables\" -> {1, 1}\n"
"From remote kernel:"
"\"block\" -> {45, 46}\n"
"From remote kernel:"
"\"behavior\" -> {{0, 1}, {499/500, 0}, {249/250, 0}}\n"
"From remote kernel:"
"\"number of constraints and variables\" -> {4, 4}\n"
"From remote kernel:"
"\"block\" -> {49}\n"
"From remote kernel:"
"\"behavior\" -> {{0, 0}}\n"
"From remote kernel:"
"\"number of constraints and variables\" -> {1, 1}\n"
"From remote kernel:"
"\"block\" -> {48}\n"
"From remote kernel:"
"\"behavior\" -> {{0, 0}}\n"
"From remote kernel:"
"\"number of constraints and variables\" -> {1, 1}\n"
"From remote kernel:"
"\"block\" -> {40}\n"
"From remote kernel:"
"\"behavior\" -> {{0, 0}}\n"
"From remote kernel:"
"\"number of constraints and variables\" -> {1, 1}\n"
"From remote kernel:"
"\"block\" -> {38}\n"
"From remote kernel:"
"\"behavior\" -> {{0, 0}}\n"
"From remote kernel:"
"\"number of constraints and variables\" -> {1, 1}\n"
"From remote kernel:"
"\"block\" -> {37}\n"
"From remote kernel:"
"\"behavior\" -> {{0, 0}}\n"
"From remote kernel:"
"\"number of constraints and variables\" -> {1, 1}\n"
"From remote kernel:"
"\"block\" -> {36}\n"
"From remote kernel:"
"\"behavior\" -> {{0, 0}}\n"
"From remote kernel:"
"\"number of constraints and variables\" -> {1, 1}\n"
"From remote kernel:"
"\"block\" -> {34}\n"
"From remote kernel:"
"\"behavior\" -> {{0, 0}}\n"
"From remote kernel:"
"\"number of constraints and variables\" -> {1, 1}\n"
"From remote kernel:"
"\"block\" -> {33}\n"
"From remote kernel:"
"\"behavior\" -> {{0, 0}}\n"
"From remote kernel:"
"\"number of constraints and variables\" -> {1, 1}\n"
"From remote kernel:"
"\"block\" -> {59, 60, 61, 62, 63, 64}\n"
"From remote kernel:"
"\"behavior\" -> {{0, 3}, {499/500, 1}, {249/250, 1}}\n"
"From remote kernel:"
"\"number of constraints and variables\" -> {12, 12}\n"
"From remote kernel:"
"\"block\" -> {51, 52, 53, 54}\n"
"From remote kernel:"
"\"behavior\" -> {{0, 3}, {249/250, 1}}\n"
"From remote kernel:"
"\"number of constraints and variables\" -> {4, 4}\n"
"From remote kernel:"
"\"block\" -> {50}\n"
"From remote kernel:"
"\"behavior\" -> {{0, 3}, {499/500, 0}, {249/250, 0}}\n"
"From remote kernel:"
"\"number of constraints and variables\" -> {1, 1}\n"
"From remote kernel:"
"\"block\" -> {56, 57}\n"
"From remote kernel:"
"\"behavior\" -> {{0, 2}, {249/250, 0}, {499/500, 0}}\n"
"From remote kernel:"
"\"number of constraints and variables\" -> {2, 2}\n"
"From remote kernel:"
"\"block\" -> {71}\n"
"From remote kernel:"
"\"behavior\" -> {{0, 0}}\n"
"From remote kernel:"
"\"number of constraints and variables\" -> {1, 1}\n"
"From remote kernel:"
"\"block\" -> {70}\n"
"From remote kernel:"
"\"behavior\" -> {{0, 0}}\n"
"From remote kernel:"
"\"number of constraints and variables\" -> {1, 1}\n"
"From remote kernel:"
"\"block\" -> {69}\n"
"From remote kernel:"
"\"behavior\" -> {{0, 0}}\n"
"From remote kernel:"
"\"number of constraints and variables\" -> {1, 1}\n"
"From remote kernel:"
"\"block\" -> {68}\n"
"From remote kernel:"
"\"behavior\" -> {{0, 0}}\n"
"From remote kernel:"
"\"number of constraints and variables\" -> {1, 1}\n"
"From remote kernel:"
"\"block\" -> {67}\n"
"From remote kernel:"
"\"behavior\" -> {{0, 0}}\n"
"From remote kernel:"
"\"number of constraints and variables\" -> {1, 1}\n"
"From remote kernel:"
"\"block\" -> {66}\n"
"From remote kernel:"
"\"behavior\" -> {{0, 0}}\n"
"From remote kernel:"
"\"number of constraints and variables\" -> {1, 1}\n"
"From remote kernel:"
"\"block\" -> {72, 73, 74, 75}\n"
"From remote kernel:"
"\"behavior\" -> {{0, 4}, {249/250, 1}, {499/500, 1}}\n"
"From remote kernel:"
"\"number of constraints and variables\" -> {4, 4}\n"
"From remote kernel:"
"\"block\" -> {58}\n"
"From remote kernel:"
"\"behavior\" -> {{0, 4}, {499/500, 1}, {249/250, 1}}\n"
"From remote kernel:"
"\"number of constraints and variables\" -> {1, 1}\n"
"From remote kernel:"
"\"block\" -> {55}\n"
"From remote kernel:"
"\"behavior\" -> {{0, 3}, {249/250, 0}, {499/500, 0}}\n"
"From remote kernel:"
"\"number of constraints and variables\" -> {1, 1}\n"
"From remote kernel:"
"\"block\" -> {28}\n"
"From remote kernel:"
"\"behavior\" -> {{0, 3}, {499/500, 0}, {249/250, 0}}\n"
"From remote kernel:"
"\"number of constraints and variables\" -> {1, 1}\n"
"From remote kernel:"
"\"block\" -> {25}\n"
"From remote kernel:"
"\"behavior\" -> {{0, 3}, {249/250, 1}}\n"
"From remote kernel:"
"\"number of constraints and variables\" -> {1, 1}\n"
"From remote kernel:"
"\"block\" -> {41}\n"
"From remote kernel:"
"\"behavior\" -> {{0, 2}, {249/250, 0}}\n"
"From remote kernel:"
"\"number of constraints and variables\" -> {1, 1}\n"
"From remote kernel:"
"\"block\" -> {44}\n"
"From remote kernel:"
"\"behavior\" -> {{0, 2}, {249/250, 0}, {499/500, 0}}\n"
"From remote kernel:"
"\"number of constraints and variables\" -> {1, 1}\n"
"From remote kernel:"
"\"block\" -> {6}\n"
"From remote kernel:"
"\"behavior\" -> {{0, 2}}\n"
"From remote kernel:"
"\"number of constraints and variables\" -> {1, 1}\n"
"From remote kernel:"
"\"block\" -> {15}\n"
"From remote kernel:"
"\"behavior\" -> {{0, 1}, {249/250, 0}}\n"
"From remote kernel:"
"\"number of constraints and variables\" -> {1, 1}\n"
"From remote kernel:"
"\"block\" -> {65}\n"
"From remote kernel:"
"\"behavior\" -> {{0, 0}}\n"
"From remote kernel:"
"\"number of constraints and variables\" -> {1, 1}\n"
"From remote kernel:"
"\"block\" -> {47}\n"
"From remote kernel:"
"\"behavior\" -> {{0, 0}}\n"
"From remote kernel:"
"\"number of constraints and variables\" -> {1, 1}\n"
"From remote kernel:"
"\"block\" -> {39}\n"
"From remote kernel:"
"\"behavior\" -> {{0, 0}}\n"
"From remote kernel:"
"\"number of constraints and variables\" -> {1, 1}\n"
"From remote kernel:"
"\"block\" -> {35}\n"
"From remote kernel:"
"\"behavior\" -> {{0, 0}}\n"
"From remote kernel:"
"\"number of constraints and variables\" -> {1, 1}\n"
"From remote kernel:"
"\"block\" -> {32}\n"
"From remote kernel:"
"\"behavior\" -> {{0, 0}}\n"
"From remote kernel:"
"\"number of constraints and variables\" -> {1, 1}\n"
"From remote kernel:"
"\"block\" -> {21}\n"
"From remote kernel:"
"\"behavior\" -> {{0, 0}}\n"
"From remote kernel:"
"\"number of constraints and variables\" -> {1, 1}\n"
"From remote kernel:"
"\"block\" -> {18}\n"
"From remote kernel:"
"\"behavior\" -> {{0, 0}}\n"
"From remote kernel:"
"\"number of constraints and variables\" -> {1, 1}\n"
"From remote kernel:"
"\"block\" -> {13}\n"
"From remote kernel:"
"\"behavior\" -> {{0, 0}}\n"
"From remote kernel:"
"\"number of constraints and variables\" -> {1, 1}\n"
"From remote kernel:"
"\"block\" -> {10}\n"
"From remote kernel:"
"\"behavior\" -> {{0, 0}}\n"
"From remote kernel:"
"\"number of constraints and variables\" -> {1, 1}\n"
"From remote kernel:"
"\"AMFlow: last point solved in 30s.\"\n"
"From remote kernel:"
"\"dropped terms when pickzero\" -> {0.}\n"
"From remote kernel:"
"\"dropped terms when pickzero\" -> {0.}\n"
"From remote kernel:"
"\"dropped terms when pickzero\" -> {0., 0.}\n"
"From remote kernel:"
"\"dropped terms when pickzero\" -> {0., 0.}\n"
"From remote kernel:"
"\"dropped terms when pickzero\" -> {0.}\n"
"From remote kernel:"
"\"dropped terms when pickzero\" -> {0.}\n"
"From remote kernel:"
"\"dropped terms when pickzero\" -> {0.}\n"
"From remote kernel:"
"\"dropped terms when pickzero\" -> {0.}\n"
"From remote kernel:"
"\"dropped terms when pickzero\" -> {0.}\n"
"From remote kernel:"
"\"dropped terms when pickzero\" -> {0., 0.}\n"
"From remote kernel:"
"\"dropped terms when pickzero\" -> {0., 0., 0.}\n"
"From remote kernel:"
"\"dropped terms when pickzero\" -> {0.}\n"
"From remote kernel:"
"\"dropped terms when pickzero\" -> {0., 0.}\n"
"From remote kernel:"
"\"system cleared: DESolver`$InternalSystem\"\n"
"From remote kernel:"
"\"AMFlow: finished in 142s.\"\n"
