"From remote kernel:"
"DESolver`SetGlobalOptions -> {\"WorkingPre\" -> 100, \"ChopPre\" -> 20, \"SilentMode\" -> False, \"RationalizePre\" -> 100}\n"
"From remote kernel:"
"DESolver`SetExpansionOptions -> {\"XOrder\" -> 100, \"ExtraXOrder\" -> 20, \"LearnXOrder\" -> -1, \"TestXOrder\" -> 5}\n"
"From remote kernel:"
"DESolver`SetRunningOptions -> {\"RunRadius\" -> 2, \"RunLength\" -> 1000, \"RunCandidate\" -> 10, \"RunDirection\" -> \"NegIm\"}\n"
"From remote kernel:"
"DESolver`SetGlobalOptions -> {\"WorkingPre\" -> 200, \"ChopPre\" -> 20, \"SilentMode\" -> False, \"RationalizePre\" -> 100}\n"
"From remote kernel:"
"DESolver`SetExpansionOptions -> {\"XOrder\" -> 400, \"ExtraXOrder\" -> 480, \"LearnXOrder\" -> -1, \"TestXOrder\" -> 5}\n"
"From remote kernel:"
"DESolver`SetRunningOptions -> {\"RunRadius\" -> 2, \"RunLength\" -> 1000, \"RunCandidate\" -> 10, \"RunDirection\" -> \"NegIm\"}\n"
"From remote kernel:"
"\"AMFlow: start.\"\n"
"From remote kernel:"
"\"system loaded: DESolver`$InternalSystem\\nDE[DESolver`$InternalSystem] -- differential equation in matrix form\\nBC[DESolver`$InternalSystem] -- boundary conditions either in singular form or in regular form\\nP[DESolver`$InternalSystem] -- boundary point\\nAsyExp[DESolver`$InternalSystem] -- asymptotic expansion near a singular point (currently it is Null)\\nintegrals: 45, blocks: 28, density: 0.21, degrees: {32, 35}\"\n"
"From remote kernel:"
"\"AMFlow: integrals will be evaluated at 21 regular points\" -> {-13.398289683786816 - 44.66096561262272*I, -7.591023894181281 - 25.303412980604268*I, -4.6632240803058025 - 15.544080267686008*I, -3.151665550070298 - 10.505551833567662*I, -2.305230354793172 - 7.684101182643907*I, -1.7245548609004593 - 5.748516203001531*I, -1.1914802931195876 - 3.971600977065292*I, -0.8690868965416918 - 2.89695632180564*I, -0.698503826764485 - 2.32834608921495*I, -0.5959193486501702 - 1.9863978288339006*I, -0.5161778427278685 - 1.7205928090928948*I, -0.450117315491942 - 1.5003910516398067*I, -0.3987511367441817 - 1.3291704558139392*I, -0.3457913989534796 - 1.1526379965115991*I, -0.2797807235015355 - 0.9326024116717849*I, -0.18891795939043973 - 0.6297265313014657*I, -0.11567046375323876 - 0.385568212510796*I, -0.06372950207146051 - 0.21243167357153503*I, -0.032622159637509904 - 0.10874053212503298*I, -0.01631107981875495 - 0.05437026606251649*I, -0.009157476353896916 - 0.030524921179656384*I}\n"
"From remote kernel:"
"\"AMFlow: integration contour generated in 3s.\"\n"
"From remote kernel:"
"\"AMFlow: solving near eta = Infinity...\"\n"
"From remote kernel:"
"\"CalcTaylor: current region\" -> 1/100000\n"
"From remote kernel:"
"\"block\" -> {1}\n"
"From remote kernel:"
"\"boundary condition inserted\" -> {1, 0, 1.0000084559869469*^10}\n"
"From remote kernel:"
"\"block\" -> {8, 9}\n"
"From remote kernel:"
"\"boundary condition test\" -> {9, 0, 0.}\n"
"From remote kernel:"
"\"boundary condition test\" -> {8, 0, -100000.8455986947}\n"
"From remote kernel:"
"\"block\" -> {2}\n"
"From remote kernel:"
"\"boundary condition test\" -> {2, 0, 0.}\n"
"From remote kernel:"
"\"block\" -> {16, 17, 18}\n"
"From remote kernel:"
"\"homogeneous id up to\" -> 2646\n"
"From remote kernel:"
"\"dropped eqs\" -> {{2647 -> 0.}}\n"
"From remote kernel:"
"\"boundary condition test\" -> {18, 0, -49999.92279511935}\n"
"From remote kernel:"
"\"boundary condition test\" -> {17, 0, 9.99998455902387*^9}\n"
"From remote kernel:"
"\"boundary condition test\" -> {16, 0, -200001.6911973894}\n"
"From remote kernel:"
"\"block\" -> {7}\n"
"From remote kernel:"
"\"boundary condition test\" -> {7, 0, 9.99998455902387*^9}\n"
"From remote kernel:"
"\"block\" -> {3}\n"
"From remote kernel:"
"\"boundary condition test\" -> {3, 0, 1.0000084559869469*^10}\n"
"From remote kernel:"
"\"block\" -> {14}\n"
"From remote kernel:"
"\"boundary condition test\" -> {14, 0, 0.}\n"
"From remote kernel:"
"\"block\" -> {13}\n"
"From remote kernel:"
"\"boundary condition test\" -> {13, 0, 0.}\n"
"From remote kernel:"
"\"block\" -> {11}\n"
"From remote kernel:"
"\"boundary condition test\" -> {11, 0, 0.}\n"
"From remote kernel:"
"\"block\" -> {5}\n"
"From remote kernel:"
"\"boundary condition inserted\" -> {5, 0, 9.999923605580938*^9 + 295676.7468575191*I}\n"
"From remote kernel:"
"\"block\" -> {4}\n"
"From remote kernel:"
"\"boundary condition test\" -> {4, 0, 0.}\n"
"From remote kernel:"
"\"block\" -> {21, 22, 23, 24}\n"
"From remote kernel:"
"\"boundary condition test\" -> {24, 0, -6.249806867574655*^8 - 20789.355467994043*I}\n"
"From remote kernel:"
"\"boundary condition test\" -> {23, 0, 16309.494690180894 - 18479.427082661372*I}\n"
"From remote kernel:"
"\"boundary condition test\" -> {22, 0, -99999.2360558094 - 2.956767468575191*I}\n"
"From remote kernel:"
"\"boundary condition test\" -> {21, 0, 1.999990816460481*^10 + 295676.7468575191*I}\n"
"From remote kernel:"
"\"block\" -> {30, 31, 32}\n"
"From remote kernel:"
"\"boundary condition test\" -> {32, 0, 1.0000084559869469*^10}\n"
"From remote kernel:"
"\"boundary condition test\" -> {31, 0, 0.}\n"
"From remote kernel:"
"\"boundary condition test\" -> {30, 0, -1.0000184560715067*^10}\n"
"From remote kernel:"
"\"block\" -> {26, 27, 28}\n"
"From remote kernel:"
"\"boundary condition test\" -> {28, 0, 2.0000169119738937*^10}\n"
"From remote kernel:"
"\"boundary condition test\" -> {27, 0, 9.99998455902387*^9}\n"
"From remote kernel:"
"\"boundary condition test\" -> {26, 0, -2.0000369121430134*^10}\n"
"From remote kernel:"
"\"block\" -> {19}\n"
"From remote kernel:"
"\"boundary condition test\" -> {19, 0, 9.999923605580938*^9 + 295676.7468575191*I}\n"
"From remote kernel:"
"\"block\" -> {36}\n"
"From remote kernel:"
"\"boundary condition test\" -> {36, 0, 0.}\n"
"From remote kernel:"
"\"block\" -> {35}\n"
"From remote kernel:"
"\"boundary condition test\" -> {35, 0, 0.}\n"
"From remote kernel:"
"\"block\" -> {34}\n"
"From remote kernel:"
"\"boundary condition test\" -> {34, 0, 0.}\n"
"From remote kernel:"
"\"block\" -> {38, 39, 40, 41, 42, 43, 44, 45}\n"
"From remote kernel:"
"\"homogeneous id up to\" -> 7056\n"
"From remote kernel:"
"\"dropped eqs\" -> {{7057 -> 0.}}\n"
"From remote kernel:"
"\"boundary condition test\" -> {45, 0, -2.4417065382280922*^6 - 153.40829935406114*I}\n"
"From remote kernel:"
"\"boundary condition test\" -> {44, 0, -3.90610548047819*^7 - 2454.324896110298*I}\n"
"From remote kernel:"
"\"boundary condition test\" -> {43, 0, -3124.984981260778 - 0.011549641926663357*I}\n"
"From remote kernel:"
"\"boundary condition test\" -> {42, 0, 9.999923605580938*^9 + 295676.7468575191*I}\n"
"From remote kernel:"
"\"boundary condition test\" -> {41, 0, -6.249806867574655*^8 - 20789.355467994043*I}\n"
"From remote kernel:"
"\"boundary condition test\" -> {40, 0, 16309.494690180894 - 18479.427082661372*I}\n"
"From remote kernel:"
"\"boundary condition test\" -> {39, 0, -1.0000023604816996*^10 - 295679.7036249876*I}\n"
"From remote kernel:"
"\"boundary condition test\" -> {38, 0, 1.999990816460481*^10 + 295676.7468575191*I}\n"
"From remote kernel:"
"\"block\" -> {37}\n"
"From remote kernel:"
"\"boundary condition test\" -> {37, 0, 9.999923605580938*^9 + 295676.7468575191*I}\n"
"From remote kernel:"
"\"block\" -> {20}\n"
"From remote kernel:"
"\"boundary condition test\" -> {20, 0, 9.999923605580938*^9 + 295676.7468575191*I}\n"
"From remote kernel:"
"\"block\" -> {29}\n"
"From remote kernel:"
"\"boundary condition test\" -> {29, 0, 1.0000084559869469*^10}\n"
"From remote kernel:"
"\"block\" -> {25}\n"
"From remote kernel:"
"\"boundary condition test\" -> {25, 0, 2.0000169119738937*^10}\n"
"From remote kernel:"
"\"block\" -> {15}\n"
"From remote kernel:"
"\"boundary condition test\" -> {15, 0, 2.0000169119738937*^10}\n"
"From remote kernel:"
"\"block\" -> {6}\n"
"From remote kernel:"
"\"boundary condition test\" -> {6, 0, 1.0000084559869469*^10}\n"
"From remote kernel:"
"\"block\" -> {33}\n"
"From remote kernel:"
"\"boundary condition test\" -> {33, 0, 0.}\n"
"From remote kernel:"
"\"block\" -> {12}\n"
"From remote kernel:"
"\"boundary condition test\" -> {12, 0, 0.}\n"
"From remote kernel:"
"\"block\" -> {10}\n"
"From remote kernel:"
"\"boundary condition test\" -> {10, 0, 0.}\n"
"From remote kernel:"
"\"CalcTaylor: current region\" -> 0\n"
"From remote kernel:"
"\"block\" -> {1}\n"
"From remote kernel:"
"\"boundary condition test\" -> {1, 0, 0.}\n"
"From remote kernel:"
"\"block\" -> {8, 9}\n"
"From remote kernel:"
"\"boundary condition test\" -> {9, 0, 0.}\n"
"From remote kernel:"
"\"boundary condition test\" -> {8, 0, 0.}\n"
"From remote kernel:"
"\"block\" -> {2}\n"
"From remote kernel:"
"\"boundary condition inserted\" -> {2, 0, 1.0000084559869469*^10}\n"
"From remote kernel:"
"\"block\" -> {16, 17, 18}\n"
"From remote kernel:"
"\"homogeneous id up to\" -> 2646\n"
"From remote kernel:"
"\"dropped eqs\" -> {{2647 -> 0.}}\n"
"From remote kernel:"
"\"boundary condition test\" -> {18, 0, 49999.92279511935}\n"
"From remote kernel:"
"\"boundary condition test\" -> {17, 0, -9.99998455902387*^9}\n"
"From remote kernel:"
"\"boundary condition test\" -> {16, 0, 1.0000084559869469*^10}\n"
"From remote kernel:"
"\"block\" -> {7}\n"
"From remote kernel:"
"\"boundary condition test\" -> {7, 0, 0.}\n"
"From remote kernel:"
"\"block\" -> {3}\n"
"From remote kernel:"
"\"boundary condition test\" -> {3, 0, -1.0000084559869469*^10}\n"
"From remote kernel:"
"\"block\" -> {14}\n"
"From remote kernel:"
"\"boundary condition inserted\" -> {14, 0, 4.999992281625341*^9 + 0.40918622502708757*I}\n"
"From remote kernel:"
"\"block\" -> {13}\n"
"From remote kernel:"
"\"boundary condition inserted\" -> {13, 0, -5.000049237293974*^9 - 140501.46409219454*I}\n"
"From remote kernel:"
"\"block\" -> {11}\n"
"From remote kernel:"
"\"boundary condition inserted\" -> {11, 0, 4.999992278511952*^9}\n"
"From remote kernel:"
"\"block\" -> {5}\n"
"From remote kernel:"
"\"boundary condition test\" -> {5, 0, 0.}\n"
"From remote kernel:"
"\"block\" -> {4}\n"
"From remote kernel:"
"\"boundary condition inserted\" -> {4, 0, 9.999923605580938*^9 + 295676.7468575191*I}\n"
"From remote kernel:"
"\"block\" -> {21, 22, 23, 24}\n"
"From remote kernel:"
"\"boundary condition test\" -> {24, 0, 6.249806867574655*^8 + 20789.355467994043*I}\n"
"From remote kernel:"
"\"boundary condition test\" -> {23, 0, -16309.494690180894 + 18479.427082661372*I}\n"
"From remote kernel:"
"\"boundary condition test\" -> {22, 0, 9.999923605580938*^9 + 295676.7468575191*I}\n"
"From remote kernel:"
"\"boundary condition test\" -> {21, 0, -9.999823606344883*^9 - 295673.7900900505*I}\n"
"From remote kernel:"
"\"block\" -> {30, 31, 32}\n"
"From remote kernel:"
"\"homogeneous id up to\" -> 2646\n"
"From remote kernel:"
"\"dropped eqs\" -> {{2647 -> 0.}}\n"
"From remote kernel:"
"\"boundary condition test\" -> {32, 0, -4.999992281625341*^9 - 0.40918622502708757*I}\n"
"From remote kernel:"
"\"boundary condition test\" -> {31, 0, 5.000049237293974*^9 + 140501.46409219454*I}\n"
"From remote kernel:"
"\"boundary condition test\" -> {30, 0, 1.0000059563694197*^10 - 0.07970688034495578*I}\n"
"From remote kernel:"
"\"block\" -> {26, 27, 28}\n"
"From remote kernel:"
"\"boundary condition test\" -> {28, 0, -4.999992278511952*^9}\n"
"From remote kernel:"
"\"boundary condition test\" -> {27, 0, -4.999992278511952*^9}\n"
"From remote kernel:"
"\"boundary condition test\" -> {26, 0, 1.5000251841236273*^10}\n"
"From remote kernel:"
"\"block\" -> {19}\n"
"From remote kernel:"
"\"boundary condition test\" -> {19, 0, -9.999923605580938*^9 - 295676.7468575191*I}\n"
"From remote kernel:"
"\"block\" -> {36}\n"
"From remote kernel:"
"\"boundary condition inserted\" -> {36, 0, -0.11155905063758371 - 0.881701533137675*I}\n"
"From remote kernel:"
"\"block\" -> {35}\n"
"From remote kernel:"
"\"boundary condition inserted\" -> {35, 0, -6.24984246564126*^8 - 29570.270238204637*I}\n"
"From remote kernel:"
"\"block\" -> {34}\n"
"From remote kernel:"
"\"boundary condition inserted\" -> {34, 0, 16309.423652940335 - 18478.985684796186*I}\n"
"From remote kernel:"
"\"block\" -> {38, 39, 40, 41, 42, 43, 44, 45}\n"
"From remote kernel:"
"\"homogeneous id up to\" -> 7056\n"
"From remote kernel:"
"\"dropped eqs\" -> {{7057 -> 0.}}\n"
"From remote kernel:"
"\"boundary condition test\" -> {45, 0, 2.442448463932439*^6 - 5629.823168581845*I}\n"
"From remote kernel:"
"\"boundary condition test\" -> {44, 0, 3.906127728450214*^7 + 3003.1319935423294*I}\n"
"From remote kernel:"
"\"boundary condition test\" -> {43, 0, 3124.942431286416 + 0.016717174549435644*I}\n"
"From remote kernel:"
"\"boundary condition test\" -> {42, 0, 0.11155905063758371 + 0.881701533137675*I}\n"
"From remote kernel:"
"\"boundary condition test\" -> {41, 0, 6.24984246564126*^8 + 29570.270238204637*I}\n"
"From remote kernel:"
"\"boundary condition test\" -> {40, 0, -16309.423652940335 + 18478.985684796186*I}\n"
"From remote kernel:"
"\"boundary condition test\" -> {39, 0, 4.999931323999689*^9 + 295672.190668905*I}\n"
"From remote kernel:"
"\"boundary condition test\" -> {38, 0, 0.11155905063758371 + 0.881701533137675*I}\n"
"From remote kernel:"
"\"block\" -> {37}\n"
"From remote kernel:"
"\"boundary condition test\" -> {37, 0, -4.999931323999689*^9 - 295672.190668905*I}\n"
"From remote kernel:"
"\"block\" -> {20}\n"
"From remote kernel:"
"\"boundary condition test\" -> {20, 0, -9.999923605580938*^9 - 295676.7468575191*I}\n"
"From remote kernel:"
"\"block\" -> {29}\n"
"From remote kernel:"
"\"boundary condition test\" -> {29, 0, -1.0000059563694197*^10 + 0.07970688034495578*I}\n"
"From remote kernel:"
"\"block\" -> {25}\n"
"From remote kernel:"
"\"boundary condition test\" -> {25, 0, -1.5000251841236273*^10}\n"
"From remote kernel:"
"\"block\" -> {15}\n"
"From remote kernel:"
"\"boundary condition test\" -> {15, 0, -1.0000084559869469*^10}\n"
"From remote kernel:"
"\"block\" -> {6}\n"
"From remote kernel:"
"\"boundary condition test\" -> {6, 0, 0.}\n"
"From remote kernel:"
"\"block\" -> {33}\n"
"From remote kernel:"
"\"boundary condition inserted\" -> {33, 0, 4.999931323999689*^9 + 295672.190668905*I}\n"
"From remote kernel:"
"\"block\" -> {12}\n"
"From remote kernel:"
"\"boundary condition inserted\" -> {12, 0, 1.0000059563694197*^10 - 0.07970688034495578*I}\n"
"From remote kernel:"
"\"block\" -> {10}\n"
"From remote kernel:"
"\"boundary condition inserted\" -> {10, 0, 1.5000251841236273*^10}\n"
"From remote kernel:"
"\"CalcTaylor: current region\" -> 1/50000\n"
"From remote kernel:"
"\"block\" -> {1}\n"
"From remote kernel:"
"\"boundary condition test\" -> {1, 0, 0.}\n"
"From remote kernel:"
"\"block\" -> {8, 9}\n"
"From remote kernel:"
"\"boundary condition inserted\" -> {9, 0, -4.999992281156855*^9}\n"
"From remote kernel:"
"\"boundary condition test\" -> {8, 0, 4.999992281156855*^9}\n"
"From remote kernel:"
"\"block\" -> {2}\n"
"From remote kernel:"
"\"boundary condition test\" -> {2, 0, 0.}\n"
"From remote kernel:"
"\"block\" -> {16, 17, 18}\n"
"From remote kernel:"
"\"boundary condition inserted\" -> {18, 0, -49999.92281156855}\n"
"From remote kernel:"
"\"boundary condition test\" -> {17, 0, -4.999992281156855*^9}\n"
"From remote kernel:"
"\"boundary condition test\" -> {16, 0, 4.999992281156855*^9}\n"
"From remote kernel:"
"\"block\" -> {7}\n"
"From remote kernel:"
"\"boundary condition test\" -> {7, 0, -4.999992281156855*^9}\n"
"From remote kernel:"
"\"block\" -> {3}\n"
"From remote kernel:"
"\"boundary condition inserted\" -> {3, 0, 0.}\n"
"From remote kernel:"
"\"block\" -> {14}\n"
"From remote kernel:"
"\"boundary condition test\" -> {14, 0, 0.}\n"
"From remote kernel:"
"\"block\" -> {13}\n"
"From remote kernel:"
"\"boundary condition test\" -> {13, 0, 0.}\n"
"From remote kernel:"
"\"block\" -> {11}\n"
"From remote kernel:"
"\"boundary condition test\" -> {11, 0, 0.}\n"
"From remote kernel:"
"\"block\" -> {5}\n"
"From remote kernel:"
"\"boundary condition test\" -> {5, 0, 0.}\n"
"From remote kernel:"
"\"block\" -> {4}\n"
"From remote kernel:"
"\"boundary condition test\" -> {4, 0, 0.}\n"
"From remote kernel:"
"\"block\" -> {21, 22, 23, 24}\n"
"From remote kernel:"
"\"homogeneous id up to\" -> 3528\n"
"From remote kernel:"
"\"dropped eqs\" -> {{3529 -> 0.}, {3529 -> 0.}, {3529 -> 0.}, {3529 -> 0.}}\n"
"From remote kernel:"
"\"boundary condition test\" -> {24, 0, -49999.92281156855}\n"
"From remote kernel:"
"\"boundary condition test\" -> {23, 0, -49999.92281156855}\n"
"From remote kernel:"
"\"boundary condition test\" -> {22, 0, 99999.8456231371}\n"
"From remote kernel:"
"\"boundary condition test\" -> {21, 0, -1.0000084562159332*^10}\n"
"From remote kernel:"
"\"block\" -> {30, 31, 32}\n"
"From remote kernel:"
"\"homogeneous id up to\" -> 2646\n"
"From remote kernel:"
"\"dropped eqs\" -> {{2647 -> 0.}}\n"
"From remote kernel:"
"\"boundary condition inserted\" -> {32, 0, 5.000092283002515*^9}\n"
"From remote kernel:"
"\"boundary condition test\" -> {31, 0, -4.999992281156855*^9}\n"
"From remote kernel:"
"\"boundary condition test\" -> {30, 0, -100001.8456600503}\n"
"From remote kernel:"
"\"block\" -> {26, 27, 28}\n"
"From remote kernel:"
"\"boundary condition test\" -> {28, 0, 5.000092283002515*^9}\n"
"From remote kernel:"
"\"boundary condition test\" -> {27, 0, -4.999992281156855*^9}\n"
"From remote kernel:"
"\"boundary condition test\" -> {26, 0, -100001.8456600503}\n"
"From remote kernel:"
"\"block\" -> {19}\n"
"From remote kernel:"
"\"boundary condition test\" -> {19, 0, 0.}\n"
"From remote kernel:"
"\"block\" -> {36}\n"
"From remote kernel:"
"\"boundary condition test\" -> {36, 0, 0.}\n"
"From remote kernel:"
"\"block\" -> {35}\n"
"From remote kernel:"
"\"boundary condition test\" -> {35, 0, 0.}\n"
"From remote kernel:"
"\"block\" -> {34}\n"
"From remote kernel:"
"\"boundary condition test\" -> {34, 0, 0.}\n"
"From remote kernel:"
"\"block\" -> {38, 39, 40, 41, 42, 43, 44, 45}\n"
"From remote kernel:"
"\"homogeneous id up to\" -> 7056\n"
"From remote kernel:"
"\"dropped eqs\" -> {{7057 -> 0.}, {7057 -> 0.}, {7057 -> 0.}, {7057 -> 0.}, {7057 -> 0.}, {7057 -> 0.}, {7057 -> 0.}, {7057 -> 0.}, {7057 -> 0.}, {7057 -> 0.}}\n"
"From remote kernel:"
"\"boundary condition test\" -> {45, 0, -16666.97427000826}\n"
"From remote kernel:"
"\"boundary condition test\" -> {44, 0, -16666.97427000826}\n"
"From remote kernel:"
"\"boundary condition test\" -> {43, 0, -16666.97427000826}\n"
"From remote kernel:"
"\"boundary condition test\" -> {42, 0, -4.999992281156855*^9}\n"
"From remote kernel:"
"\"boundary condition test\" -> {41, 0, -49999.92281156855}\n"
"From remote kernel:"
"\"boundary condition test\" -> {40, 0, -49999.92281156855}\n"
"From remote kernel:"
"\"boundary condition test\" -> {39, 0, 5.000092281002478*^9}\n"
"From remote kernel:"
"\"boundary condition test\" -> {38, 0, -1.0000084562159332*^10}\n"
"From remote kernel:"
"\"block\" -> {37}\n"
"From remote kernel:"
"\"boundary condition test\" -> {37, 0, -4.999992281156855*^9}\n"
"From remote kernel:"
"\"block\" -> {20}\n"
"From remote kernel:"
"\"boundary condition test\" -> {20, 0, -4.999992281156855*^9}\n"
"From remote kernel:"
"\"block\" -> {29}\n"
"From remote kernel:"
"\"boundary condition test\" -> {29, 0, 5.000092283002515*^9}\n"
"From remote kernel:"
"\"block\" -> {25}\n"
"From remote kernel:"
"\"boundary condition test\" -> {25, 0, 5.000092283002515*^9}\n"
"From remote kernel:"
"\"block\" -> {15}\n"
"From remote kernel:"
"\"boundary condition test\" -> {15, 0, 5.000092283002515*^9}\n"
"From remote kernel:"
"\"block\" -> {6}\n"
"From remote kernel:"
"\"boundary condition test\" -> {6, 0, 5.000092283002515*^9}\n"
"From remote kernel:"
"\"block\" -> {33}\n"
"From remote kernel:"
"\"boundary condition test\" -> {33, 0, 0.}\n"
"From remote kernel:"
"\"block\" -> {12}\n"
"From remote kernel:"
"\"boundary condition test\" -> {12, 0, 0.}\n"
"From remote kernel:"
"\"block\" -> {10}\n"
"From remote kernel:"
"\"boundary condition test\" -> {10, 0, 0.}\n"
"From remote kernel:"
"\"AMFlow: Infinity solved in 118s.\"\n"
"From remote kernel:"
"\"AMFlow: running among regular points...\"\n"
"From remote kernel:"
"\"current regular point\" -> -13.398289683786816 - 44.66096561262272*I\n"
"From remote kernel:"
"\"current regular point\" -> -7.591023894181281 - 25.30341298060427*I\n"
"From remote kernel:"
"\"current regular point\" -> -4.6632240803058025 - 15.54408026768601*I\n"
"From remote kernel:"
"\"current regular point\" -> -3.1516655500702986 - 10.505551833567662*I\n"
"From remote kernel:"
"\"current regular point\" -> -2.305230354793172 - 7.684101182643907*I\n"
"From remote kernel:"
"\"current regular point\" -> -1.7245548609004595 - 5.7485162030015315*I\n"
"From remote kernel:"
"\"current regular point\" -> -1.1914802931195874 - 3.9716009770652914*I\n"
"From remote kernel:"
"\"current regular point\" -> -0.8690868965416919 - 2.89695632180564*I\n"
"From remote kernel:"
"\"current regular point\" -> -0.698503826764485 - 2.32834608921495*I\n"
"From remote kernel:"
"\"current regular point\" -> -0.5959193486501703 - 1.9863978288339008*I\n"
"From remote kernel:"
"\"current regular point\" -> -0.5161778427278685 - 1.720592809092895*I\n"
"From remote kernel:"
"\"current regular point\" -> -0.450117315491942 - 1.5003910516398067*I\n"
"From remote kernel:"
"\"current regular point\" -> -0.3987511367441817 - 1.3291704558139392*I\n"
"From remote kernel:"
"\"current regular point\" -> -0.3457913989534797 - 1.152637996511599*I\n"
"From remote kernel:"
"\"current regular point\" -> -0.2797807235015355 - 0.9326024116717849*I\n"
"From remote kernel:"
"\"current regular point\" -> -0.18891795939043973 - 0.6297265313014657*I\n"
"From remote kernel:"
"\"current regular point\" -> -0.11567046375323879 - 0.385568212510796*I\n"
"From remote kernel:"
"\"current regular point\" -> -0.06372950207146051 - 0.21243167357153503*I\n"
"From remote kernel:"
"\"current regular point\" -> -0.032622159637509904 - 0.108740532125033*I\n"
"From remote kernel:"
"\"current regular point\" -> -0.016311079818754952 - 0.0543702660625165*I\n"
"From remote kernel:"
"\"AMFlow: regular running finished in 132s.\"\n"
"From remote kernel:"
"\"AMFlow: solving near the last point...\"\n"
"From remote kernel:"
"\"NormalizeMat finished in 4s.\"\n"
"From remote kernel:"
"\"LearnXOrder is negative. skip learning phase.\"\n"
"From remote kernel:"
"\"block\" -> {1}\n"
"From remote kernel:"
"\"behavior\" -> {{99999/100000, 0}}\n"
"From remote kernel:"
"\"number of constraints and variables\" -> {1, 1}\n"
"From remote kernel:"
"\"block\" -> {8, 9}\n"
"From remote kernel:"
"\"behavior\" -> {{0, 0}, {24999/50000, 0}, {99999/100000, 0}}\n"
"From remote kernel:"
"\"number of constraints and variables\" -> {4, 4}\n"
"From remote kernel:"
"\"block\" -> {2}\n"
"From remote kernel:"
"\"behavior\" -> {{0, 0}}\n"
"From remote kernel:"
"\"number of constraints and variables\" -> {1, 1}\n"
"From remote kernel:"
"\"block\" -> {16, 17, 18}\n"
"From remote kernel:"
"\"behavior\" -> {{0, 1}, {99999/100000, 1}}\n"
"From remote kernel:"
"\"number of constraints and variables\" -> {6, 6}\n"
"From remote kernel:"
"\"block\" -> {7}\n"
"From remote kernel:"
"\"behavior\" -> {{49999/50000, 0}, {0, 0}, {24999/50000, 0}, {99999/100000, 0}}\n"
"From remote kernel:"
"\"number of constraints and variables\" -> {1, 1}\n"
"From remote kernel:"
"\"block\" -> {3}\n"
"From remote kernel:"
"\"behavior\" -> {{49999/100000, 0}, {99999/100000, 0}, {0, 0}}\n"
"From remote kernel:"
"\"number of constraints and variables\" -> {1, 1}\n"
"From remote kernel:"
"\"block\" -> {14}\n"
"From remote kernel:"
"\"behavior\" -> {{0, 0}}\n"
"From remote kernel:"
"\"number of constraints and variables\" -> {1, 1}\n"
"From remote kernel:"
"\"block\" -> {13}\n"
"From remote kernel:"
"\"behavior\" -> {{0, 0}}\n"
"From remote kernel:"
"\"number of constraints and variables\" -> {1, 1}\n"
"From remote kernel:"
"\"block\" -> {11}\n"
"From remote kernel:"
"\"behavior\" -> {{0, 0}}\n"
"From remote kernel:"
"\"number of constraints and variables\" -> {1, 1}\n"
"From remote kernel:"
"\"block\" -> {5}\n"
"From remote kernel:"
"\"behavior\" -> {{99999/100000, 0}}\n"
"From remote kernel:"
"\"number of constraints and variables\" -> {1, 1}\n"
"From remote kernel:"
"\"block\" -> {4}\n"
"From remote kernel:"
"\"behavior\" -> {{0, 0}}\n"
"From remote kernel:"
"\"number of constraints and variables\" -> {1, 1}\n"
"From remote kernel:"
"\"block\" -> {21, 22, 23, 24}\n"
"From remote kernel:"
"\"behavior\" -> {{0, 2}, {99999/100000, 2}, {24999/50000, 0}, {49999/50000, 0}}\n"
"From remote kernel:"
"\"number of constraints and variables\" -> {8, 8}\n"
"From remote kernel:"
"\"block\" -> {30, 31, 32}\n"
"From remote kernel:"
"\"behavior\" -> {{0, 1}, {24999/50000, 1}, {49999/50000, 1}, {99999/100000, 0}, {49999/100000, 0}}\n"
"From remote kernel:"
"\"number of constraints and variables\" -> {9, 9}\n"
"From remote kernel:"
"\"block\" -> {26, 27, 28}\n"
"From remote kernel:"
"\"behavior\" -> {{0, 2}, {49999/100000, 1}, {99999/100000, 1}}\n"
"From remote kernel:"
"\"number of constraints and variables\" -> {6, 6}\n"
"From remote kernel:"
"\"block\" -> {19}\n"
"From remote kernel:"
"\"behavior\" -> {{49999/100000, 0}, {99999/100000, 0}, {0, 0}}\n"
"From remote kernel:"
"\"number of constraints and variables\" -> {1, 1}\n"
"From remote kernel:"
"\"block\" -> {36}\n"
"From remote kernel:"
"\"behavior\" -> {{0, 0}}\n"
"From remote kernel:"
"\"number of constraints and variables\" -> {1, 1}\n"
"From remote kernel:"
"\"block\" -> {35}\n"
"From remote kernel:"
"\"behavior\" -> {{0, 0}}\n"
"From remote kernel:"
"\"number of constraints and variables\" -> {1, 1}\n"
"From remote kernel:"
"\"block\" -> {34}\n"
"From remote kernel:"
"\"behavior\" -> {{0, 0}}\n"
"From remote kernel:"
"\"number of constraints and variables\" -> {1, 1}\n"
"From remote kernel:"
"\"block\" -> {38, 39, 40, 41, 42, 43, 44, 45}\n"
"From remote kernel:"
"\"behavior\" -> {{0, 3}, {49999/100000, 2}, {99999/100000, 2}, {24999/50000, 1}, {49999/50000, 1}}\n"
"From remote kernel:"
"\"number of constraints and variables\" -> {16, 16}\n"
"From remote kernel:"
"\"block\" -> {37}\n"
"From remote kernel:"
"\"behavior\" -> {{0, 4}, {99999/100000, 2}, {24999/50000, 1}, {49999/50000, 1}, {49999/100000, 2}}\n"
"From remote kernel:"
"\"number of constraints and variables\" -> {1, 1}\n"
"From remote kernel:"
"\"block\" -> {20}\n"
"From remote kernel:"
"\"behavior\" -> {{0, 3}, {99999/100000, 2}, {24999/50000, 0}, {49999/50000, 0}}\n"
"From remote kernel:"
"\"number of constraints and variables\" -> {1, 1}\n"
"From remote kernel:"
"\"block\" -> {29}\n"
"From remote kernel:"
"\"behavior\" -> {{0, 2}, {99999/100000, 0}, {24999/50000, 1}, {49999/50000, 1}, {49999/100000, 0}}\n"
"From remote kernel:"
"\"number of constraints and variables\" -> {1, 1}\n"
"From remote kernel:"
"\"block\" -> {25}\n"
"From remote kernel:"
"\"behavior\" -> {{0, 3}, {99999/100000, 1}, {49999/100000, 1}}\n"
"From remote kernel:"
"\"number of constraints and variables\" -> {1, 1}\n"
"From remote kernel:"
"\"block\" -> {15}\n"
"From remote kernel:"
"\"behavior\" -> {{0, 2}, {99999/100000, 1}}\n"
"From remote kernel:"
"\"number of constraints and variables\" -> {1, 1}\n"
"From remote kernel:"
"\"block\" -> {6}\n"
"From remote kernel:"
"\"behavior\" -> {{0, 1}, {99999/100000, 0}, {24999/50000, 0}}\n"
"From remote kernel:"
"\"number of constraints and variables\" -> {1, 1}\n"
"From remote kernel:"
"\"block\" -> {33}\n"
"From remote kernel:"
"\"behavior\" -> {{0, 0}}\n"
"From remote kernel:"
"\"number of constraints and variables\" -> {1, 1}\n"
"From remote kernel:"
"\"block\" -> {12}\n"
"From remote kernel:"
"\"behavior\" -> {{0, 0}}\n"
"From remote kernel:"
"\"number of constraints and variables\" -> {1, 1}\n"
"From remote kernel:"
"\"block\" -> {10}\n"
"From remote kernel:"
"\"behavior\" -> {{0, 0}}\n"
"From remote kernel:"
"\"number of constraints and variables\" -> {1, 1}\n"
"From remote kernel:"
"\"AMFlow: last point solved in 61s.\"\n"
"From remote kernel:"
"\"dropped terms when pickzero\" -> {0.}\n"
"From remote kernel:"
"\"dropped terms when pickzero\" -> {0.}\n"
"From remote kernel:"
"\"dropped terms when pickzero\" -> {0.}\n"
"From remote kernel:"
"\"dropped terms when pickzero\" -> {0.}\n"
"From remote kernel:"
"\"dropped terms when pickzero\" -> {0.}\n"
"From remote kernel:"
"\"dropped terms when pickzero\" -> {0.}\n"
"From remote kernel:"
"\"dropped terms when pickzero\" -> {0.}\n"
"From remote kernel:"
"\"dropped terms when pickzero\" -> {0.}\n"
"From remote kernel:"
"\"dropped terms when pickzero\" -> {0.}\n"
"From remote kernel:"
"\"dropped terms when pickzero\" -> {0.}\n"
"From remote kernel:"
"\"dropped terms when pickzero\" -> {0., 0.}\n"
"From remote kernel:"
"\"system cleared: DESolver`$InternalSystem\"\n"
"From remote kernel:"
"\"AMFlow: finished in 316s.\"\n"
