"From remote kernel:"
"DESolver`SetGlobalOptions -> {\"WorkingPre\" -> 100, \"ChopPre\" -> 20, \"SilentMode\" -> False, \"RationalizePre\" -> 100}\n"
"From remote kernel:"
"DESolver`SetExpansionOptions -> {\"XOrder\" -> 100, \"ExtraXOrder\" -> 20, \"LearnXOrder\" -> -1, \"TestXOrder\" -> 5}\n"
"From remote kernel:"
"DESolver`SetRunningOptions -> {\"RunRadius\" -> 2, \"RunLength\" -> 1000, \"RunCandidate\" -> 10, \"RunDirection\" -> \"NegIm\"}\n"
"From remote kernel:"
"DESolver`SetGlobalOptions -> {\"WorkingPre\" -> 200, \"ChopPre\" -> 20, \"SilentMode\" -> False, \"RationalizePre\" -> 100}\n"
"From remote kernel:"
"DESolver`SetExpansionOptions -> {\"XOrder\" -> 400, \"ExtraXOrder\" -> 480, \"LearnXOrder\" -> -1, \"TestXOrder\" -> 5}\n"
"From remote kernel:"
"DESolver`SetRunningOptions -> {\"RunRadius\" -> 2, \"RunLength\" -> 1000, \"RunCandidate\" -> 10, \"RunDirection\" -> \"NegIm\"}\n"
"From remote kernel:"
"\"AMFlow: start.\"\n"
"From remote kernel:"
"\"system loaded: DESolver`$InternalSystem\\nDE[DESolver`$InternalSystem] -- differential equation in matrix form\\nBC[DESolver`$InternalSystem] -- boundary conditions either in singular form or in regular form\\nP[DESolver`$InternalSystem] -- boundary point\\nAsyExp[DESolver`$InternalSystem] -- asymptotic expansion near a singular point (currently it is Null)\\nintegrals: 38, blocks: 24, density: 0.18, degrees: {22, 27}\"\n"
"From remote kernel:"
"\"AMFlow: integrals will be evaluated at 12 regular points\" -> {24.892205106440635 - 82.97401702146877*I, 12.961328724288375 - 43.20442908096125*I, 6.75389992580029 - 22.512999752667632*I, 3.5047158540557866 - 11.682386180185954*I, 1.8527100675701533 - 6.175700225233845*I, 1.0255576537937456 - 3.418525512645819*I, 0.609687965200881 - 2.03229321733627*I, 0.39720944127161006 - 1.3240314709053669*I, 0.28219553976301287 - 0.940651799210043*I, 0.2089347917899517 - 0.6964493059665057*I, 0.1472246666608329 - 0.49074888886944296*I, 0.08879537993770842 - 0.29598459979236136*I}\n"
"From remote kernel:"
"\"AMFlow: integration contour generated in 1s.\"\n"
"From remote kernel:"
"\"AMFlow: solving near eta = Infinity...\"\n"
"From remote kernel:"
"\"CalcTaylor: current region\" -> 1/100000\n"
"From remote kernel:"
"\"block\" -> {1}\n"
"From remote kernel:"
"\"boundary condition inserted\" -> {1, 0, 1.0000084559869469*^10}\n"
"From remote kernel:"
"\"block\" -> {5, 6, 7}\n"
"From remote kernel:"
"\"boundary condition test\" -> {7, 0, 1.0000084559869469*^10}\n"
"From remote kernel:"
"\"boundary condition test\" -> {6, 0, 9.99998455902387*^9}\n"
"From remote kernel:"
"\"boundary condition test\" -> {5, 0, -100000.8455986947}\n"
"From remote kernel:"
"\"block\" -> {9, 10}\n"
"From remote kernel:"
"\"boundary condition test\" -> {10, 0, 0.}\n"
"From remote kernel:"
"\"boundary condition test\" -> {9, 0, 0.}\n"
"From remote kernel:"
"\"block\" -> {2}\n"
"From remote kernel:"
"\"boundary condition test\" -> {2, 0, 1.0000084559869469*^10}\n"
"From remote kernel:"
"\"block\" -> {15}\n"
"From remote kernel:"
"\"boundary condition test\" -> {15, 0, 0.}\n"
"From remote kernel:"
"\"block\" -> {13}\n"
"From remote kernel:"
"\"boundary condition test\" -> {13, 0, 0.}\n"
"From remote kernel:"
"\"block\" -> {12}\n"
"From remote kernel:"
"\"boundary condition test\" -> {12, 0, 0.}\n"
"From remote kernel:"
"\"block\" -> {3}\n"
"From remote kernel:"
"\"boundary condition inserted\" -> {3, 0, 9.999923605580938*^9 + 295676.7468575191*I}\n"
"From remote kernel:"
"\"block\" -> {22, 23, 24}\n"
"From remote kernel:"
"\"boundary condition test\" -> {24, 0, 9.999923605580938*^9 + 295676.7468575191*I}\n"
"From remote kernel:"
"\"boundary condition test\" -> {23, 0, 16309.494690180894 - 18479.427082661372*I}\n"
"From remote kernel:"
"\"boundary condition test\" -> {22, 0, -99999.2360558094 - 2.956767468575191*I}\n"
"From remote kernel:"
"\"block\" -> {18, 19, 20}\n"
"From remote kernel:"
"\"boundary condition test\" -> {20, 0, 1.0000084559869469*^10}\n"
"From remote kernel:"
"\"boundary condition test\" -> {19, 0, 9.99998455902387*^9}\n"
"From remote kernel:"
"\"boundary condition test\" -> {18, 0, -1.0000184560715067*^10}\n"
"From remote kernel:"
"\"block\" -> {26, 27}\n"
"From remote kernel:"
"\"boundary condition test\" -> {27, 0, 0.}\n"
"From remote kernel:"
"\"boundary condition test\" -> {26, 0, 0.}\n"
"From remote kernel:"
"\"block\" -> {16}\n"
"From remote kernel:"
"\"boundary condition test\" -> {16, 0, 9.999923605580938*^9 + 295676.7468575191*I}\n"
"From remote kernel:"
"\"block\" -> {30}\n"
"From remote kernel:"
"\"boundary condition test\" -> {30, 0, 0.}\n"
"From remote kernel:"
"\"block\" -> {29}\n"
"From remote kernel:"
"\"boundary condition test\" -> {29, 0, 0.}\n"
"From remote kernel:"
"\"block\" -> {32, 33, 34, 35, 36, 37, 38}\n"
"From remote kernel:"
"\"homogeneous id up to\" -> 6174\n"
"From remote kernel:"
"\"dropped eqs\" -> {{6175 -> 0.}, {6175 -> 0.}}\n"
"From remote kernel:"
"\"boundary condition test\" -> {38, 0, 9.999923605580938*^9 + 295676.7468575191*I}\n"
"From remote kernel:"
"\"boundary condition test\" -> {37, 0, -1.9999947210397934*^10 - 591356.4504825068*I}\n"
"From remote kernel:"
"\"boundary condition test\" -> {36, 0, -6.249806867574655*^8 - 20789.355467994043*I}\n"
"From remote kernel:"
"\"boundary condition test\" -> {35, 0, 9.999923605580938*^9 + 295676.7468575191*I}\n"
"From remote kernel:"
"\"boundary condition test\" -> {34, 0, 9.999923605580938*^9 + 295676.7468575191*I}\n"
"From remote kernel:"
"\"boundary condition test\" -> {33, 0, 16309.494690180894 - 18479.427082661372*I}\n"
"From remote kernel:"
"\"boundary condition test\" -> {32, 0, -1.0000023604816996*^10 - 295679.7036249876*I}\n"
"From remote kernel:"
"\"block\" -> {31}\n"
"From remote kernel:"
"\"boundary condition test\" -> {31, 0, 9.999923605580938*^9 + 295676.7468575191*I}\n"
"From remote kernel:"
"\"block\" -> {21}\n"
"From remote kernel:"
"\"boundary condition test\" -> {21, 0, 9.999923605580938*^9 + 295676.7468575191*I}\n"
"From remote kernel:"
"\"block\" -> {17}\n"
"From remote kernel:"
"\"boundary condition test\" -> {17, 0, 1.0000084559869469*^10}\n"
"From remote kernel:"
"\"block\" -> {25}\n"
"From remote kernel:"
"\"boundary condition test\" -> {25, 0, 0.}\n"
"From remote kernel:"
"\"block\" -> {4}\n"
"From remote kernel:"
"\"boundary condition test\" -> {4, 0, 1.0000084559869469*^10}\n"
"From remote kernel:"
"\"block\" -> {8}\n"
"From remote kernel:"
"\"boundary condition test\" -> {8, 0, 0.}\n"
"From remote kernel:"
"\"block\" -> {28}\n"
"From remote kernel:"
"\"boundary condition test\" -> {28, 0, 0.}\n"
"From remote kernel:"
"\"block\" -> {14}\n"
"From remote kernel:"
"\"boundary condition test\" -> {14, 0, 0.}\n"
"From remote kernel:"
"\"block\" -> {11}\n"
"From remote kernel:"
"\"boundary condition test\" -> {11, 0, 0.}\n"
"From remote kernel:"
"\"CalcTaylor: current region\" -> 0\n"
"From remote kernel:"
"\"block\" -> {1}\n"
"From remote kernel:"
"\"boundary condition test\" -> {1, 0, 0.}\n"
"From remote kernel:"
"\"block\" -> {5, 6, 7}\n"
"From remote kernel:"
"\"boundary condition test\" -> {7, 0, 0.}\n"
"From remote kernel:"
"\"boundary condition test\" -> {6, 0, 0.}\n"
"From remote kernel:"
"\"boundary condition test\" -> {5, 0, 0.}\n"
"From remote kernel:"
"\"block\" -> {9, 10}\n"
"From remote kernel:"
"\"boundary condition test\" -> {10, 0, 0.}\n"
"From remote kernel:"
"\"boundary condition test\" -> {9, 0, 0.}\n"
"From remote kernel:"
"\"block\" -> {2}\n"
"From remote kernel:"
"\"boundary condition test\" -> {2, 0, 0.}\n"
"From remote kernel:"
"\"block\" -> {15}\n"
"From remote kernel:"
"\"boundary condition inserted\" -> {15, 0, -5.000092280712586*^9}\n"
"From remote kernel:"
"\"block\" -> {13}\n"
"From remote kernel:"
"\"boundary condition inserted\" -> {13, 0, -4.999831324031185*^9 - 295669.25174565497*I}\n"
"From remote kernel:"
"\"block\" -> {12}\n"
"From remote kernel:"
"\"boundary condition inserted\" -> {12, 0, 4.999992281982764*^9 + 5.943946773893212*I}\n"
"From remote kernel:"
"\"block\" -> {3}\n"
"From remote kernel:"
"\"boundary condition test\" -> {3, 0, 0.}\n"
"From remote kernel:"
"\"block\" -> {22, 23, 24}\n"
"From remote kernel:"
"\"boundary condition test\" -> {24, 0, 0.}\n"
"From remote kernel:"
"\"boundary condition test\" -> {23, 0, 0.}\n"
"From remote kernel:"
"\"boundary condition test\" -> {22, 0, 0.}\n"
"From remote kernel:"
"\"block\" -> {18, 19, 20}\n"
"From remote kernel:"
"\"boundary condition test\" -> {20, 0, 4.999831324031185*^9 + 295669.25174565497*I}\n"
"From remote kernel:"
"\"boundary condition test\" -> {19, 0, -4.999992281982764*^9 - 5.943946773893212*I}\n"
"From remote kernel:"
"\"boundary condition test\" -> {18, 0, 4.999667282486189*^9 - 17.710332101005097*I}\n"
"From remote kernel:"
"\"block\" -> {26, 27}\n"
"From remote kernel:"
"\"boundary condition test\" -> {27, 0, 5.000092280712586*^9}\n"
"From remote kernel:"
"\"boundary condition test\" -> {26, 0, 25001.33644283803}\n"
"From remote kernel:"
"\"block\" -> {16}\n"
"From remote kernel:"
"\"boundary condition test\" -> {16, 0, 0.}\n"
"From remote kernel:"
"\"block\" -> {30}\n"
"From remote kernel:"
"\"boundary condition inserted\" -> {30, 0, -30595.629283124006 + 20613.722728314548*I}\n"
"From remote kernel:"
"\"block\" -> {29}\n"
"From remote kernel:"
"\"boundary condition inserted\" -> {29, 0, 16309.795879415342 - 18478.593929797273*I}\n"
"From remote kernel:"
"\"block\" -> {32, 33, 34, 35, 36, 37, 38}\n"
"From remote kernel:"
"\"homogeneous id up to\" -> 6174\n"
"From remote kernel:"
"\"dropped eqs\" -> {{6175 -> 0.}, {6175 -> 0.}, {6175 -> 0.}, {6175 -> 0.}}\n"
"From remote kernel:"
"\"boundary condition test\" -> {38, 0, 3124.934033822274 - 0.001540083856922958*I}\n"
"From remote kernel:"
"\"boundary condition test\" -> {37, 0, -30595.629283124006 + 20613.722728314548*I}\n"
"From remote kernel:"
"\"boundary condition test\" -> {36, 0, 6.24986936810079*^8 + 20788.75543948909*I}\n"
"From remote kernel:"
"\"boundary condition test\" -> {35, 0, 30595.629283124006 - 20613.722728314548*I}\n"
"From remote kernel:"
"\"boundary condition test\" -> {34, 0, 30595.629283124006 - 20613.722728314548*I}\n"
"From remote kernel:"
"\"boundary condition test\" -> {33, 0, -16309.795879415342 + 18478.593929797273*I}\n"
"From remote kernel:"
"\"boundary condition test\" -> {32, 0, 4.999931322807567*^9 + 295675.06768586324*I}\n"
"From remote kernel:"
"\"block\" -> {31}\n"
"From remote kernel:"
"\"boundary condition test\" -> {31, 0, -4.999931322807567*^9 - 295675.06768586324*I}\n"
"From remote kernel:"
"\"block\" -> {21}\n"
"From remote kernel:"
"\"boundary condition test\" -> {21, 0, 0.}\n"
"From remote kernel:"
"\"block\" -> {17}\n"
"From remote kernel:"
"\"boundary condition test\" -> {17, 0, -4.999667282486189*^9 + 17.710332101005097*I}\n"
"From remote kernel:"
"\"block\" -> {25}\n"
"From remote kernel:"
"\"boundary condition test\" -> {25, 0, -25001.33644283803}\n"
"From remote kernel:"
"\"block\" -> {4}\n"
"From remote kernel:"
"\"boundary condition test\" -> {4, 0, 0.}\n"
"From remote kernel:"
"\"block\" -> {8}\n"
"From remote kernel:"
"\"boundary condition test\" -> {8, 0, 0.}\n"
"From remote kernel:"
"\"block\" -> {28}\n"
"From remote kernel:"
"\"boundary condition inserted\" -> {28, 0, 4.999931322807567*^9 + 295675.06768586324*I}\n"
"From remote kernel:"
"\"block\" -> {14}\n"
"From remote kernel:"
"\"boundary condition inserted\" -> {14, 0, 25001.33644283803}\n"
"From remote kernel:"
"\"block\" -> {11}\n"
"From remote kernel:"
"\"boundary condition inserted\" -> {11, 0, 4.999667282486189*^9 - 17.710332101005097*I}\n"
"From remote kernel:"
"\"CalcTaylor: current region\" -> 1/50000\n"
"From remote kernel:"
"\"block\" -> {1}\n"
"From remote kernel:"
"\"boundary condition test\" -> {1, 0, 0.}\n"
"From remote kernel:"
"\"block\" -> {5, 6, 7}\n"
"From remote kernel:"
"\"boundary condition inserted\" -> {7, 0, -4.999992281156855*^9}\n"
"From remote kernel:"
"\"boundary condition test\" -> {6, 0, -4.999992281156855*^9}\n"
"From remote kernel:"
"\"boundary condition test\" -> {5, 0, 4.999992281156855*^9}\n"
"From remote kernel:"
"\"block\" -> {9, 10}\n"
"From remote kernel:"
"\"boundary condition inserted\" -> {10, 0, -4.999992281156855*^9}\n"
"From remote kernel:"
"\"boundary condition test\" -> {9, 0, 4.999992281156855*^9}\n"
"From remote kernel:"
"\"block\" -> {2}\n"
"From remote kernel:"
"\"boundary condition inserted\" -> {2, 0, 0.}\n"
"From remote kernel:"
"\"block\" -> {15}\n"
"From remote kernel:"
"\"boundary condition test\" -> {15, 0, 0.}\n"
"From remote kernel:"
"\"block\" -> {13}\n"
"From remote kernel:"
"\"boundary condition test\" -> {13, 0, 0.}\n"
"From remote kernel:"
"\"block\" -> {12}\n"
"From remote kernel:"
"\"boundary condition test\" -> {12, 0, 0.}\n"
"From remote kernel:"
"\"block\" -> {3}\n"
"From remote kernel:"
"\"boundary condition test\" -> {3, 0, 0.}\n"
"From remote kernel:"
"\"block\" -> {22, 23, 24}\n"
"From remote kernel:"
"\"boundary condition test\" -> {24, 0, -1.0000084562159332*^10}\n"
"From remote kernel:"
"\"boundary condition test\" -> {23, 0, -49999.92281156855}\n"
"From remote kernel:"
"\"boundary condition test\" -> {22, 0, 99999.8456231371}\n"
"From remote kernel:"
"\"block\" -> {18, 19, 20}\n"
"From remote kernel:"
"\"boundary condition test\" -> {20, 0, -4.999992281156855*^9}\n"
"From remote kernel:"
"\"boundary condition test\" -> {19, 0, -4.999992281156855*^9}\n"
"From remote kernel:"
"\"boundary condition test\" -> {18, 0, -100001.8456600503}\n"
"From remote kernel:"
"\"block\" -> {26, 27}\n"
"From remote kernel:"
"\"boundary condition test\" -> {27, 0, -4.999992281156855*^9}\n"
"From remote kernel:"
"\"boundary condition test\" -> {26, 0, -100001.8456600503}\n"
"From remote kernel:"
"\"block\" -> {16}\n"
"From remote kernel:"
"\"boundary condition test\" -> {16, 0, 0.}\n"
"From remote kernel:"
"\"block\" -> {30}\n"
"From remote kernel:"
"\"boundary condition test\" -> {30, 0, 0.}\n"
"From remote kernel:"
"\"block\" -> {29}\n"
"From remote kernel:"
"\"boundary condition test\" -> {29, 0, 0.}\n"
"From remote kernel:"
"\"block\" -> {32, 33, 34, 35, 36, 37, 38}\n"
"From remote kernel:"
"\"homogeneous id up to\" -> 6174\n"
"From remote kernel:"
"\"dropped eqs\" -> {{6175 -> 0.}, {6175 -> 0.}, {6175 -> 0.}, {6175 -> 0.}, {6175 -> 0.}}\n"
"From remote kernel:"
"\"boundary condition test\" -> {38, 0, -1.0000234562927765*^10}\n"
"From remote kernel:"
"\"boundary condition test\" -> {37, 0, 2.0000369126009907*^10}\n"
"From remote kernel:"
"\"boundary condition test\" -> {36, 0, -49999.92281156855}\n"
"From remote kernel:"
"\"boundary condition test\" -> {35, 0, -1.0000084562159332*^10}\n"
"From remote kernel:"
"\"boundary condition test\" -> {34, 0, -4.999992281156855*^9}\n"
"From remote kernel:"
"\"boundary condition test\" -> {33, 0, -49999.92281156855}\n"
"From remote kernel:"
"\"boundary condition test\" -> {32, 0, 5.000092281002478*^9}\n"
"From remote kernel:"
"\"block\" -> {31}\n"
"From remote kernel:"
"\"boundary condition test\" -> {31, 0, -4.999992281156855*^9}\n"
"From remote kernel:"
"\"block\" -> {21}\n"
"From remote kernel:"
"\"boundary condition test\" -> {21, 0, -4.999992281156855*^9}\n"
"From remote kernel:"
"\"block\" -> {17}\n"
"From remote kernel:"
"\"boundary condition test\" -> {17, 0, 5.000092283002515*^9}\n"
"From remote kernel:"
"\"block\" -> {25}\n"
"From remote kernel:"
"\"boundary condition test\" -> {25, 0, 5.000092283002515*^9}\n"
"From remote kernel:"
"\"block\" -> {4}\n"
"From remote kernel:"
"\"boundary condition test\" -> {4, 0, 5.000092283002515*^9}\n"
"From remote kernel:"
"\"block\" -> {8}\n"
"From remote kernel:"
"\"boundary condition test\" -> {8, 0, 5.000092283002515*^9}\n"
"From remote kernel:"
"\"block\" -> {28}\n"
"From remote kernel:"
"\"boundary condition test\" -> {28, 0, 0.}\n"
"From remote kernel:"
"\"block\" -> {14}\n"
"From remote kernel:"
"\"boundary condition test\" -> {14, 0, 0.}\n"
"From remote kernel:"
"\"block\" -> {11}\n"
"From remote kernel:"
"\"boundary condition test\" -> {11, 0, 0.}\n"
"From remote kernel:"
"\"AMFlow: Infinity solved in 75s.\"\n"
"From remote kernel:"
"\"AMFlow: running among regular points...\"\n"
"From remote kernel:"
"\"current regular point\" -> 24.89220510644063 - 82.97401702146877*I\n"
"From remote kernel:"
"\"current regular point\" -> 12.961328724288375 - 43.204429080961255*I\n"
"From remote kernel:"
"\"current regular point\" -> 6.753899925800291 - 22.512999752667636*I\n"
"From remote kernel:"
"\"current regular point\" -> 3.504715854055786 - 11.682386180185954*I\n"
"From remote kernel:"
"\"current regular point\" -> 1.8527100675701533 - 6.175700225233844*I\n"
"From remote kernel:"
"\"current regular point\" -> 1.0255576537937456 - 3.418525512645819*I\n"
"From remote kernel:"
"\"current regular point\" -> 0.6096879652008811 - 2.03229321733627*I\n"
"From remote kernel:"
"\"current regular point\" -> 0.39720944127161006 - 1.3240314709053669*I\n"
"From remote kernel:"
"\"current regular point\" -> 0.28219553976301287 - 0.9406517992100429*I\n"
"From remote kernel:"
"\"current regular point\" -> 0.2089347917899517 - 0.6964493059665057*I\n"
"From remote kernel:"
"\"current regular point\" -> 0.1472246666608329 - 0.490748888869443*I\n"
"From remote kernel:"
"\"AMFlow: regular running finished in 41s.\"\n"
"From remote kernel:"
"\"AMFlow: solving near the last point...\"\n"
"From remote kernel:"
"\"NormalizeMat finished in 1s.\"\n"
"From remote kernel:"
"\"LearnXOrder is negative. skip learning phase.\"\n"
"From remote kernel:"
"\"block\" -> {1}\n"
"From remote kernel:"
"\"behavior\" -> {{0, 0}}\n"
"From remote kernel:"
"\"number of constraints and variables\" -> {1, 1}\n"
"From remote kernel:"
"\"block\" -> {5, 6, 7}\n"
"From remote kernel:"
"\"behavior\" -> {{0, 1}}\n"
"From remote kernel:"
"\"number of constraints and variables\" -> {3, 3}\n"
"From remote kernel:"
"\"block\" -> {9, 10}\n"
"From remote kernel:"
"\"behavior\" -> {{0, 0}, {24999/25000, 0}}\n"
"From remote kernel:"
"\"number of constraints and variables\" -> {4, 4}\n"
"From remote kernel:"
"\"block\" -> {2}\n"
"From remote kernel:"
"\"behavior\" -> {{49999/50000, 0}, {0, 0}}\n"
"From remote kernel:"
"\"number of constraints and variables\" -> {1, 1}\n"
"From remote kernel:"
"\"block\" -> {15}\n"
"From remote kernel:"
"\"behavior\" -> {{0, 0}}\n"
"From remote kernel:"
"\"number of constraints and variables\" -> {1, 1}\n"
"From remote kernel:"
"\"block\" -> {13}\n"
"From remote kernel:"
"\"behavior\" -> {{0, 0}}\n"
"From remote kernel:"
"\"number of constraints and variables\" -> {1, 1}\n"
"From remote kernel:"
"\"block\" -> {12}\n"
"From remote kernel:"
"\"behavior\" -> {{0, 0}}\n"
"From remote kernel:"
"\"number of constraints and variables\" -> {1, 1}\n"
"From remote kernel:"
"\"block\" -> {3}\n"
"From remote kernel:"
"\"behavior\" -> {{0, 0}}\n"
"From remote kernel:"
"\"number of constraints and variables\" -> {1, 1}\n"
"From remote kernel:"
"\"block\" -> {22, 23, 24}\n"
"From remote kernel:"
"\"behavior\" -> {{0, 2}, {24999/25000, 0}}\n"
"From remote kernel:"
"\"number of constraints and variables\" -> {3, 3}\n"
"From remote kernel:"
"\"block\" -> {18, 19, 20}\n"
"From remote kernel:"
"\"behavior\" -> {{0, 2}, {49999/50000, 1}}\n"
"From remote kernel:"
"\"number of constraints and variables\" -> {6, 6}\n"
"From remote kernel:"
"\"block\" -> {26, 27}\n"
"From remote kernel:"
"\"behavior\" -> {{0, 1}, {49999/50000, 0}, {24999/25000, 0}}\n"
"From remote kernel:"
"\"number of constraints and variables\" -> {4, 4}\n"
"From remote kernel:"
"\"block\" -> {16}\n"
"From remote kernel:"
"\"behavior\" -> {{49999/50000, 0}, {0, 0}}\n"
"From remote kernel:"
"\"number of constraints and variables\" -> {1, 1}\n"
"From remote kernel:"
"\"block\" -> {30}\n"
"From remote kernel:"
"\"behavior\" -> {{0, 0}}\n"
"From remote kernel:"
"\"number of constraints and variables\" -> {1, 1}\n"
"From remote kernel:"
"\"block\" -> {29}\n"
"From remote kernel:"
"\"behavior\" -> {{0, 0}}\n"
"From remote kernel:"
"\"number of constraints and variables\" -> {1, 1}\n"
"From remote kernel:"
"\"block\" -> {32, 33, 34, 35, 36, 37, 38}\n"
"From remote kernel:"
"\"behavior\" -> {{0, 3}, {49999/50000, 2}, {24999/25000, 0}}\n"
"From remote kernel:"
"\"number of constraints and variables\" -> {14, 14}\n"
"From remote kernel:"
"\"block\" -> {31}\n"
"From remote kernel:"
"\"behavior\" -> {{0, 4}, {24999/25000, 0}, {49999/50000, 2}}\n"
"From remote kernel:"
"\"number of constraints and variables\" -> {1, 1}\n"
"From remote kernel:"
"\"block\" -> {21}\n"
"From remote kernel:"
"\"behavior\" -> {{0, 3}, {24999/25000, 0}}\n"
"From remote kernel:"
"\"number of constraints and variables\" -> {1, 1}\n"
"From remote kernel:"
"\"block\" -> {17}\n"
"From remote kernel:"
"\"behavior\" -> {{0, 3}, {49999/50000, 1}}\n"
"From remote kernel:"
"\"number of constraints and variables\" -> {1, 1}\n"
"From remote kernel:"
"\"block\" -> {25}\n"
"From remote kernel:"
"\"behavior\" -> {{0, 2}, {49999/50000, 0}, {24999/25000, 0}}\n"
"From remote kernel:"
"\"number of constraints and variables\" -> {1, 1}\n"
"From remote kernel:"
"\"block\" -> {4}\n"
"From remote kernel:"
"\"behavior\" -> {{0, 2}}\n"
"From remote kernel:"
"\"number of constraints and variables\" -> {1, 1}\n"
"From remote kernel:"
"\"block\" -> {8}\n"
"From remote kernel:"
"\"behavior\" -> {{0, 1}, {24999/25000, 0}}\n"
"From remote kernel:"
"\"number of constraints and variables\" -> {1, 1}\n"
"From remote kernel:"
"\"block\" -> {28}\n"
"From remote kernel:"
"\"behavior\" -> {{0, 0}}\n"
"From remote kernel:"
"\"number of constraints and variables\" -> {1, 1}\n"
"From remote kernel:"
"\"block\" -> {14}\n"
"From remote kernel:"
"\"behavior\" -> {{0, 0}}\n"
"From remote kernel:"
"\"number of constraints and variables\" -> {1, 1}\n"
"From remote kernel:"
"\"block\" -> {11}\n"
"From remote kernel:"
"\"behavior\" -> {{0, 0}}\n"
"From remote kernel:"
"\"number of constraints and variables\" -> {1, 1}\n"
"From remote kernel:"
"\"AMFlow: last point solved in 24s.\"\n"
"From remote kernel:"
"\"dropped terms when pickzero\" -> {0.}\n"
"From remote kernel:"
"\"dropped terms when pickzero\" -> {0.}\n"
"From remote kernel:"
"\"dropped terms when pickzero\" -> {0.}\n"
"From remote kernel:"
"\"dropped terms when pickzero\" -> {0., 0.}\n"
"From remote kernel:"
"\"dropped terms when pickzero\" -> {0.}\n"
"From remote kernel:"
"\"dropped terms when pickzero\" -> {0., 0.}\n"
"From remote kernel:"
"\"system cleared: DESolver`$InternalSystem\"\n"
"From remote kernel:"
"\"AMFlow: finished in 142s.\"\n"
