"From remote kernel:"
"DESolver`SetGlobalOptions -> {\"WorkingPre\" -> 100, \"ChopPre\" -> 20, \"SilentMode\" -> False, \"RationalizePre\" -> 100}\n"
"From remote kernel:"
"DESolver`SetExpansionOptions -> {\"XOrder\" -> 100, \"ExtraXOrder\" -> 20, \"LearnXOrder\" -> -1, \"TestXOrder\" -> 5}\n"
"From remote kernel:"
"DESolver`SetRunningOptions -> {\"RunRadius\" -> 2, \"RunLength\" -> 1000, \"RunCandidate\" -> 10, \"RunDirection\" -> \"NegIm\"}\n"
"From remote kernel:"
"DESolver`SetGlobalOptions -> {\"WorkingPre\" -> 200, \"ChopPre\" -> 20, \"SilentMode\" -> False, \"RationalizePre\" -> 100}\n"
"From remote kernel:"
"DESolver`SetExpansionOptions -> {\"XOrder\" -> 400, \"ExtraXOrder\" -> 480, \"LearnXOrder\" -> -1, \"TestXOrder\" -> 5}\n"
"From remote kernel:"
"DESolver`SetRunningOptions -> {\"RunRadius\" -> 2, \"RunLength\" -> 1000, \"RunCandidate\" -> 10, \"RunDirection\" -> \"NegIm\"}\n"
"From remote kernel:"
"\"AMFlow: start.\"\n"
"From remote kernel:"
"\"system loaded: DESolver`$InternalSystem\\nDE[DESolver`$InternalSystem] -- differential equation in matrix form\\nBC[DESolver`$InternalSystem] -- boundary conditions either in singular form or in regular form\\nP[DESolver`$InternalSystem] -- boundary point\\nAsyExp[DESolver`$InternalSystem] -- asymptotic expansion near a singular point (currently it is Null)\\nintegrals: 57, blocks: 39, density: 0.14, degrees: {25, 28}\"\n"
"From remote kernel:"
"\"AMFlow: integrals will be evaluated at 8 regular points\" -> {14.925084131331033 - 24.87514021888506*I, 8.517695776814135 - 14.196159628023558*I, 4.8087760218019975 - 8.01462670300333*I, 2.7990110268187895 - 4.6650183780313155*I, 1.6882108379589584 - 2.8136847299315972*I, 0.946606791409111 - 1.577677985681852*I, 0.47330339570455565 - 0.7888389928409262*I, 0.25724787771376323 - 0.42874646285627205*I}\n"
"From remote kernel:"
"\"AMFlow: integration contour generated in 2s.\"\n"
"From remote kernel:"
"\"AMFlow: solving near eta = Infinity...\"\n"
"From remote kernel:"
"\"CalcTaylor: current region\" -> 1/100000\n"
"From remote kernel:"
"\"block\" -> {1}\n"
"From remote kernel:"
"\"boundary condition inserted\" -> {1, 0, 1.0000084559869469*^10}\n"
"From remote kernel:"
"\"block\" -> {7, 8, 9}\n"
"From remote kernel:"
"\"boundary condition test\" -> {9, 0, 1.0000084559869469*^10}\n"
"From remote kernel:"
"\"boundary condition test\" -> {8, 0, -100000.8455986947}\n"
"From remote kernel:"
"\"boundary condition test\" -> {7, 0, 9.99998455902387*^9}\n"
"From remote kernel:"
"\"block\" -> {14, 15}\n"
"From remote kernel:"
"\"boundary condition test\" -> {15, 0, 0.}\n"
"From remote kernel:"
"\"boundary condition test\" -> {14, 0, 0.}\n"
"From remote kernel:"
"\"block\" -> {4}\n"
"From remote kernel:"
"\"boundary condition test\" -> {4, 0, 1.0000084559869469*^10}\n"
"From remote kernel:"
"\"block\" -> {19}\n"
"From remote kernel:"
"\"boundary condition test\" -> {19, 0, 0.}\n"
"From remote kernel:"
"\"block\" -> {17}\n"
"From remote kernel:"
"\"boundary condition test\" -> {17, 0, 0.}\n"
"From remote kernel:"
"\"block\" -> {12}\n"
"From remote kernel:"
"\"boundary condition test\" -> {12, 0, 0.}\n"
"From remote kernel:"
"\"block\" -> {11}\n"
"From remote kernel:"
"\"boundary condition test\" -> {11, 0, 0.}\n"
"From remote kernel:"
"\"block\" -> {2}\n"
"From remote kernel:"
"\"boundary condition test\" -> {2, 0, 0.}\n"
"From remote kernel:"
"\"block\" -> {25, 26, 27}\n"
"From remote kernel:"
"\"boundary condition test\" -> {27, 0, 1.0000084559869469*^10}\n"
"From remote kernel:"
"\"boundary condition test\" -> {26, 0, 1.0000084559869469*^10}\n"
"From remote kernel:"
"\"boundary condition test\" -> {25, 0, 9.99998455902387*^9}\n"
"From remote kernel:"
"\"block\" -> {22, 23}\n"
"From remote kernel:"
"\"boundary condition test\" -> {23, 0, 1.0000184562715124*^10}\n"
"From remote kernel:"
"\"boundary condition test\" -> {22, 0, 4.999992279511935*^9}\n"
"From remote kernel:"
"\"block\" -> {34, 35}\n"
"From remote kernel:"
"\"boundary condition test\" -> {35, 0, 0.}\n"
"From remote kernel:"
"\"boundary condition test\" -> {34, 0, 0.}\n"
"From remote kernel:"
"\"block\" -> {31, 32}\n"
"From remote kernel:"
"\"boundary condition test\" -> {32, 0, 0.}\n"
"From remote kernel:"
"\"boundary condition test\" -> {31, 0, 0.}\n"
"From remote kernel:"
"\"block\" -> {3}\n"
"From remote kernel:"
"\"boundary condition test\" -> {3, 0, 1.0000084559869469*^10}\n"
"From remote kernel:"
"\"block\" -> {38}\n"
"From remote kernel:"
"\"boundary condition test\" -> {38, 0, 0.}\n"
"From remote kernel:"
"\"block\" -> {37}\n"
"From remote kernel:"
"\"boundary condition test\" -> {37, 0, 0.}\n"
"From remote kernel:"
"\"block\" -> {29}\n"
"From remote kernel:"
"\"boundary condition test\" -> {29, 0, 0.}\n"
"From remote kernel:"
"\"block\" -> {5}\n"
"From remote kernel:"
"\"boundary condition test\" -> {5, 0, 0.}\n"
"From remote kernel:"
"\"block\" -> {49, 50, 51, 52, 53, 54}\n"
"From remote kernel:"
"\"boundary condition test\" -> {54, 0, 1.0000184562715124*^10}\n"
"From remote kernel:"
"\"boundary condition test\" -> {53, 0, 1.0000184562715124*^10}\n"
"From remote kernel:"
"\"boundary condition test\" -> {52, 0, 1.0000184562715124*^10}\n"
"From remote kernel:"
"\"boundary condition test\" -> {51, 0, -4.999892281666302*^9}\n"
"From remote kernel:"
"\"boundary condition test\" -> {50, 0, -1.0000284564560751*^10}\n"
"From remote kernel:"
"\"boundary condition test\" -> {49, 0, 4.999992279511935*^9}\n"
"From remote kernel:"
"\"block\" -> {39, 40, 41}\n"
"From remote kernel:"
"\"boundary condition test\" -> {41, 0, 1.0000184562715124*^10}\n"
"From remote kernel:"
"\"boundary condition test\" -> {40, 0, 1.0000184562715124*^10}\n"
"From remote kernel:"
"\"boundary condition test\" -> {39, 0, 1.0000184562715124*^10}\n"
"From remote kernel:"
"\"block\" -> {46, 47}\n"
"From remote kernel:"
"\"boundary condition test\" -> {47, 0, 0.}\n"
"From remote kernel:"
"\"boundary condition test\" -> {46, 0, 0.}\n"
"From remote kernel:"
"\"block\" -> {20}\n"
"From remote kernel:"
"\"boundary condition test\" -> {20, 0, 1.0000084559869469*^10}\n"
"From remote kernel:"
"\"block\" -> {44}\n"
"From remote kernel:"
"\"boundary condition test\" -> {44, 0, 0.}\n"
"From remote kernel:"
"\"block\" -> {43}\n"
"From remote kernel:"
"\"boundary condition test\" -> {43, 0, 0.}\n"
"From remote kernel:"
"\"block\" -> {42}\n"
"From remote kernel:"
"\"boundary condition test\" -> {42, 0, 0.}\n"
"From remote kernel:"
"\"block\" -> {55, 56, 57}\n"
"From remote kernel:"
"\"boundary condition test\" -> {57, 0, 1.0000184562715124*^10}\n"
"From remote kernel:"
"\"boundary condition test\" -> {56, 0, 1.0000184562715124*^10}\n"
"From remote kernel:"
"\"boundary condition test\" -> {55, 0, 1.0000184562715124*^10}\n"
"From remote kernel:"
"\"block\" -> {48}\n"
"From remote kernel:"
"\"boundary condition test\" -> {48, 0, 1.0000184562715124*^10}\n"
"From remote kernel:"
"\"block\" -> {45}\n"
"From remote kernel:"
"\"boundary condition test\" -> {45, 0, 0.}\n"
"From remote kernel:"
"\"block\" -> {24}\n"
"From remote kernel:"
"\"boundary condition test\" -> {24, 0, 1.0000084559869469*^10}\n"
"From remote kernel:"
"\"block\" -> {21}\n"
"From remote kernel:"
"\"boundary condition test\" -> {21, 0, 1.0000184562715124*^10}\n"
"From remote kernel:"
"\"block\" -> {33}\n"
"From remote kernel:"
"\"boundary condition test\" -> {33, 0, 0.}\n"
"From remote kernel:"
"\"block\" -> {30}\n"
"From remote kernel:"
"\"boundary condition test\" -> {30, 0, 0.}\n"
"From remote kernel:"
"\"block\" -> {6}\n"
"From remote kernel:"
"\"boundary condition test\" -> {6, 0, 1.0000084559869469*^10}\n"
"From remote kernel:"
"\"block\" -> {13}\n"
"From remote kernel:"
"\"boundary condition test\" -> {13, 0, 0.}\n"
"From remote kernel:"
"\"block\" -> {36}\n"
"From remote kernel:"
"\"boundary condition test\" -> {36, 0, 0.}\n"
"From remote kernel:"
"\"block\" -> {28}\n"
"From remote kernel:"
"\"boundary condition test\" -> {28, 0, 0.}\n"
"From remote kernel:"
"\"block\" -> {18}\n"
"From remote kernel:"
"\"boundary condition test\" -> {18, 0, 0.}\n"
"From remote kernel:"
"\"block\" -> {16}\n"
"From remote kernel:"
"\"boundary condition test\" -> {16, 0, 0.}\n"
"From remote kernel:"
"\"block\" -> {10}\n"
"From remote kernel:"
"\"boundary condition test\" -> {10, 0, 0.}\n"
"From remote kernel:"
"\"CalcTaylor: current region\" -> 0\n"
"From remote kernel:"
"\"block\" -> {1}\n"
"From remote kernel:"
"\"boundary condition test\" -> {1, 0, 0.}\n"
"From remote kernel:"
"\"block\" -> {7, 8, 9}\n"
"From remote kernel:"
"\"boundary condition test\" -> {9, 0, 0.}\n"
"From remote kernel:"
"\"boundary condition test\" -> {8, 0, 0.}\n"
"From remote kernel:"
"\"boundary condition test\" -> {7, 0, 0.}\n"
"From remote kernel:"
"\"block\" -> {14, 15}\n"
"From remote kernel:"
"\"boundary condition test\" -> {15, 0, 0.}\n"
"From remote kernel:"
"\"boundary condition test\" -> {14, 0, 0.}\n"
"From remote kernel:"
"\"block\" -> {4}\n"
"From remote kernel:"
"\"boundary condition test\" -> {4, 0, 0.}\n"
"From remote kernel:"
"\"block\" -> {19}\n"
"From remote kernel:"
"\"boundary condition inserted\" -> {19, 0, -4.9999313266717825*^9 - 314154.9508999222*I}\n"
"From remote kernel:"
"\"block\" -> {17}\n"
"From remote kernel:"
"\"boundary condition inserted\" -> {17, 0, -5.000092285647588*^9}\n"
"From remote kernel:"
"\"block\" -> {12}\n"
"From remote kernel:"
"\"boundary condition inserted\" -> {12, 0, -4.999831324031185*^9 - 295669.25174565497*I}\n"
"From remote kernel:"
"\"block\" -> {11}\n"
"From remote kernel:"
"\"boundary condition inserted\" -> {11, 0, 4.999992281982764*^9 + 5.943946773893212*I}\n"
"From remote kernel:"
"\"block\" -> {2}\n"
"From remote kernel:"
"\"boundary condition inserted\" -> {2, 0, 1.0000084559869469*^10}\n"
"From remote kernel:"
"\"block\" -> {25, 26, 27}\n"
"From remote kernel:"
"\"boundary condition test\" -> {27, 0, 4.999831324031185*^9 + 295669.25174565497*I}\n"
"From remote kernel:"
"\"boundary condition test\" -> {26, 0, 4.999831324031185*^9 + 295669.25174565497*I}\n"
"From remote kernel:"
"\"boundary condition test\" -> {25, 0, -4.999992281982764*^9 - 5.943946773893212*I}\n"
"From remote kernel:"
"\"block\" -> {22, 23}\n"
"From remote kernel:"
"\"boundary condition test\" -> {23, 0, 0.}\n"
"From remote kernel:"
"\"boundary condition test\" -> {22, 0, 0.}\n"
"From remote kernel:"
"\"block\" -> {34, 35}\n"
"From remote kernel:"
"\"boundary condition test\" -> {35, 0, 4.9999313266717825*^9 + 314154.9508999222*I}\n"
"From remote kernel:"
"\"boundary condition test\" -> {34, 0, 4.9999313266717825*^9 + 314154.9508999222*I}\n"
"From remote kernel:"
"\"block\" -> {31, 32}\n"
"From remote kernel:"
"\"boundary condition test\" -> {32, 0, 5.000092285647588*^9}\n"
"From remote kernel:"
"\"boundary condition test\" -> {31, 0, -4.999992281801798*^9}\n"
"From remote kernel:"
"\"block\" -> {3}\n"
"From remote kernel:"
"\"boundary condition test\" -> {3, 0, -1.0000084559869469*^10}\n"
"From remote kernel:"
"\"block\" -> {38}\n"
"From remote kernel:"
"\"boundary condition inserted\" -> {38, 0, -50544.45432536984 + 32578.530634148407*I}\n"
"From remote kernel:"
"\"block\" -> {37}\n"
"From remote kernel:"
"\"boundary condition inserted\" -> {37, 0, 16309.724801777847 - 18479.011362367335*I}\n"
"From remote kernel:"
"\"block\" -> {29}\n"
"From remote kernel:"
"\"boundary condition inserted\" -> {29, 0, -50543.781553720895 + 32577.18136182856*I}\n"
"From remote kernel:"
"\"block\" -> {5}\n"
"From remote kernel:"
"\"boundary condition inserted\" -> {5, 0, 9.999923605580938*^9 + 295676.7468575191*I}\n"
"From remote kernel:"
"\"block\" -> {49, 50, 51, 52, 53, 54}\n"
"From remote kernel:"
"\"homogeneous id up to\" -> 5292\n"
"From remote kernel:"
"\"dropped eqs\" -> {{5293 -> 0.}, {5293 -> 0.}, {5293 -> 0.}, {5293 -> 0.}, {5293 -> 0.}}\n"
"From remote kernel:"
"\"boundary condition test\" -> {54, 0, -624.9172176467844 - 0.07853470652872319*I}\n"
"From remote kernel:"
"\"boundary condition test\" -> {53, 0, 50543.781553720895 - 32577.18136182856*I}\n"
"From remote kernel:"
"\"boundary condition test\" -> {52, 0, 50543.781553720895 - 32577.18136182856*I}\n"
"From remote kernel:"
"\"boundary condition test\" -> {51, 0, 4.999971810558319*^9 + 157078.55171124637*I}\n"
"From remote kernel:"
"\"boundary condition test\" -> {50, 0, 5.000192284537287*^9 + 10.529905969486244*I}\n"
"From remote kernel:"
"\"boundary condition test\" -> {49, 0, -4.999961806607214*^9 - 157078.56321219314*I}\n"
"From remote kernel:"
"\"block\" -> {39, 40, 41}\n"
"From remote kernel:"
"\"boundary condition test\" -> {41, 0, 2.4999211397267704*^9}\n"
"From remote kernel:"
"\"boundary condition test\" -> {40, 0, 3.289944039253729}\n"
"From remote kernel:"
"\"boundary condition test\" -> {39, 0, -5.000192282913358*^9}\n"
"From remote kernel:"
"\"block\" -> {46, 47}\n"
"From remote kernel:"
"\"boundary condition test\" -> {47, 0, 50544.45432536984 - 32578.530634148407*I}\n"
"From remote kernel:"
"\"boundary condition test\" -> {46, 0, -16309.724801777847 + 18479.011362367335*I}\n"
"From remote kernel:"
"\"block\" -> {20}\n"
"From remote kernel:"
"\"boundary condition test\" -> {20, 0, -9.999923605580938*^9 - 295676.7468575191*I}\n"
"From remote kernel:"
"\"block\" -> {44}\n"
"From remote kernel:"
"\"boundary condition inserted\" -> {44, 0, -5.0000749152413017*^8 + 0.04806518217721286*I}\n"
"From remote kernel:"
"\"block\" -> {43}\n"
"From remote kernel:"
"\"boundary condition inserted\" -> {43, 0, -0.30461615254291013 + 0.007997660770566383*I}\n"
"From remote kernel:"
"\"block\" -> {42}\n"
"From remote kernel:"
"\"boundary condition inserted\" -> {42, 0, 0.7294192922255461 - 1.3583364082663707*I}\n"
"From remote kernel:"
"\"block\" -> {55, 56, 57}\n"
"From remote kernel:"
"\"boundary condition test\" -> {57, 0, 5.0000749152413017*^8 - 0.04806518217721286*I}\n"
"From remote kernel:"
"\"boundary condition test\" -> {56, 0, 0.30461615254291013 - 0.007997660770566383*I}\n"
"From remote kernel:"
"\"boundary condition test\" -> {55, 0, -0.7294192922255461 + 1.3583364082663707*I}\n"
"From remote kernel:"
"\"block\" -> {48}\n"
"From remote kernel:"
"\"boundary condition test\" -> {48, 0, -5.000192284537287*^9 - 10.529905969486244*I}\n"
"From remote kernel:"
"\"block\" -> {45}\n"
"From remote kernel:"
"\"boundary condition test\" -> {45, 0, -4.9999313235402975*^9 - 295674.6809974181*I}\n"
"From remote kernel:"
"\"block\" -> {24}\n"
"From remote kernel:"
"\"homogeneous id up to\" -> 882\n"
"From remote kernel:"
"\"dropped eqs\" -> {{883 -> 0.}}\n"
"From remote kernel:"
"\"boundary condition test\" -> {24, 0, -4.999667282486189*^9 + 17.710332101005097*I}\n"
"From remote kernel:"
"\"block\" -> {21}\n"
"From remote kernel:"
"\"boundary condition test\" -> {21, 0, 0.}\n"
"From remote kernel:"
"\"block\" -> {33}\n"
"From remote kernel:"
"\"homogeneous id up to\" -> 882\n"
"From remote kernel:"
"\"dropped eqs\" -> {{883 -> 0.}}\n"
"From remote kernel:"
"\"boundary condition test\" -> {33, 0, 125002.65822233155 + 7.854148665345097*I}\n"
"From remote kernel:"
"\"block\" -> {30}\n"
"From remote kernel:"
"\"homogeneous id up to\" -> 882\n"
"From remote kernel:"
"\"dropped eqs\" -> {{883 -> 0.}}\n"
"From remote kernel:"
"\"boundary condition test\" -> {30, 0, -5.00006728281104*^9}\n"
"From remote kernel:"
"\"block\" -> {6}\n"
"From remote kernel:"
"\"boundary condition test\" -> {6, 0, 0.}\n"
"From remote kernel:"
"\"block\" -> {13}\n"
"From remote kernel:"
"\"boundary condition test\" -> {13, 0, 0.}\n"
"From remote kernel:"
"\"block\" -> {36}\n"
"From remote kernel:"
"\"boundary condition inserted\" -> {36, 0, 4.9999313235402975*^9 + 295674.6809974181*I}\n"
"From remote kernel:"
"\"block\" -> {28}\n"
"From remote kernel:"
"\"boundary condition inserted\" -> {28, 0, 5.000192284537287*^9 + 10.529905969486244*I}\n"
"From remote kernel:"
"\"block\" -> {18}\n"
"From remote kernel:"
"\"boundary condition inserted\" -> {18, 0, -125002.65822233155 - 7.854148665345097*I}\n"
"From remote kernel:"
"\"block\" -> {16}\n"
"From remote kernel:"
"\"boundary condition inserted\" -> {16, 0, 5.00006728281104*^9}\n"
"From remote kernel:"
"\"block\" -> {10}\n"
"From remote kernel:"
"\"boundary condition inserted\" -> {10, 0, 4.999667282486189*^9 - 17.710332101005097*I}\n"
"From remote kernel:"
"\"CalcTaylor: current region\" -> 1/50000\n"
"From remote kernel:"
"\"block\" -> {1}\n"
"From remote kernel:"
"\"boundary condition test\" -> {1, 0, 0.}\n"
"From remote kernel:"
"\"block\" -> {7, 8, 9}\n"
"From remote kernel:"
"\"boundary condition inserted\" -> {9, 0, -4.999992281156855*^9}\n"
"From remote kernel:"
"\"boundary condition test\" -> {8, 0, 4.999992281156855*^9}\n"
"From remote kernel:"
"\"boundary condition test\" -> {7, 0, -4.999992281156855*^9}\n"
"From remote kernel:"
"\"block\" -> {14, 15}\n"
"From remote kernel:"
"\"boundary condition inserted\" -> {15, 0, -4.999992281156855*^9}\n"
"From remote kernel:"
"\"boundary condition test\" -> {14, 0, 4.999992281156855*^9}\n"
"From remote kernel:"
"\"block\" -> {4}\n"
"From remote kernel:"
"\"boundary condition inserted\" -> {4, 0, 0.}\n"
"From remote kernel:"
"\"block\" -> {19}\n"
"From remote kernel:"
"\"boundary condition test\" -> {19, 0, 0.}\n"
"From remote kernel:"
"\"block\" -> {17}\n"
"From remote kernel:"
"\"boundary condition test\" -> {17, 0, 0.}\n"
"From remote kernel:"
"\"block\" -> {12}\n"
"From remote kernel:"
"\"boundary condition test\" -> {12, 0, 0.}\n"
"From remote kernel:"
"\"block\" -> {11}\n"
"From remote kernel:"
"\"boundary condition test\" -> {11, 0, 0.}\n"
"From remote kernel:"
"\"block\" -> {2}\n"
"From remote kernel:"
"\"boundary condition test\" -> {2, 0, 0.}\n"
"From remote kernel:"
"\"block\" -> {25, 26, 27}\n"
"From remote kernel:"
"\"boundary condition test\" -> {27, 0, 5.000092283002515*^9}\n"
"From remote kernel:"
"\"boundary condition test\" -> {26, 0, -4.999992281156855*^9}\n"
"From remote kernel:"
"\"boundary condition test\" -> {25, 0, -4.999992281156855*^9}\n"
"From remote kernel:"
"\"block\" -> {22, 23}\n"
"From remote kernel:"
"\"boundary condition test\" -> {23, 0, -1.0000084562159332*^10}\n"
"From remote kernel:"
"\"boundary condition test\" -> {22, 0, -49999.92281156855}\n"
"From remote kernel:"
"\"block\" -> {34, 35}\n"
"From remote kernel:"
"\"boundary condition test\" -> {35, 0, 5.000092283002515*^9}\n"
"From remote kernel:"
"\"boundary condition test\" -> {34, 0, -4.999992281156855*^9}\n"
"From remote kernel:"
"\"block\" -> {31, 32}\n"
"From remote kernel:"
"\"boundary condition test\" -> {32, 0, -4.999992281156855*^9}\n"
"From remote kernel:"
"\"boundary condition test\" -> {31, 0, 5.000092283002515*^9}\n"
"From remote kernel:"
"\"block\" -> {3}\n"
"From remote kernel:"
"\"boundary condition inserted\" -> {3, 0, 0.}\n"
"From remote kernel:"
"\"block\" -> {38}\n"
"From remote kernel:"
"\"boundary condition test\" -> {38, 0, 0.}\n"
"From remote kernel:"
"\"block\" -> {37}\n"
"From remote kernel:"
"\"boundary condition test\" -> {37, 0, 0.}\n"
"From remote kernel:"
"\"block\" -> {29}\n"
"From remote kernel:"
"\"boundary condition test\" -> {29, 0, 0.}\n"
"From remote kernel:"
"\"block\" -> {5}\n"
"From remote kernel:"
"\"boundary condition test\" -> {5, 0, 0.}\n"
"From remote kernel:"
"\"block\" -> {49, 50, 51, 52, 53, 54}\n"
"From remote kernel:"
"\"homogeneous id up to\" -> 5292\n"
"From remote kernel:"
"\"dropped eqs\" -> {{5293 -> 0.}, {5293 -> 0.}, {5293 -> 0.}, {5293 -> 0.}, {5293 -> 0.}}\n"
"From remote kernel:"
"\"boundary condition test\" -> {54, 0, -1.0000234562927765*^10}\n"
"From remote kernel:"
"\"boundary condition test\" -> {53, 0, -4.999992281156855*^9}\n"
"From remote kernel:"
"\"boundary condition test\" -> {52, 0, -1.0000084562159332*^10}\n"
"From remote kernel:"
"\"boundary condition test\" -> {51, 0, -49999.92281156855}\n"
"From remote kernel:"
"\"boundary condition test\" -> {50, 0, 5.000092281002478*^9}\n"
"From remote kernel:"
"\"boundary condition test\" -> {49, 0, -49999.92281156855}\n"
"From remote kernel:"
"\"block\" -> {39, 40, 41}\n"
"From remote kernel:"
"\"homogeneous id up to\" -> 2646\n"
"From remote kernel:"
"\"dropped eqs\" -> {{2647 -> 0.}}\n"
"From remote kernel:"
"\"boundary condition test\" -> {41, 0, -1.0000084562159332*^10}\n"
"From remote kernel:"
"\"boundary condition test\" -> {40, 0, -4.999992281156855*^9}\n"
"From remote kernel:"
"\"boundary condition test\" -> {39, 0, -4.999992281156855*^9}\n"
"From remote kernel:"
"\"block\" -> {46, 47}\n"
"From remote kernel:"
"\"boundary condition test\" -> {47, 0, -4.999992281156855*^9}\n"
"From remote kernel:"
"\"boundary condition test\" -> {46, 0, 5.000092283002515*^9}\n"
"From remote kernel:"
"\"block\" -> {20}\n"
"From remote kernel:"
"\"boundary condition inserted\" -> {20, 0, 0.}\n"
"From remote kernel:"
"\"block\" -> {44}\n"
"From remote kernel:"
"\"boundary condition test\" -> {44, 0, 0.}\n"
"From remote kernel:"
"\"block\" -> {43}\n"
"From remote kernel:"
"\"boundary condition test\" -> {43, 0, 0.}\n"
"From remote kernel:"
"\"block\" -> {42}\n"
"From remote kernel:"
"\"boundary condition test\" -> {42, 0, 0.}\n"
"From remote kernel:"
"\"block\" -> {55, 56, 57}\n"
"From remote kernel:"
"\"homogeneous id up to\" -> 2646\n"
"From remote kernel:"
"\"dropped eqs\" -> {{2647 -> 0.}, {2647 -> 0.}}\n"
"From remote kernel:"
"\"boundary condition test\" -> {57, 0, -1.0000084562159332*^10}\n"
"From remote kernel:"
"\"boundary condition test\" -> {56, 0, -4.999992281156855*^9}\n"
"From remote kernel:"
"\"boundary condition test\" -> {55, 0, -4.999992281156855*^9}\n"
"From remote kernel:"
"\"block\" -> {48}\n"
"From remote kernel:"
"\"boundary condition test\" -> {48, 0, -4.999992281156855*^9}\n"
"From remote kernel:"
"\"block\" -> {45}\n"
"From remote kernel:"
"\"boundary condition test\" -> {45, 0, 5.000092283002515*^9}\n"
"From remote kernel:"
"\"block\" -> {24}\n"
"From remote kernel:"
"\"boundary condition test\" -> {24, 0, 5.000092283002515*^9}\n"
"From remote kernel:"
"\"block\" -> {21}\n"
"From remote kernel:"
"\"boundary condition test\" -> {21, 0, -4.999992281156855*^9}\n"
"From remote kernel:"
"\"block\" -> {33}\n"
"From remote kernel:"
"\"boundary condition test\" -> {33, 0, 5.000092283002515*^9}\n"
"From remote kernel:"
"\"block\" -> {30}\n"
"From remote kernel:"
"\"boundary condition test\" -> {30, 0, 5.000092283002515*^9}\n"
"From remote kernel:"
"\"block\" -> {6}\n"
"From remote kernel:"
"\"boundary condition test\" -> {6, 0, 5.000092283002515*^9}\n"
"From remote kernel:"
"\"block\" -> {13}\n"
"From remote kernel:"
"\"boundary condition test\" -> {13, 0, 5.000092283002515*^9}\n"
"From remote kernel:"
"\"block\" -> {36}\n"
"From remote kernel:"
"\"boundary condition test\" -> {36, 0, 0.}\n"
"From remote kernel:"
"\"block\" -> {28}\n"
"From remote kernel:"
"\"boundary condition test\" -> {28, 0, 0.}\n"
"From remote kernel:"
"\"block\" -> {18}\n"
"From remote kernel:"
"\"boundary condition test\" -> {18, 0, 0.}\n"
"From remote kernel:"
"\"block\" -> {16}\n"
"From remote kernel:"
"\"boundary condition test\" -> {16, 0, 0.}\n"
"From remote kernel:"
"\"block\" -> {10}\n"
"From remote kernel:"
"\"boundary condition test\" -> {10, 0, 0.}\n"
"From remote kernel:"
"\"AMFlow: Infinity solved in 76s.\"\n"
"From remote kernel:"
"\"AMFlow: running among regular points...\"\n"
"From remote kernel:"
"\"current regular point\" -> 14.925084131331035 - 24.875140218885058*I\n"
"From remote kernel:"
"\"current regular point\" -> 8.517695776814136 - 14.19615962802356*I\n"
"From remote kernel:"
"\"current regular point\" -> 4.808776021801998 - 8.014626703003332*I\n"
"From remote kernel:"
"\"current regular point\" -> 2.7990110268187895 - 4.6650183780313155*I\n"
"From remote kernel:"
"\"current regular point\" -> 1.6882108379589589 - 2.813684729931598*I\n"
"From remote kernel:"
"\"current regular point\" -> 0.9466067914091112 - 1.5776779856818521*I\n"
"From remote kernel:"
"\"current regular point\" -> 0.4733033957045556 - 0.7888389928409261*I\n"
"From remote kernel:"
"\"AMFlow: regular running finished in 46s.\"\n"
"From remote kernel:"
"\"AMFlow: solving near the last point...\"\n"
"From remote kernel:"
"\"NormalizeMat finished in 2s.\"\n"
"From remote kernel:"
"\"LearnXOrder is negative. skip learning phase.\"\n"
"From remote kernel:"
"\"block\" -> {1}\n"
"From remote kernel:"
"\"behavior\" -> {{0, 0}}\n"
"From remote kernel:"
"\"number of constraints and variables\" -> {1, 1}\n"
"From remote kernel:"
"\"block\" -> {7, 8, 9}\n"
"From remote kernel:"
"\"behavior\" -> {{0, 1}}\n"
"From remote kernel:"
"\"number of constraints and variables\" -> {3, 3}\n"
"From remote kernel:"
"\"block\" -> {14, 15}\n"
"From remote kernel:"
"\"behavior\" -> {{0, 0}, {24999/25000, 0}}\n"
"From remote kernel:"
"\"number of constraints and variables\" -> {4, 4}\n"
"From remote kernel:"
"\"block\" -> {4}\n"
"From remote kernel:"
"\"behavior\" -> {{49999/50000, 0}, {0, 0}}\n"
"From remote kernel:"
"\"number of constraints and variables\" -> {1, 1}\n"
"From remote kernel:"
"\"block\" -> {19}\n"
"From remote kernel:"
"\"behavior\" -> {{0, 0}}\n"
"From remote kernel:"
"\"number of constraints and variables\" -> {1, 1}\n"
"From remote kernel:"
"\"block\" -> {17}\n"
"From remote kernel:"
"\"behavior\" -> {{0, 0}}\n"
"From remote kernel:"
"\"number of constraints and variables\" -> {1, 1}\n"
"From remote kernel:"
"\"block\" -> {12}\n"
"From remote kernel:"
"\"behavior\" -> {{0, 0}}\n"
"From remote kernel:"
"\"number of constraints and variables\" -> {1, 1}\n"
"From remote kernel:"
"\"block\" -> {11}\n"
"From remote kernel:"
"\"behavior\" -> {{0, 0}}\n"
"From remote kernel:"
"\"number of constraints and variables\" -> {1, 1}\n"
"From remote kernel:"
"\"block\" -> {2}\n"
"From remote kernel:"
"\"behavior\" -> {{0, 0}}\n"
"From remote kernel:"
"\"number of constraints and variables\" -> {1, 1}\n"
"From remote kernel:"
"\"block\" -> {25, 26, 27}\n"
"From remote kernel:"
"\"behavior\" -> {{0, 2}, {49999/50000, 1}}\n"
"From remote kernel:"
"\"number of constraints and variables\" -> {6, 6}\n"
"From remote kernel:"
"\"block\" -> {22, 23}\n"
"From remote kernel:"
"\"behavior\" -> {{0, 2}, {24999/25000, 1}}\n"
"From remote kernel:"
"\"number of constraints and variables\" -> {4, 4}\n"
"From remote kernel:"
"\"block\" -> {34, 35}\n"
"From remote kernel:"
"\"behavior\" -> {{0, 1}, {49999/50000, 0}, {24999/25000, 0}}\n"
"From remote kernel:"
"\"number of constraints and variables\" -> {4, 4}\n"
"From remote kernel:"
"\"block\" -> {31, 32}\n"
"From remote kernel:"
"\"behavior\" -> {{0, 1}, {24999/25000, 1}}\n"
"From remote kernel:"
"\"number of constraints and variables\" -> {4, 4}\n"
"From remote kernel:"
"\"block\" -> {3}\n"
"From remote kernel:"
"\"behavior\" -> {{0, 1}}\n"
"From remote kernel:"
"\"number of constraints and variables\" -> {1, 1}\n"
"From remote kernel:"
"\"block\" -> {38}\n"
"From remote kernel:"
"\"behavior\" -> {{0, 0}}\n"
"From remote kernel:"
"\"number of constraints and variables\" -> {1, 1}\n"
"From remote kernel:"
"\"block\" -> {37}\n"
"From remote kernel:"
"\"behavior\" -> {{0, 0}}\n"
"From remote kernel:"
"\"number of constraints and variables\" -> {1, 1}\n"
"From remote kernel:"
"\"block\" -> {29}\n"
"From remote kernel:"
"\"behavior\" -> {{0, 0}}\n"
"From remote kernel:"
"\"number of constraints and variables\" -> {1, 1}\n"
"From remote kernel:"
"\"block\" -> {5}\n"
"From remote kernel:"
"\"behavior\" -> {{0, 0}}\n"
"From remote kernel:"
"\"number of constraints and variables\" -> {1, 1}\n"
"From remote kernel:"
"\"block\" -> {49, 50, 51, 52, 53, 54}\n"
"From remote kernel:"
"\"behavior\" -> {{0, 3}, {49999/50000, 2}, {24999/25000, 1}}\n"
"From remote kernel:"
"\"number of constraints and variables\" -> {12, 12}\n"
"From remote kernel:"
"\"block\" -> {39, 40, 41}\n"
"From remote kernel:"
"\"behavior\" -> {{0, 3}, {24999/25000, 2}}\n"
"From remote kernel:"
"\"number of constraints and variables\" -> {6, 6}\n"
"From remote kernel:"
"\"block\" -> {46, 47}\n"
"From remote kernel:"
"\"behavior\" -> {{0, 2}, {24999/25000, 1}, {49999/50000, 0}}\n"
"From remote kernel:"
"\"number of constraints and variables\" -> {2, 2}\n"
"From remote kernel:"
"\"block\" -> {20}\n"
"From remote kernel:"
"\"behavior\" -> {{0, 2}, {49999/50000, 0}}\n"
"From remote kernel:"
"\"number of constraints and variables\" -> {1, 1}\n"
"From remote kernel:"
"\"block\" -> {44}\n"
"From remote kernel:"
"\"behavior\" -> {{0, 0}}\n"
"From remote kernel:"
"\"number of constraints and variables\" -> {1, 1}\n"
"From remote kernel:"
"\"block\" -> {43}\n"
"From remote kernel:"
"\"behavior\" -> {{0, 0}}\n"
"From remote kernel:"
"\"number of constraints and variables\" -> {1, 1}\n"
"From remote kernel:"
"\"block\" -> {42}\n"
"From remote kernel:"
"\"behavior\" -> {{0, 0}}\n"
"From remote kernel:"
"\"number of constraints and variables\" -> {1, 1}\n"
"From remote kernel:"
"\"block\" -> {55, 56, 57}\n"
"From remote kernel:"
"\"behavior\" -> {{0, 4}, {24999/25000, 2}, {49999/50000, 2}}\n"
"From remote kernel:"
"\"number of constraints and variables\" -> {3, 3}\n"
"From remote kernel:"
"\"block\" -> {48}\n"
"From remote kernel:"
"\"behavior\" -> {{0, 4}, {49999/50000, 2}, {24999/25000, 1}}\n"
"From remote kernel:"
"\"number of constraints and variables\" -> {1, 1}\n"
"From remote kernel:"
"\"block\" -> {45}\n"
"From remote kernel:"
"\"behavior\" -> {{0, 3}, {24999/25000, 1}, {49999/50000, 0}}\n"
"From remote kernel:"
"\"number of constraints and variables\" -> {1, 1}\n"
"From remote kernel:"
"\"block\" -> {24}\n"
"From remote kernel:"
"\"behavior\" -> {{0, 3}, {49999/50000, 1}}\n"
"From remote kernel:"
"\"number of constraints and variables\" -> {1, 1}\n"
"From remote kernel:"
"\"block\" -> {21}\n"
"From remote kernel:"
"\"behavior\" -> {{0, 3}, {24999/25000, 1}}\n"
"From remote kernel:"
"\"number of constraints and variables\" -> {1, 1}\n"
"From remote kernel:"
"\"block\" -> {33}\n"
"From remote kernel:"
"\"behavior\" -> {{0, 2}, {24999/25000, 0}, {49999/50000, 0}}\n"
"From remote kernel:"
"\"number of constraints and variables\" -> {1, 1}\n"
"From remote kernel:"
"\"block\" -> {30}\n"
"From remote kernel:"
"\"behavior\" -> {{0, 2}, {24999/25000, 1}}\n"
"From remote kernel:"
"\"number of constraints and variables\" -> {1, 1}\n"
"From remote kernel:"
"\"block\" -> {6}\n"
"From remote kernel:"
"\"behavior\" -> {{0, 2}}\n"
"From remote kernel:"
"\"number of constraints and variables\" -> {1, 1}\n"
"From remote kernel:"
"\"block\" -> {13}\n"
"From remote kernel:"
"\"behavior\" -> {{0, 1}, {24999/25000, 0}}\n"
"From remote kernel:"
"\"number of constraints and variables\" -> {1, 1}\n"
"From remote kernel:"
"\"block\" -> {36}\n"
"From remote kernel:"
"\"behavior\" -> {{0, 0}}\n"
"From remote kernel:"
"\"number of constraints and variables\" -> {1, 1}\n"
"From remote kernel:"
"\"block\" -> {28}\n"
"From remote kernel:"
"\"behavior\" -> {{0, 0}}\n"
"From remote kernel:"
"\"number of constraints and variables\" -> {1, 1}\n"
"From remote kernel:"
"\"block\" -> {18}\n"
"From remote kernel:"
"\"behavior\" -> {{0, 0}}\n"
"From remote kernel:"
"\"number of constraints and variables\" -> {1, 1}\n"
"From remote kernel:"
"\"block\" -> {16}\n"
"From remote kernel:"
"\"behavior\" -> {{0, 0}}\n"
"From remote kernel:"
"\"number of constraints and variables\" -> {1, 1}\n"
"From remote kernel:"
"\"block\" -> {10}\n"
"From remote kernel:"
"\"behavior\" -> {{0, 0}}\n"
"From remote kernel:"
"\"number of constraints and variables\" -> {1, 1}\n"
"From remote kernel:"
"\"AMFlow: last point solved in 41s.\"\n"
"From remote kernel:"
"\"dropped terms when pickzero\" -> {0.}\n"
"From remote kernel:"
"\"dropped terms when pickzero\" -> {0., 0.}\n"
"From remote kernel:"
"\"dropped terms when pickzero\" -> {0.}\n"
"From remote kernel:"
"\"dropped terms when pickzero\" -> {0., 0.}\n"
"From remote kernel:"
"\"dropped terms when pickzero\" -> {0.}\n"
"From remote kernel:"
"\"dropped terms when pickzero\" -> {0., 0.}\n"
"From remote kernel:"
"\"dropped terms when pickzero\" -> {0.}\n"
"From remote kernel:"
"\"dropped terms when pickzero\" -> {0.}\n"
"From remote kernel:"
"\"dropped terms when pickzero\" -> {0.}\n"
"From remote kernel:"
"\"dropped terms when pickzero\" -> {0.}\n"
"From remote kernel:"
"\"dropped terms when pickzero\" -> {0., 0.}\n"
"From remote kernel:"
"\"dropped terms when pickzero\" -> {0., 0., 0.}\n"
"From remote kernel:"
"\"dropped terms when pickzero\" -> {0.}\n"
"From remote kernel:"
"\"dropped terms when pickzero\" -> {0., 0.}\n"
"From remote kernel:"
"\"system cleared: DESolver`$InternalSystem\"\n"
"From remote kernel:"
"\"AMFlow: finished in 166s.\"\n"
