"From remote kernel:"
"DESolver`SetGlobalOptions -> {\"WorkingPre\" -> 100, \"ChopPre\" -> 20, \"SilentMode\" -> False, \"RationalizePre\" -> 100}\n"
"From remote kernel:"
"DESolver`SetExpansionOptions -> {\"XOrder\" -> 100, \"ExtraXOrder\" -> 20, \"LearnXOrder\" -> -1, \"TestXOrder\" -> 5}\n"
"From remote kernel:"
"DESolver`SetRunningOptions -> {\"RunRadius\" -> 2, \"RunLength\" -> 1000, \"RunCandidate\" -> 10, \"RunDirection\" -> \"NegIm\"}\n"
"From remote kernel:"
"DESolver`SetGlobalOptions -> {\"WorkingPre\" -> 120, \"ChopPre\" -> 20, \"SilentMode\" -> False, \"RationalizePre\" -> 100}\n"
"From remote kernel:"
"DESolver`SetExpansionOptions -> {\"XOrder\" -> 240, \"ExtraXOrder\" -> 280, \"LearnXOrder\" -> -1, \"TestXOrder\" -> 5}\n"
"From remote kernel:"
"DESolver`SetRunningOptions -> {\"RunRadius\" -> 2, \"RunLength\" -> 1000, \"RunCandidate\" -> 10, \"RunDirection\" -> \"NegIm\"}\n"
"From remote kernel:"
"\"AMFlow: start.\"\n"
"From remote kernel:"
"\"system loaded: DESolver`$InternalSystem\\nDE[DESolver`$InternalSystem] -- differential equation in matrix form\\nBC[DESolver`$InternalSystem] -- boundary conditions either in singular form or in regular form\\nP[DESolver`$InternalSystem] -- boundary point\\nAsyExp[DESolver`$InternalSystem] -- asymptotic expansion near a singular point (currently it is Null)\\nintegrals: 105, blocks: 84, density: 0.04, degrees: {7, 12}\"\n"
"From remote kernel:"
"\"AMFlow: integrals will be evaluated at 6 regular points\" -> {0. - 6.024120603015075*I, 0. - 3.0120603015075376*I, 0. - 1.5060301507537688*I, 0. - 0.7530150753768844*I, 0. - 0.3765075376884422*I, 0. - 0.25*I}\n"
"From remote kernel:"
"\"AMFlow: integration contour generated in 0s.\"\n"
"From remote kernel:"
"\"AMFlow: solving near eta = Infinity...\"\n"
"From remote kernel:"
"\"CalcTaylor: current region\" -> 3/1000\n"
"From remote kernel:"
"\"block\" -> {1}\n"
"From remote kernel:"
"\"boundary condition inserted\" -> {1, 0, -83817.13354440156}\n"
"From remote kernel:"
"\"block\" -> {7, 8}\n"
"From remote kernel:"
"\"boundary condition inserted\" -> {8, 0, 166380.52538124193}\n"
"From remote kernel:"
"\"boundary condition test\" -> {7, 0, -1.6654690590662318*^8}\n"
"From remote kernel:"
"\"block\" -> {33}\n"
"From remote kernel:"
"\"boundary condition test\" -> {33, 0, 166380.52538124193}\n"
"From remote kernel:"
"\"block\" -> {13}\n"
"From remote kernel:"
"\"boundary condition inserted\" -> {13, 0, 3.344301972872517*^8}\n"
"From remote kernel:"
"\"block\" -> {11}\n"
"From remote kernel:"
"\"boundary condition test\" -> {11, 0, 0.}\n"
"From remote kernel:"
"\"block\" -> {3}\n"
"From remote kernel:"
"\"boundary condition test\" -> {3, 0, 0.}\n"
"From remote kernel:"
"\"block\" -> {23, 24, 25}\n"
"From remote kernel:"
"\"boundary condition test\" -> {25, 0, 1.6638052538124195*^8}\n"
"From remote kernel:"
"\"boundary condition test\" -> {24, 0, -3.3376133448221076*^8}\n"
"From remote kernel:"
"\"boundary condition test\" -> {23, 0, -1.6671395328781757*^8}\n"
"From remote kernel:"
"\"block\" -> {36, 38, 39}\n"
"From remote kernel:"
"\"boundary condition test\" -> {39, 0, -501142.1435831796}\n"
"From remote kernel:"
"\"boundary condition test\" -> {38, 0, 1.6638052538124195*^8}\n"
"From remote kernel:"
"\"boundary condition test\" -> {36, 0, -1.6671395328781757*^8}\n"
"From remote kernel:"
"\"block\" -> {32}\n"
"From remote kernel:"
"\"boundary condition test\" -> {32, 0, -1.6704805005679357*^8}\n"
"From remote kernel:"
"\"block\" -> {51}\n"
"From remote kernel:"
"\"boundary condition test\" -> {51, 0, -3.3376133448221076*^8}\n"
"From remote kernel:"
"\"block\" -> {18}\n"
"From remote kernel:"
"\"boundary condition test\" -> {18, 0, -1.6704805005679357*^8}\n"
"From remote kernel:"
"\"block\" -> {43, 44}\n"
"From remote kernel:"
"\"boundary condition inserted\" -> {44, 0, -333761.3368926772}\n"
"From remote kernel:"
"\"boundary condition test\" -> {43, 0, 3.330938142188918*^8}\n"
"From remote kernel:"
"\"block\" -> {92}\n"
"From remote kernel:"
"\"boundary condition test\" -> {92, 0, -333761.3368926772}\n"
"From remote kernel:"
"\"block\" -> {15}\n"
"From remote kernel:"
"\"boundary condition test\" -> {15, 0, 0.}\n"
"From remote kernel:"
"\"block\" -> {48}\n"
"From remote kernel:"
"\"boundary condition test\" -> {48, 0, 0.}\n"
"From remote kernel:"
"\"block\" -> {28}\n"
"From remote kernel:"
"\"boundary condition test\" -> {28, 0, 0.}\n"
"From remote kernel:"
"\"block\" -> {27}\n"
"From remote kernel:"
"\"boundary condition test\" -> {27, 0, 0.}\n"
"From remote kernel:"
"\"block\" -> {10}\n"
"From remote kernel:"
"\"boundary condition test\" -> {10, 0, 0.}\n"
"From remote kernel:"
"\"block\" -> {86, 87}\n"
"From remote kernel:"
"\"boundary condition test\" -> {87, 0, 1.6638053020217475*^8}\n"
"From remote kernel:"
"\"boundary condition test\" -> {86, 0, 1.6638053020217475*^8}\n"
"From remote kernel:"
"\"block\" -> {84}\n"
"From remote kernel:"
"\"boundary condition test\" -> {84, 0, 5.0013985929601324*^8}\n"
"From remote kernel:"
"\"block\" -> {69}\n"
"From remote kernel:"
"\"boundary condition test\" -> {69, 0, -3.3376133448221076*^8}\n"
"From remote kernel:"
"\"block\" -> {80, 81, 82}\n"
"From remote kernel:"
"\"boundary condition test\" -> {82, 0, -3.3376133448221076*^8}\n"
"From remote kernel:"
"\"boundary condition test\" -> {81, 0, 1.6638052538124195*^8}\n"
"From remote kernel:"
"\"boundary condition test\" -> {80, 0, -1.6671395328781757*^8}\n"
"From remote kernel:"
"\"block\" -> {75, 76, 77}\n"
"From remote kernel:"
"\"boundary condition test\" -> {77, 0, 1.6638052538124195*^8}\n"
"From remote kernel:"
"\"boundary condition test\" -> {76, 0, -3.3376133448221076*^8}\n"
"From remote kernel:"
"\"boundary condition test\" -> {75, 0, -1.6671395328781757*^8}\n"
"From remote kernel:"
"\"block\" -> {61}\n"
"From remote kernel:"
"\"boundary condition test\" -> {61, 0, -1.6704805005679357*^8}\n"
"From remote kernel:"
"\"block\" -> {19, 20, 21}\n"
"From remote kernel:"
"\"boundary condition inserted\" -> {21, 0, -3.337613368926772*^8}\n"
"From remote kernel:"
"\"boundary condition test\" -> {20, 0, 3.334269066953899*^8}\n"
"From remote kernel:"
"\"boundary condition test\" -> {19, 0, 3.344301972872517*^8}\n"
"From remote kernel:"
"\"block\" -> {66, 67}\n"
"From remote kernel:"
"\"homogeneous id up to\" -> 1044\n"
"From remote kernel:"
"\"dropped eqs\" -> {{1045 -> 0.}}\n"
"From remote kernel:"
"\"boundary condition test\" -> {67, 0, -3.3376133448221076*^8}\n"
"From remote kernel:"
"\"boundary condition test\" -> {66, 0, 1.6638052538124195*^8}\n"
"From remote kernel:"
"\"block\" -> {91}\n"
"From remote kernel:"
"\"boundary condition test\" -> {91, 0, -3.337613368926772*^8}\n"
"From remote kernel:"
"\"block\" -> {71}\n"
"From remote kernel:"
"\"boundary condition test\" -> {71, 0, -3.337613368926772*^8}\n"
"From remote kernel:"
"\"block\" -> {89}\n"
"From remote kernel:"
"\"boundary condition test\" -> {89, 0, 0.}\n"
"From remote kernel:"
"\"block\" -> {97}\n"
"From remote kernel:"
"\"homogeneous id up to\" -> 522\n"
"From remote kernel:"
"\"dropped eqs\" -> {{523 -> 0.}}\n"
"From remote kernel:"
"\"boundary condition test\" -> {97, 0, 1.6638053020217475*^8}\n"
"From remote kernel:"
"\"block\" -> {101, 102}\n"
"From remote kernel:"
"\"boundary condition test\" -> {102, 0, 1.6638053020217475*^8}\n"
"From remote kernel:"
"\"boundary condition test\" -> {101, 0, 2410.4664105454694}\n"
"From remote kernel:"
"\"block\" -> {99, 100}\n"
"From remote kernel:"
"\"homogeneous id up to\" -> 1044\n"
"From remote kernel:"
"\"dropped eqs\" -> {{1045 -> 0.}, {1045 -> 0.}}\n"
"From remote kernel:"
"\"boundary condition test\" -> {100, 0, 5.0013985929601324*^8}\n"
"From remote kernel:"
"\"boundary condition test\" -> {99, 0, 499391.02220876515}\n"
"From remote kernel:"
"\"block\" -> {93}\n"
"From remote kernel:"
"\"boundary condition test\" -> {93, 0, 1.6638052538124195*^8}\n"
"From remote kernel:"
"\"block\" -> {94}\n"
"From remote kernel:"
"\"homogeneous id up to\" -> 522\n"
"From remote kernel:"
"\"dropped eqs\" -> {{523 -> 0.}}\n"
"From remote kernel:"
"\"boundary condition test\" -> {94, 0, -1.6671395328781757*^8}\n"
"From remote kernel:"
"\"block\" -> {96}\n"
"From remote kernel:"
"\"homogeneous id up to\" -> 522\n"
"From remote kernel:"
"\"dropped eqs\" -> {{523 -> 0.}}\n"
"From remote kernel:"
"\"boundary condition test\" -> {96, 0, 3.330938142188918*^8}\n"
"From remote kernel:"
"\"block\" -> {95}\n"
"From remote kernel:"
"\"boundary condition test\" -> {95, 0, -3.337613368926772*^8}\n"
"From remote kernel:"
"\"block\" -> {37}\n"
"From remote kernel:"
"\"boundary condition test\" -> {37, 0, -3.3376133448221076*^8}\n"
"From remote kernel:"
"\"block\" -> {6}\n"
"From remote kernel:"
"\"boundary condition test\" -> {6, 0, -1.6704805005679357*^8}\n"
"From remote kernel:"
"\"block\" -> {104, 105}\n"
"From remote kernel:"
"\"homogeneous id up to\" -> 1044\n"
"From remote kernel:"
"\"dropped eqs\" -> {{1045 -> 0.}, {1045 -> 0.}, {1045 -> 0.}, {1045 -> 0.}, {1045 -> 0.}}\n"
"From remote kernel:"
"\"boundary condition test\" -> {105, 0, 6.678517653226681*^8}\n"
"From remote kernel:"
"\"boundary condition test\" -> {104, 0, 3.350940890671358*^8}\n"
"From remote kernel:"
"\"block\" -> {73, 74}\n"
"From remote kernel:"
"\"boundary condition test\" -> {74, 0, 1.673828156881699*^8}\n"
"From remote kernel:"
"\"boundary condition test\" -> {73, 0, -502148.4470645097}\n"
"From remote kernel:"
"\"block\" -> {64, 65}\n"
"From remote kernel:"
"\"boundary condition test\" -> {65, 0, 1.673828156881699*^8}\n"
"From remote kernel:"
"\"boundary condition test\" -> {64, 0, -502148.4470645097}\n"
"From remote kernel:"
"\"block\" -> {79}\n"
"From remote kernel:"
"\"boundary condition test\" -> {79, 0, 1.673828156881699*^8}\n"
"From remote kernel:"
"\"block\" -> {35}\n"
"From remote kernel:"
"\"boundary condition test\" -> {35, 0, 1.6688066724110538*^8}\n"
"From remote kernel:"
"\"block\" -> {30, 31}\n"
"From remote kernel:"
"\"boundary condition test\" -> {31, 0, -83817.13354440156}\n"
"From remote kernel:"
"\"boundary condition test\" -> {30, 0, -83565.68214376834}\n"
"From remote kernel:"
"\"block\" -> {5}\n"
"From remote kernel:"
"\"boundary condition test\" -> {5, 0, -167382.81568816988}\n"
"From remote kernel:"
"\"block\" -> {42}\n"
"From remote kernel:"
"\"boundary condition test\" -> {42, 0, -3.337613368926772*^8}\n"
"From remote kernel:"
"\"block\" -> {47}\n"
"From remote kernel:"
"\"boundary condition test\" -> {47, 0, 0.}\n"
"From remote kernel:"
"\"block\" -> {2}\n"
"From remote kernel:"
"\"boundary condition test\" -> {2, 0, 0.}\n"
"From remote kernel:"
"\"block\" -> {103}\n"
"From remote kernel:"
"\"homogeneous id up to\" -> 522\n"
"From remote kernel:"
"\"dropped eqs\" -> {{523 -> 0.}, {523 -> 0.}, {523 -> 0.}}\n"
"From remote kernel:"
"\"boundary condition test\" -> {103, 0, 332262.16827427084}\n"
"From remote kernel:"
"\"block\" -> {98}\n"
"From remote kernel:"
"\"homogeneous id up to\" -> 522\n"
"From remote kernel:"
"\"dropped eqs\" -> {{523 -> 0.}}\n"
"From remote kernel:"
"\"boundary condition test\" -> {98, 0, 1.6638052538124195*^8}\n"
"From remote kernel:"
"\"block\" -> {85}\n"
"From remote kernel:"
"\"boundary condition test\" -> {85, 0, 2410.4664105454694}\n"
"From remote kernel:"
"\"block\" -> {78}\n"
"From remote kernel:"
"\"boundary condition test\" -> {78, 0, 1.673828156881699*^8}\n"
"From remote kernel:"
"\"block\" -> {83}\n"
"From remote kernel:"
"\"boundary condition test\" -> {83, 0, 1.6638052538124195*^8}\n"
"From remote kernel:"
"\"block\" -> {72}\n"
"From remote kernel:"
"\"boundary condition test\" -> {72, 0, 1.673828156881699*^8}\n"
"From remote kernel:"
"\"block\" -> {60}\n"
"From remote kernel:"
"\"boundary condition test\" -> {60, 0, 1.673828156881699*^8}\n"
"From remote kernel:"
"\"block\" -> {68}\n"
"From remote kernel:"
"\"boundary condition test\" -> {68, 0, 1.673828156881699*^8}\n"
"From remote kernel:"
"\"block\" -> {63}\n"
"From remote kernel:"
"\"boundary condition test\" -> {63, 0, 1.673828156881699*^8}\n"
"From remote kernel:"
"\"block\" -> {34}\n"
"From remote kernel:"
"\"boundary condition test\" -> {34, 0, 1.673828156881699*^8}\n"
"From remote kernel:"
"\"block\" -> {29}\n"
"From remote kernel:"
"\"boundary condition test\" -> {29, 0, -83817.13354440156}\n"
"From remote kernel:"
"\"block\" -> {16, 17}\n"
"From remote kernel:"
"\"boundary condition test\" -> {17, 0, -83817.13354440156}\n"
"From remote kernel:"
"\"boundary condition test\" -> {16, 0, -83817.13354440156}\n"
"From remote kernel:"
"\"block\" -> {22}\n"
"From remote kernel:"
"\"boundary condition test\" -> {22, 0, 1.673828156881699*^8}\n"
"From remote kernel:"
"\"block\" -> {70}\n"
"From remote kernel:"
"\"boundary condition test\" -> {70, 0, 3.344301972872517*^8}\n"
"From remote kernel:"
"\"block\" -> {12}\n"
"From remote kernel:"
"\"boundary condition test\" -> {12, 0, -83817.13354440156}\n"
"From remote kernel:"
"\"block\" -> {4}\n"
"From remote kernel:"
"\"boundary condition test\" -> {4, 0, -83817.13354440156}\n"
"From remote kernel:"
"\"block\" -> {90}\n"
"From remote kernel:"
"\"boundary condition test\" -> {90, 0, 3.344301972872517*^8}\n"
"From remote kernel:"
"\"block\" -> {40}\n"
"From remote kernel:"
"\"boundary condition test\" -> {40, 0, 3.344301972872517*^8}\n"
"From remote kernel:"
"\"block\" -> {54}\n"
"From remote kernel:"
"\"homogeneous id up to\" -> 522\n"
"From remote kernel:"
"\"dropped eqs\" -> {{523 -> 0.}, {523 -> 0.}, {523 -> 0.}, {523 -> 0.}}\n"
"From remote kernel:"
"\"boundary condition test\" -> {54, 0, -41820.90740499574}\n"
"From remote kernel:"
"\"block\" -> {53}\n"
"From remote kernel:"
"\"homogeneous id up to\" -> 522\n"
"From remote kernel:"
"\"dropped eqs\" -> {{523 -> 0.}, {523 -> 0.}, {523 -> 0.}}\n"
"From remote kernel:"
"\"boundary condition test\" -> {53, 0, -83537.41913499149}\n"
"From remote kernel:"
"\"block\" -> {52}\n"
"From remote kernel:"
"\"homogeneous id up to\" -> 522\n"
"From remote kernel:"
"\"dropped eqs\" -> {{523 -> 0.}, {523 -> 0.}}\n"
"From remote kernel:"
"\"boundary condition test\" -> {52, 0, -249945.95695324973}\n"
"From remote kernel:"
"\"block\" -> {50}\n"
"From remote kernel:"
"\"homogeneous id up to\" -> 522\n"
"From remote kernel:"
"\"dropped eqs\" -> {{523 -> 0.}}\n"
"From remote kernel:"
"\"boundary condition test\" -> {50, 0, -1.6671395328781757*^8}\n"
"From remote kernel:"
"\"block\" -> {49}\n"
"From remote kernel:"
"\"boundary condition test\" -> {49, 0, 1.673828156881699*^8}\n"
"From remote kernel:"
"\"block\" -> {41}\n"
"From remote kernel:"
"\"boundary condition test\" -> {41, 0, -3.337613368926772*^8}\n"
"From remote kernel:"
"\"block\" -> {14}\n"
"From remote kernel:"
"\"boundary condition test\" -> {14, 0, 0.}\n"
"From remote kernel:"
"\"block\" -> {88}\n"
"From remote kernel:"
"\"boundary condition test\" -> {88, 0, 0.}\n"
"From remote kernel:"
"\"block\" -> {62}\n"
"From remote kernel:"
"\"boundary condition test\" -> {62, 0, 0.}\n"
"From remote kernel:"
"\"block\" -> {59}\n"
"From remote kernel:"
"\"boundary condition test\" -> {59, 0, 0.}\n"
"From remote kernel:"
"\"block\" -> {58}\n"
"From remote kernel:"
"\"boundary condition test\" -> {58, 0, 0.}\n"
"From remote kernel:"
"\"block\" -> {57}\n"
"From remote kernel:"
"\"boundary condition test\" -> {57, 0, 0.}\n"
"From remote kernel:"
"\"block\" -> {56}\n"
"From remote kernel:"
"\"boundary condition test\" -> {56, 0, 0.}\n"
"From remote kernel:"
"\"block\" -> {55}\n"
"From remote kernel:"
"\"boundary condition test\" -> {55, 0, 0.}\n"
"From remote kernel:"
"\"block\" -> {46}\n"
"From remote kernel:"
"\"boundary condition test\" -> {46, 0, 0.}\n"
"From remote kernel:"
"\"block\" -> {45}\n"
"From remote kernel:"
"\"boundary condition test\" -> {45, 0, 0.}\n"
"From remote kernel:"
"\"block\" -> {26}\n"
"From remote kernel:"
"\"boundary condition test\" -> {26, 0, 0.}\n"
"From remote kernel:"
"\"block\" -> {9}\n"
"From remote kernel:"
"\"boundary condition test\" -> {9, 0, 0.}\n"
"From remote kernel:"
"\"CalcTaylor: current region\" -> 0\n"
"From remote kernel:"
"\"block\" -> {1}\n"
"From remote kernel:"
"\"boundary condition test\" -> {1, 0, 0.}\n"
"From remote kernel:"
"\"block\" -> {7, 8}\n"
"From remote kernel:"
"\"boundary condition test\" -> {8, 0, 0.}\n"
"From remote kernel:"
"\"boundary condition test\" -> {7, 0, 0.}\n"
"From remote kernel:"
"\"block\" -> {33}\n"
"From remote kernel:"
"\"boundary condition test\" -> {33, 0, 0.}\n"
"From remote kernel:"
"\"block\" -> {13}\n"
"From remote kernel:"
"\"boundary condition test\" -> {13, 0, 0.}\n"
"From remote kernel:"
"\"block\" -> {11}\n"
"From remote kernel:"
"\"boundary condition inserted\" -> {11, 0, 166871.7857655907 + 1572.7760970672045*I}\n"
"From remote kernel:"
"\"block\" -> {3}\n"
"From remote kernel:"
"\"boundary condition test\" -> {3, 0, 0.}\n"
"From remote kernel:"
"\"block\" -> {23, 24, 25}\n"
"From remote kernel:"
"\"boundary condition test\" -> {25, 0, 0.}\n"
"From remote kernel:"
"\"boundary condition test\" -> {24, 0, 0.}\n"
"From remote kernel:"
"\"boundary condition test\" -> {23, 0, 0.}\n"
"From remote kernel:"
"\"block\" -> {36, 38, 39}\n"
"From remote kernel:"
"\"boundary condition test\" -> {39, 0, 0.}\n"
"From remote kernel:"
"\"boundary condition test\" -> {38, 0, 0.}\n"
"From remote kernel:"
"\"boundary condition test\" -> {36, 0, 0.}\n"
"From remote kernel:"
"\"block\" -> {32}\n"
"From remote kernel:"
"\"boundary condition test\" -> {32, 0, 0.}\n"
"From remote kernel:"
"\"block\" -> {51}\n"
"From remote kernel:"
"\"boundary condition test\" -> {51, 0, 0.}\n"
"From remote kernel:"
"\"block\" -> {18}\n"
"From remote kernel:"
"\"boundary condition test\" -> {18, 0, -167877.03546647588 - 1582.2506328245977*I}\n"
"From remote kernel:"
"\"block\" -> {43, 44}\n"
"From remote kernel:"
"\"boundary condition test\" -> {44, 0, 0.}\n"
"From remote kernel:"
"\"boundary condition test\" -> {43, 0, 0.}\n"
"From remote kernel:"
"\"block\" -> {92}\n"
"From remote kernel:"
"\"boundary condition test\" -> {92, 0, 0.}\n"
"From remote kernel:"
"\"block\" -> {15}\n"
"From remote kernel:"
"\"boundary condition test\" -> {15, 0, 0.}\n"
"From remote kernel:"
"\"block\" -> {48}\n"
"From remote kernel:"
"\"boundary condition inserted\" -> {48, 0, 333076.39280880586 + 3139.263996628702*I}\n"
"From remote kernel:"
"\"block\" -> {28}\n"
"From remote kernel:"
"\"boundary condition inserted\" -> {28, 0, -3.347468111377365*^8 - 3.1550077846381115*^6*I}\n"
"From remote kernel:"
"\"block\" -> {27}\n"
"From remote kernel:"
"\"boundary condition inserted\" -> {27, 0, -6.688227869826118*^8 - 6.303692908385165*^6*I}\n"
"From remote kernel:"
"\"block\" -> {10}\n"
"From remote kernel:"
"\"boundary condition inserted\" -> {10, 0, 167877.03546647588 + 1582.2506328245977*I}\n"
"From remote kernel:"
"\"block\" -> {86, 87}\n"
"From remote kernel:"
"\"boundary condition test\" -> {87, 0, 0.}\n"
"From remote kernel:"
"\"boundary condition test\" -> {86, 0, 0.}\n"
"From remote kernel:"
"\"block\" -> {84}\n"
"From remote kernel:"
"\"boundary condition test\" -> {84, 0, 0.}\n"
"From remote kernel:"
"\"block\" -> {69}\n"
"From remote kernel:"
"\"boundary condition test\" -> {69, 0, 3.347468111377365*^8 + 3.1550077846381115*^6*I}\n"
"From remote kernel:"
"\"block\" -> {80, 81, 82}\n"
"From remote kernel:"
"\"boundary condition test\" -> {82, 0, 3.3474846305382997*^8 + 3.1550233540414963*^6*I}\n"
"From remote kernel:"
"\"boundary condition test\" -> {81, 0, -1.6737423152691498*^8 - 1.5775116770207481*^6*I}\n"
"From remote kernel:"
"\"boundary condition test\" -> {80, 0, 1.672065218760864*^8 + 1.5759310039976814*^6*I}\n"
"From remote kernel:"
"\"block\" -> {75, 76, 77}\n"
"From remote kernel:"
"\"boundary condition test\" -> {77, 0, -1.6737340436007643*^8 - 1.577503880926124*^6*I}\n"
"From remote kernel:"
"\"boundary condition test\" -> {76, 0, -1.6737340436007643*^8 - 1.577503880926124*^6*I}\n"
"From remote kernel:"
"\"boundary condition test\" -> {75, 0, -8.385441100204231*^7 - 790332.6056744108*I}\n"
"From remote kernel:"
"\"block\" -> {61}\n"
"From remote kernel:"
"\"boundary condition test\" -> {61, 0, -84064.61465522076 - 792.3137870929382*I}\n"
"From remote kernel:"
"\"block\" -> {19, 20, 21}\n"
"From remote kernel:"
"\"homogeneous id up to\" -> 1566\n"
"From remote kernel:"
"\"dropped eqs\" -> {{1567 -> 0.}}\n"
"From remote kernel:"
"\"boundary condition test\" -> {21, 0, -167877.03546647588 - 1582.2506328245977*I}\n"
"From remote kernel:"
"\"boundary condition test\" -> {20, 0, 28.058950151942845 + 0.26445720530471906*I}\n"
"From remote kernel:"
"\"boundary condition test\" -> {19, 0, -28.058950151942845 - 0.26445720530471906*I}\n"
"From remote kernel:"
"\"block\" -> {66, 67}\n"
"From remote kernel:"
"\"boundary condition test\" -> {67, 0, 0.}\n"
"From remote kernel:"
"\"boundary condition test\" -> {66, 0, 0.}\n"
"From remote kernel:"
"\"block\" -> {91}\n"
"From remote kernel:"
"\"boundary condition test\" -> {91, 0, 0.}\n"
"From remote kernel:"
"\"block\" -> {71}\n"
"From remote kernel:"
"\"boundary condition test\" -> {71, 0, -1.6737423152691498*^8 - 1.5775116770207481*^6*I}\n"
"From remote kernel:"
"\"block\" -> {89}\n"
"From remote kernel:"
"\"boundary condition inserted\" -> {89, 0, 5.5402164065000946*^10 + 5.2216855574153376*^8*I}\n"
"From remote kernel:"
"\"block\" -> {97}\n"
"From remote kernel:"
"\"boundary condition test\" -> {97, 0, 3.3575407093295175*^8 + 3.1645012656491953*^6*I}\n"
"From remote kernel:"
"\"block\" -> {101, 102}\n"
"From remote kernel:"
"\"boundary condition test\" -> {102, 0, -5.5402164065000946*^10 - 5.2216855574153376*^8*I}\n"
"From remote kernel:"
"\"boundary condition test\" -> {101, 0, -2425.4056869692567 - 22.859586913719554*I}\n"
"From remote kernel:"
"\"block\" -> {99, 100}\n"
"From remote kernel:"
"\"boundary condition test\" -> {100, 0, 5.47339270742593*^8 + 5.15870383996126*^6*I}\n"
"From remote kernel:"
"\"boundary condition test\" -> {99, 0, 3.334083723293286*^11 + 3.142392922541483*^9*I}\n"
"From remote kernel:"
"\"block\" -> {93}\n"
"From remote kernel:"
"\"boundary condition test\" -> {93, 0, 3.3575407093295175*^8 + 3.1645012656491953*^6*I}\n"
"From remote kernel:"
"\"block\" -> {94}\n"
"From remote kernel:"
"\"boundary condition test\" -> {94, 0, 6.708352928611954*^8 + 6.32266089105834*^6*I}\n"
"From remote kernel:"
"\"block\" -> {96}\n"
"From remote kernel:"
"\"boundary condition test\" -> {96, 0, -3.3609083529697675*^8 - 3.1676752889848514*^6*I}\n"
"From remote kernel:"
"\"block\" -> {95}\n"
"From remote kernel:"
"\"boundary condition test\" -> {95, 0, 3.3575573024456364*^8 + 3.1645169047557637*^6*I}\n"
"From remote kernel:"
"\"block\" -> {37}\n"
"From remote kernel:"
"\"boundary condition test\" -> {37, 0, 0.}\n"
"From remote kernel:"
"\"block\" -> {6}\n"
"From remote kernel:"
"\"boundary condition test\" -> {6, 0, 0.}\n"
"From remote kernel:"
"\"block\" -> {104, 105}\n"
"From remote kernel:"
"\"boundary condition test\" -> {105, 0, -1.0919733641680812*^11 - 1.0291911229440187*^9*I}\n"
"From remote kernel:"
"\"boundary condition test\" -> {104, 0, -5.559600346461449*^13 - 5.239955031370047*^11*I}\n"
"From remote kernel:"
"\"block\" -> {73, 74}\n"
"From remote kernel:"
"\"homogeneous id up to\" -> 1044\n"
"From remote kernel:"
"\"dropped eqs\" -> {{1045 -> 0.}}\n"
"From remote kernel:"
"\"boundary condition test\" -> {74, 0, -1.6737340436007643*^8 - 1.577503880926124*^6*I}\n"
"From remote kernel:"
"\"boundary condition test\" -> {73, 0, -168.55056351829498 - 1.5885986731223949*I}\n"
"From remote kernel:"
"\"block\" -> {64, 65}\n"
"From remote kernel:"
"\"boundary condition test\" -> {65, 0, 0.}\n"
"From remote kernel:"
"\"boundary condition test\" -> {64, 0, 0.}\n"
"From remote kernel:"
"\"block\" -> {79}\n"
"From remote kernel:"
"\"boundary condition test\" -> {79, 0, 3.3474846305382997*^8 + 3.1550233540414963*^6*I}\n"
"From remote kernel:"
"\"block\" -> {35}\n"
"From remote kernel:"
"\"boundary condition test\" -> {35, 0, 0.}\n"
"From remote kernel:"
"\"block\" -> {30, 31}\n"
"From remote kernel:"
"\"boundary condition test\" -> {31, 0, 0.}\n"
"From remote kernel:"
"\"boundary condition test\" -> {30, 0, 0.}\n"
"From remote kernel:"
"\"block\" -> {5}\n"
"From remote kernel:"
"\"boundary condition test\" -> {5, 0, 0.}\n"
"From remote kernel:"
"\"block\" -> {42}\n"
"From remote kernel:"
"\"boundary condition test\" -> {42, 0, 0.}\n"
"From remote kernel:"
"\"block\" -> {47}\n"
"From remote kernel:"
"\"boundary condition inserted\" -> {47, 0, -3.3474846305382997*^8 - 3.1550233540414963*^6*I}\n"
"From remote kernel:"
"\"block\" -> {2}\n"
"From remote kernel:"
"\"boundary condition test\" -> {2, 0, 0.}\n"
"From remote kernel:"
"\"block\" -> {103}\n"
"From remote kernel:"
"\"homogeneous id up to\" -> 522\n"
"From remote kernel:"
"\"dropped eqs\" -> {{523 -> 0.}}\n"
"From remote kernel:"
"\"boundary condition test\" -> {103, 0, -1.105833871019648*^14 - 1.042254729694175*^12*I}\n"
"From remote kernel:"
"\"block\" -> {98}\n"
"From remote kernel:"
"\"homogeneous id up to\" -> 522\n"
"From remote kernel:"
"\"dropped eqs\" -> {{523 -> 0.}}\n"
"From remote kernel:"
"\"boundary condition test\" -> {98, 0, 3.357524164710562*^8 + 3.164485672251481*^6*I}\n"
"From remote kernel:"
"\"block\" -> {85}\n"
"From remote kernel:"
"\"boundary condition test\" -> {85, 0, 0.}\n"
"From remote kernel:"
"\"block\" -> {78}\n"
"From remote kernel:"
"\"homogeneous id up to\" -> 522\n"
"From remote kernel:"
"\"dropped eqs\" -> {{523 -> 0.}}\n"
"From remote kernel:"
"\"boundary condition test\" -> {78, 0, 168045.74231319854 + 1583.8407044758337*I}\n"
"From remote kernel:"
"\"block\" -> {83}\n"
"From remote kernel:"
"\"boundary condition test\" -> {83, 0, 0.}\n"
"From remote kernel:"
"\"block\" -> {72}\n"
"From remote kernel:"
"\"boundary condition test\" -> {72, 0, 168.55056351829498 + 1.5885986731223949*I}\n"
"From remote kernel:"
"\"block\" -> {60}\n"
"From remote kernel:"
"\"boundary condition test\" -> {60, 0, 0.}\n"
"From remote kernel:"
"\"block\" -> {68}\n"
"From remote kernel:"
"\"homogeneous id up to\" -> 522\n"
"From remote kernel:"
"\"dropped eqs\" -> {{523 -> 0.}}\n"
"From remote kernel:"
"\"boundary condition test\" -> {68, 0, 336089.82608276326 + 3167.6657770833367*I}\n"
"From remote kernel:"
"\"block\" -> {63}\n"
"From remote kernel:"
"\"boundary condition test\" -> {63, 0, 0.}\n"
"From remote kernel:"
"\"block\" -> {34}\n"
"From remote kernel:"
"\"boundary condition test\" -> {34, 0, 0.}\n"
"From remote kernel:"
"\"block\" -> {29}\n"
"From remote kernel:"
"\"boundary condition test\" -> {29, 0, 0.}\n"
"From remote kernel:"
"\"block\" -> {16, 17}\n"
"From remote kernel:"
"\"homogeneous id up to\" -> 1044\n"
"From remote kernel:"
"\"dropped eqs\" -> {{1045 -> 0.}}\n"
"From remote kernel:"
"\"boundary condition test\" -> {17, 0, -167877.03546647588 - 1582.2506328245977*I}\n"
"From remote kernel:"
"\"boundary condition test\" -> {16, 0, -28.058950151942845 - 0.26445720530471906*I}\n"
"From remote kernel:"
"\"block\" -> {22}\n"
"From remote kernel:"
"\"boundary condition test\" -> {22, 0, 0.}\n"
"From remote kernel:"
"\"block\" -> {70}\n"
"From remote kernel:"
"\"homogeneous id up to\" -> 522\n"
"From remote kernel:"
"\"dropped eqs\" -> {{523 -> 0.}}\n"
"From remote kernel:"
"\"boundary condition test\" -> {70, 0, 168045.74231319854 + 1583.8407044758337*I}\n"
"From remote kernel:"
"\"block\" -> {12}\n"
"From remote kernel:"
"\"boundary condition test\" -> {12, 0, 0.}\n"
"From remote kernel:"
"\"block\" -> {4}\n"
"From remote kernel:"
"\"boundary condition test\" -> {4, 0, 0.}\n"
"From remote kernel:"
"\"block\" -> {90}\n"
"From remote kernel:"
"\"boundary condition test\" -> {90, 0, 0.}\n"
"From remote kernel:"
"\"block\" -> {40}\n"
"From remote kernel:"
"\"boundary condition test\" -> {40, 0, 0.}\n"
"From remote kernel:"
"\"block\" -> {54}\n"
"From remote kernel:"
"\"boundary condition test\" -> {54, 0, 0.}\n"
"From remote kernel:"
"\"block\" -> {53}\n"
"From remote kernel:"
"\"boundary condition test\" -> {53, 0, 0.}\n"
"From remote kernel:"
"\"block\" -> {52}\n"
"From remote kernel:"
"\"boundary condition test\" -> {52, 0, 0.}\n"
"From remote kernel:"
"\"block\" -> {50}\n"
"From remote kernel:"
"\"boundary condition test\" -> {50, 0, 0.}\n"
"From remote kernel:"
"\"block\" -> {49}\n"
"From remote kernel:"
"\"boundary condition test\" -> {49, 0, 0.}\n"
"From remote kernel:"
"\"block\" -> {41}\n"
"From remote kernel:"
"\"boundary condition test\" -> {41, 0, 0.}\n"
"From remote kernel:"
"\"block\" -> {14}\n"
"From remote kernel:"
"\"boundary condition test\" -> {14, 0, 0.}\n"
"From remote kernel:"
"\"block\" -> {88}\n"
"From remote kernel:"
"\"boundary condition inserted\" -> {88, 0, 2425.4056869692567 + 22.859586913719554*I}\n"
"From remote kernel:"
"\"block\" -> {62}\n"
"From remote kernel:"
"\"boundary condition inserted\" -> {62, 0, -3.357524164710562*^8 - 3.164485672251481*^6*I}\n"
"From remote kernel:"
"\"block\" -> {59}\n"
"From remote kernel:"
"\"boundary condition inserted\" -> {59, 0, 55.74387141619931 + 0.5253891670131832*I}\n"
"From remote kernel:"
"\"block\" -> {58}\n"
"From remote kernel:"
"\"boundary condition inserted\" -> {58, 0, -249.8065611633714 - 2.3544410847272292*I}\n"
"From remote kernel:"
"\"block\" -> {57}\n"
"From remote kernel:"
"\"boundary condition inserted\" -> {57, 0, 249557.7508397401 + 2352.096033238054*I}\n"
"From remote kernel:"
"\"block\" -> {56}\n"
"From remote kernel:"
"\"boundary condition inserted\" -> {56, 0, 8.385441100204231*^7 + 790332.6056744108*I}\n"
"From remote kernel:"
"\"block\" -> {55}\n"
"From remote kernel:"
"\"boundary condition inserted\" -> {55, 0, -168.55056351829498 - 1.5885986731223949*I}\n"
"From remote kernel:"
"\"block\" -> {46}\n"
"From remote kernel:"
"\"boundary condition inserted\" -> {46, 0, 1.6737423152691498*^8 + 1.5775116770207481*^6*I}\n"
"From remote kernel:"
"\"block\" -> {45}\n"
"From remote kernel:"
"\"boundary condition inserted\" -> {45, 0, -168045.74231319854 - 1583.8407044758337*I}\n"
"From remote kernel:"
"\"block\" -> {26}\n"
"From remote kernel:"
"\"boundary condition inserted\" -> {26, 0, -336089.82608276326 - 3167.6657770833367*I}\n"
"From remote kernel:"
"\"block\" -> {9}\n"
"From remote kernel:"
"\"boundary condition inserted\" -> {9, 0, 28.058950151942845 + 0.26445720530471906*I}\n"
"From remote kernel:"
"\"CalcTaylor: current region\" -> 1/1000\n"
"From remote kernel:"
"\"block\" -> {1}\n"
"From remote kernel:"
"\"boundary condition test\" -> {1, 0, 0.}\n"
"From remote kernel:"
"\"block\" -> {7, 8}\n"
"From remote kernel:"
"\"boundary condition test\" -> {8, 0, 0.}\n"
"From remote kernel:"
"\"boundary condition test\" -> {7, 0, 0.}\n"
"From remote kernel:"
"\"block\" -> {33}\n"
"From remote kernel:"
"\"boundary condition test\" -> {33, 0, 0.}\n"
"From remote kernel:"
"\"block\" -> {13}\n"
"From remote kernel:"
"\"boundary condition test\" -> {13, 0, 0.}\n"
"From remote kernel:"
"\"block\" -> {11}\n"
"From remote kernel:"
"\"boundary condition test\" -> {11, 0, 0.}\n"
"From remote kernel:"
"\"block\" -> {3}\n"
"From remote kernel:"
"\"boundary condition inserted\" -> {3, 0, -5.011276633730954*^8 - 3.148719407122683*^6*I}\n"
"From remote kernel:"
"\"block\" -> {23, 24, 25}\n"
"From remote kernel:"
"\"homogeneous id up to\" -> 1566\n"
"From remote kernel:"
"\"dropped eqs\" -> {{1567 -> 0.}}\n"
"From remote kernel:"
"\"boundary condition test\" -> {25, 0, -5.011276633730954*^8 - 3.148719407122683*^6*I}\n"
"From remote kernel:"
"\"boundary condition test\" -> {24, 0, -251443.1283062346 - 1579.884559867197*I}\n"
"From remote kernel:"
"\"boundary condition test\" -> {23, 0, -5.011276633730954*^8 - 3.148719407122683*^6*I}\n"
"From remote kernel:"
"\"block\" -> {36, 38, 39}\n"
"From remote kernel:"
"\"boundary condition test\" -> {39, 0, 0.}\n"
"From remote kernel:"
"\"boundary condition test\" -> {38, 0, 0.}\n"
"From remote kernel:"
"\"boundary condition test\" -> {36, 0, 0.}\n"
"From remote kernel:"
"\"block\" -> {32}\n"
"From remote kernel:"
"\"boundary condition test\" -> {32, 0, 0.}\n"
"From remote kernel:"
"\"block\" -> {51}\n"
"From remote kernel:"
"\"boundary condition test\" -> {51, 0, 0.}\n"
"From remote kernel:"
"\"block\" -> {18}\n"
"From remote kernel:"
"\"boundary condition test\" -> {18, 0, 0.}\n"
"From remote kernel:"
"\"block\" -> {43, 44}\n"
"From remote kernel:"
"\"boundary condition test\" -> {44, 0, 0.}\n"
"From remote kernel:"
"\"boundary condition test\" -> {43, 0, 0.}\n"
"From remote kernel:"
"\"block\" -> {92}\n"
"From remote kernel:"
"\"boundary condition test\" -> {92, 0, 0.}\n"
"From remote kernel:"
"\"block\" -> {15}\n"
"From remote kernel:"
"\"boundary condition test\" -> {15, 0, -5.011276633730954*^8 - 3.148719407122683*^6*I}\n"
"From remote kernel:"
"\"block\" -> {48}\n"
"From remote kernel:"
"\"boundary condition test\" -> {48, 0, 0.}\n"
"From remote kernel:"
"\"block\" -> {28}\n"
"From remote kernel:"
"\"boundary condition test\" -> {28, 0, 0.}\n"
"From remote kernel:"
"\"block\" -> {27}\n"
"From remote kernel:"
"\"boundary condition test\" -> {27, 0, 0.}\n"
"From remote kernel:"
"\"block\" -> {10}\n"
"From remote kernel:"
"\"boundary condition test\" -> {10, 0, 0.}\n"
"From remote kernel:"
"\"block\" -> {86, 87}\n"
"From remote kernel:"
"\"boundary condition test\" -> {87, 0, 0.}\n"
"From remote kernel:"
"\"boundary condition test\" -> {86, 0, 0.}\n"
"From remote kernel:"
"\"block\" -> {84}\n"
"From remote kernel:"
"\"boundary condition test\" -> {84, 0, -5.021319272275505*^8 - 3.1550294660547925*^6*I}\n"
"From remote kernel:"
"\"block\" -> {69}\n"
"From remote kernel:"
"\"boundary condition test\" -> {69, 0, -251443.1283062346 - 1579.884559867197*I}\n"
"From remote kernel:"
"\"block\" -> {80, 81, 82}\n"
"From remote kernel:"
"\"boundary condition test\" -> {82, 0, 0.}\n"
"From remote kernel:"
"\"boundary condition test\" -> {81, 0, 0.}\n"
"From remote kernel:"
"\"boundary condition test\" -> {80, 0, 0.}\n"
"From remote kernel:"
"\"block\" -> {75, 76, 77}\n"
"From remote kernel:"
"\"boundary condition test\" -> {77, 0, 0.}\n"
"From remote kernel:"
"\"boundary condition test\" -> {76, 0, 0.}\n"
"From remote kernel:"
"\"boundary condition test\" -> {75, 0, 0.}\n"
"From remote kernel:"
"\"block\" -> {61}\n"
"From remote kernel:"
"\"boundary condition test\" -> {61, 0, 0.}\n"
"From remote kernel:"
"\"block\" -> {19, 20, 21}\n"
"From remote kernel:"
"\"boundary condition test\" -> {21, 0, 0.}\n"
"From remote kernel:"
"\"boundary condition test\" -> {20, 0, 0.}\n"
"From remote kernel:"
"\"boundary condition test\" -> {19, 0, 0.}\n"
"From remote kernel:"
"\"block\" -> {66, 67}\n"
"From remote kernel:"
"\"boundary condition test\" -> {67, 0, 0.}\n"
"From remote kernel:"
"\"boundary condition test\" -> {66, 0, 0.}\n"
"From remote kernel:"
"\"block\" -> {91}\n"
"From remote kernel:"
"\"boundary condition test\" -> {91, 0, 0.}\n"
"From remote kernel:"
"\"block\" -> {71}\n"
"From remote kernel:"
"\"boundary condition test\" -> {71, 0, 0.}\n"
"From remote kernel:"
"\"block\" -> {89}\n"
"From remote kernel:"
"\"boundary condition test\" -> {89, 0, 0.}\n"
"From remote kernel:"
"\"block\" -> {97}\n"
"From remote kernel:"
"\"boundary condition test\" -> {97, 0, -5.021319272275505*^8 - 3.1550294660547925*^6*I}\n"
"From remote kernel:"
"\"block\" -> {101, 102}\n"
"From remote kernel:"
"\"boundary condition test\" -> {102, 0, 0.}\n"
"From remote kernel:"
"\"boundary condition test\" -> {101, 0, 0.}\n"
"From remote kernel:"
"\"block\" -> {99, 100}\n"
"From remote kernel:"
"\"boundary condition test\" -> {100, 0, -5.021319272275505*^8 - 3.1550294660547925*^6*I}\n"
"From remote kernel:"
"\"boundary condition test\" -> {99, 0, -4.996242803829761*^11 - 3.1392732489013147*^9*I}\n"
"From remote kernel:"
"\"block\" -> {93}\n"
"From remote kernel:"
"\"boundary condition test\" -> {93, 0, -5.021319272275505*^8 - 3.1550294660547925*^6*I}\n"
"From remote kernel:"
"\"block\" -> {94}\n"
"From remote kernel:"
"\"boundary condition test\" -> {94, 0, -5.021319272275505*^8 - 3.1550294660547925*^6*I}\n"
"From remote kernel:"
"\"block\" -> {96}\n"
"From remote kernel:"
"\"boundary condition test\" -> {96, 0, 0.}\n"
"From remote kernel:"
"\"block\" -> {95}\n"
"From remote kernel:"
"\"boundary condition test\" -> {95, 0, 0.}\n"
"From remote kernel:"
"\"block\" -> {37}\n"
"From remote kernel:"
"\"boundary condition test\" -> {37, 0, 0.}\n"
"From remote kernel:"
"\"block\" -> {6}\n"
"From remote kernel:"
"\"boundary condition test\" -> {6, 0, 0.}\n"
"From remote kernel:"
"\"block\" -> {104, 105}\n"
"From remote kernel:"
"\"homogeneous id up to\" -> 1044\n"
"From remote kernel:"
"\"dropped eqs\" -> {{1045 -> 0.}}\n"
"From remote kernel:"
"\"boundary condition test\" -> {105, 0, 2.4981214019148806*^14 + 1.5696366244506575*^12*I}\n"
"From remote kernel:"
"\"boundary condition test\" -> {104, 0, 2.9917621579818926*^9 + 1.8798043406594697*^7*I}\n"
"From remote kernel:"
"\"block\" -> {73, 74}\n"
"From remote kernel:"
"\"boundary condition test\" -> {74, 0, 0.}\n"
"From remote kernel:"
"\"boundary condition test\" -> {73, 0, 0.}\n"
"From remote kernel:"
"\"block\" -> {64, 65}\n"
"From remote kernel:"
"\"boundary condition test\" -> {65, 0, 0.}\n"
"From remote kernel:"
"\"boundary condition test\" -> {64, 0, 0.}\n"
"From remote kernel:"
"\"block\" -> {79}\n"
"From remote kernel:"
"\"boundary condition test\" -> {79, 0, 0.}\n"
"From remote kernel:"
"\"block\" -> {35}\n"
"From remote kernel:"
"\"boundary condition test\" -> {35, 0, 0.}\n"
"From remote kernel:"
"\"block\" -> {30, 31}\n"
"From remote kernel:"
"\"boundary condition test\" -> {31, 0, 0.}\n"
"From remote kernel:"
"\"boundary condition test\" -> {30, 0, 0.}\n"
"From remote kernel:"
"\"block\" -> {5}\n"
"From remote kernel:"
"\"boundary condition test\" -> {5, 0, 0.}\n"
"From remote kernel:"
"\"block\" -> {42}\n"
"From remote kernel:"
"\"boundary condition test\" -> {42, 0, 0.}\n"
"From remote kernel:"
"\"block\" -> {47}\n"
"From remote kernel:"
"\"boundary condition test\" -> {47, 0, 0.}\n"
"From remote kernel:"
"\"block\" -> {2}\n"
"From remote kernel:"
"\"boundary condition inserted\" -> {2, 0, -251443.1283062346 - 1579.884559867197*I}\n"
"From remote kernel:"
"\"block\" -> {103}\n"
"From remote kernel:"
"\"homogeneous id up to\" -> 522\n"
"From remote kernel:"
"\"dropped eqs\" -> {{523 -> 0.}}\n"
"From remote kernel:"
"\"boundary condition test\" -> {103, 0, 2.4981214019148806*^14 + 1.5696366244506575*^12*I}\n"
"From remote kernel:"
"\"block\" -> {98}\n"
"From remote kernel:"
"\"boundary condition test\" -> {98, 0, -5.021319272275505*^8 - 3.1550294660547925*^6*I}\n"
"From remote kernel:"
"\"block\" -> {85}\n"
"From remote kernel:"
"\"boundary condition test\" -> {85, 0, 0.}\n"
"From remote kernel:"
"\"block\" -> {78}\n"
"From remote kernel:"
"\"boundary condition test\" -> {78, 0, 0.}\n"
"From remote kernel:"
"\"block\" -> {83}\n"
"From remote kernel:"
"\"boundary condition test\" -> {83, 0, -5.021319272275505*^8 - 3.1550294660547925*^6*I}\n"
"From remote kernel:"
"\"block\" -> {72}\n"
"From remote kernel:"
"\"boundary condition test\" -> {72, 0, 0.}\n"
"From remote kernel:"
"\"block\" -> {60}\n"
"From remote kernel:"
"\"boundary condition test\" -> {60, 0, 0.}\n"
"From remote kernel:"
"\"block\" -> {68}\n"
"From remote kernel:"
"\"boundary condition test\" -> {68, 0, -251443.1283062346 - 1579.884559867197*I}\n"
"From remote kernel:"
"\"block\" -> {63}\n"
"From remote kernel:"
"\"boundary condition test\" -> {63, 0, 0.}\n"
"From remote kernel:"
"\"block\" -> {34}\n"
"From remote kernel:"
"\"boundary condition test\" -> {34, 0, 0.}\n"
"From remote kernel:"
"\"block\" -> {29}\n"
"From remote kernel:"
"\"boundary condition test\" -> {29, 0, 0.}\n"
"From remote kernel:"
"\"block\" -> {16, 17}\n"
"From remote kernel:"
"\"boundary condition test\" -> {17, 0, 0.}\n"
"From remote kernel:"
"\"boundary condition test\" -> {16, 0, 0.}\n"
"From remote kernel:"
"\"block\" -> {22}\n"
"From remote kernel:"
"\"homogeneous id up to\" -> 522\n"
"From remote kernel:"
"\"dropped eqs\" -> {{523 -> 0.}}\n"
"From remote kernel:"
"\"boundary condition test\" -> {22, 0, -251443.1283062346 - 1579.884559867197*I}\n"
"From remote kernel:"
"\"block\" -> {70}\n"
"From remote kernel:"
"\"boundary condition test\" -> {70, 0, 0.}\n"
"From remote kernel:"
"\"block\" -> {12}\n"
"From remote kernel:"
"\"boundary condition test\" -> {12, 0, 0.}\n"
"From remote kernel:"
"\"block\" -> {4}\n"
"From remote kernel:"
"\"boundary condition test\" -> {4, 0, 0.}\n"
"From remote kernel:"
"\"block\" -> {90}\n"
"From remote kernel:"
"\"boundary condition test\" -> {90, 0, 0.}\n"
"From remote kernel:"
"\"block\" -> {40}\n"
"From remote kernel:"
"\"boundary condition test\" -> {40, 0, 0.}\n"
"From remote kernel:"
"\"block\" -> {54}\n"
"From remote kernel:"
"\"boundary condition test\" -> {54, 0, 0.}\n"
"From remote kernel:"
"\"block\" -> {53}\n"
"From remote kernel:"
"\"boundary condition test\" -> {53, 0, 0.}\n"
"From remote kernel:"
"\"block\" -> {52}\n"
"From remote kernel:"
"\"boundary condition test\" -> {52, 0, 0.}\n"
"From remote kernel:"
"\"block\" -> {50}\n"
"From remote kernel:"
"\"boundary condition test\" -> {50, 0, 0.}\n"
"From remote kernel:"
"\"block\" -> {49}\n"
"From remote kernel:"
"\"boundary condition test\" -> {49, 0, 0.}\n"
"From remote kernel:"
"\"block\" -> {41}\n"
"From remote kernel:"
"\"boundary condition test\" -> {41, 0, 0.}\n"
"From remote kernel:"
"\"block\" -> {14}\n"
"From remote kernel:"
"\"boundary condition test\" -> {14, 0, -251443.1283062346 - 1579.884559867197*I}\n"
"From remote kernel:"
"\"block\" -> {88}\n"
"From remote kernel:"
"\"boundary condition test\" -> {88, 0, 0.}\n"
"From remote kernel:"
"\"block\" -> {62}\n"
"From remote kernel:"
"\"boundary condition test\" -> {62, 0, 0.}\n"
"From remote kernel:"
"\"block\" -> {59}\n"
"From remote kernel:"
"\"boundary condition test\" -> {59, 0, 0.}\n"
"From remote kernel:"
"\"block\" -> {58}\n"
"From remote kernel:"
"\"boundary condition test\" -> {58, 0, 0.}\n"
"From remote kernel:"
"\"block\" -> {57}\n"
"From remote kernel:"
"\"boundary condition test\" -> {57, 0, 0.}\n"
"From remote kernel:"
"\"block\" -> {56}\n"
"From remote kernel:"
"\"boundary condition test\" -> {56, 0, 0.}\n"
"From remote kernel:"
"\"block\" -> {55}\n"
"From remote kernel:"
"\"boundary condition test\" -> {55, 0, 0.}\n"
"From remote kernel:"
"\"block\" -> {46}\n"
"From remote kernel:"
"\"boundary condition test\" -> {46, 0, 0.}\n"
"From remote kernel:"
"\"block\" -> {45}\n"
"From remote kernel:"
"\"boundary condition test\" -> {45, 0, 0.}\n"
"From remote kernel:"
"\"block\" -> {26}\n"
"From remote kernel:"
"\"boundary condition test\" -> {26, 0, 0.}\n"
"From remote kernel:"
"\"block\" -> {9}\n"
"From remote kernel:"
"\"boundary condition test\" -> {9, 0, 0.}\n"
"From remote kernel:"
"\"AMFlow: Infinity solved in 36s.\"\n"
"From remote kernel:"
"\"AMFlow: running among regular points...\"\n"
"From remote kernel:"
"\"current regular point\" -> 0. - 6.024120603015075*I\n"
"From remote kernel:"
"\"current regular point\" -> 0. - 3.0120603015075376*I\n"
"From remote kernel:"
"\"current regular point\" -> 0. - 1.5060301507537688*I\n"
"From remote kernel:"
"\"current regular point\" -> 0. - 0.7530150753768844*I\n"
"From remote kernel:"
"\"current regular point\" -> 0. - 0.3765075376884422*I\n"
"From remote kernel:"
"\"AMFlow: regular running finished in 16s.\"\n"
"From remote kernel:"
"\"AMFlow: solving near the last point...\"\n"
"From remote kernel:"
"\"NormalizeMat finished in 3s.\"\n"
"From remote kernel:"
"\"LearnXOrder is negative. skip learning phase.\"\n"
"From remote kernel:"
"\"block\" -> {1}\n"
"From remote kernel:"
"\"behavior\" -> {{997/1000, 0}}\n"
"From remote kernel:"
"\"number of constraints and variables\" -> {1, 1}\n"
"From remote kernel:"
"\"block\" -> {7, 8}\n"
"From remote kernel:"
"\"behavior\" -> {{0, 0}, {999/1000, 0}}\n"
"From remote kernel:"
"\"number of constraints and variables\" -> {4, 4}\n"
"From remote kernel:"
"\"block\" -> {33}\n"
"From remote kernel:"
"\"behavior\" -> {{0, 0}, {997/1000, 0}}\n"
"From remote kernel:"
"\"number of constraints and variables\" -> {1, 1}\n"
"From remote kernel:"
"\"block\" -> {13}\n"
"From remote kernel:"
"\"behavior\" -> {{997/1000, 0}}\n"
"From remote kernel:"
"\"number of constraints and variables\" -> {1, 1}\n"
"From remote kernel:"
"\"block\" -> {11}\n"
"From remote kernel:"
"\"behavior\" -> {{0, 0}}\n"
"From remote kernel:"
"\"number of constraints and variables\" -> {1, 1}\n"
"From remote kernel:"
"\"block\" -> {3}\n"
"From remote kernel:"
"\"behavior\" -> {{999/1000, 0}}\n"
"From remote kernel:"
"\"number of constraints and variables\" -> {1, 1}\n"
"From remote kernel:"
"\"block\" -> {23, 24, 25}\n"
"From remote kernel:"
"\"behavior\" -> {{0, 0}, {499/500, 0}, {997/1000, 0}, {999/1000, 0}}\n"
"From remote kernel:"
"\"number of constraints and variables\" -> {6, 6}\n"
"From remote kernel:"
"\"block\" -> {51}\n"
"From remote kernel:"
"\"behavior\" -> {{499/500, 0}, {0, 0}, {999/1000, 0}}\n"
"From remote kernel:"
"\"number of constraints and variables\" -> {1, 1}\n"
"From remote kernel:"
"\"block\" -> {36, 39}\n"
"From remote kernel:"
"\"behavior\" -> {{0, 0}, {999/1000, 0}, {997/1000, 0}}\n"
"From remote kernel:"
"\"number of constraints and variables\" -> {4, 4}\n"
"From remote kernel:"
"\"block\" -> {32}\n"
"From remote kernel:"
"\"behavior\" -> {{0, 1}, {997/1000, 0}}\n"
"From remote kernel:"
"\"number of constraints and variables\" -> {1, 1}\n"
"From remote kernel:"
"\"block\" -> {18}\n"
"From remote kernel:"
"\"behavior\" -> {{499/500, 0}, {997/1000, 0}, {0, 0}}\n"
"From remote kernel:"
"\"number of constraints and variables\" -> {1, 1}\n"
"From remote kernel:"
"\"block\" -> {43, 44}\n"
"From remote kernel:"
"\"behavior\" -> {{0, 0}, {499/500, 0}}\n"
"From remote kernel:"
"\"number of constraints and variables\" -> {4, 4}\n"
"From remote kernel:"
"\"block\" -> {92}\n"
"From remote kernel:"
"\"behavior\" -> {{0, 0}, {997/1000, 0}}\n"
"From remote kernel:"
"\"number of constraints and variables\" -> {1, 1}\n"
"From remote kernel:"
"\"block\" -> {15}\n"
"From remote kernel:"
"\"behavior\" -> {{0, 0}, {999/1000, 0}}\n"
"From remote kernel:"
"\"number of constraints and variables\" -> {1, 1}\n"
"From remote kernel:"
"\"block\" -> {48}\n"
"From remote kernel:"
"\"behavior\" -> {{0, 0}}\n"
"From remote kernel:"
"\"number of constraints and variables\" -> {1, 1}\n"
"From remote kernel:"
"\"block\" -> {28}\n"
"From remote kernel:"
"\"behavior\" -> {{0, 0}}\n"
"From remote kernel:"
"\"number of constraints and variables\" -> {1, 1}\n"
"From remote kernel:"
"\"block\" -> {27}\n"
"From remote kernel:"
"\"behavior\" -> {{0, 0}}\n"
"From remote kernel:"
"\"number of constraints and variables\" -> {1, 1}\n"
"From remote kernel:"
"\"block\" -> {10}\n"
"From remote kernel:"
"\"behavior\" -> {{0, 0}}\n"
"From remote kernel:"
"\"number of constraints and variables\" -> {1, 1}\n"
"From remote kernel:"
"\"block\" -> {86, 87}\n"
"From remote kernel:"
"\"behavior\" -> {{0, 1}, {997/1000, 1}, {999/1000, 0}, {499/500, 0}}\n"
"From remote kernel:"
"\"number of constraints and variables\" -> {4, 4}\n"
"From remote kernel:"
"\"block\" -> {69}\n"
"From remote kernel:"
"\"behavior\" -> {{999/1000, 1}, {0, 0}, {499/500, 0}}\n"
"From remote kernel:"
"\"number of constraints and variables\" -> {1, 1}\n"
"From remote kernel:"
"\"block\" -> {84}\n"
"From remote kernel:"
"\"behavior\" -> {{997/1000, 1}, {999/1000, 0}, {0, 0}, {499/500, 0}}\n"
"From remote kernel:"
"\"number of constraints and variables\" -> {1, 1}\n"
"From remote kernel:"
"\"block\" -> {75, 76, 77}\n"
"From remote kernel:"
"\"behavior\" -> {{0, 1}, {997/1000, 1}, {499/500, 0}}\n"
"From remote kernel:"
"\"number of constraints and variables\" -> {6, 6}\n"
"From remote kernel:"
"\"block\" -> {61}\n"
"From remote kernel:"
"\"behavior\" -> {{997/1000, 1}, {0, 1}, {499/500, 0}}\n"
"From remote kernel:"
"\"number of constraints and variables\" -> {1, 1}\n"
"From remote kernel:"
"\"block\" -> {66, 67}\n"
"From remote kernel:"
"\"behavior\" -> {{0, 1}, {999/1000, 0}, {499/500, 0}}\n"
"From remote kernel:"
"\"number of constraints and variables\" -> {2, 2}\n"
"From remote kernel:"
"\"block\" -> {80, 81}\n"
"From remote kernel:"
"\"behavior\" -> {{997/1000, 1}, {999/1000, 0}, {0, 0}}\n"
"From remote kernel:"
"\"number of constraints and variables\" -> {4, 4}\n"
"From remote kernel:"
"\"block\" -> {19, 20}\n"
"From remote kernel:"
"\"behavior\" -> {{499/500, 0}, {999/1000, 0}, {0, 0}}\n"
"From remote kernel:"
"\"number of constraints and variables\" -> {4, 4}\n"
"From remote kernel:"
"\"block\" -> {91}\n"
"From remote kernel:"
"\"behavior\" -> {{0, 1}, {997/1000, 0}}\n"
"From remote kernel:"
"\"number of constraints and variables\" -> {1, 1}\n"
"From remote kernel:"
"\"block\" -> {71}\n"
"From remote kernel:"
"\"behavior\" -> {{999/1000, 0}, {997/1000, 0}, {0, 0}}\n"
"From remote kernel:"
"\"number of constraints and variables\" -> {1, 1}\n"
"From remote kernel:"
"\"block\" -> {89}\n"
"From remote kernel:"
"\"behavior\" -> {{0, 0}}\n"
"From remote kernel:"
"\"number of constraints and variables\" -> {1, 1}\n"
"From remote kernel:"
"\"block\" -> {97}\n"
"From remote kernel:"
"\"behavior\" -> {{499/500, 1}, {997/1000, 1}, {0, 1}, {999/1000, 0}}\n"
"From remote kernel:"
"\"number of constraints and variables\" -> {1, 1}\n"
"From remote kernel:"
"\"block\" -> {101, 102}\n"
"From remote kernel:"
"\"behavior\" -> {{997/1000, 2}, {499/500, 1}, {0, 1}, {999/1000, 0}}\n"
"From remote kernel:"
"\"number of constraints and variables\" -> {4, 4}\n"
"From remote kernel:"
"\"block\" -> {99, 100}\n"
"From remote kernel:"
"\"behavior\" -> {{0, 1}, {999/1000, 2}, {997/1000, 1}, {499/500, 0}}\n"
"From remote kernel:"
"\"number of constraints and variables\" -> {4, 4}\n"
"From remote kernel:"
"\"block\" -> {93}\n"
"From remote kernel:"
"\"behavior\" -> {{0, 2}, {997/1000, 1}, {999/1000, 0}, {499/500, 0}}\n"
"From remote kernel:"
"\"number of constraints and variables\" -> {1, 1}\n"
"From remote kernel:"
"\"block\" -> {94}\n"
"From remote kernel:"
"\"behavior\" -> {{499/500, 1}, {0, 1}, {999/1000, 1}}\n"
"From remote kernel:"
"\"number of constraints and variables\" -> {1, 1}\n"
"From remote kernel:"
"\"block\" -> {96}\n"
"From remote kernel:"
"\"behavior\" -> {{997/1000, 0}, {0, 0}, {499/500, 0}, {999/1000, 0}}\n"
"From remote kernel:"
"\"number of constraints and variables\" -> {1, 1}\n"
"From remote kernel:"
"\"block\" -> {95}\n"
"From remote kernel:"
"\"behavior\" -> {{997/1000, 1}, {0, 1}, {999/1000, 0}}\n"
"From remote kernel:"
"\"number of constraints and variables\" -> {1, 1}\n"
"From remote kernel:"
"\"block\" -> {82}\n"
"From remote kernel:"
"\"behavior\" -> {{999/1000, 1}, {997/1000, 1}, {0, 0}}\n"
"From remote kernel:"
"\"number of constraints and variables\" -> {1, 1}\n"
"From remote kernel:"
"\"block\" -> {37}\n"
"From remote kernel:"
"\"behavior\" -> {{0, 1}, {997/1000, 0}, {999/1000, 0}}\n"
"From remote kernel:"
"\"number of constraints and variables\" -> {1, 1}\n"
"From remote kernel:"
"\"block\" -> {6}\n"
"From remote kernel:"
"\"behavior\" -> {{0, 1}, {999/1000, 0}}\n"
"From remote kernel:"
"\"number of constraints and variables\" -> {1, 1}\n"
"From remote kernel:"
"\"block\" -> {104, 105}\n"
"From remote kernel:"
"\"behavior\" -> {{0, 3}, {997/1000, 3}, {999/1000, 2}, {499/500, 1}}\n"
"From remote kernel:"
"\"number of constraints and variables\" -> {4, 4}\n"
"From remote kernel:"
"\"block\" -> {73, 74}\n"
"From remote kernel:"
"\"behavior\" -> {{0, 2}, {997/1000, 2}, {499/500, 0}}\n"
"From remote kernel:"
"\"number of constraints and variables\" -> {4, 4}\n"
"From remote kernel:"
"\"block\" -> {64, 65}\n"
"From remote kernel:"
"\"behavior\" -> {{0, 2}, {1/1000, 0}, {999/1000, 0}, {499/500, 0}}\n"
"From remote kernel:"
"\"number of constraints and variables\" -> {4, 4}\n"
"From remote kernel:"
"\"block\" -> {79}\n"
"From remote kernel:"
"\"behavior\" -> {{0, 1}, {997/1000, 1}, {999/1000, 1}}\n"
"From remote kernel:"
"\"number of constraints and variables\" -> {1, 1}\n"
"From remote kernel:"
"\"block\" -> {35}\n"
"From remote kernel:"
"\"behavior\" -> {{999/1000, 1}, {0, 1}, {997/1000, 0}}\n"
"From remote kernel:"
"\"number of constraints and variables\" -> {1, 1}\n"
"From remote kernel:"
"\"block\" -> {30, 31}\n"
"From remote kernel:"
"\"behavior\" -> {{0, 2}, {997/1000, 1}}\n"
"From remote kernel:"
"\"number of constraints and variables\" -> {4, 4}\n"
"From remote kernel:"
"\"block\" -> {5}\n"
"From remote kernel:"
"\"behavior\" -> {{999/1000, 1}, {0, 1}}\n"
"From remote kernel:"
"\"number of constraints and variables\" -> {1, 1}\n"
"From remote kernel:"
"\"block\" -> {42}\n"
"From remote kernel:"
"\"behavior\" -> {{0, 1}, {499/500, 0}}\n"
"From remote kernel:"
"\"number of constraints and variables\" -> {1, 1}\n"
"From remote kernel:"
"\"block\" -> {47}\n"
"From remote kernel:"
"\"behavior\" -> {{0, 0}}\n"
"From remote kernel:"
"\"number of constraints and variables\" -> {1, 1}\n"
"From remote kernel:"
"\"block\" -> {2}\n"
"From remote kernel:"
"\"behavior\" -> {{999/1000, 0}}\n"
"From remote kernel:"
"\"number of constraints and variables\" -> {1, 1}\n"
"From remote kernel:"
"\"block\" -> {103}\n"
"From remote kernel:"
"\"behavior\" -> {{0, 4}, {997/1000, 3}, {999/1000, 2}, {499/500, 1}}\n"
"From remote kernel:"
"\"number of constraints and variables\" -> {1, 1}\n"
"From remote kernel:"
"\"block\" -> {98}\n"
"From remote kernel:"
"\"behavior\" -> {{999/1000, 3}, {997/1000, 1}, {0, 1}, {499/500, 0}}\n"
"From remote kernel:"
"\"number of constraints and variables\" -> {1, 1}\n"
"From remote kernel:"
"\"block\" -> {85}\n"
"From remote kernel:"
"\"behavior\" -> {{0, 2}, {997/1000, 1}, {999/1000, 0}, {499/500, 0}}\n"
"From remote kernel:"
"\"number of constraints and variables\" -> {1, 1}\n"
"From remote kernel:"
"\"block\" -> {78}\n"
"From remote kernel:"
"\"behavior\" -> {{999/1000, 2}, {0, 1}, {997/1000, 1}}\n"
"From remote kernel:"
"\"number of constraints and variables\" -> {1, 1}\n"
"From remote kernel:"
"\"block\" -> {68}\n"
"From remote kernel:"
"\"behavior\" -> {{999/1000, 2}, {0, 0}, {499/500, 0}}\n"
"From remote kernel:"
"\"number of constraints and variables\" -> {1, 1}\n"
"From remote kernel:"
"\"block\" -> {72}\n"
"From remote kernel:"
"\"behavior\" -> {{0, 3}, {997/1000, 2}, {499/500, 0}}\n"
"From remote kernel:"
"\"number of constraints and variables\" -> {1, 1}\n"
"From remote kernel:"
"\"block\" -> {83}\n"
"From remote kernel:"
"\"behavior\" -> {{0, 1}, {997/1000, 1}, {999/1000, 0}, {499/500, 0}}\n"
"From remote kernel:"
"\"number of constraints and variables\" -> {1, 1}\n"
"From remote kernel:"
"\"block\" -> {63}\n"
"From remote kernel:"
"\"behavior\" -> {{0, 3}, {1/1000, 0}, {999/1000, 0}, {499/500, 0}}\n"
"From remote kernel:"
"\"number of constraints and variables\" -> {1, 1}\n"
"From remote kernel:"
"\"block\" -> {60}\n"
"From remote kernel:"
"\"behavior\" -> {{0, 2}, {997/1000, 0}, {999/1000, 1}}\n"
"From remote kernel:"
"\"number of constraints and variables\" -> {1, 1}\n"
"From remote kernel:"
"\"block\" -> {34}\n"
"From remote kernel:"
"\"behavior\" -> {{0, 2}, {999/1000, 1}, {997/1000, 0}}\n"
"From remote kernel:"
"\"number of constraints and variables\" -> {1, 1}\n"
"From remote kernel:"
"\"block\" -> {29}\n"
"From remote kernel:"
"\"behavior\" -> {{0, 3}, {997/1000, 1}}\n"
"From remote kernel:"
"\"number of constraints and variables\" -> {1, 1}\n"
"From remote kernel:"
"\"block\" -> {16, 17}\n"
"From remote kernel:"
"\"behavior\" -> {{0, 1}, {199/200, 0}, {997/1000, 0}, {499/500, 0}}\n"
"From remote kernel:"
"\"number of constraints and variables\" -> {4, 4}\n"
"From remote kernel:"
"\"block\" -> {22}\n"
"From remote kernel:"
"\"behavior\" -> {{0, 1}, {997/1000, 0}, {999/1000, 0}, {499/500, 0}}\n"
"From remote kernel:"
"\"number of constraints and variables\" -> {1, 1}\n"
"From remote kernel:"
"\"block\" -> {70}\n"
"From remote kernel:"
"\"behavior\" -> {{999/1000, 1}, {997/1000, 0}, {0, 0}}\n"
"From remote kernel:"
"\"number of constraints and variables\" -> {1, 1}\n"
"From remote kernel:"
"\"block\" -> {21}\n"
"From remote kernel:"
"\"behavior\" -> {{999/1000, 1}, {0, 0}, {499/500, 0}}\n"
"From remote kernel:"
"\"number of constraints and variables\" -> {1, 1}\n"
"From remote kernel:"
"\"block\" -> {12}\n"
"From remote kernel:"
"\"behavior\" -> {{0, 2}, {999/1000, 1}}\n"
"From remote kernel:"
"\"number of constraints and variables\" -> {1, 1}\n"
"From remote kernel:"
"\"block\" -> {4}\n"
"From remote kernel:"
"\"behavior\" -> {{0, 2}, {999/1000, 1}}\n"
"From remote kernel:"
"\"number of constraints and variables\" -> {1, 1}\n"
"From remote kernel:"
"\"block\" -> {40}\n"
"From remote kernel:"
"\"behavior\" -> {{0, 2}, {499/500, 0}}\n"
"From remote kernel:"
"\"number of constraints and variables\" -> {1, 1}\n"
"From remote kernel:"
"\"block\" -> {90}\n"
"From remote kernel:"
"\"behavior\" -> {{0, 2}, {997/1000, 0}}\n"
"From remote kernel:"
"\"number of constraints and variables\" -> {1, 1}\n"
"From remote kernel:"
"\"block\" -> {54}\n"
"From remote kernel:"
"\"behavior\" -> {{0, 1}, {999/1000, 0}, {499/500, 0}}\n"
"From remote kernel:"
"\"number of constraints and variables\" -> {1, 1}\n"
"From remote kernel:"
"\"block\" -> {53}\n"
"From remote kernel:"
"\"behavior\" -> {{0, 1}, {999/1000, 0}, {499/500, 0}}\n"
"From remote kernel:"
"\"number of constraints and variables\" -> {1, 1}\n"
"From remote kernel:"
"\"block\" -> {52}\n"
"From remote kernel:"
"\"behavior\" -> {{0, 1}, {999/1000, 0}, {499/500, 0}}\n"
"From remote kernel:"
"\"number of constraints and variables\" -> {1, 1}\n"
"From remote kernel:"
"\"block\" -> {50}\n"
"From remote kernel:"
"\"behavior\" -> {{0, 1}, {999/1000, 0}, {499/500, 0}}\n"
"From remote kernel:"
"\"number of constraints and variables\" -> {1, 1}\n"
"From remote kernel:"
"\"block\" -> {49}\n"
"From remote kernel:"
"\"behavior\" -> {{0, 1}, {999/1000, 0}, {499/500, 0}}\n"
"From remote kernel:"
"\"number of constraints and variables\" -> {1, 1}\n"
"From remote kernel:"
"\"block\" -> {38}\n"
"From remote kernel:"
"\"behavior\" -> {{0, 1}, {997/1000, 0}, {999/1000, 0}}\n"
"From remote kernel:"
"\"number of constraints and variables\" -> {1, 1}\n"
"From remote kernel:"
"\"block\" -> {41}\n"
"From remote kernel:"
"\"behavior\" -> {{0, 1}, {499/500, 0}}\n"
"From remote kernel:"
"\"number of constraints and variables\" -> {1, 1}\n"
"From remote kernel:"
"\"block\" -> {14}\n"
"From remote kernel:"
"\"behavior\" -> {{0, 0}, {999/1000, 0}}\n"
"From remote kernel:"
"\"number of constraints and variables\" -> {1, 1}\n"
"From remote kernel:"
"\"block\" -> {88}\n"
"From remote kernel:"
"\"behavior\" -> {{0, 0}}\n"
"From remote kernel:"
"\"number of constraints and variables\" -> {1, 1}\n"
"From remote kernel:"
"\"block\" -> {62}\n"
"From remote kernel:"
"\"behavior\" -> {{0, 0}}\n"
"From remote kernel:"
"\"number of constraints and variables\" -> {1, 1}\n"
"From remote kernel:"
"\"block\" -> {59}\n"
"From remote kernel:"
"\"behavior\" -> {{0, 0}}\n"
"From remote kernel:"
"\"number of constraints and variables\" -> {1, 1}\n"
"From remote kernel:"
"\"block\" -> {58}\n"
"From remote kernel:"
"\"behavior\" -> {{0, 0}}\n"
"From remote kernel:"
"\"number of constraints and variables\" -> {1, 1}\n"
"From remote kernel:"
"\"block\" -> {57}\n"
"From remote kernel:"
"\"behavior\" -> {{0, 0}}\n"
"From remote kernel:"
"\"number of constraints and variables\" -> {1, 1}\n"
"From remote kernel:"
"\"block\" -> {56}\n"
"From remote kernel:"
"\"behavior\" -> {{0, 0}}\n"
"From remote kernel:"
"\"number of constraints and variables\" -> {1, 1}\n"
"From remote kernel:"
"\"block\" -> {55}\n"
"From remote kernel:"
"\"behavior\" -> {{0, 0}}\n"
"From remote kernel:"
"\"number of constraints and variables\" -> {1, 1}\n"
"From remote kernel:"
"\"block\" -> {46}\n"
"From remote kernel:"
"\"behavior\" -> {{0, 0}}\n"
"From remote kernel:"
"\"number of constraints and variables\" -> {1, 1}\n"
"From remote kernel:"
"\"block\" -> {45}\n"
"From remote kernel:"
"\"behavior\" -> {{0, 0}}\n"
"From remote kernel:"
"\"number of constraints and variables\" -> {1, 1}\n"
"From remote kernel:"
"\"block\" -> {26}\n"
"From remote kernel:"
"\"behavior\" -> {{0, 0}}\n"
"From remote kernel:"
"\"number of constraints and variables\" -> {1, 1}\n"
"From remote kernel:"
"\"block\" -> {9}\n"
"From remote kernel:"
"\"behavior\" -> {{0, 0}}\n"
"From remote kernel:"
"\"number of constraints and variables\" -> {1, 1}\n"
"From remote kernel:"
"\"AMFlow: last point solved in 29s.\"\n"
"From remote kernel:"
"\"dropped terms when pickzero\" -> {0.}\n"
"From remote kernel:"
"\"dropped terms when pickzero\" -> {0.}\n"
"From remote kernel:"
"\"dropped terms when pickzero\" -> {0.}\n"
"From remote kernel:"
"\"dropped terms when pickzero\" -> {0.}\n"
"From remote kernel:"
"\"dropped terms when pickzero\" -> {0., 0.}\n"
"From remote kernel:"
"\"dropped terms when pickzero\" -> {0.}\n"
"From remote kernel:"
"\"dropped terms when pickzero\" -> {0.}\n"
"From remote kernel:"
"\"dropped terms when pickzero\" -> {0.}\n"
"From remote kernel:"
"\"dropped terms when pickzero\" -> {0.}\n"
"From remote kernel:"
"\"dropped terms when pickzero\" -> {0.}\n"
"From remote kernel:"
"\"dropped terms when pickzero\" -> {0.}\n"
"From remote kernel:"
"\"dropped terms when pickzero\" -> {0., 0.}\n"
"From remote kernel:"
"\"dropped terms when pickzero\" -> {0.}\n"
"From remote kernel:"
"\"dropped terms when pickzero\" -> {0.}\n"
"From remote kernel:"
"\"dropped terms when pickzero\" -> {0., 0.}\n"
"From remote kernel:"
"\"dropped terms when pickzero\" -> {0., 0., 0.}\n"
"From remote kernel:"
"\"dropped terms when pickzero\" -> {0., 0., 0., 0.}\n"
"From remote kernel:"
"\"dropped terms when pickzero\" -> {0.}\n"
"From remote kernel:"
"\"dropped terms when pickzero\" -> {0.}\n"
"From remote kernel:"
"\"dropped terms when pickzero\" -> {0.}\n"
"From remote kernel:"
"\"dropped terms when pickzero\" -> {0., 0.}\n"
"From remote kernel:"
"\"dropped terms when pickzero\" -> {0.}\n"
"From remote kernel:"
"\"dropped terms when pickzero\" -> {0.}\n"
"From remote kernel:"
"\"dropped terms when pickzero\" -> {0.}\n"
"From remote kernel:"
"\"dropped terms when pickzero\" -> {0.}\n"
"From remote kernel:"
"\"dropped terms when pickzero\" -> {0.}\n"
"From remote kernel:"
"\"dropped terms when pickzero\" -> {0.}\n"
"From remote kernel:"
"\"dropped terms when pickzero\" -> {0.}\n"
"From remote kernel:"
"\"dropped terms when pickzero\" -> {0.}\n"
"From remote kernel:"
"\"dropped terms when pickzero\" -> {0., 0.}\n"
"From remote kernel:"
"\"dropped terms when pickzero\" -> {0.}\n"
"From remote kernel:"
"\"dropped terms when pickzero\" -> {0., 0.}\n"
"From remote kernel:"
"\"dropped terms when pickzero\" -> {0.}\n"
"From remote kernel:"
"\"dropped terms when pickzero\" -> {0.}\n"
"From remote kernel:"
"\"dropped terms when pickzero\" -> {0.}\n"
"From remote kernel:"
"\"dropped terms when pickzero\" -> {0.}\n"
"From remote kernel:"
"\"dropped terms when pickzero\" -> {0.}\n"
"From remote kernel:"
"\"dropped terms when pickzero\" -> {0.}\n"
"From remote kernel:"
"\"dropped terms when pickzero\" -> {0.}\n"
"From remote kernel:"
"\"dropped terms when pickzero\" -> {0.}\n"
"From remote kernel:"
"\"dropped terms when pickzero\" -> {0.}\n"
"From remote kernel:"
"\"dropped terms when pickzero\" -> {0., 0.}\n"
"From remote kernel:"
"\"dropped terms when pickzero\" -> {0.}\n"
"From remote kernel:"
"\"dropped terms when pickzero\" -> {0., 0.}\n"
"From remote kernel:"
"\"dropped terms when pickzero\" -> {0., 0.}\n"
"From remote kernel:"
"\"dropped terms when pickzero\" -> {0., 0., 0.}\n"
"From remote kernel:"
"\"dropped terms when pickzero\" -> {0., 0., 0.}\n"
"From remote kernel:"
"\"system cleared: DESolver`$InternalSystem\"\n"
"From remote kernel:"
"\"AMFlow: finished in 82s.\"\n"
