"From remote kernel:"
"DESolver`SetGlobalOptions -> {\"WorkingPre\" -> 100, \"ChopPre\" -> 20, \"SilentMode\" -> False, \"RationalizePre\" -> 100}\n"
"From remote kernel:"
"DESolver`SetExpansionOptions -> {\"XOrder\" -> 100, \"ExtraXOrder\" -> 20, \"LearnXOrder\" -> -1, \"TestXOrder\" -> 5}\n"
"From remote kernel:"
"DESolver`SetRunningOptions -> {\"RunRadius\" -> 2, \"RunLength\" -> 1000, \"RunCandidate\" -> 10, \"RunDirection\" -> \"NegIm\"}\n"
"From remote kernel:"
"DESolver`SetGlobalOptions -> {\"WorkingPre\" -> 200, \"ChopPre\" -> 20, \"SilentMode\" -> False, \"RationalizePre\" -> 100}\n"
"From remote kernel:"
"DESolver`SetExpansionOptions -> {\"XOrder\" -> 400, \"ExtraXOrder\" -> 480, \"LearnXOrder\" -> -1, \"TestXOrder\" -> 5}\n"
"From remote kernel:"
"DESolver`SetRunningOptions -> {\"RunRadius\" -> 2, \"RunLength\" -> 1000, \"RunCandidate\" -> 10, \"RunDirection\" -> \"NegIm\"}\n"
"From remote kernel:"
"\"AMFlow: start.\"\n"
"From remote kernel:"
"\"system loaded: DESolver`$InternalSystem\\nDE[DESolver`$InternalSystem] -- differential equation in matrix form\\nBC[DESolver`$InternalSystem] -- boundary conditions either in singular form or in regular form\\nP[DESolver`$InternalSystem] -- boundary point\\nAsyExp[DESolver`$InternalSystem] -- asymptotic expansion near a singular point (currently it is Null)\\nintegrals: 38, blocks: 24, density: 0.18, degrees: {22, 27}\"\n"
"From remote kernel:"
"\"AMFlow: integrals will be evaluated at 10 regular points\" -> {0. - 33.6*I, 0. - 18.97651937015775*I, 0. - 10.474138500563827*I, 0. - 5.237069250281914*I, 0. - 2.6185346251409567*I, 0. - 1.3092673125704783*I, 0. - 0.6546336562852393*I, 0. - 0.3273168281426196*I, 0. - 0.1636584140713098*I, 0. - 0.08462366023372007*I}\n"
"From remote kernel:"
"\"AMFlow: integration contour generated in 1s.\"\n"
"From remote kernel:"
"\"AMFlow: solving near eta = Infinity...\"\n"
"From remote kernel:"
"\"CalcTaylor: current region\" -> 1/100000\n"
"From remote kernel:"
"\"block\" -> {1}\n"
"From remote kernel:"
"\"boundary condition inserted\" -> {1, 0, 1.0000084559869469*^10}\n"
"From remote kernel:"
"\"block\" -> {5, 6, 7}\n"
"From remote kernel:"
"\"boundary condition test\" -> {7, 0, 1.0000084559869469*^10}\n"
"From remote kernel:"
"\"boundary condition test\" -> {6, 0, 9.99998455902387*^9}\n"
"From remote kernel:"
"\"boundary condition test\" -> {5, 0, -100000.8455986947}\n"
"From remote kernel:"
"\"block\" -> {9, 10}\n"
"From remote kernel:"
"\"boundary condition test\" -> {10, 0, 0.}\n"
"From remote kernel:"
"\"boundary condition test\" -> {9, 0, 0.}\n"
"From remote kernel:"
"\"block\" -> {2}\n"
"From remote kernel:"
"\"boundary condition test\" -> {2, 0, 1.0000084559869469*^10}\n"
"From remote kernel:"
"\"block\" -> {15}\n"
"From remote kernel:"
"\"boundary condition test\" -> {15, 0, 0.}\n"
"From remote kernel:"
"\"block\" -> {13}\n"
"From remote kernel:"
"\"boundary condition test\" -> {13, 0, 0.}\n"
"From remote kernel:"
"\"block\" -> {12}\n"
"From remote kernel:"
"\"boundary condition test\" -> {12, 0, 0.}\n"
"From remote kernel:"
"\"block\" -> {3}\n"
"From remote kernel:"
"\"boundary condition inserted\" -> {3, 0, 9.999969548163868*^9}\n"
"From remote kernel:"
"\"block\" -> {22, 23, 24}\n"
"From remote kernel:"
"\"boundary condition test\" -> {24, 0, 9.999969548163868*^9}\n"
"From remote kernel:"
"\"boundary condition test\" -> {23, 0, -35835.041827682515}\n"
"From remote kernel:"
"\"boundary condition test\" -> {22, 0, -99999.69548163867}\n"
"From remote kernel:"
"\"block\" -> {18, 19, 20}\n"
"From remote kernel:"
"\"boundary condition test\" -> {20, 0, 1.0000084559869469*^10}\n"
"From remote kernel:"
"\"boundary condition test\" -> {19, 0, 9.99998455902387*^9}\n"
"From remote kernel:"
"\"boundary condition test\" -> {18, 0, -1.0000184560715067*^10}\n"
"From remote kernel:"
"\"block\" -> {26, 27}\n"
"From remote kernel:"
"\"boundary condition test\" -> {27, 0, 0.}\n"
"From remote kernel:"
"\"boundary condition test\" -> {26, 0, 0.}\n"
"From remote kernel:"
"\"block\" -> {16}\n"
"From remote kernel:"
"\"boundary condition test\" -> {16, 0, 9.999969548163868*^9}\n"
"From remote kernel:"
"\"block\" -> {30}\n"
"From remote kernel:"
"\"boundary condition test\" -> {30, 0, 0.}\n"
"From remote kernel:"
"\"block\" -> {29}\n"
"From remote kernel:"
"\"boundary condition test\" -> {29, 0, 0.}\n"
"From remote kernel:"
"\"block\" -> {32, 33, 34, 35, 36, 37, 38}\n"
"From remote kernel:"
"\"homogeneous id up to\" -> 6174\n"
"From remote kernel:"
"\"dropped eqs\" -> {{6175 -> 0.}, {6175 -> 0.}}\n"
"From remote kernel:"
"\"boundary condition test\" -> {38, 0, 9.999969548163868*^9}\n"
"From remote kernel:"
"\"boundary condition test\" -> {37, 0, -2.0000039096023216*^10}\n"
"From remote kernel:"
"\"boundary condition test\" -> {36, 0, 1.66664020314276*^9}\n"
"From remote kernel:"
"\"boundary condition test\" -> {35, 0, 9.999969548163868*^9}\n"
"From remote kernel:"
"\"boundary condition test\" -> {34, 0, 9.999969548163868*^9}\n"
"From remote kernel:"
"\"boundary condition test\" -> {33, 0, -35835.041827682515}\n"
"From remote kernel:"
"\"boundary condition test\" -> {32, 0, -1.0000069547859348*^10}\n"
"From remote kernel:"
"\"block\" -> {31}\n"
"From remote kernel:"
"\"boundary condition test\" -> {31, 0, 9.999969548163868*^9}\n"
"From remote kernel:"
"\"block\" -> {21}\n"
"From remote kernel:"
"\"boundary condition test\" -> {21, 0, 9.999969548163868*^9}\n"
"From remote kernel:"
"\"block\" -> {17}\n"
"From remote kernel:"
"\"boundary condition test\" -> {17, 0, 1.0000084559869469*^10}\n"
"From remote kernel:"
"\"block\" -> {25}\n"
"From remote kernel:"
"\"boundary condition test\" -> {25, 0, 0.}\n"
"From remote kernel:"
"\"block\" -> {4}\n"
"From remote kernel:"
"\"boundary condition test\" -> {4, 0, 1.0000084559869469*^10}\n"
"From remote kernel:"
"\"block\" -> {8}\n"
"From remote kernel:"
"\"boundary condition test\" -> {8, 0, 0.}\n"
"From remote kernel:"
"\"block\" -> {28}\n"
"From remote kernel:"
"\"boundary condition test\" -> {28, 0, 0.}\n"
"From remote kernel:"
"\"block\" -> {14}\n"
"From remote kernel:"
"\"boundary condition test\" -> {14, 0, 0.}\n"
"From remote kernel:"
"\"block\" -> {11}\n"
"From remote kernel:"
"\"boundary condition test\" -> {11, 0, 0.}\n"
"From remote kernel:"
"\"CalcTaylor: current region\" -> 0\n"
"From remote kernel:"
"\"block\" -> {1}\n"
"From remote kernel:"
"\"boundary condition test\" -> {1, 0, 0.}\n"
"From remote kernel:"
"\"block\" -> {5, 6, 7}\n"
"From remote kernel:"
"\"boundary condition test\" -> {7, 0, 0.}\n"
"From remote kernel:"
"\"boundary condition test\" -> {6, 0, 0.}\n"
"From remote kernel:"
"\"boundary condition test\" -> {5, 0, 0.}\n"
"From remote kernel:"
"\"block\" -> {9, 10}\n"
"From remote kernel:"
"\"boundary condition test\" -> {10, 0, 0.}\n"
"From remote kernel:"
"\"boundary condition test\" -> {9, 0, 0.}\n"
"From remote kernel:"
"\"block\" -> {2}\n"
"From remote kernel:"
"\"boundary condition test\" -> {2, 0, 0.}\n"
"From remote kernel:"
"\"block\" -> {15}\n"
"From remote kernel:"
"\"boundary condition inserted\" -> {15, 0, -5.000092280712586*^9}\n"
"From remote kernel:"
"\"block\" -> {13}\n"
"From remote kernel:"
"\"boundary condition inserted\" -> {13, 0, -4.999877270554435*^9}\n"
"From remote kernel:"
"\"block\" -> {12}\n"
"From remote kernel:"
"\"boundary condition inserted\" -> {12, 0, 4.999992279557701*^9}\n"
"From remote kernel:"
"\"block\" -> {3}\n"
"From remote kernel:"
"\"boundary condition test\" -> {3, 0, 0.}\n"
"From remote kernel:"
"\"block\" -> {22, 23, 24}\n"
"From remote kernel:"
"\"boundary condition test\" -> {24, 0, 0.}\n"
"From remote kernel:"
"\"boundary condition test\" -> {23, 0, 0.}\n"
"From remote kernel:"
"\"boundary condition test\" -> {22, 0, 0.}\n"
"From remote kernel:"
"\"block\" -> {18, 19, 20}\n"
"From remote kernel:"
"\"boundary condition test\" -> {20, 0, 4.999877270554435*^9}\n"
"From remote kernel:"
"\"boundary condition test\" -> {19, 0, -4.999992279557701*^9}\n"
"From remote kernel:"
"\"boundary condition test\" -> {18, 0, 5.000217282135036*^9}\n"
"From remote kernel:"
"\"block\" -> {26, 27}\n"
"From remote kernel:"
"\"boundary condition test\" -> {27, 0, 5.000092280712586*^9}\n"
"From remote kernel:"
"\"boundary condition test\" -> {26, 0, 25001.33644283803}\n"
"From remote kernel:"
"\"block\" -> {16}\n"
"From remote kernel:"
"\"boundary condition test\" -> {16, 0, 0.}\n"
"From remote kernel:"
"\"block\" -> {30}\n"
"From remote kernel:"
"\"boundary condition inserted\" -> {30, 0, 59291.90226923638}\n"
"From remote kernel:"
"\"block\" -> {29}\n"
"From remote kernel:"
"\"boundary condition inserted\" -> {29, 0, -35834.711709871845}\n"
"From remote kernel:"
"\"block\" -> {32, 33, 34, 35, 36, 37, 38}\n"
"From remote kernel:"
"\"homogeneous id up to\" -> 6174\n"
"From remote kernel:"
"\"dropped eqs\" -> {{6175 -> 0.}, {6175 -> 0.}, {6175 -> 0.}, {6175 -> 0.}}\n"
"From remote kernel:"
"\"boundary condition test\" -> {38, 0, -8333.170861095894}\n"
"From remote kernel:"
"\"boundary condition test\" -> {37, 0, 59291.90226923638}\n"
"From remote kernel:"
"\"boundary condition test\" -> {36, 0, -1.666656870372993*^9}\n"
"From remote kernel:"
"\"boundary condition test\" -> {35, 0, -59291.90226923638}\n"
"From remote kernel:"
"\"boundary condition test\" -> {34, 0, -59291.90226923638}\n"
"From remote kernel:"
"\"boundary condition test\" -> {33, 0, 35834.711709871845}\n"
"From remote kernel:"
"\"boundary condition test\" -> {32, 0, 4.999977269785306*^9}\n"
"From remote kernel:"
"\"block\" -> {31}\n"
"From remote kernel:"
"\"boundary condition test\" -> {31, 0, -4.999977269785306*^9}\n"
"From remote kernel:"
"\"block\" -> {21}\n"
"From remote kernel:"
"\"boundary condition test\" -> {21, 0, 0.}\n"
"From remote kernel:"
"\"block\" -> {17}\n"
"From remote kernel:"
"\"boundary condition test\" -> {17, 0, -5.000217282135036*^9}\n"
"From remote kernel:"
"\"block\" -> {25}\n"
"From remote kernel:"
"\"boundary condition test\" -> {25, 0, -25001.33644283803}\n"
"From remote kernel:"
"\"block\" -> {4}\n"
"From remote kernel:"
"\"boundary condition test\" -> {4, 0, 0.}\n"
"From remote kernel:"
"\"block\" -> {8}\n"
"From remote kernel:"
"\"boundary condition test\" -> {8, 0, 0.}\n"
"From remote kernel:"
"\"block\" -> {28}\n"
"From remote kernel:"
"\"boundary condition inserted\" -> {28, 0, 4.999977269785306*^9}\n"
"From remote kernel:"
"\"block\" -> {14}\n"
"From remote kernel:"
"\"boundary condition inserted\" -> {14, 0, 25001.33644283803}\n"
"From remote kernel:"
"\"block\" -> {11}\n"
"From remote kernel:"
"\"boundary condition inserted\" -> {11, 0, 5.000217282135036*^9}\n"
"From remote kernel:"
"\"CalcTaylor: current region\" -> 1/50000\n"
"From remote kernel:"
"\"block\" -> {1}\n"
"From remote kernel:"
"\"boundary condition test\" -> {1, 0, 0.}\n"
"From remote kernel:"
"\"block\" -> {5, 6, 7}\n"
"From remote kernel:"
"\"boundary condition inserted\" -> {7, 0, -4.999992281156855*^9}\n"
"From remote kernel:"
"\"boundary condition test\" -> {6, 0, -4.999992281156855*^9}\n"
"From remote kernel:"
"\"boundary condition test\" -> {5, 0, 4.999992281156855*^9}\n"
"From remote kernel:"
"\"block\" -> {9, 10}\n"
"From remote kernel:"
"\"boundary condition inserted\" -> {10, 0, -4.999992281156855*^9}\n"
"From remote kernel:"
"\"boundary condition test\" -> {9, 0, 4.999992281156855*^9}\n"
"From remote kernel:"
"\"block\" -> {2}\n"
"From remote kernel:"
"\"boundary condition inserted\" -> {2, 0, 0.}\n"
"From remote kernel:"
"\"block\" -> {15}\n"
"From remote kernel:"
"\"boundary condition test\" -> {15, 0, 0.}\n"
"From remote kernel:"
"\"block\" -> {13}\n"
"From remote kernel:"
"\"boundary condition test\" -> {13, 0, 0.}\n"
"From remote kernel:"
"\"block\" -> {12}\n"
"From remote kernel:"
"\"boundary condition test\" -> {12, 0, 0.}\n"
"From remote kernel:"
"\"block\" -> {3}\n"
"From remote kernel:"
"\"boundary condition test\" -> {3, 0, 0.}\n"
"From remote kernel:"
"\"block\" -> {22, 23, 24}\n"
"From remote kernel:"
"\"boundary condition test\" -> {24, 0, -1.0000084562159332*^10}\n"
"From remote kernel:"
"\"boundary condition test\" -> {23, 0, -49999.92281156855}\n"
"From remote kernel:"
"\"boundary condition test\" -> {22, 0, 99999.8456231371}\n"
"From remote kernel:"
"\"block\" -> {18, 19, 20}\n"
"From remote kernel:"
"\"boundary condition test\" -> {20, 0, -4.999992281156855*^9}\n"
"From remote kernel:"
"\"boundary condition test\" -> {19, 0, -4.999992281156855*^9}\n"
"From remote kernel:"
"\"boundary condition test\" -> {18, 0, -100001.8456600503}\n"
"From remote kernel:"
"\"block\" -> {26, 27}\n"
"From remote kernel:"
"\"boundary condition test\" -> {27, 0, -4.999992281156855*^9}\n"
"From remote kernel:"
"\"boundary condition test\" -> {26, 0, -100001.8456600503}\n"
"From remote kernel:"
"\"block\" -> {16}\n"
"From remote kernel:"
"\"boundary condition test\" -> {16, 0, 0.}\n"
"From remote kernel:"
"\"block\" -> {30}\n"
"From remote kernel:"
"\"boundary condition test\" -> {30, 0, 0.}\n"
"From remote kernel:"
"\"block\" -> {29}\n"
"From remote kernel:"
"\"boundary condition test\" -> {29, 0, 0.}\n"
"From remote kernel:"
"\"block\" -> {32, 33, 34, 35, 36, 37, 38}\n"
"From remote kernel:"
"\"homogeneous id up to\" -> 6174\n"
"From remote kernel:"
"\"dropped eqs\" -> {{6175 -> 0.}, {6175 -> 0.}, {6175 -> 0.}, {6175 -> 0.}, {6175 -> 0.}}\n"
"From remote kernel:"
"\"boundary condition test\" -> {38, 0, -1.0000234562927765*^10}\n"
"From remote kernel:"
"\"boundary condition test\" -> {37, 0, 2.0000369126009907*^10}\n"
"From remote kernel:"
"\"boundary condition test\" -> {36, 0, -49999.92281156855}\n"
"From remote kernel:"
"\"boundary condition test\" -> {35, 0, -1.0000084562159332*^10}\n"
"From remote kernel:"
"\"boundary condition test\" -> {34, 0, -4.999992281156855*^9}\n"
"From remote kernel:"
"\"boundary condition test\" -> {33, 0, -49999.92281156855}\n"
"From remote kernel:"
"\"boundary condition test\" -> {32, 0, 5.000092281002478*^9}\n"
"From remote kernel:"
"\"block\" -> {31}\n"
"From remote kernel:"
"\"boundary condition test\" -> {31, 0, -4.999992281156855*^9}\n"
"From remote kernel:"
"\"block\" -> {21}\n"
"From remote kernel:"
"\"boundary condition test\" -> {21, 0, -4.999992281156855*^9}\n"
"From remote kernel:"
"\"block\" -> {17}\n"
"From remote kernel:"
"\"boundary condition test\" -> {17, 0, 5.000092283002515*^9}\n"
"From remote kernel:"
"\"block\" -> {25}\n"
"From remote kernel:"
"\"boundary condition test\" -> {25, 0, 5.000092283002515*^9}\n"
"From remote kernel:"
"\"block\" -> {4}\n"
"From remote kernel:"
"\"boundary condition test\" -> {4, 0, 5.000092283002515*^9}\n"
"From remote kernel:"
"\"block\" -> {8}\n"
"From remote kernel:"
"\"boundary condition test\" -> {8, 0, 5.000092283002515*^9}\n"
"From remote kernel:"
"\"block\" -> {28}\n"
"From remote kernel:"
"\"boundary condition test\" -> {28, 0, 0.}\n"
"From remote kernel:"
"\"block\" -> {14}\n"
"From remote kernel:"
"\"boundary condition test\" -> {14, 0, 0.}\n"
"From remote kernel:"
"\"block\" -> {11}\n"
"From remote kernel:"
"\"boundary condition test\" -> {11, 0, 0.}\n"
"From remote kernel:"
"\"AMFlow: Infinity solved in 75s.\"\n"
"From remote kernel:"
"\"AMFlow: running among regular points...\"\n"
"From remote kernel:"
"\"current regular point\" -> 0. - 33.6*I\n"
"From remote kernel:"
"\"current regular point\" -> 0. - 18.976519370157753*I\n"
"From remote kernel:"
"\"current regular point\" -> 0. - 10.474138500563827*I\n"
"From remote kernel:"
"\"current regular point\" -> 0. - 5.237069250281913*I\n"
"From remote kernel:"
"\"current regular point\" -> 0. - 2.6185346251409567*I\n"
"From remote kernel:"
"\"current regular point\" -> 0. - 1.3092673125704783*I\n"
"From remote kernel:"
"\"current regular point\" -> 0. - 0.6546336562852392*I\n"
"From remote kernel:"
"\"current regular point\" -> 0. - 0.3273168281426196*I\n"
"From remote kernel:"
"\"current regular point\" -> 0. - 0.1636584140713098*I\n"
"From remote kernel:"
"\"AMFlow: regular running finished in 33s.\"\n"
"From remote kernel:"
"\"AMFlow: solving near the last point...\"\n"
"From remote kernel:"
"\"NormalizeMat finished in 2s.\"\n"
"From remote kernel:"
"\"LearnXOrder is negative. skip learning phase.\"\n"
"From remote kernel:"
"\"block\" -> {1}\n"
"From remote kernel:"
"\"behavior\" -> {{0, 0}}\n"
"From remote kernel:"
"\"number of constraints and variables\" -> {1, 1}\n"
"From remote kernel:"
"\"block\" -> {5, 6, 7}\n"
"From remote kernel:"
"\"behavior\" -> {{0, 1}}\n"
"From remote kernel:"
"\"number of constraints and variables\" -> {3, 3}\n"
"From remote kernel:"
"\"block\" -> {9, 10}\n"
"From remote kernel:"
"\"behavior\" -> {{0, 0}, {24999/25000, 0}}\n"
"From remote kernel:"
"\"number of constraints and variables\" -> {4, 4}\n"
"From remote kernel:"
"\"block\" -> {2}\n"
"From remote kernel:"
"\"behavior\" -> {{49999/50000, 0}, {0, 0}}\n"
"From remote kernel:"
"\"number of constraints and variables\" -> {1, 1}\n"
"From remote kernel:"
"\"block\" -> {15}\n"
"From remote kernel:"
"\"behavior\" -> {{0, 0}}\n"
"From remote kernel:"
"\"number of constraints and variables\" -> {1, 1}\n"
"From remote kernel:"
"\"block\" -> {13}\n"
"From remote kernel:"
"\"behavior\" -> {{0, 0}}\n"
"From remote kernel:"
"\"number of constraints and variables\" -> {1, 1}\n"
"From remote kernel:"
"\"block\" -> {12}\n"
"From remote kernel:"
"\"behavior\" -> {{0, 0}}\n"
"From remote kernel:"
"\"number of constraints and variables\" -> {1, 1}\n"
"From remote kernel:"
"\"block\" -> {3}\n"
"From remote kernel:"
"\"behavior\" -> {{0, 0}}\n"
"From remote kernel:"
"\"number of constraints and variables\" -> {1, 1}\n"
"From remote kernel:"
"\"block\" -> {22, 23, 24}\n"
"From remote kernel:"
"\"behavior\" -> {{0, 2}, {24999/25000, 0}}\n"
"From remote kernel:"
"\"number of constraints and variables\" -> {3, 3}\n"
"From remote kernel:"
"\"block\" -> {18, 19, 20}\n"
"From remote kernel:"
"\"behavior\" -> {{0, 2}, {49999/50000, 1}}\n"
"From remote kernel:"
"\"number of constraints and variables\" -> {6, 6}\n"
"From remote kernel:"
"\"block\" -> {26, 27}\n"
"From remote kernel:"
"\"behavior\" -> {{0, 1}, {49999/50000, 0}, {24999/25000, 0}}\n"
"From remote kernel:"
"\"number of constraints and variables\" -> {4, 4}\n"
"From remote kernel:"
"\"block\" -> {16}\n"
"From remote kernel:"
"\"behavior\" -> {{49999/50000, 0}, {0, 0}}\n"
"From remote kernel:"
"\"number of constraints and variables\" -> {1, 1}\n"
"From remote kernel:"
"\"block\" -> {30}\n"
"From remote kernel:"
"\"behavior\" -> {{0, 0}}\n"
"From remote kernel:"
"\"number of constraints and variables\" -> {1, 1}\n"
"From remote kernel:"
"\"block\" -> {29}\n"
"From remote kernel:"
"\"behavior\" -> {{0, 0}}\n"
"From remote kernel:"
"\"number of constraints and variables\" -> {1, 1}\n"
"From remote kernel:"
"\"block\" -> {32, 33, 34, 35, 36, 37, 38}\n"
"From remote kernel:"
"\"behavior\" -> {{0, 3}, {49999/50000, 2}, {24999/25000, 0}}\n"
"From remote kernel:"
"\"number of constraints and variables\" -> {14, 14}\n"
"From remote kernel:"
"\"block\" -> {31}\n"
"From remote kernel:"
"\"behavior\" -> {{0, 4}, {24999/25000, 0}, {49999/50000, 2}}\n"
"From remote kernel:"
"\"number of constraints and variables\" -> {1, 1}\n"
"From remote kernel:"
"\"block\" -> {21}\n"
"From remote kernel:"
"\"behavior\" -> {{0, 3}, {24999/25000, 0}}\n"
"From remote kernel:"
"\"number of constraints and variables\" -> {1, 1}\n"
"From remote kernel:"
"\"block\" -> {17}\n"
"From remote kernel:"
"\"behavior\" -> {{0, 3}, {49999/50000, 1}}\n"
"From remote kernel:"
"\"number of constraints and variables\" -> {1, 1}\n"
"From remote kernel:"
"\"block\" -> {25}\n"
"From remote kernel:"
"\"behavior\" -> {{0, 2}, {49999/50000, 0}, {24999/25000, 0}}\n"
"From remote kernel:"
"\"number of constraints and variables\" -> {1, 1}\n"
"From remote kernel:"
"\"block\" -> {4}\n"
"From remote kernel:"
"\"behavior\" -> {{0, 2}}\n"
"From remote kernel:"
"\"number of constraints and variables\" -> {1, 1}\n"
"From remote kernel:"
"\"block\" -> {8}\n"
"From remote kernel:"
"\"behavior\" -> {{0, 1}, {24999/25000, 0}}\n"
"From remote kernel:"
"\"number of constraints and variables\" -> {1, 1}\n"
"From remote kernel:"
"\"block\" -> {28}\n"
"From remote kernel:"
"\"behavior\" -> {{0, 0}}\n"
"From remote kernel:"
"\"number of constraints and variables\" -> {1, 1}\n"
"From remote kernel:"
"\"block\" -> {14}\n"
"From remote kernel:"
"\"behavior\" -> {{0, 0}}\n"
"From remote kernel:"
"\"number of constraints and variables\" -> {1, 1}\n"
"From remote kernel:"
"\"block\" -> {11}\n"
"From remote kernel:"
"\"behavior\" -> {{0, 0}}\n"
"From remote kernel:"
"\"number of constraints and variables\" -> {1, 1}\n"
"From remote kernel:"
"\"AMFlow: last point solved in 23s.\"\n"
"From remote kernel:"
"\"dropped terms when pickzero\" -> {0.}\n"
"From remote kernel:"
"\"dropped terms when pickzero\" -> {0.}\n"
"From remote kernel:"
"\"dropped terms when pickzero\" -> {0.}\n"
"From remote kernel:"
"\"dropped terms when pickzero\" -> {0., 0.}\n"
"From remote kernel:"
"\"dropped terms when pickzero\" -> {0.}\n"
"From remote kernel:"
"\"dropped terms when pickzero\" -> {0., 0.}\n"
"From remote kernel:"
"\"system cleared: DESolver`$InternalSystem\"\n"
"From remote kernel:"
"\"AMFlow: finished in 134s.\"\n"
