"From remote kernel:"
"DESolver`SetGlobalOptions -> {\"WorkingPre\" -> 100, \"ChopPre\" -> 20, \"SilentMode\" -> False, \"RationalizePre\" -> 100}\n"
"From remote kernel:"
"DESolver`SetExpansionOptions -> {\"XOrder\" -> 100, \"ExtraXOrder\" -> 20, \"LearnXOrder\" -> -1, \"TestXOrder\" -> 5}\n"
"From remote kernel:"
"DESolver`SetRunningOptions -> {\"RunRadius\" -> 2, \"RunLength\" -> 1000, \"RunCandidate\" -> 10, \"RunDirection\" -> \"NegIm\"}\n"
"From remote kernel:"
"DESolver`SetGlobalOptions -> {\"WorkingPre\" -> 200, \"ChopPre\" -> 20, \"SilentMode\" -> False, \"RationalizePre\" -> 100}\n"
"From remote kernel:"
"DESolver`SetExpansionOptions -> {\"XOrder\" -> 400, \"ExtraXOrder\" -> 480, \"LearnXOrder\" -> -1, \"TestXOrder\" -> 5}\n"
"From remote kernel:"
"DESolver`SetRunningOptions -> {\"RunRadius\" -> 2, \"RunLength\" -> 1000, \"RunCandidate\" -> 10, \"RunDirection\" -> \"NegIm\"}\n"
"From remote kernel:"
"\"AMFlow: start.\"\n"
"From remote kernel:"
"\"system loaded: DESolver`$InternalSystem\\nDE[DESolver`$InternalSystem] -- differential equation in matrix form\\nBC[DESolver`$InternalSystem] -- boundary conditions either in singular form or in regular form\\nP[DESolver`$InternalSystem] -- boundary point\\nAsyExp[DESolver`$InternalSystem] -- asymptotic expansion near a singular point (currently it is Null)\\nintegrals: 45, blocks: 28, density: 0.21, degrees: {32, 35}\"\n"
"From remote kernel:"
"\"AMFlow: integrals will be evaluated at 16 regular points\" -> {13.464243918502948 - 13.464243918502948*I, 8.503929755227942 - 8.503929755227942*I, 5.793028709154101 - 5.793028709154101*I, 4.051558590253886 - 4.051558590253886*I, 2.760618364223694 - 2.760618364223694*I, 2.0961892805425384 - 2.0961892805425384*I, 1.7277530106876335 - 1.7277530106876335*I, 1.4800543027686413 - 1.4800543027686413*I, 1.2575773677732363 - 1.2575773677732363*I, 1.0026349554603957 - 1.0026349554603957*I, 0.666204110322051 - 0.666204110322051*I, 0.36909175799721444 - 0.36909175799721444*I, 0.18454587899860722 - 0.18454587899860722*I, 0.09227293949930358 - 0.09227293949930358*I, 0.04613646974965179 - 0.04613646974965179*I, 0.037325624576435824 - 0.037325624576435824*I}\n"
"From remote kernel:"
"\"AMFlow: integration contour generated in 3s.\"\n"
"From remote kernel:"
"\"AMFlow: solving near eta = Infinity...\"\n"
"From remote kernel:"
"\"CalcTaylor: current region\" -> 1/100000\n"
"From remote kernel:"
"\"block\" -> {1}\n"
"From remote kernel:"
"\"boundary condition inserted\" -> {1, 0, 1.0000084559869469*^10}\n"
"From remote kernel:"
"\"block\" -> {8, 9}\n"
"From remote kernel:"
"\"boundary condition test\" -> {9, 0, 0.}\n"
"From remote kernel:"
"\"boundary condition test\" -> {8, 0, -100000.8455986947}\n"
"From remote kernel:"
"\"block\" -> {2}\n"
"From remote kernel:"
"\"boundary condition test\" -> {2, 0, 0.}\n"
"From remote kernel:"
"\"block\" -> {16, 17, 18}\n"
"From remote kernel:"
"\"homogeneous id up to\" -> 2646\n"
"From remote kernel:"
"\"dropped eqs\" -> {{2647 -> 0.}}\n"
"From remote kernel:"
"\"boundary condition test\" -> {18, 0, -49999.92279511935}\n"
"From remote kernel:"
"\"boundary condition test\" -> {17, 0, 9.99998455902387*^9}\n"
"From remote kernel:"
"\"boundary condition test\" -> {16, 0, -200001.6911973894}\n"
"From remote kernel:"
"\"block\" -> {7}\n"
"From remote kernel:"
"\"boundary condition test\" -> {7, 0, 9.99998455902387*^9}\n"
"From remote kernel:"
"\"block\" -> {3}\n"
"From remote kernel:"
"\"boundary condition test\" -> {3, 0, 1.0000084559869469*^10}\n"
"From remote kernel:"
"\"block\" -> {14}\n"
"From remote kernel:"
"\"boundary condition test\" -> {14, 0, 0.}\n"
"From remote kernel:"
"\"block\" -> {13}\n"
"From remote kernel:"
"\"boundary condition test\" -> {13, 0, 0.}\n"
"From remote kernel:"
"\"block\" -> {11}\n"
"From remote kernel:"
"\"boundary condition test\" -> {11, 0, 0.}\n"
"From remote kernel:"
"\"block\" -> {5}\n"
"From remote kernel:"
"\"boundary condition inserted\" -> {5, 0, 9.999969548163868*^9}\n"
"From remote kernel:"
"\"block\" -> {4}\n"
"From remote kernel:"
"\"boundary condition test\" -> {4, 0, 0.}\n"
"From remote kernel:"
"\"block\" -> {21, 22, 23, 24}\n"
"From remote kernel:"
"\"boundary condition test\" -> {24, 0, 1.66664020314276*^9}\n"
"From remote kernel:"
"\"boundary condition test\" -> {23, 0, -35835.041827682515}\n"
"From remote kernel:"
"\"boundary condition test\" -> {22, 0, -99999.69548163867}\n"
"From remote kernel:"
"\"boundary condition test\" -> {21, 0, 1.9999954107187737*^10}\n"
"From remote kernel:"
"\"block\" -> {30, 31, 32}\n"
"From remote kernel:"
"\"boundary condition test\" -> {32, 0, 1.0000084559869469*^10}\n"
"From remote kernel:"
"\"boundary condition test\" -> {31, 0, 0.}\n"
"From remote kernel:"
"\"boundary condition test\" -> {30, 0, -1.0000184560715067*^10}\n"
"From remote kernel:"
"\"block\" -> {26, 27, 28}\n"
"From remote kernel:"
"\"boundary condition test\" -> {28, 0, 2.0000169119738937*^10}\n"
"From remote kernel:"
"\"boundary condition test\" -> {27, 0, 9.99998455902387*^9}\n"
"From remote kernel:"
"\"boundary condition test\" -> {26, 0, -2.0000369121430134*^10}\n"
"From remote kernel:"
"\"block\" -> {19}\n"
"From remote kernel:"
"\"boundary condition test\" -> {19, 0, 9.999969548163868*^9}\n"
"From remote kernel:"
"\"block\" -> {36}\n"
"From remote kernel:"
"\"boundary condition test\" -> {36, 0, 0.}\n"
"From remote kernel:"
"\"block\" -> {35}\n"
"From remote kernel:"
"\"boundary condition test\" -> {35, 0, 0.}\n"
"From remote kernel:"
"\"block\" -> {34}\n"
"From remote kernel:"
"\"boundary condition test\" -> {34, 0, 0.}\n"
"From remote kernel:"
"\"block\" -> {38, 39, 40, 41, 42, 43, 44, 45}\n"
"From remote kernel:"
"\"homogeneous id up to\" -> 7056\n"
"From remote kernel:"
"\"dropped eqs\" -> {{7057 -> 0.}}\n"
"From remote kernel:"
"\"boundary condition test\" -> {45, 0, 4.629271395813351*^7}\n"
"From remote kernel:"
"\"boundary condition test\" -> {44, 0, -2.7777295015083253*^8}\n"
"From remote kernel:"
"\"boundary condition test\" -> {43, 0, 8333.380190922939}\n"
"From remote kernel:"
"\"boundary condition test\" -> {42, 0, 9.999969548163868*^9}\n"
"From remote kernel:"
"\"boundary condition test\" -> {41, 0, 1.66664020314276*^9}\n"
"From remote kernel:"
"\"boundary condition test\" -> {40, 0, -35835.041827682515}\n"
"From remote kernel:"
"\"boundary condition test\" -> {39, 0, -1.0000069547859348*^10}\n"
"From remote kernel:"
"\"boundary condition test\" -> {38, 0, 1.9999954107187737*^10}\n"
"From remote kernel:"
"\"block\" -> {37}\n"
"From remote kernel:"
"\"boundary condition test\" -> {37, 0, 9.999969548163868*^9}\n"
"From remote kernel:"
"\"block\" -> {20}\n"
"From remote kernel:"
"\"boundary condition test\" -> {20, 0, 9.999969548163868*^9}\n"
"From remote kernel:"
"\"block\" -> {29}\n"
"From remote kernel:"
"\"boundary condition test\" -> {29, 0, 1.0000084559869469*^10}\n"
"From remote kernel:"
"\"block\" -> {25}\n"
"From remote kernel:"
"\"boundary condition test\" -> {25, 0, 2.0000169119738937*^10}\n"
"From remote kernel:"
"\"block\" -> {15}\n"
"From remote kernel:"
"\"boundary condition test\" -> {15, 0, 2.0000169119738937*^10}\n"
"From remote kernel:"
"\"block\" -> {6}\n"
"From remote kernel:"
"\"boundary condition test\" -> {6, 0, 1.0000084559869469*^10}\n"
"From remote kernel:"
"\"block\" -> {33}\n"
"From remote kernel:"
"\"boundary condition test\" -> {33, 0, 0.}\n"
"From remote kernel:"
"\"block\" -> {12}\n"
"From remote kernel:"
"\"boundary condition test\" -> {12, 0, 0.}\n"
"From remote kernel:"
"\"block\" -> {10}\n"
"From remote kernel:"
"\"boundary condition test\" -> {10, 0, 0.}\n"
"From remote kernel:"
"\"CalcTaylor: current region\" -> 0\n"
"From remote kernel:"
"\"block\" -> {1}\n"
"From remote kernel:"
"\"boundary condition test\" -> {1, 0, 0.}\n"
"From remote kernel:"
"\"block\" -> {8, 9}\n"
"From remote kernel:"
"\"boundary condition test\" -> {9, 0, 0.}\n"
"From remote kernel:"
"\"boundary condition test\" -> {8, 0, 0.}\n"
"From remote kernel:"
"\"block\" -> {2}\n"
"From remote kernel:"
"\"boundary condition inserted\" -> {2, 0, 1.0000084559869469*^10}\n"
"From remote kernel:"
"\"block\" -> {16, 17, 18}\n"
"From remote kernel:"
"\"homogeneous id up to\" -> 2646\n"
"From remote kernel:"
"\"dropped eqs\" -> {{2647 -> 0.}}\n"
"From remote kernel:"
"\"boundary condition test\" -> {18, 0, 49999.92279511935}\n"
"From remote kernel:"
"\"boundary condition test\" -> {17, 0, -9.99998455902387*^9}\n"
"From remote kernel:"
"\"boundary condition test\" -> {16, 0, 1.0000084559869469*^10}\n"
"From remote kernel:"
"\"block\" -> {7}\n"
"From remote kernel:"
"\"boundary condition test\" -> {7, 0, 0.}\n"
"From remote kernel:"
"\"block\" -> {3}\n"
"From remote kernel:"
"\"boundary condition test\" -> {3, 0, -1.0000084559869469*^10}\n"
"From remote kernel:"
"\"block\" -> {14}\n"
"From remote kernel:"
"\"boundary condition inserted\" -> {14, 0, 4.999992281625341*^9 + 0.40918622502708757*I}\n"
"From remote kernel:"
"\"block\" -> {13}\n"
"From remote kernel:"
"\"boundary condition inserted\" -> {13, 0, -5.000049237293974*^9 - 140501.46409219454*I}\n"
"From remote kernel:"
"\"block\" -> {11}\n"
"From remote kernel:"
"\"boundary condition inserted\" -> {11, 0, 4.999992278511952*^9}\n"
"From remote kernel:"
"\"block\" -> {5}\n"
"From remote kernel:"
"\"boundary condition test\" -> {5, 0, 0.}\n"
"From remote kernel:"
"\"block\" -> {4}\n"
"From remote kernel:"
"\"boundary condition inserted\" -> {4, 0, 9.999969548163868*^9}\n"
"From remote kernel:"
"\"block\" -> {21, 22, 23, 24}\n"
"From remote kernel:"
"\"boundary condition test\" -> {24, 0, -1.66664020314276*^9}\n"
"From remote kernel:"
"\"boundary condition test\" -> {23, 0, 35835.041827682515}\n"
"From remote kernel:"
"\"boundary condition test\" -> {22, 0, 9.999969548163868*^9}\n"
"From remote kernel:"
"\"boundary condition test\" -> {21, 0, -9.999869548468386*^9}\n"
"From remote kernel:"
"\"block\" -> {30, 31, 32}\n"
"From remote kernel:"
"\"homogeneous id up to\" -> 2646\n"
"From remote kernel:"
"\"dropped eqs\" -> {{2647 -> 0.}}\n"
"From remote kernel:"
"\"boundary condition test\" -> {32, 0, -4.999992281625341*^9 - 0.40918622502708757*I}\n"
"From remote kernel:"
"\"boundary condition test\" -> {31, 0, 5.000049237293974*^9 + 140501.46409219454*I}\n"
"From remote kernel:"
"\"boundary condition test\" -> {30, 0, 1.0000059563694197*^10 - 0.07970688034495578*I}\n"
"From remote kernel:"
"\"block\" -> {26, 27, 28}\n"
"From remote kernel:"
"\"boundary condition test\" -> {28, 0, -4.999992278511952*^9}\n"
"From remote kernel:"
"\"boundary condition test\" -> {27, 0, -4.999992278511952*^9}\n"
"From remote kernel:"
"\"boundary condition test\" -> {26, 0, 1.5000251841236273*^10}\n"
"From remote kernel:"
"\"block\" -> {19}\n"
"From remote kernel:"
"\"boundary condition test\" -> {19, 0, -9.999969548163868*^9}\n"
"From remote kernel:"
"\"block\" -> {36}\n"
"From remote kernel:"
"\"boundary condition inserted\" -> {36, 0, -1.0566448289681611 - 0.06959498193886389*I}\n"
"From remote kernel:"
"\"block\" -> {35}\n"
"From remote kernel:"
"\"boundary condition inserted\" -> {35, 0, 1.6666496963525167*^9 + 23416.90429259089*I}\n"
"From remote kernel:"
"\"block\" -> {34}\n"
"From remote kernel:"
"\"boundary condition inserted\" -> {34, 0, -35834.56903889077 - 0.002283145394633103*I}\n"
"From remote kernel:"
"\"block\" -> {38, 39, 40, 41, 42, 43, 44, 45}\n"
"From remote kernel:"
"\"homogeneous id up to\" -> 7056\n"
"From remote kernel:"
"\"dropped eqs\" -> {{7057 -> 0.}}\n"
"From remote kernel:"
"\"boundary condition test\" -> {45, 0, -4.629136504787096*^7 + 9496.999464938817*I}\n"
"From remote kernel:"
"\"boundary condition test\" -> {44, 0, 2.7777453232235837*^8 + 3902.815688330753*I}\n"
"From remote kernel:"
"\"boundary condition test\" -> {43, 0, -8333.303073996918 - 0.0003886629727981055*I}\n"
"From remote kernel:"
"\"boundary condition test\" -> {42, 0, 1.0566448289681611 + 0.06959498193886389*I}\n"
"From remote kernel:"
"\"boundary condition test\" -> {41, 0, -1.6666496963525167*^9 - 23416.90429259089*I}\n"
"From remote kernel:"
"\"boundary condition test\" -> {40, 0, 35834.56903889077 + 0.002283145394633103*I}\n"
"From remote kernel:"
"\"boundary condition test\" -> {39, 0, 4.999977268591556*^9 + 0.013464263965846818*I}\n"
"From remote kernel:"
"\"boundary condition test\" -> {38, 0, 1.0566448289681611 + 0.06959498193886389*I}\n"
"From remote kernel:"
"\"block\" -> {37}\n"
"From remote kernel:"
"\"boundary condition test\" -> {37, 0, -4.999977268591556*^9 - 0.013464263965846818*I}\n"
"From remote kernel:"
"\"block\" -> {20}\n"
"From remote kernel:"
"\"boundary condition test\" -> {20, 0, -9.999969548163868*^9}\n"
"From remote kernel:"
"\"block\" -> {29}\n"
"From remote kernel:"
"\"boundary condition test\" -> {29, 0, -1.0000059563694197*^10 + 0.07970688034495578*I}\n"
"From remote kernel:"
"\"block\" -> {25}\n"
"From remote kernel:"
"\"boundary condition test\" -> {25, 0, -1.5000251841236273*^10}\n"
"From remote kernel:"
"\"block\" -> {15}\n"
"From remote kernel:"
"\"boundary condition test\" -> {15, 0, -1.0000084559869469*^10}\n"
"From remote kernel:"
"\"block\" -> {6}\n"
"From remote kernel:"
"\"boundary condition test\" -> {6, 0, 0.}\n"
"From remote kernel:"
"\"block\" -> {33}\n"
"From remote kernel:"
"\"boundary condition inserted\" -> {33, 0, 4.999977268591556*^9 + 0.013464263965846818*I}\n"
"From remote kernel:"
"\"block\" -> {12}\n"
"From remote kernel:"
"\"boundary condition inserted\" -> {12, 0, 1.0000059563694197*^10 - 0.07970688034495578*I}\n"
"From remote kernel:"
"\"block\" -> {10}\n"
"From remote kernel:"
"\"boundary condition inserted\" -> {10, 0, 1.5000251841236273*^10}\n"
"From remote kernel:"
"\"CalcTaylor: current region\" -> 1/50000\n"
"From remote kernel:"
"\"block\" -> {1}\n"
"From remote kernel:"
"\"boundary condition test\" -> {1, 0, 0.}\n"
"From remote kernel:"
"\"block\" -> {8, 9}\n"
"From remote kernel:"
"\"boundary condition inserted\" -> {9, 0, -4.999992281156855*^9}\n"
"From remote kernel:"
"\"boundary condition test\" -> {8, 0, 4.999992281156855*^9}\n"
"From remote kernel:"
"\"block\" -> {2}\n"
"From remote kernel:"
"\"boundary condition test\" -> {2, 0, 0.}\n"
"From remote kernel:"
"\"block\" -> {16, 17, 18}\n"
"From remote kernel:"
"\"boundary condition inserted\" -> {18, 0, -49999.92281156855}\n"
"From remote kernel:"
"\"boundary condition test\" -> {17, 0, -4.999992281156855*^9}\n"
"From remote kernel:"
"\"boundary condition test\" -> {16, 0, 4.999992281156855*^9}\n"
"From remote kernel:"
"\"block\" -> {7}\n"
"From remote kernel:"
"\"boundary condition test\" -> {7, 0, -4.999992281156855*^9}\n"
"From remote kernel:"
"\"block\" -> {3}\n"
"From remote kernel:"
"\"boundary condition inserted\" -> {3, 0, 0.}\n"
"From remote kernel:"
"\"block\" -> {14}\n"
"From remote kernel:"
"\"boundary condition test\" -> {14, 0, 0.}\n"
"From remote kernel:"
"\"block\" -> {13}\n"
"From remote kernel:"
"\"boundary condition test\" -> {13, 0, 0.}\n"
"From remote kernel:"
"\"block\" -> {11}\n"
"From remote kernel:"
"\"boundary condition test\" -> {11, 0, 0.}\n"
"From remote kernel:"
"\"block\" -> {5}\n"
"From remote kernel:"
"\"boundary condition test\" -> {5, 0, 0.}\n"
"From remote kernel:"
"\"block\" -> {4}\n"
"From remote kernel:"
"\"boundary condition test\" -> {4, 0, 0.}\n"
"From remote kernel:"
"\"block\" -> {21, 22, 23, 24}\n"
"From remote kernel:"
"\"homogeneous id up to\" -> 3528\n"
"From remote kernel:"
"\"dropped eqs\" -> {{3529 -> 0.}, {3529 -> 0.}, {3529 -> 0.}, {3529 -> 0.}}\n"
"From remote kernel:"
"\"boundary condition test\" -> {24, 0, -49999.92281156855}\n"
"From remote kernel:"
"\"boundary condition test\" -> {23, 0, -49999.92281156855}\n"
"From remote kernel:"
"\"boundary condition test\" -> {22, 0, 99999.8456231371}\n"
"From remote kernel:"
"\"boundary condition test\" -> {21, 0, -1.0000084562159332*^10}\n"
"From remote kernel:"
"\"block\" -> {30, 31, 32}\n"
"From remote kernel:"
"\"homogeneous id up to\" -> 2646\n"
"From remote kernel:"
"\"dropped eqs\" -> {{2647 -> 0.}}\n"
"From remote kernel:"
"\"boundary condition inserted\" -> {32, 0, 5.000092283002515*^9}\n"
"From remote kernel:"
"\"boundary condition test\" -> {31, 0, -4.999992281156855*^9}\n"
"From remote kernel:"
"\"boundary condition test\" -> {30, 0, -100001.8456600503}\n"
"From remote kernel:"
"\"block\" -> {26, 27, 28}\n"
"From remote kernel:"
"\"boundary condition test\" -> {28, 0, 5.000092283002515*^9}\n"
"From remote kernel:"
"\"boundary condition test\" -> {27, 0, -4.999992281156855*^9}\n"
"From remote kernel:"
"\"boundary condition test\" -> {26, 0, -100001.8456600503}\n"
"From remote kernel:"
"\"block\" -> {19}\n"
"From remote kernel:"
"\"boundary condition test\" -> {19, 0, 0.}\n"
"From remote kernel:"
"\"block\" -> {36}\n"
"From remote kernel:"
"\"boundary condition test\" -> {36, 0, 0.}\n"
"From remote kernel:"
"\"block\" -> {35}\n"
"From remote kernel:"
"\"boundary condition test\" -> {35, 0, 0.}\n"
"From remote kernel:"
"\"block\" -> {34}\n"
"From remote kernel:"
"\"boundary condition test\" -> {34, 0, 0.}\n"
"From remote kernel:"
"\"block\" -> {38, 39, 40, 41, 42, 43, 44, 45}\n"
"From remote kernel:"
"\"homogeneous id up to\" -> 7056\n"
"From remote kernel:"
"\"dropped eqs\" -> {{7057 -> 0.}, {7057 -> 0.}, {7057 -> 0.}, {7057 -> 0.}, {7057 -> 0.}, {7057 -> 0.}, {7057 -> 0.}, {7057 -> 0.}, {7057 -> 0.}, {7057 -> 0.}}\n"
"From remote kernel:"
"\"boundary condition test\" -> {45, 0, -16666.97427000826}\n"
"From remote kernel:"
"\"boundary condition test\" -> {44, 0, -16666.97427000826}\n"
"From remote kernel:"
"\"boundary condition test\" -> {43, 0, -16666.97427000826}\n"
"From remote kernel:"
"\"boundary condition test\" -> {42, 0, -4.999992281156855*^9}\n"
"From remote kernel:"
"\"boundary condition test\" -> {41, 0, -49999.92281156855}\n"
"From remote kernel:"
"\"boundary condition test\" -> {40, 0, -49999.92281156855}\n"
"From remote kernel:"
"\"boundary condition test\" -> {39, 0, 5.000092281002478*^9}\n"
"From remote kernel:"
"\"boundary condition test\" -> {38, 0, -1.0000084562159332*^10}\n"
"From remote kernel:"
"\"block\" -> {37}\n"
"From remote kernel:"
"\"boundary condition test\" -> {37, 0, -4.999992281156855*^9}\n"
"From remote kernel:"
"\"block\" -> {20}\n"
"From remote kernel:"
"\"boundary condition test\" -> {20, 0, -4.999992281156855*^9}\n"
"From remote kernel:"
"\"block\" -> {29}\n"
"From remote kernel:"
"\"boundary condition test\" -> {29, 0, 5.000092283002515*^9}\n"
"From remote kernel:"
"\"block\" -> {25}\n"
"From remote kernel:"
"\"boundary condition test\" -> {25, 0, 5.000092283002515*^9}\n"
"From remote kernel:"
"\"block\" -> {15}\n"
"From remote kernel:"
"\"boundary condition test\" -> {15, 0, 5.000092283002515*^9}\n"
"From remote kernel:"
"\"block\" -> {6}\n"
"From remote kernel:"
"\"boundary condition test\" -> {6, 0, 5.000092283002515*^9}\n"
"From remote kernel:"
"\"block\" -> {33}\n"
"From remote kernel:"
"\"boundary condition test\" -> {33, 0, 0.}\n"
"From remote kernel:"
"\"block\" -> {12}\n"
"From remote kernel:"
"\"boundary condition test\" -> {12, 0, 0.}\n"
"From remote kernel:"
"\"block\" -> {10}\n"
"From remote kernel:"
"\"boundary condition test\" -> {10, 0, 0.}\n"
"From remote kernel:"
"\"AMFlow: Infinity solved in 118s.\"\n"
"From remote kernel:"
"\"AMFlow: running among regular points...\"\n"
"From remote kernel:"
"\"current regular point\" -> 13.464243918502948 - 13.464243918502948*I\n"
"From remote kernel:"
"\"current regular point\" -> 8.503929755227944 - 8.503929755227944*I\n"
"From remote kernel:"
"\"current regular point\" -> 5.793028709154102 - 5.793028709154102*I\n"
"From remote kernel:"
"\"current regular point\" -> 4.051558590253886 - 4.051558590253886*I\n"
"From remote kernel:"
"\"current regular point\" -> 2.760618364223694 - 2.760618364223694*I\n"
"From remote kernel:"
"\"current regular point\" -> 2.0961892805425384 - 2.0961892805425384*I\n"
"From remote kernel:"
"\"current regular point\" -> 1.7277530106876338 - 1.7277530106876338*I\n"
"From remote kernel:"
"\"current regular point\" -> 1.4800543027686415 - 1.4800543027686415*I\n"
"From remote kernel:"
"\"current regular point\" -> 1.2575773677732365 - 1.2575773677732365*I\n"
"From remote kernel:"
"\"current regular point\" -> 1.0026349554603957 - 1.0026349554603957*I\n"
"From remote kernel:"
"\"current regular point\" -> 0.6662041103220511 - 0.6662041103220511*I\n"
"From remote kernel:"
"\"current regular point\" -> 0.36909175799721444 - 0.36909175799721444*I\n"
"From remote kernel:"
"\"current regular point\" -> 0.18454587899860722 - 0.18454587899860722*I\n"
"From remote kernel:"
"\"current regular point\" -> 0.09227293949930361 - 0.09227293949930361*I\n"
"From remote kernel:"
"\"current regular point\" -> 0.046136469749651805 - 0.046136469749651805*I\n"
"From remote kernel:"
"\"AMFlow: regular running finished in 97s.\"\n"
"From remote kernel:"
"\"AMFlow: solving near the last point...\"\n"
"From remote kernel:"
"\"NormalizeMat finished in 4s.\"\n"
"From remote kernel:"
"\"LearnXOrder is negative. skip learning phase.\"\n"
"From remote kernel:"
"\"block\" -> {1}\n"
"From remote kernel:"
"\"behavior\" -> {{99999/100000, 0}}\n"
"From remote kernel:"
"\"number of constraints and variables\" -> {1, 1}\n"
"From remote kernel:"
"\"block\" -> {8, 9}\n"
"From remote kernel:"
"\"behavior\" -> {{0, 0}, {24999/50000, 0}, {99999/100000, 0}}\n"
"From remote kernel:"
"\"number of constraints and variables\" -> {4, 4}\n"
"From remote kernel:"
"\"block\" -> {2}\n"
"From remote kernel:"
"\"behavior\" -> {{0, 0}}\n"
"From remote kernel:"
"\"number of constraints and variables\" -> {1, 1}\n"
"From remote kernel:"
"\"block\" -> {16, 17, 18}\n"
"From remote kernel:"
"\"behavior\" -> {{0, 1}, {99999/100000, 1}}\n"
"From remote kernel:"
"\"number of constraints and variables\" -> {6, 6}\n"
"From remote kernel:"
"\"block\" -> {7}\n"
"From remote kernel:"
"\"behavior\" -> {{49999/50000, 0}, {0, 0}, {24999/50000, 0}, {99999/100000, 0}}\n"
"From remote kernel:"
"\"number of constraints and variables\" -> {1, 1}\n"
"From remote kernel:"
"\"block\" -> {3}\n"
"From remote kernel:"
"\"behavior\" -> {{49999/100000, 0}, {99999/100000, 0}, {0, 0}}\n"
"From remote kernel:"
"\"number of constraints and variables\" -> {1, 1}\n"
"From remote kernel:"
"\"block\" -> {14}\n"
"From remote kernel:"
"\"behavior\" -> {{0, 0}}\n"
"From remote kernel:"
"\"number of constraints and variables\" -> {1, 1}\n"
"From remote kernel:"
"\"block\" -> {13}\n"
"From remote kernel:"
"\"behavior\" -> {{0, 0}}\n"
"From remote kernel:"
"\"number of constraints and variables\" -> {1, 1}\n"
"From remote kernel:"
"\"block\" -> {11}\n"
"From remote kernel:"
"\"behavior\" -> {{0, 0}}\n"
"From remote kernel:"
"\"number of constraints and variables\" -> {1, 1}\n"
"From remote kernel:"
"\"block\" -> {5}\n"
"From remote kernel:"
"\"behavior\" -> {{99999/100000, 0}}\n"
"From remote kernel:"
"\"number of constraints and variables\" -> {1, 1}\n"
"From remote kernel:"
"\"block\" -> {4}\n"
"From remote kernel:"
"\"behavior\" -> {{0, 0}}\n"
"From remote kernel:"
"\"number of constraints and variables\" -> {1, 1}\n"
"From remote kernel:"
"\"block\" -> {21, 22, 23, 24}\n"
"From remote kernel:"
"\"behavior\" -> {{0, 2}, {99999/100000, 2}, {24999/50000, 0}, {49999/50000, 0}}\n"
"From remote kernel:"
"\"number of constraints and variables\" -> {8, 8}\n"
"From remote kernel:"
"\"block\" -> {30, 31, 32}\n"
"From remote kernel:"
"\"behavior\" -> {{0, 1}, {24999/50000, 1}, {49999/50000, 1}, {99999/100000, 0}, {49999/100000, 0}}\n"
"From remote kernel:"
"\"number of constraints and variables\" -> {9, 9}\n"
"From remote kernel:"
"\"block\" -> {26, 27, 28}\n"
"From remote kernel:"
"\"behavior\" -> {{0, 2}, {49999/100000, 1}, {99999/100000, 1}}\n"
"From remote kernel:"
"\"number of constraints and variables\" -> {6, 6}\n"
"From remote kernel:"
"\"block\" -> {19}\n"
"From remote kernel:"
"\"behavior\" -> {{49999/100000, 0}, {99999/100000, 0}, {0, 0}}\n"
"From remote kernel:"
"\"number of constraints and variables\" -> {1, 1}\n"
"From remote kernel:"
"\"block\" -> {36}\n"
"From remote kernel:"
"\"behavior\" -> {{0, 0}}\n"
"From remote kernel:"
"\"number of constraints and variables\" -> {1, 1}\n"
"From remote kernel:"
"\"block\" -> {35}\n"
"From remote kernel:"
"\"behavior\" -> {{0, 0}}\n"
"From remote kernel:"
"\"number of constraints and variables\" -> {1, 1}\n"
"From remote kernel:"
"\"block\" -> {34}\n"
"From remote kernel:"
"\"behavior\" -> {{0, 0}}\n"
"From remote kernel:"
"\"number of constraints and variables\" -> {1, 1}\n"
"From remote kernel:"
"\"block\" -> {38, 39, 40, 41, 42, 43, 44, 45}\n"
"From remote kernel:"
"\"behavior\" -> {{0, 3}, {49999/100000, 2}, {99999/100000, 2}, {24999/50000, 1}, {49999/50000, 1}}\n"
"From remote kernel:"
"\"number of constraints and variables\" -> {16, 16}\n"
"From remote kernel:"
"\"block\" -> {37}\n"
"From remote kernel:"
"\"behavior\" -> {{0, 4}, {99999/100000, 2}, {24999/50000, 1}, {49999/50000, 1}, {49999/100000, 2}}\n"
"From remote kernel:"
"\"number of constraints and variables\" -> {1, 1}\n"
"From remote kernel:"
"\"block\" -> {20}\n"
"From remote kernel:"
"\"behavior\" -> {{0, 3}, {99999/100000, 2}, {24999/50000, 0}, {49999/50000, 0}}\n"
"From remote kernel:"
"\"number of constraints and variables\" -> {1, 1}\n"
"From remote kernel:"
"\"block\" -> {29}\n"
"From remote kernel:"
"\"behavior\" -> {{0, 2}, {99999/100000, 0}, {24999/50000, 1}, {49999/50000, 1}, {49999/100000, 0}}\n"
"From remote kernel:"
"\"number of constraints and variables\" -> {1, 1}\n"
"From remote kernel:"
"\"block\" -> {25}\n"
"From remote kernel:"
"\"behavior\" -> {{0, 3}, {99999/100000, 1}, {49999/100000, 1}}\n"
"From remote kernel:"
"\"number of constraints and variables\" -> {1, 1}\n"
"From remote kernel:"
"\"block\" -> {15}\n"
"From remote kernel:"
"\"behavior\" -> {{0, 2}, {99999/100000, 1}}\n"
"From remote kernel:"
"\"number of constraints and variables\" -> {1, 1}\n"
"From remote kernel:"
"\"block\" -> {6}\n"
"From remote kernel:"
"\"behavior\" -> {{0, 1}, {99999/100000, 0}, {24999/50000, 0}}\n"
"From remote kernel:"
"\"number of constraints and variables\" -> {1, 1}\n"
"From remote kernel:"
"\"block\" -> {33}\n"
"From remote kernel:"
"\"behavior\" -> {{0, 0}}\n"
"From remote kernel:"
"\"number of constraints and variables\" -> {1, 1}\n"
"From remote kernel:"
"\"block\" -> {12}\n"
"From remote kernel:"
"\"behavior\" -> {{0, 0}}\n"
"From remote kernel:"
"\"number of constraints and variables\" -> {1, 1}\n"
"From remote kernel:"
"\"block\" -> {10}\n"
"From remote kernel:"
"\"behavior\" -> {{0, 0}}\n"
"From remote kernel:"
"\"number of constraints and variables\" -> {1, 1}\n"
"From remote kernel:"
"\"AMFlow: last point solved in 60s.\"\n"
"From remote kernel:"
"\"dropped terms when pickzero\" -> {0.}\n"
"From remote kernel:"
"\"dropped terms when pickzero\" -> {0.}\n"
"From remote kernel:"
"\"dropped terms when pickzero\" -> {0.}\n"
"From remote kernel:"
"\"dropped terms when pickzero\" -> {0.}\n"
"From remote kernel:"
"\"dropped terms when pickzero\" -> {0.}\n"
"From remote kernel:"
"\"dropped terms when pickzero\" -> {0.}\n"
"From remote kernel:"
"\"dropped terms when pickzero\" -> {0.}\n"
"From remote kernel:"
"\"dropped terms when pickzero\" -> {0.}\n"
"From remote kernel:"
"\"dropped terms when pickzero\" -> {0.}\n"
"From remote kernel:"
"\"dropped terms when pickzero\" -> {0.}\n"
"From remote kernel:"
"\"dropped terms when pickzero\" -> {0., 0.}\n"
"From remote kernel:"
"\"system cleared: DESolver`$InternalSystem\"\n"
"From remote kernel:"
"\"AMFlow: finished in 280s.\"\n"
