"From remote kernel:"
"DESolver`SetGlobalOptions -> {\"WorkingPre\" -> 100, \"ChopPre\" -> 20, \"SilentMode\" -> False, \"RationalizePre\" -> 100}\n"
"From remote kernel:"
"DESolver`SetExpansionOptions -> {\"XOrder\" -> 100, \"ExtraXOrder\" -> 20, \"LearnXOrder\" -> -1, \"TestXOrder\" -> 5}\n"
"From remote kernel:"
"DESolver`SetRunningOptions -> {\"RunRadius\" -> 2, \"RunLength\" -> 1000, \"RunCandidate\" -> 10, \"RunDirection\" -> \"NegIm\"}\n"
"From remote kernel:"
"DESolver`SetGlobalOptions -> {\"WorkingPre\" -> 200, \"ChopPre\" -> 20, \"SilentMode\" -> False, \"RationalizePre\" -> 100}\n"
"From remote kernel:"
"DESolver`SetExpansionOptions -> {\"XOrder\" -> 400, \"ExtraXOrder\" -> 480, \"LearnXOrder\" -> -1, \"TestXOrder\" -> 5}\n"
"From remote kernel:"
"DESolver`SetRunningOptions -> {\"RunRadius\" -> 2, \"RunLength\" -> 1000, \"RunCandidate\" -> 10, \"RunDirection\" -> \"NegIm\"}\n"
"From remote kernel:"
"\"AMFlow: start.\"\n"
"From remote kernel:"
"\"system loaded: DESolver`$InternalSystem\\nDE[DESolver`$InternalSystem] -- differential equation in matrix form\\nBC[DESolver`$InternalSystem] -- boundary conditions either in singular form or in regular form\\nP[DESolver`$InternalSystem] -- boundary point\\nAsyExp[DESolver`$InternalSystem] -- asymptotic expansion near a singular point (currently it is Null)\\nintegrals: 75, blocks: 55, density: 0.1, degrees: {24, 29}\"\n"
"From remote kernel:"
"\"AMFlow: integrals will be evaluated at 12 regular points\" -> {-10.144056673176781 - 25.360141682941954*I, -5.94064912516864 - 14.851622812921597*I, -3.649883247745538 - 9.124708119363843*I, -2.1674608815062975 - 5.418652203765744*I, -1.217708456224669 - 3.0442711405616727*I, -0.6764556111419604 - 1.6911390278549012*I, -0.4028561065109388 - 1.007140266277347*I, -0.2602184257615725 - 0.6505460644039311*I, -0.17794107740317902 - 0.44485269350794754*I, -0.11823400027614187 - 0.29558500069035465*I, -0.060345838304838494 - 0.15086459576209624*I, -0.03186028309226536 - 0.0796507077306634*I}\n"
"From remote kernel:"
"\"AMFlow: integration contour generated in 2s.\"\n"
"From remote kernel:"
"\"AMFlow: solving near eta = Infinity...\"\n"
"From remote kernel:"
"\"CalcTaylor: current region\" -> 1/100000\n"
"From remote kernel:"
"\"block\" -> {2}\n"
"From remote kernel:"
"\"boundary condition test\" -> {2, 0, 0.}\n"
"From remote kernel:"
"\"block\" -> {1}\n"
"From remote kernel:"
"\"boundary condition inserted\" -> {1, 0, 1.0000084559869469*^10}\n"
"From remote kernel:"
"\"block\" -> {7, 8, 9}\n"
"From remote kernel:"
"\"boundary condition test\" -> {9, 0, 1.0000084559869469*^10}\n"
"From remote kernel:"
"\"boundary condition test\" -> {8, 0, -100000.8455986947}\n"
"From remote kernel:"
"\"boundary condition test\" -> {7, 0, 9.99998455902387*^9}\n"
"From remote kernel:"
"\"block\" -> {3}\n"
"From remote kernel:"
"\"boundary condition test\" -> {3, 0, 1.0000084559869469*^10}\n"
"From remote kernel:"
"\"block\" -> {16, 17}\n"
"From remote kernel:"
"\"boundary condition test\" -> {17, 0, 0.}\n"
"From remote kernel:"
"\"boundary condition test\" -> {16, 0, 0.}\n"
"From remote kernel:"
"\"block\" -> {4}\n"
"From remote kernel:"
"\"boundary condition test\" -> {4, 0, 1.0000084559869469*^10}\n"
"From remote kernel:"
"\"block\" -> {22}\n"
"From remote kernel:"
"\"boundary condition test\" -> {22, 0, 0.}\n"
"From remote kernel:"
"\"block\" -> {20}\n"
"From remote kernel:"
"\"boundary condition test\" -> {20, 0, 0.}\n"
"From remote kernel:"
"\"block\" -> {19}\n"
"From remote kernel:"
"\"boundary condition test\" -> {19, 0, 0.}\n"
"From remote kernel:"
"\"block\" -> {14}\n"
"From remote kernel:"
"\"boundary condition test\" -> {14, 0, 0.}\n"
"From remote kernel:"
"\"block\" -> {12}\n"
"From remote kernel:"
"\"boundary condition test\" -> {12, 0, 0.}\n"
"From remote kernel:"
"\"block\" -> {11}\n"
"From remote kernel:"
"\"boundary condition test\" -> {11, 0, 0.}\n"
"From remote kernel:"
"\"block\" -> {5}\n"
"From remote kernel:"
"\"boundary condition test\" -> {5, 0, 0.}\n"
"From remote kernel:"
"\"block\" -> {29, 30, 31}\n"
"From remote kernel:"
"\"boundary condition test\" -> {31, 0, 1.0000084559869469*^10}\n"
"From remote kernel:"
"\"boundary condition test\" -> {30, 0, 1.0000084559869469*^10}\n"
"From remote kernel:"
"\"boundary condition test\" -> {29, 0, 9.99998455902387*^9}\n"
"From remote kernel:"
"\"block\" -> {23}\n"
"From remote kernel:"
"\"boundary condition test\" -> {23, 0, 1.0000084559869469*^10}\n"
"From remote kernel:"
"\"block\" -> {26, 27}\n"
"From remote kernel:"
"\"boundary condition test\" -> {27, 0, 1.0000184562715124*^10}\n"
"From remote kernel:"
"\"boundary condition test\" -> {26, 0, 4.999992279511935*^9}\n"
"From remote kernel:"
"\"block\" -> {42, 43}\n"
"From remote kernel:"
"\"boundary condition test\" -> {43, 0, 0.}\n"
"From remote kernel:"
"\"boundary condition test\" -> {42, 0, 0.}\n"
"From remote kernel:"
"\"block\" -> {24}\n"
"From remote kernel:"
"\"boundary condition test\" -> {24, 0, 1.0000084559869469*^10}\n"
"From remote kernel:"
"\"block\" -> {45, 46}\n"
"From remote kernel:"
"\"boundary condition test\" -> {46, 0, 0.}\n"
"From remote kernel:"
"\"boundary condition test\" -> {45, 0, 0.}\n"
"From remote kernel:"
"\"block\" -> {49}\n"
"From remote kernel:"
"\"boundary condition test\" -> {49, 0, 0.}\n"
"From remote kernel:"
"\"block\" -> {48}\n"
"From remote kernel:"
"\"boundary condition test\" -> {48, 0, 0.}\n"
"From remote kernel:"
"\"block\" -> {40}\n"
"From remote kernel:"
"\"boundary condition test\" -> {40, 0, 0.}\n"
"From remote kernel:"
"\"block\" -> {38}\n"
"From remote kernel:"
"\"boundary condition test\" -> {38, 0, 0.}\n"
"From remote kernel:"
"\"block\" -> {37}\n"
"From remote kernel:"
"\"boundary condition test\" -> {37, 0, 0.}\n"
"From remote kernel:"
"\"block\" -> {36}\n"
"From remote kernel:"
"\"boundary condition test\" -> {36, 0, 0.}\n"
"From remote kernel:"
"\"block\" -> {34}\n"
"From remote kernel:"
"\"boundary condition test\" -> {34, 0, 0.}\n"
"From remote kernel:"
"\"block\" -> {33}\n"
"From remote kernel:"
"\"boundary condition test\" -> {33, 0, 0.}\n"
"From remote kernel:"
"\"block\" -> {51, 52, 53, 54}\n"
"From remote kernel:"
"\"boundary condition test\" -> {54, 0, 1.0000184562715124*^10}\n"
"From remote kernel:"
"\"boundary condition test\" -> {53, 0, -4.999892281666302*^9}\n"
"From remote kernel:"
"\"boundary condition test\" -> {52, 0, 1.0000184562715124*^10}\n"
"From remote kernel:"
"\"boundary condition test\" -> {51, 0, 1.0000184562715124*^10}\n"
"From remote kernel:"
"\"block\" -> {59, 60, 61, 62, 63, 64}\n"
"From remote kernel:"
"\"boundary condition test\" -> {64, 0, 1.0000184562715124*^10}\n"
"From remote kernel:"
"\"boundary condition test\" -> {63, 0, 1.0000184562715124*^10}\n"
"From remote kernel:"
"\"boundary condition test\" -> {62, 0, 1.0000184562715124*^10}\n"
"From remote kernel:"
"\"boundary condition test\" -> {61, 0, -4.999892281666302*^9}\n"
"From remote kernel:"
"\"boundary condition test\" -> {60, 0, -1.0000284564560751*^10}\n"
"From remote kernel:"
"\"boundary condition test\" -> {59, 0, 4.999992279511935*^9}\n"
"From remote kernel:"
"\"block\" -> {50}\n"
"From remote kernel:"
"\"boundary condition test\" -> {50, 0, 1.0000084559869469*^10}\n"
"From remote kernel:"
"\"block\" -> {56, 57}\n"
"From remote kernel:"
"\"boundary condition test\" -> {57, 0, 0.}\n"
"From remote kernel:"
"\"boundary condition test\" -> {56, 0, 0.}\n"
"From remote kernel:"
"\"block\" -> {71}\n"
"From remote kernel:"
"\"boundary condition test\" -> {71, 0, 0.}\n"
"From remote kernel:"
"\"block\" -> {70}\n"
"From remote kernel:"
"\"boundary condition test\" -> {70, 0, 0.}\n"
"From remote kernel:"
"\"block\" -> {69}\n"
"From remote kernel:"
"\"boundary condition test\" -> {69, 0, 0.}\n"
"From remote kernel:"
"\"block\" -> {68}\n"
"From remote kernel:"
"\"boundary condition test\" -> {68, 0, 0.}\n"
"From remote kernel:"
"\"block\" -> {67}\n"
"From remote kernel:"
"\"boundary condition test\" -> {67, 0, 0.}\n"
"From remote kernel:"
"\"block\" -> {66}\n"
"From remote kernel:"
"\"boundary condition test\" -> {66, 0, 0.}\n"
"From remote kernel:"
"\"block\" -> {72, 73, 74, 75}\n"
"From remote kernel:"
"\"boundary condition test\" -> {75, 0, 1.0000184562715124*^10}\n"
"From remote kernel:"
"\"boundary condition test\" -> {74, 0, 1.0000184562715124*^10}\n"
"From remote kernel:"
"\"boundary condition test\" -> {73, 0, 1.0000184562715124*^10}\n"
"From remote kernel:"
"\"boundary condition test\" -> {72, 0, 1.0000184562715124*^10}\n"
"From remote kernel:"
"\"block\" -> {58}\n"
"From remote kernel:"
"\"boundary condition test\" -> {58, 0, 1.0000184562715124*^10}\n"
"From remote kernel:"
"\"block\" -> {55}\n"
"From remote kernel:"
"\"boundary condition test\" -> {55, 0, 0.}\n"
"From remote kernel:"
"\"block\" -> {28}\n"
"From remote kernel:"
"\"boundary condition test\" -> {28, 0, 1.0000084559869469*^10}\n"
"From remote kernel:"
"\"block\" -> {25}\n"
"From remote kernel:"
"\"boundary condition test\" -> {25, 0, 1.0000184562715124*^10}\n"
"From remote kernel:"
"\"block\" -> {41}\n"
"From remote kernel:"
"\"boundary condition test\" -> {41, 0, 0.}\n"
"From remote kernel:"
"\"block\" -> {44}\n"
"From remote kernel:"
"\"boundary condition test\" -> {44, 0, 0.}\n"
"From remote kernel:"
"\"block\" -> {6}\n"
"From remote kernel:"
"\"boundary condition test\" -> {6, 0, 1.0000084559869469*^10}\n"
"From remote kernel:"
"\"block\" -> {15}\n"
"From remote kernel:"
"\"boundary condition test\" -> {15, 0, 0.}\n"
"From remote kernel:"
"\"block\" -> {65}\n"
"From remote kernel:"
"\"boundary condition test\" -> {65, 0, 0.}\n"
"From remote kernel:"
"\"block\" -> {47}\n"
"From remote kernel:"
"\"boundary condition test\" -> {47, 0, 0.}\n"
"From remote kernel:"
"\"block\" -> {39}\n"
"From remote kernel:"
"\"boundary condition test\" -> {39, 0, 0.}\n"
"From remote kernel:"
"\"block\" -> {35}\n"
"From remote kernel:"
"\"boundary condition test\" -> {35, 0, 0.}\n"
"From remote kernel:"
"\"block\" -> {32}\n"
"From remote kernel:"
"\"boundary condition test\" -> {32, 0, 0.}\n"
"From remote kernel:"
"\"block\" -> {21}\n"
"From remote kernel:"
"\"boundary condition test\" -> {21, 0, 0.}\n"
"From remote kernel:"
"\"block\" -> {18}\n"
"From remote kernel:"
"\"boundary condition test\" -> {18, 0, 0.}\n"
"From remote kernel:"
"\"block\" -> {13}\n"
"From remote kernel:"
"\"boundary condition test\" -> {13, 0, 0.}\n"
"From remote kernel:"
"\"block\" -> {10}\n"
"From remote kernel:"
"\"boundary condition test\" -> {10, 0, 0.}\n"
"From remote kernel:"
"\"CalcTaylor: current region\" -> 0\n"
"From remote kernel:"
"\"block\" -> {2}\n"
"From remote kernel:"
"\"boundary condition inserted\" -> {2, 0, 1.0000084559869469*^10}\n"
"From remote kernel:"
"\"block\" -> {1}\n"
"From remote kernel:"
"\"boundary condition test\" -> {1, 0, 0.}\n"
"From remote kernel:"
"\"block\" -> {7, 8, 9}\n"
"From remote kernel:"
"\"boundary condition test\" -> {9, 0, 0.}\n"
"From remote kernel:"
"\"boundary condition test\" -> {8, 0, 0.}\n"
"From remote kernel:"
"\"boundary condition test\" -> {7, 0, 0.}\n"
"From remote kernel:"
"\"block\" -> {3}\n"
"From remote kernel:"
"\"boundary condition test\" -> {3, 0, -1.0000084559869469*^10}\n"
"From remote kernel:"
"\"block\" -> {16, 17}\n"
"From remote kernel:"
"\"boundary condition test\" -> {17, 0, 0.}\n"
"From remote kernel:"
"\"boundary condition test\" -> {16, 0, 0.}\n"
"From remote kernel:"
"\"block\" -> {4}\n"
"From remote kernel:"
"\"boundary condition test\" -> {4, 0, 0.}\n"
"From remote kernel:"
"\"block\" -> {22}\n"
"From remote kernel:"
"\"boundary condition inserted\" -> {22, 0, -5.000092280712586*^9}\n"
"From remote kernel:"
"\"block\" -> {20}\n"
"From remote kernel:"
"\"boundary condition inserted\" -> {20, 0, -4.999831324031185*^9 - 295669.25174565497*I}\n"
"From remote kernel:"
"\"block\" -> {19}\n"
"From remote kernel:"
"\"boundary condition inserted\" -> {19, 0, 4.999992281982764*^9 + 5.943946773893212*I}\n"
"From remote kernel:"
"\"block\" -> {14}\n"
"From remote kernel:"
"\"boundary condition inserted\" -> {14, 0, -5.000092285647588*^9}\n"
"From remote kernel:"
"\"block\" -> {12}\n"
"From remote kernel:"
"\"boundary condition inserted\" -> {12, 0, -4.999774227134726*^9 - 293855.6417954911*I}\n"
"From remote kernel:"
"\"block\" -> {11}\n"
"From remote kernel:"
"\"boundary condition inserted\" -> {11, 0, 4.999992280899551*^9 + 7.075232275591619*I}\n"
"From remote kernel:"
"\"block\" -> {5}\n"
"From remote kernel:"
"\"boundary condition inserted\" -> {5, 0, 9.999923605580938*^9 + 295676.7468575191*I}\n"
"From remote kernel:"
"\"block\" -> {29, 30, 31}\n"
"From remote kernel:"
"\"boundary condition test\" -> {31, 0, 5.000092285647588*^9}\n"
"From remote kernel:"
"\"boundary condition test\" -> {30, 0, 5.000092285647588*^9}\n"
"From remote kernel:"
"\"boundary condition test\" -> {29, 0, -4.999992281801798*^9}\n"
"From remote kernel:"
"\"block\" -> {23}\n"
"From remote kernel:"
"\"boundary condition test\" -> {23, 0, -9.999384571381117*^9 + 29.261612395826752*I}\n"
"From remote kernel:"
"\"block\" -> {26, 27}\n"
"From remote kernel:"
"\"boundary condition test\" -> {27, 0, 0.}\n"
"From remote kernel:"
"\"boundary condition test\" -> {26, 0, 0.}\n"
"From remote kernel:"
"\"block\" -> {42, 43}\n"
"From remote kernel:"
"\"boundary condition test\" -> {43, 0, 4.999831324031185*^9 + 295669.25174565497*I}\n"
"From remote kernel:"
"\"boundary condition test\" -> {42, 0, -4.999992281982764*^9 - 5.943946773893212*I}\n"
"From remote kernel:"
"\"block\" -> {24}\n"
"From remote kernel:"
"\"boundary condition test\" -> {24, 0, -9.999923605580938*^9 - 295676.7468575191*I}\n"
"From remote kernel:"
"\"block\" -> {45, 46}\n"
"From remote kernel:"
"\"boundary condition test\" -> {46, 0, 5.000092280712586*^9}\n"
"From remote kernel:"
"\"boundary condition test\" -> {45, 0, 5.000092280712586*^9}\n"
"From remote kernel:"
"\"block\" -> {49}\n"
"From remote kernel:"
"\"boundary condition inserted\" -> {49, 0, -30595.629283124006 + 20613.722728314548*I}\n"
"From remote kernel:"
"\"block\" -> {48}\n"
"From remote kernel:"
"\"boundary condition inserted\" -> {48, 0, 16309.795879415342 - 18478.593929797273*I}\n"
"From remote kernel:"
"\"block\" -> {40}\n"
"From remote kernel:"
"\"boundary condition inserted\" -> {40, 0, 353114.24101392034}\n"
"From remote kernel:"
"\"block\" -> {38}\n"
"From remote kernel:"
"\"boundary condition inserted\" -> {38, 0, -24774.861038632982 + 14590.152514258536*I}\n"
"From remote kernel:"
"\"block\" -> {37}\n"
"From remote kernel:"
"\"boundary condition inserted\" -> {37, 0, 16309.722089128723 - 18478.534441073167*I}\n"
"From remote kernel:"
"\"block\" -> {36}\n"
"From remote kernel:"
"\"boundary condition inserted\" -> {36, 0, 0.31096110193102755 - 0.6355909274072361*I}\n"
"From remote kernel:"
"\"block\" -> {34}\n"
"From remote kernel:"
"\"boundary condition inserted\" -> {34, 0, -24774.55005735931 + 14589.51690157342*I}\n"
"From remote kernel:"
"\"block\" -> {33}\n"
"From remote kernel:"
"\"boundary condition inserted\" -> {33, 0, 0.2782005288808197 - 1.1350779628974765*I}\n"
"From remote kernel:"
"\"block\" -> {51, 52, 53, 54}\n"
"From remote kernel:"
"\"homogeneous id up to\" -> 3528\n"
"From remote kernel:"
"\"dropped eqs\" -> {{3529 -> 0.}}\n"
"From remote kernel:"
"\"boundary condition test\" -> {54, 0, 24774.55005735931 - 14589.51690157342*I}\n"
"From remote kernel:"
"\"boundary condition test\" -> {53, 0, 4.99985969958484*^9 + 140225.77604892213*I}\n"
"From remote kernel:"
"\"boundary condition test\" -> {52, 0, -0.2782005288808197 + 1.1350779628974765*I}\n"
"From remote kernel:"
"\"boundary condition test\" -> {51, 0, -5.000192281671572*^9 - 11.881107860898252*I}\n"
"From remote kernel:"
"\"block\" -> {59, 60, 61, 62, 63, 64}\n"
"From remote kernel:"
"\"homogeneous id up to\" -> 5292\n"
"From remote kernel:"
"\"dropped eqs\" -> {{5293 -> 0.}, {5293 -> 0.}, {5293 -> 0.}, {5293 -> 0.}}\n"
"From remote kernel:"
"\"boundary condition test\" -> {64, 0, -0.7498479112266772}\n"
"From remote kernel:"
"\"boundary condition test\" -> {63, 0, -353114.24101392034}\n"
"From remote kernel:"
"\"boundary condition test\" -> {62, 0, -353114.24101392034}\n"
"From remote kernel:"
"\"boundary condition test\" -> {61, 0, 4.999892277692189*^9}\n"
"From remote kernel:"
"\"boundary condition test\" -> {60, 0, 5.000192285962059*^9}\n"
"From remote kernel:"
"\"boundary condition test\" -> {59, 0, -5.000042279491611*^9}\n"
"From remote kernel:"
"\"block\" -> {50}\n"
"From remote kernel:"
"\"boundary condition test\" -> {50, 0, -4.999931322255422*^9 - 295674.5783625692*I}\n"
"From remote kernel:"
"\"block\" -> {56, 57}\n"
"From remote kernel:"
"\"boundary condition test\" -> {57, 0, 30595.629283124006 - 20613.722728314548*I}\n"
"From remote kernel:"
"\"boundary condition test\" -> {56, 0, -16309.795879415342 + 18478.593929797273*I}\n"
"From remote kernel:"
"\"block\" -> {71}\n"
"From remote kernel:"
"\"boundary condition inserted\" -> {71, 0, 6.836087105253035*^7 + 4.468577794160213*I}\n"
"From remote kernel:"
"\"block\" -> {70}\n"
"From remote kernel:"
"\"boundary condition inserted\" -> {70, 0, 22069.668439460263 - 0.0023643751924427186*I}\n"
"From remote kernel:"
"\"block\" -> {69}\n"
"From remote kernel:"
"\"boundary condition inserted\" -> {69, 0, 19016.706383300516 + 82.06982048039312*I}\n"
"From remote kernel:"
"\"block\" -> {68}\n"
"From remote kernel:"
"\"boundary condition inserted\" -> {68, 0, -17496.33446256757 + 14936.86514724848*I}\n"
"From remote kernel:"
"\"block\" -> {67}\n"
"From remote kernel:"
"\"boundary condition inserted\" -> {67, 0, 0.02395660331700858 - 0.11078049835563829*I}\n"
"From remote kernel:"
"\"block\" -> {66}\n"
"From remote kernel:"
"\"boundary condition inserted\" -> {66, 0, 15297.93325180367 - 10307.334091949115*I}\n"
"From remote kernel:"
"\"block\" -> {72, 73, 74, 75}\n"
"From remote kernel:"
"\"homogeneous id up to\" -> 3528\n"
"From remote kernel:"
"\"dropped eqs\" -> {{3529 -> 0.}}\n"
"From remote kernel:"
"\"boundary condition test\" -> {75, 0, -22069.668439460263 + 0.0023643751924427186*I}\n"
"From remote kernel:"
"\"boundary condition test\" -> {74, 0, -19016.706383300516 - 82.06982048039312*I}\n"
"From remote kernel:"
"\"boundary condition test\" -> {73, 0, -0.02395660331700858 + 0.11078049835563829*I}\n"
"From remote kernel:"
"\"boundary condition test\" -> {72, 0, -0.7922608325410104 + 1.0828063570476443*I}\n"
"From remote kernel:"
"\"block\" -> {58}\n"
"From remote kernel:"
"\"boundary condition test\" -> {58, 0, -5.000192285962059*^9}\n"
"From remote kernel:"
"\"block\" -> {55}\n"
"From remote kernel:"
"\"boundary condition test\" -> {55, 0, -4.999931322807567*^9 - 295675.06768586324*I}\n"
"From remote kernel:"
"\"block\" -> {28}\n"
"From remote kernel:"
"\"homogeneous id up to\" -> 882\n"
"From remote kernel:"
"\"dropped eqs\" -> {{883 -> 0.}}\n"
"From remote kernel:"
"\"boundary condition test\" -> {28, 0, -5.00006728281104*^9}\n"
"From remote kernel:"
"\"block\" -> {25}\n"
"From remote kernel:"
"\"boundary condition test\" -> {25, 0, 0.}\n"
"From remote kernel:"
"\"block\" -> {41}\n"
"From remote kernel:"
"\"homogeneous id up to\" -> 882\n"
"From remote kernel:"
"\"dropped eqs\" -> {{883 -> 0.}}\n"
"From remote kernel:"
"\"boundary condition test\" -> {41, 0, -4.999667282486189*^9 + 17.710332101005097*I}\n"
"From remote kernel:"
"\"block\" -> {44}\n"
"From remote kernel:"
"\"homogeneous id up to\" -> 882\n"
"From remote kernel:"
"\"dropped eqs\" -> {{883 -> 0.}}\n"
"From remote kernel:"
"\"boundary condition test\" -> {44, 0, -25001.33644283803}\n"
"From remote kernel:"
"\"block\" -> {6}\n"
"From remote kernel:"
"\"boundary condition test\" -> {6, 0, 0.}\n"
"From remote kernel:"
"\"block\" -> {15}\n"
"From remote kernel:"
"\"boundary condition test\" -> {15, 0, 0.}\n"
"From remote kernel:"
"\"block\" -> {65}\n"
"From remote kernel:"
"\"boundary condition inserted\" -> {65, 0, 0.7922608325410104 - 1.0828063570476443*I}\n"
"From remote kernel:"
"\"block\" -> {47}\n"
"From remote kernel:"
"\"boundary condition inserted\" -> {47, 0, 4.999931322807567*^9 + 295675.06768586324*I}\n"
"From remote kernel:"
"\"block\" -> {39}\n"
"From remote kernel:"
"\"boundary condition inserted\" -> {39, 0, 5.000192285962059*^9}\n"
"From remote kernel:"
"\"block\" -> {35}\n"
"From remote kernel:"
"\"boundary condition inserted\" -> {35, 0, 4.999931322255422*^9 + 295674.5783625692*I}\n"
"From remote kernel:"
"\"block\" -> {32}\n"
"From remote kernel:"
"\"boundary condition inserted\" -> {32, 0, 5.000192281671572*^9 + 11.881107860898252*I}\n"
"From remote kernel:"
"\"block\" -> {21}\n"
"From remote kernel:"
"\"boundary condition inserted\" -> {21, 0, 25001.33644283803}\n"
"From remote kernel:"
"\"block\" -> {18}\n"
"From remote kernel:"
"\"boundary condition inserted\" -> {18, 0, 4.999667282486189*^9 - 17.710332101005097*I}\n"
"From remote kernel:"
"\"block\" -> {13}\n"
"From remote kernel:"
"\"boundary condition inserted\" -> {13, 0, 5.00006728281104*^9}\n"
"From remote kernel:"
"\"block\" -> {10}\n"
"From remote kernel:"
"\"boundary condition inserted\" -> {10, 0, 9.999384571381117*^9 - 29.261612395826752*I}\n"
"From remote kernel:"
"\"CalcTaylor: current region\" -> 1/50000\n"
"From remote kernel:"
"\"block\" -> {2}\n"
"From remote kernel:"
"\"boundary condition test\" -> {2, 0, 0.}\n"
"From remote kernel:"
"\"block\" -> {1}\n"
"From remote kernel:"
"\"boundary condition test\" -> {1, 0, 0.}\n"
"From remote kernel:"
"\"block\" -> {7, 8, 9}\n"
"From remote kernel:"
"\"boundary condition inserted\" -> {9, 0, -4.999992281156855*^9}\n"
"From remote kernel:"
"\"boundary condition test\" -> {8, 0, 4.999992281156855*^9}\n"
"From remote kernel:"
"\"boundary condition test\" -> {7, 0, -4.999992281156855*^9}\n"
"From remote kernel:"
"\"block\" -> {3}\n"
"From remote kernel:"
"\"boundary condition inserted\" -> {3, 0, 0.}\n"
"From remote kernel:"
"\"block\" -> {16, 17}\n"
"From remote kernel:"
"\"boundary condition inserted\" -> {17, 0, -4.999992281156855*^9}\n"
"From remote kernel:"
"\"boundary condition test\" -> {16, 0, 4.999992281156855*^9}\n"
"From remote kernel:"
"\"block\" -> {4}\n"
"From remote kernel:"
"\"boundary condition inserted\" -> {4, 0, 0.}\n"
"From remote kernel:"
"\"block\" -> {22}\n"
"From remote kernel:"
"\"boundary condition test\" -> {22, 0, 0.}\n"
"From remote kernel:"
"\"block\" -> {20}\n"
"From remote kernel:"
"\"boundary condition test\" -> {20, 0, 0.}\n"
"From remote kernel:"
"\"block\" -> {19}\n"
"From remote kernel:"
"\"boundary condition test\" -> {19, 0, 0.}\n"
"From remote kernel:"
"\"block\" -> {14}\n"
"From remote kernel:"
"\"boundary condition test\" -> {14, 0, 0.}\n"
"From remote kernel:"
"\"block\" -> {12}\n"
"From remote kernel:"
"\"boundary condition test\" -> {12, 0, 0.}\n"
"From remote kernel:"
"\"block\" -> {11}\n"
"From remote kernel:"
"\"boundary condition test\" -> {11, 0, 0.}\n"
"From remote kernel:"
"\"block\" -> {5}\n"
"From remote kernel:"
"\"boundary condition test\" -> {5, 0, 0.}\n"
"From remote kernel:"
"\"block\" -> {29, 30, 31}\n"
"From remote kernel:"
"\"boundary condition test\" -> {31, 0, 5.000092283002515*^9}\n"
"From remote kernel:"
"\"boundary condition test\" -> {30, 0, -4.999992281156855*^9}\n"
"From remote kernel:"
"\"boundary condition test\" -> {29, 0, -4.999992281156855*^9}\n"
"From remote kernel:"
"\"block\" -> {23}\n"
"From remote kernel:"
"\"boundary condition test\" -> {23, 0, 5.000092283002515*^9}\n"
"From remote kernel:"
"\"block\" -> {26, 27}\n"
"From remote kernel:"
"\"boundary condition test\" -> {27, 0, -1.0000084562159332*^10}\n"
"From remote kernel:"
"\"boundary condition test\" -> {26, 0, -49999.92281156855}\n"
"From remote kernel:"
"\"block\" -> {42, 43}\n"
"From remote kernel:"
"\"boundary condition test\" -> {43, 0, -4.999992281156855*^9}\n"
"From remote kernel:"
"\"boundary condition test\" -> {42, 0, 5.000092283002515*^9}\n"
"From remote kernel:"
"\"block\" -> {24}\n"
"From remote kernel:"
"\"boundary condition inserted\" -> {24, 0, 0.}\n"
"From remote kernel:"
"\"block\" -> {45, 46}\n"
"From remote kernel:"
"\"boundary condition test\" -> {46, 0, 5.000092283002515*^9}\n"
"From remote kernel:"
"\"boundary condition test\" -> {45, 0, -4.999992281156855*^9}\n"
"From remote kernel:"
"\"block\" -> {49}\n"
"From remote kernel:"
"\"boundary condition test\" -> {49, 0, 0.}\n"
"From remote kernel:"
"\"block\" -> {48}\n"
"From remote kernel:"
"\"boundary condition test\" -> {48, 0, 0.}\n"
"From remote kernel:"
"\"block\" -> {40}\n"
"From remote kernel:"
"\"boundary condition test\" -> {40, 0, 0.}\n"
"From remote kernel:"
"\"block\" -> {38}\n"
"From remote kernel:"
"\"boundary condition test\" -> {38, 0, 0.}\n"
"From remote kernel:"
"\"block\" -> {37}\n"
"From remote kernel:"
"\"boundary condition test\" -> {37, 0, 0.}\n"
"From remote kernel:"
"\"block\" -> {36}\n"
"From remote kernel:"
"\"boundary condition test\" -> {36, 0, 0.}\n"
"From remote kernel:"
"\"block\" -> {34}\n"
"From remote kernel:"
"\"boundary condition test\" -> {34, 0, 0.}\n"
"From remote kernel:"
"\"block\" -> {33}\n"
"From remote kernel:"
"\"boundary condition test\" -> {33, 0, 0.}\n"
"From remote kernel:"
"\"block\" -> {51, 52, 53, 54}\n"
"From remote kernel:"
"\"boundary condition test\" -> {54, 0, -1.0000084562159332*^10}\n"
"From remote kernel:"
"\"boundary condition test\" -> {53, 0, -49999.92281156855}\n"
"From remote kernel:"
"\"boundary condition test\" -> {52, 0, -4.999992281156855*^9}\n"
"From remote kernel:"
"\"boundary condition test\" -> {51, 0, -4.999992281156855*^9}\n"
"From remote kernel:"
"\"block\" -> {59, 60, 61, 62, 63, 64}\n"
"From remote kernel:"
"\"boundary condition test\" -> {64, 0, -1.0000234562927765*^10}\n"
"From remote kernel:"
"\"boundary condition test\" -> {63, 0, -4.999992281156855*^9}\n"
"From remote kernel:"
"\"boundary condition test\" -> {62, 0, -1.0000084562159332*^10}\n"
"From remote kernel:"
"\"boundary condition test\" -> {61, 0, -49999.92281156855}\n"
"From remote kernel:"
"\"boundary condition test\" -> {60, 0, 5.000092281002478*^9}\n"
"From remote kernel:"
"\"boundary condition test\" -> {59, 0, -49999.92281156855}\n"
"From remote kernel:"
"\"block\" -> {50}\n"
"From remote kernel:"
"\"boundary condition test\" -> {50, 0, 5.000092283002515*^9}\n"
"From remote kernel:"
"\"block\" -> {56, 57}\n"
"From remote kernel:"
"\"boundary condition test\" -> {57, 0, -4.999992281156855*^9}\n"
"From remote kernel:"
"\"boundary condition test\" -> {56, 0, 5.000092283002515*^9}\n"
"From remote kernel:"
"\"block\" -> {71}\n"
"From remote kernel:"
"\"boundary condition test\" -> {71, 0, 0.}\n"
"From remote kernel:"
"\"block\" -> {70}\n"
"From remote kernel:"
"\"boundary condition test\" -> {70, 0, 0.}\n"
"From remote kernel:"
"\"block\" -> {69}\n"
"From remote kernel:"
"\"boundary condition test\" -> {69, 0, 0.}\n"
"From remote kernel:"
"\"block\" -> {68}\n"
"From remote kernel:"
"\"boundary condition test\" -> {68, 0, 0.}\n"
"From remote kernel:"
"\"block\" -> {67}\n"
"From remote kernel:"
"\"boundary condition test\" -> {67, 0, 0.}\n"
"From remote kernel:"
"\"block\" -> {66}\n"
"From remote kernel:"
"\"boundary condition test\" -> {66, 0, 0.}\n"
"From remote kernel:"
"\"block\" -> {72, 73, 74, 75}\n"
"From remote kernel:"
"\"boundary condition test\" -> {75, 0, -4.999992281156855*^9}\n"
"From remote kernel:"
"\"boundary condition test\" -> {74, 0, -1.0000084562159332*^10}\n"
"From remote kernel:"
"\"boundary condition test\" -> {73, 0, -4.999992281156855*^9}\n"
"From remote kernel:"
"\"boundary condition test\" -> {72, 0, -4.999992281156855*^9}\n"
"From remote kernel:"
"\"block\" -> {58}\n"
"From remote kernel:"
"\"boundary condition test\" -> {58, 0, -4.999992281156855*^9}\n"
"From remote kernel:"
"\"block\" -> {55}\n"
"From remote kernel:"
"\"boundary condition test\" -> {55, 0, 5.000092283002515*^9}\n"
"From remote kernel:"
"\"block\" -> {28}\n"
"From remote kernel:"
"\"boundary condition test\" -> {28, 0, 5.000092283002515*^9}\n"
"From remote kernel:"
"\"block\" -> {25}\n"
"From remote kernel:"
"\"boundary condition test\" -> {25, 0, -4.999992281156855*^9}\n"
"From remote kernel:"
"\"block\" -> {41}\n"
"From remote kernel:"
"\"boundary condition test\" -> {41, 0, 5.000092283002515*^9}\n"
"From remote kernel:"
"\"block\" -> {44}\n"
"From remote kernel:"
"\"boundary condition test\" -> {44, 0, 5.000092283002515*^9}\n"
"From remote kernel:"
"\"block\" -> {6}\n"
"From remote kernel:"
"\"boundary condition test\" -> {6, 0, 5.000092283002515*^9}\n"
"From remote kernel:"
"\"block\" -> {15}\n"
"From remote kernel:"
"\"boundary condition test\" -> {15, 0, 5.000092283002515*^9}\n"
"From remote kernel:"
"\"block\" -> {65}\n"
"From remote kernel:"
"\"boundary condition test\" -> {65, 0, 0.}\n"
"From remote kernel:"
"\"block\" -> {47}\n"
"From remote kernel:"
"\"boundary condition test\" -> {47, 0, 0.}\n"
"From remote kernel:"
"\"block\" -> {39}\n"
"From remote kernel:"
"\"boundary condition test\" -> {39, 0, 0.}\n"
"From remote kernel:"
"\"block\" -> {35}\n"
"From remote kernel:"
"\"boundary condition test\" -> {35, 0, 0.}\n"
"From remote kernel:"
"\"block\" -> {32}\n"
"From remote kernel:"
"\"boundary condition test\" -> {32, 0, 0.}\n"
"From remote kernel:"
"\"block\" -> {21}\n"
"From remote kernel:"
"\"boundary condition test\" -> {21, 0, 0.}\n"
"From remote kernel:"
"\"block\" -> {18}\n"
"From remote kernel:"
"\"boundary condition test\" -> {18, 0, 0.}\n"
"From remote kernel:"
"\"block\" -> {13}\n"
"From remote kernel:"
"\"boundary condition test\" -> {13, 0, 0.}\n"
"From remote kernel:"
"\"block\" -> {10}\n"
"From remote kernel:"
"\"boundary condition test\" -> {10, 0, 0.}\n"
"From remote kernel:"
"\"AMFlow: Infinity solved in 104s.\"\n"
"From remote kernel:"
"\"AMFlow: running among regular points...\"\n"
"From remote kernel:"
"\"current regular point\" -> -10.144056673176781 - 25.360141682941954*I\n"
"From remote kernel:"
"\"current regular point\" -> -5.94064912516864 - 14.8516228129216*I\n"
"From remote kernel:"
"\"current regular point\" -> -3.6498832477455374 - 9.124708119363843*I\n"
"From remote kernel:"
"\"current regular point\" -> -2.1674608815062975 - 5.418652203765744*I\n"
"From remote kernel:"
"\"current regular point\" -> -1.2177084562246692 - 3.0442711405616727*I\n"
"From remote kernel:"
"\"current regular point\" -> -0.6764556111419604 - 1.691139027854901*I\n"
"From remote kernel:"
"\"current regular point\" -> -0.4028561065109388 - 1.007140266277347*I\n"
"From remote kernel:"
"\"current regular point\" -> -0.26021842576157245 - 0.6505460644039311*I\n"
"From remote kernel:"
"\"current regular point\" -> -0.17794107740317902 - 0.44485269350794754*I\n"
"From remote kernel:"
"\"current regular point\" -> -0.11823400027614187 - 0.29558500069035465*I\n"
"From remote kernel:"
"\"current regular point\" -> -0.0603458383048385 - 0.15086459576209624*I\n"
"From remote kernel:"
"\"AMFlow: regular running finished in 90s.\"\n"
"From remote kernel:"
"\"AMFlow: solving near the last point...\"\n"
"From remote kernel:"
"\"NormalizeMat finished in 4s.\"\n"
"From remote kernel:"
"\"LearnXOrder is negative. skip learning phase.\"\n"
"From remote kernel:"
"\"block\" -> {2}\n"
"From remote kernel:"
"\"behavior\" -> {{0, 0}}\n"
"From remote kernel:"
"\"number of constraints and variables\" -> {1, 1}\n"
"From remote kernel:"
"\"block\" -> {1}\n"
"From remote kernel:"
"\"behavior\" -> {{0, 0}}\n"
"From remote kernel:"
"\"number of constraints and variables\" -> {1, 1}\n"
"From remote kernel:"
"\"block\" -> {7, 8, 9}\n"
"From remote kernel:"
"\"behavior\" -> {{0, 1}}\n"
"From remote kernel:"
"\"number of constraints and variables\" -> {3, 3}\n"
"From remote kernel:"
"\"block\" -> {3}\n"
"From remote kernel:"
"\"behavior\" -> {{0, 1}}\n"
"From remote kernel:"
"\"number of constraints and variables\" -> {1, 1}\n"
"From remote kernel:"
"\"block\" -> {16, 17}\n"
"From remote kernel:"
"\"behavior\" -> {{0, 0}, {24999/25000, 0}}\n"
"From remote kernel:"
"\"number of constraints and variables\" -> {4, 4}\n"
"From remote kernel:"
"\"block\" -> {4}\n"
"From remote kernel:"
"\"behavior\" -> {{49999/50000, 0}, {0, 0}}\n"
"From remote kernel:"
"\"number of constraints and variables\" -> {1, 1}\n"
"From remote kernel:"
"\"block\" -> {22}\n"
"From remote kernel:"
"\"behavior\" -> {{0, 0}}\n"
"From remote kernel:"
"\"number of constraints and variables\" -> {1, 1}\n"
"From remote kernel:"
"\"block\" -> {20}\n"
"From remote kernel:"
"\"behavior\" -> {{0, 0}}\n"
"From remote kernel:"
"\"number of constraints and variables\" -> {1, 1}\n"
"From remote kernel:"
"\"block\" -> {19}\n"
"From remote kernel:"
"\"behavior\" -> {{0, 0}}\n"
"From remote kernel:"
"\"number of constraints and variables\" -> {1, 1}\n"
"From remote kernel:"
"\"block\" -> {14}\n"
"From remote kernel:"
"\"behavior\" -> {{0, 0}}\n"
"From remote kernel:"
"\"number of constraints and variables\" -> {1, 1}\n"
"From remote kernel:"
"\"block\" -> {12}\n"
"From remote kernel:"
"\"behavior\" -> {{0, 0}}\n"
"From remote kernel:"
"\"number of constraints and variables\" -> {1, 1}\n"
"From remote kernel:"
"\"block\" -> {11}\n"
"From remote kernel:"
"\"behavior\" -> {{0, 0}}\n"
"From remote kernel:"
"\"number of constraints and variables\" -> {1, 1}\n"
"From remote kernel:"
"\"block\" -> {5}\n"
"From remote kernel:"
"\"behavior\" -> {{0, 0}}\n"
"From remote kernel:"
"\"number of constraints and variables\" -> {1, 1}\n"
"From remote kernel:"
"\"block\" -> {29, 30, 31}\n"
"From remote kernel:"
"\"behavior\" -> {{0, 2}, {24999/25000, 0}, {49999/50000, 0}}\n"
"From remote kernel:"
"\"number of constraints and variables\" -> {6, 6}\n"
"From remote kernel:"
"\"block\" -> {23}\n"
"From remote kernel:"
"\"behavior\" -> {{0, 2}}\n"
"From remote kernel:"
"\"number of constraints and variables\" -> {1, 1}\n"
"From remote kernel:"
"\"block\" -> {26, 27}\n"
"From remote kernel:"
"\"behavior\" -> {{0, 2}, {24999/25000, 1}}\n"
"From remote kernel:"
"\"number of constraints and variables\" -> {4, 4}\n"
"From remote kernel:"
"\"block\" -> {42, 43}\n"
"From remote kernel:"
"\"behavior\" -> {{0, 1}, {24999/25000, 0}}\n"
"From remote kernel:"
"\"number of constraints and variables\" -> {2, 2}\n"
"From remote kernel:"
"\"block\" -> {24}\n"
"From remote kernel:"
"\"behavior\" -> {{0, 2}, {49999/50000, 0}}\n"
"From remote kernel:"
"\"number of constraints and variables\" -> {1, 1}\n"
"From remote kernel:"
"\"block\" -> {45, 46}\n"
"From remote kernel:"
"\"behavior\" -> {{0, 1}, {49999/50000, 0}, {24999/25000, 0}}\n"
"From remote kernel:"
"\"number of constraints and variables\" -> {4, 4}\n"
"From remote kernel:"
"\"block\" -> {49}\n"
"From remote kernel:"
"\"behavior\" -> {{0, 0}}\n"
"From remote kernel:"
"\"number of constraints and variables\" -> {1, 1}\n"
"From remote kernel:"
"\"block\" -> {48}\n"
"From remote kernel:"
"\"behavior\" -> {{0, 0}}\n"
"From remote kernel:"
"\"number of constraints and variables\" -> {1, 1}\n"
"From remote kernel:"
"\"block\" -> {40}\n"
"From remote kernel:"
"\"behavior\" -> {{0, 0}}\n"
"From remote kernel:"
"\"number of constraints and variables\" -> {1, 1}\n"
"From remote kernel:"
"\"block\" -> {38}\n"
"From remote kernel:"
"\"behavior\" -> {{0, 0}}\n"
"From remote kernel:"
"\"number of constraints and variables\" -> {1, 1}\n"
"From remote kernel:"
"\"block\" -> {37}\n"
"From remote kernel:"
"\"behavior\" -> {{0, 0}}\n"
"From remote kernel:"
"\"number of constraints and variables\" -> {1, 1}\n"
"From remote kernel:"
"\"block\" -> {36}\n"
"From remote kernel:"
"\"behavior\" -> {{0, 0}}\n"
"From remote kernel:"
"\"number of constraints and variables\" -> {1, 1}\n"
"From remote kernel:"
"\"block\" -> {34}\n"
"From remote kernel:"
"\"behavior\" -> {{0, 0}}\n"
"From remote kernel:"
"\"number of constraints and variables\" -> {1, 1}\n"
"From remote kernel:"
"\"block\" -> {33}\n"
"From remote kernel:"
"\"behavior\" -> {{0, 0}}\n"
"From remote kernel:"
"\"number of constraints and variables\" -> {1, 1}\n"
"From remote kernel:"
"\"block\" -> {59, 60, 61, 62, 63, 64}\n"
"From remote kernel:"
"\"behavior\" -> {{0, 3}, {49999/50000, 1}, {24999/25000, 1}}\n"
"From remote kernel:"
"\"number of constraints and variables\" -> {12, 12}\n"
"From remote kernel:"
"\"block\" -> {51, 52, 53, 54}\n"
"From remote kernel:"
"\"behavior\" -> {{0, 3}, {24999/25000, 1}}\n"
"From remote kernel:"
"\"number of constraints and variables\" -> {4, 4}\n"
"From remote kernel:"
"\"block\" -> {50}\n"
"From remote kernel:"
"\"behavior\" -> {{0, 3}, {49999/50000, 0}, {24999/25000, 0}}\n"
"From remote kernel:"
"\"number of constraints and variables\" -> {1, 1}\n"
"From remote kernel:"
"\"block\" -> {56, 57}\n"
"From remote kernel:"
"\"behavior\" -> {{0, 2}, {24999/25000, 0}, {49999/50000, 0}}\n"
"From remote kernel:"
"\"number of constraints and variables\" -> {2, 2}\n"
"From remote kernel:"
"\"block\" -> {71}\n"
"From remote kernel:"
"\"behavior\" -> {{0, 0}}\n"
"From remote kernel:"
"\"number of constraints and variables\" -> {1, 1}\n"
"From remote kernel:"
"\"block\" -> {70}\n"
"From remote kernel:"
"\"behavior\" -> {{0, 0}}\n"
"From remote kernel:"
"\"number of constraints and variables\" -> {1, 1}\n"
"From remote kernel:"
"\"block\" -> {69}\n"
"From remote kernel:"
"\"behavior\" -> {{0, 0}}\n"
"From remote kernel:"
"\"number of constraints and variables\" -> {1, 1}\n"
"From remote kernel:"
"\"block\" -> {68}\n"
"From remote kernel:"
"\"behavior\" -> {{0, 0}}\n"
"From remote kernel:"
"\"number of constraints and variables\" -> {1, 1}\n"
"From remote kernel:"
"\"block\" -> {67}\n"
"From remote kernel:"
"\"behavior\" -> {{0, 0}}\n"
"From remote kernel:"
"\"number of constraints and variables\" -> {1, 1}\n"
"From remote kernel:"
"\"block\" -> {66}\n"
"From remote kernel:"
"\"behavior\" -> {{0, 0}}\n"
"From remote kernel:"
"\"number of constraints and variables\" -> {1, 1}\n"
"From remote kernel:"
"\"block\" -> {72, 73, 74, 75}\n"
"From remote kernel:"
"\"behavior\" -> {{0, 4}, {24999/25000, 1}, {49999/50000, 1}}\n"
"From remote kernel:"
"\"number of constraints and variables\" -> {4, 4}\n"
"From remote kernel:"
"\"block\" -> {58}\n"
"From remote kernel:"
"\"behavior\" -> {{0, 4}, {49999/50000, 1}, {24999/25000, 1}}\n"
"From remote kernel:"
"\"number of constraints and variables\" -> {1, 1}\n"
"From remote kernel:"
"\"block\" -> {55}\n"
"From remote kernel:"
"\"behavior\" -> {{0, 3}, {24999/25000, 0}, {49999/50000, 0}}\n"
"From remote kernel:"
"\"number of constraints and variables\" -> {1, 1}\n"
"From remote kernel:"
"\"block\" -> {28}\n"
"From remote kernel:"
"\"behavior\" -> {{0, 3}, {49999/50000, 0}, {24999/25000, 0}}\n"
"From remote kernel:"
"\"number of constraints and variables\" -> {1, 1}\n"
"From remote kernel:"
"\"block\" -> {25}\n"
"From remote kernel:"
"\"behavior\" -> {{0, 3}, {24999/25000, 1}}\n"
"From remote kernel:"
"\"number of constraints and variables\" -> {1, 1}\n"
"From remote kernel:"
"\"block\" -> {41}\n"
"From remote kernel:"
"\"behavior\" -> {{0, 2}, {24999/25000, 0}}\n"
"From remote kernel:"
"\"number of constraints and variables\" -> {1, 1}\n"
"From remote kernel:"
"\"block\" -> {44}\n"
"From remote kernel:"
"\"behavior\" -> {{0, 2}, {24999/25000, 0}, {49999/50000, 0}}\n"
"From remote kernel:"
"\"number of constraints and variables\" -> {1, 1}\n"
"From remote kernel:"
"\"block\" -> {6}\n"
"From remote kernel:"
"\"behavior\" -> {{0, 2}}\n"
"From remote kernel:"
"\"number of constraints and variables\" -> {1, 1}\n"
"From remote kernel:"
"\"block\" -> {15}\n"
"From remote kernel:"
"\"behavior\" -> {{0, 1}, {24999/25000, 0}}\n"
"From remote kernel:"
"\"number of constraints and variables\" -> {1, 1}\n"
"From remote kernel:"
"\"block\" -> {65}\n"
"From remote kernel:"
"\"behavior\" -> {{0, 0}}\n"
"From remote kernel:"
"\"number of constraints and variables\" -> {1, 1}\n"
"From remote kernel:"
"\"block\" -> {47}\n"
"From remote kernel:"
"\"behavior\" -> {{0, 0}}\n"
"From remote kernel:"
"\"number of constraints and variables\" -> {1, 1}\n"
"From remote kernel:"
"\"block\" -> {39}\n"
"From remote kernel:"
"\"behavior\" -> {{0, 0}}\n"
"From remote kernel:"
"\"number of constraints and variables\" -> {1, 1}\n"
"From remote kernel:"
"\"block\" -> {35}\n"
"From remote kernel:"
"\"behavior\" -> {{0, 0}}\n"
"From remote kernel:"
"\"number of constraints and variables\" -> {1, 1}\n"
"From remote kernel:"
"\"block\" -> {32}\n"
"From remote kernel:"
"\"behavior\" -> {{0, 0}}\n"
"From remote kernel:"
"\"number of constraints and variables\" -> {1, 1}\n"
"From remote kernel:"
"\"block\" -> {21}\n"
"From remote kernel:"
"\"behavior\" -> {{0, 0}}\n"
"From remote kernel:"
"\"number of constraints and variables\" -> {1, 1}\n"
"From remote kernel:"
"\"block\" -> {18}\n"
"From remote kernel:"
"\"behavior\" -> {{0, 0}}\n"
"From remote kernel:"
"\"number of constraints and variables\" -> {1, 1}\n"
"From remote kernel:"
"\"block\" -> {13}\n"
"From remote kernel:"
"\"behavior\" -> {{0, 0}}\n"
"From remote kernel:"
"\"number of constraints and variables\" -> {1, 1}\n"
"From remote kernel:"
"\"block\" -> {10}\n"
"From remote kernel:"
"\"behavior\" -> {{0, 0}}\n"
"From remote kernel:"
"\"number of constraints and variables\" -> {1, 1}\n"
"From remote kernel:"
"\"AMFlow: last point solved in 47s.\"\n"
"From remote kernel:"
"\"dropped terms when pickzero\" -> {0.}\n"
"From remote kernel:"
"\"dropped terms when pickzero\" -> {0.}\n"
"From remote kernel:"
"\"dropped terms when pickzero\" -> {0., 0.}\n"
"From remote kernel:"
"\"dropped terms when pickzero\" -> {0., 0.}\n"
"From remote kernel:"
"\"dropped terms when pickzero\" -> {0.}\n"
"From remote kernel:"
"\"dropped terms when pickzero\" -> {0.}\n"
"From remote kernel:"
"\"dropped terms when pickzero\" -> {0.}\n"
"From remote kernel:"
"\"dropped terms when pickzero\" -> {0.}\n"
"From remote kernel:"
"\"dropped terms when pickzero\" -> {0.}\n"
"From remote kernel:"
"\"dropped terms when pickzero\" -> {0., 0.}\n"
"From remote kernel:"
"\"dropped terms when pickzero\" -> {0., 0., 0.}\n"
"From remote kernel:"
"\"dropped terms when pickzero\" -> {0.}\n"
"From remote kernel:"
"\"dropped terms when pickzero\" -> {0., 0.}\n"
"From remote kernel:"
"\"system cleared: DESolver`$InternalSystem\"\n"
"From remote kernel:"
"\"AMFlow: finished in 245s.\"\n"
