"From remote kernel:"
"DESolver`SetGlobalOptions -> {\"WorkingPre\" -> 100, \"ChopPre\" -> 20, \"SilentMode\" -> False, \"RationalizePre\" -> 100}\n"
"From remote kernel:"
"DESolver`SetExpansionOptions -> {\"XOrder\" -> 100, \"ExtraXOrder\" -> 20, \"LearnXOrder\" -> -1, \"TestXOrder\" -> 5}\n"
"From remote kernel:"
"DESolver`SetRunningOptions -> {\"RunRadius\" -> 2, \"RunLength\" -> 1000, \"RunCandidate\" -> 10, \"RunDirection\" -> \"NegIm\"}\n"
"From remote kernel:"
"DESolver`SetGlobalOptions -> {\"WorkingPre\" -> 120, \"ChopPre\" -> 20, \"SilentMode\" -> False, \"RationalizePre\" -> 100}\n"
"From remote kernel:"
"DESolver`SetExpansionOptions -> {\"XOrder\" -> 240, \"ExtraXOrder\" -> 280, \"LearnXOrder\" -> -1, \"TestXOrder\" -> 5}\n"
"From remote kernel:"
"DESolver`SetRunningOptions -> {\"RunRadius\" -> 2, \"RunLength\" -> 1000, \"RunCandidate\" -> 10, \"RunDirection\" -> \"NegIm\"}\n"
"From remote kernel:"
"\"AMFlow: start.\"\n"
"From remote kernel:"
"\"system loaded: DESolver`$InternalSystem\\nDE[DESolver`$InternalSystem] -- differential equation in matrix form\\nBC[DESolver`$InternalSystem] -- boundary conditions either in singular form or in regular form\\nP[DESolver`$InternalSystem] -- boundary point\\nAsyExp[DESolver`$InternalSystem] -- asymptotic expansion near a singular point (currently it is Null)\\nintegrals: 28, blocks: 23, density: 0.11, degrees: {10, 10}\"\n"
"From remote kernel:"
"\"AMFlow: integrals will be evaluated at 4 regular points\" -> {0. - 2.*I, 0. - 1.*I, 0. - 0.5*I, 0. - 0.3333333333333333*I}\n"
"From remote kernel:"
"\"AMFlow: integration contour generated in 0s.\"\n"
"From remote kernel:"
"\"AMFlow: solving near eta = Infinity...\"\n"
"From remote kernel:"
"\"CalcTaylor: current region\" -> 3/1000\n"
"From remote kernel:"
"\"block\" -> {1}\n"
"From remote kernel:"
"\"boundary condition inserted\" -> {1, 0, -83817.13354440156}\n"
"From remote kernel:"
"\"block\" -> {14, 15, 17}\n"
"From remote kernel:"
"\"boundary condition test\" -> {17, 0, -501142.1435831796}\n"
"From remote kernel:"
"\"boundary condition test\" -> {15, 0, 1.6638052538124195*^8}\n"
"From remote kernel:"
"\"boundary condition test\" -> {14, 0, -1.6671395328781757*^8}\n"
"From remote kernel:"
"\"block\" -> {5, 6}\n"
"From remote kernel:"
"\"boundary condition inserted\" -> {6, 0, 166380.52538124193}\n"
"From remote kernel:"
"\"boundary condition test\" -> {5, 0, -1.6654690590662318*^8}\n"
"From remote kernel:"
"\"block\" -> {16}\n"
"From remote kernel:"
"\"boundary condition test\" -> {16, 0, -3.3376133448221076*^8}\n"
"From remote kernel:"
"\"block\" -> {20}\n"
"From remote kernel:"
"\"boundary condition test\" -> {20, 0, -3.3376133448221076*^8}\n"
"From remote kernel:"
"\"block\" -> {4}\n"
"From remote kernel:"
"\"boundary condition test\" -> {4, 0, -1.6704805005679357*^8}\n"
"From remote kernel:"
"\"block\" -> {10, 11}\n"
"From remote kernel:"
"\"boundary condition inserted\" -> {11, 0, -333761.3368926772}\n"
"From remote kernel:"
"\"boundary condition test\" -> {10, 0, 3.330938142188918*^8}\n"
"From remote kernel:"
"\"block\" -> {27, 28}\n"
"From remote kernel:"
"\"boundary condition test\" -> {28, 0, 1.6638053020217475*^8}\n"
"From remote kernel:"
"\"boundary condition test\" -> {27, 0, 1.6638053020217475*^8}\n"
"From remote kernel:"
"\"block\" -> {13}\n"
"From remote kernel:"
"\"boundary condition test\" -> {13, 0, 1.6688066724110538*^8}\n"
"From remote kernel:"
"\"block\" -> {3}\n"
"From remote kernel:"
"\"boundary condition test\" -> {3, 0, -167382.81568816988}\n"
"From remote kernel:"
"\"block\" -> {8}\n"
"From remote kernel:"
"\"boundary condition test\" -> {8, 0, -3.337613368926772*^8}\n"
"From remote kernel:"
"\"block\" -> {26}\n"
"From remote kernel:"
"\"boundary condition test\" -> {26, 0, 2410.4664105454694}\n"
"From remote kernel:"
"\"block\" -> {12}\n"
"From remote kernel:"
"\"boundary condition test\" -> {12, 0, 1.673828156881699*^8}\n"
"From remote kernel:"
"\"block\" -> {2}\n"
"From remote kernel:"
"\"boundary condition test\" -> {2, 0, -83817.13354440156}\n"
"From remote kernel:"
"\"block\" -> {7}\n"
"From remote kernel:"
"\"boundary condition test\" -> {7, 0, 3.344301972872517*^8}\n"
"From remote kernel:"
"\"block\" -> {25}\n"
"From remote kernel:"
"\"homogeneous id up to\" -> 522\n"
"From remote kernel:"
"\"dropped eqs\" -> {{523 -> 0.}, {523 -> 0.}, {523 -> 0.}, {523 -> 0.}, {523 -> 0.}, {523 -> 0.}}\n"
"From remote kernel:"
"\"boundary condition test\" -> {25, 0, -16751.50736570301}\n"
"From remote kernel:"
"\"block\" -> {24}\n"
"From remote kernel:"
"\"homogeneous id up to\" -> 522\n"
"From remote kernel:"
"\"dropped eqs\" -> {{523 -> 0.}, {523 -> 0.}, {523 -> 0.}, {523 -> 0.}, {523 -> 0.}}\n"
"From remote kernel:"
"\"boundary condition test\" -> {24, 0, -25112.614464547532}\n"
"From remote kernel:"
"\"block\" -> {23}\n"
"From remote kernel:"
"\"homogeneous id up to\" -> 522\n"
"From remote kernel:"
"\"dropped eqs\" -> {{523 -> 0.}, {523 -> 0.}, {523 -> 0.}, {523 -> 0.}}\n"
"From remote kernel:"
"\"boundary condition test\" -> {23, 0, -41820.90740499574}\n"
"From remote kernel:"
"\"block\" -> {22}\n"
"From remote kernel:"
"\"homogeneous id up to\" -> 522\n"
"From remote kernel:"
"\"dropped eqs\" -> {{523 -> 0.}, {523 -> 0.}, {523 -> 0.}}\n"
"From remote kernel:"
"\"boundary condition test\" -> {22, 0, -83537.41913499149}\n"
"From remote kernel:"
"\"block\" -> {21}\n"
"From remote kernel:"
"\"homogeneous id up to\" -> 522\n"
"From remote kernel:"
"\"dropped eqs\" -> {{523 -> 0.}, {523 -> 0.}}\n"
"From remote kernel:"
"\"boundary condition test\" -> {21, 0, -249945.95695324973}\n"
"From remote kernel:"
"\"block\" -> {19}\n"
"From remote kernel:"
"\"homogeneous id up to\" -> 522\n"
"From remote kernel:"
"\"dropped eqs\" -> {{523 -> 0.}}\n"
"From remote kernel:"
"\"boundary condition test\" -> {19, 0, -1.6671395328781757*^8}\n"
"From remote kernel:"
"\"block\" -> {18}\n"
"From remote kernel:"
"\"boundary condition test\" -> {18, 0, 1.673828156881699*^8}\n"
"From remote kernel:"
"\"block\" -> {9}\n"
"From remote kernel:"
"\"boundary condition test\" -> {9, 0, -3.337613368926772*^8}\n"
"From remote kernel:"
"\"AMFlow: Infinity solved in 3s.\"\n"
"From remote kernel:"
"\"AMFlow: running among regular points...\"\n"
"From remote kernel:"
"\"current regular point\" -> 0. - 2.*I\n"
"From remote kernel:"
"\"current regular point\" -> 0. - 1.*I\n"
"From remote kernel:"
"\"current regular point\" -> 0. - 0.5*I\n"
"From remote kernel:"
"\"AMFlow: regular running finished in 1s.\"\n"
"From remote kernel:"
"\"AMFlow: solving near the last point...\"\n"
"From remote kernel:"
"\"NormalizeMat finished in 0s.\"\n"
"From remote kernel:"
"\"LearnXOrder is negative. skip learning phase.\"\n"
"From remote kernel:"
"\"block\" -> {1}\n"
"From remote kernel:"
"\"behavior\" -> {{997/1000, 0}}\n"
"From remote kernel:"
"\"number of constraints and variables\" -> {1, 1}\n"
"From remote kernel:"
"\"block\" -> {14, 17}\n"
"From remote kernel:"
"\"behavior\" -> {{0, 0}, {999/1000, 0}, {997/1000, 0}}\n"
"From remote kernel:"
"\"number of constraints and variables\" -> {4, 4}\n"
"From remote kernel:"
"\"block\" -> {5, 6}\n"
"From remote kernel:"
"\"behavior\" -> {{0, 0}, {999/1000, 0}}\n"
"From remote kernel:"
"\"number of constraints and variables\" -> {4, 4}\n"
"From remote kernel:"
"\"block\" -> {16}\n"
"From remote kernel:"
"\"behavior\" -> {{0, 1}, {997/1000, 0}, {999/1000, 0}}\n"
"From remote kernel:"
"\"number of constraints and variables\" -> {1, 1}\n"
"From remote kernel:"
"\"block\" -> {20}\n"
"From remote kernel:"
"\"behavior\" -> {{499/500, 0}, {0, 0}, {999/1000, 0}}\n"
"From remote kernel:"
"\"number of constraints and variables\" -> {1, 1}\n"
"From remote kernel:"
"\"block\" -> {4}\n"
"From remote kernel:"
"\"behavior\" -> {{0, 1}, {999/1000, 0}}\n"
"From remote kernel:"
"\"number of constraints and variables\" -> {1, 1}\n"
"From remote kernel:"
"\"block\" -> {10, 11}\n"
"From remote kernel:"
"\"behavior\" -> {{0, 0}, {499/500, 0}}\n"
"From remote kernel:"
"\"number of constraints and variables\" -> {4, 4}\n"
"From remote kernel:"
"\"block\" -> {27, 28}\n"
"From remote kernel:"
"\"behavior\" -> {{0, 1}, {997/1000, 1}, {999/1000, 0}, {499/500, 0}}\n"
"From remote kernel:"
"\"number of constraints and variables\" -> {4, 4}\n"
"From remote kernel:"
"\"block\" -> {13}\n"
"From remote kernel:"
"\"behavior\" -> {{999/1000, 1}, {0, 1}, {997/1000, 0}}\n"
"From remote kernel:"
"\"number of constraints and variables\" -> {1, 1}\n"
"From remote kernel:"
"\"block\" -> {3}\n"
"From remote kernel:"
"\"behavior\" -> {{999/1000, 1}, {0, 1}}\n"
"From remote kernel:"
"\"number of constraints and variables\" -> {1, 1}\n"
"From remote kernel:"
"\"block\" -> {8}\n"
"From remote kernel:"
"\"behavior\" -> {{0, 1}, {499/500, 0}}\n"
"From remote kernel:"
"\"number of constraints and variables\" -> {1, 1}\n"
"From remote kernel:"
"\"block\" -> {26}\n"
"From remote kernel:"
"\"behavior\" -> {{0, 2}, {997/1000, 1}, {999/1000, 0}, {499/500, 0}}\n"
"From remote kernel:"
"\"number of constraints and variables\" -> {1, 1}\n"
"From remote kernel:"
"\"block\" -> {12}\n"
"From remote kernel:"
"\"behavior\" -> {{0, 2}, {999/1000, 1}, {997/1000, 0}}\n"
"From remote kernel:"
"\"number of constraints and variables\" -> {1, 1}\n"
"From remote kernel:"
"\"block\" -> {2}\n"
"From remote kernel:"
"\"behavior\" -> {{0, 2}, {999/1000, 1}}\n"
"From remote kernel:"
"\"number of constraints and variables\" -> {1, 1}\n"
"From remote kernel:"
"\"block\" -> {7}\n"
"From remote kernel:"
"\"behavior\" -> {{0, 2}, {499/500, 0}}\n"
"From remote kernel:"
"\"number of constraints and variables\" -> {1, 1}\n"
"From remote kernel:"
"\"block\" -> {25}\n"
"From remote kernel:"
"\"behavior\" -> {{0, 1}, {999/1000, 0}, {499/500, 0}}\n"
"From remote kernel:"
"\"number of constraints and variables\" -> {1, 1}\n"
"From remote kernel:"
"\"block\" -> {24}\n"
"From remote kernel:"
"\"behavior\" -> {{0, 1}, {999/1000, 0}, {499/500, 0}}\n"
"From remote kernel:"
"\"number of constraints and variables\" -> {1, 1}\n"
"From remote kernel:"
"\"block\" -> {23}\n"
"From remote kernel:"
"\"behavior\" -> {{0, 1}, {999/1000, 0}, {499/500, 0}}\n"
"From remote kernel:"
"\"number of constraints and variables\" -> {1, 1}\n"
"From remote kernel:"
"\"block\" -> {22}\n"
"From remote kernel:"
"\"behavior\" -> {{0, 1}, {999/1000, 0}, {499/500, 0}}\n"
"From remote kernel:"
"\"number of constraints and variables\" -> {1, 1}\n"
"From remote kernel:"
"\"block\" -> {21}\n"
"From remote kernel:"
"\"behavior\" -> {{0, 1}, {999/1000, 0}, {499/500, 0}}\n"
"From remote kernel:"
"\"number of constraints and variables\" -> {1, 1}\n"
"From remote kernel:"
"\"block\" -> {19}\n"
"From remote kernel:"
"\"behavior\" -> {{0, 1}, {999/1000, 0}, {499/500, 0}}\n"
"From remote kernel:"
"\"number of constraints and variables\" -> {1, 1}\n"
"From remote kernel:"
"\"block\" -> {18}\n"
"From remote kernel:"
"\"behavior\" -> {{0, 1}, {999/1000, 0}, {499/500, 0}}\n"
"From remote kernel:"
"\"number of constraints and variables\" -> {1, 1}\n"
"From remote kernel:"
"\"block\" -> {15}\n"
"From remote kernel:"
"\"behavior\" -> {{0, 1}, {997/1000, 0}, {999/1000, 0}}\n"
"From remote kernel:"
"\"number of constraints and variables\" -> {1, 1}\n"
"From remote kernel:"
"\"block\" -> {9}\n"
"From remote kernel:"
"\"behavior\" -> {{0, 1}, {499/500, 0}}\n"
"From remote kernel:"
"\"number of constraints and variables\" -> {1, 1}\n"
"From remote kernel:"
"\"AMFlow: last point solved in 3s.\"\n"
"From remote kernel:"
"\"dropped terms when pickzero\" -> {0.}\n"
"From remote kernel:"
"\"dropped terms when pickzero\" -> {0.}\n"
"From remote kernel:"
"\"dropped terms when pickzero\" -> {0.}\n"
"From remote kernel:"
"\"dropped terms when pickzero\" -> {0.}\n"
"From remote kernel:"
"\"dropped terms when pickzero\" -> {0.}\n"
"From remote kernel:"
"\"dropped terms when pickzero\" -> {0.}\n"
"From remote kernel:"
"\"dropped terms when pickzero\" -> {0.}\n"
"From remote kernel:"
"\"dropped terms when pickzero\" -> {0., 0.}\n"
"From remote kernel:"
"\"dropped terms when pickzero\" -> {0., 0., 0.}\n"
"From remote kernel:"
"\"dropped terms when pickzero\" -> {0., 0., 0., 0.}\n"
"From remote kernel:"
"\"dropped terms when pickzero\" -> {0., 0., 0., 0., 0.}\n"
"From remote kernel:"
"\"dropped terms when pickzero\" -> {0., 0., 0., 0., 0., 0.}\n"
"From remote kernel:"
"\"dropped terms when pickzero\" -> {0.}\n"
"From remote kernel:"
"\"dropped terms when pickzero\" -> {0.}\n"
"From remote kernel:"
"\"system cleared: DESolver`$InternalSystem\"\n"
"From remote kernel:"
"\"AMFlow: finished in 8s.\"\n"
