"From remote kernel:"
"DESolver`SetGlobalOptions -> {\"WorkingPre\" -> 100, \"ChopPre\" -> 20, \"SilentMode\" -> False, \"RationalizePre\" -> 100}\n"
"From remote kernel:"
"DESolver`SetExpansionOptions -> {\"XOrder\" -> 100, \"ExtraXOrder\" -> 20, \"LearnXOrder\" -> -1, \"TestXOrder\" -> 5}\n"
"From remote kernel:"
"DESolver`SetRunningOptions -> {\"RunRadius\" -> 2, \"RunLength\" -> 1000, \"RunCandidate\" -> 10, \"RunDirection\" -> \"NegIm\"}\n"
"From remote kernel:"
"DESolver`SetGlobalOptions -> {\"WorkingPre\" -> 120, \"ChopPre\" -> 20, \"SilentMode\" -> False, \"RationalizePre\" -> 100}\n"
"From remote kernel:"
"DESolver`SetExpansionOptions -> {\"XOrder\" -> 240, \"ExtraXOrder\" -> 280, \"LearnXOrder\" -> -1, \"TestXOrder\" -> 5}\n"
"From remote kernel:"
"DESolver`SetRunningOptions -> {\"RunRadius\" -> 2, \"RunLength\" -> 1000, \"RunCandidate\" -> 10, \"RunDirection\" -> \"NegIm\"}\n"
"From remote kernel:"
"\"AMFlow: start.\"\n"
"From remote kernel:"
"\"system loaded: DESolver`$InternalSystem\\nDE[DESolver`$InternalSystem] -- differential equation in matrix form\\nBC[DESolver`$InternalSystem] -- boundary conditions either in singular form or in regular form\\nP[DESolver`$InternalSystem] -- boundary point\\nAsyExp[DESolver`$InternalSystem] -- asymptotic expansion near a singular point (currently it is Null)\\nintegrals: 45, blocks: 28, density: 0.21, degrees: {32, 35}\"\n"
"From remote kernel:"
"\"AMFlow: integrals will be evaluated at 16 regular points\" -> {13.464243918502948 - 13.464243918502948*I, 8.503929755227942 - 8.503929755227942*I, 5.793028709154101 - 5.793028709154101*I, 4.051558590253886 - 4.051558590253886*I, 2.760618364223694 - 2.760618364223694*I, 2.0961892805425384 - 2.0961892805425384*I, 1.7277530106876335 - 1.7277530106876335*I, 1.4800543027686413 - 1.4800543027686413*I, 1.2575773677732363 - 1.2575773677732363*I, 1.0026349554603957 - 1.0026349554603957*I, 0.666204110322051 - 0.666204110322051*I, 0.36909175799721444 - 0.36909175799721444*I, 0.18454587899860722 - 0.18454587899860722*I, 0.09227293949930358 - 0.09227293949930358*I, 0.04613646974965179 - 0.04613646974965179*I, 0.037325624576435824 - 0.037325624576435824*I}\n"
"From remote kernel:"
"\"AMFlow: integration contour generated in 3s.\"\n"
"From remote kernel:"
"\"AMFlow: solving near eta = Infinity...\"\n"
"From remote kernel:"
"\"CalcTaylor: current region\" -> 1/1000\n"
"From remote kernel:"
"\"block\" -> {1}\n"
"From remote kernel:"
"\"boundary condition inserted\" -> {1, 0, 1.0008485733053779*^6}\n"
"From remote kernel:"
"\"block\" -> {8, 9}\n"
"From remote kernel:"
"\"boundary condition test\" -> {9, 0, 0.}\n"
"From remote kernel:"
"\"boundary condition test\" -> {8, 0, -1000.8485733053778}\n"
"From remote kernel:"
"\"block\" -> {2}\n"
"From remote kernel:"
"\"boundary condition test\" -> {2, 0, 0.}\n"
"From remote kernel:"
"\"block\" -> {16, 17, 18}\n"
"From remote kernel:"
"\"homogeneous id up to\" -> 1566\n"
"From remote kernel:"
"\"dropped eqs\" -> {{1567 -> 0.}}\n"
"From remote kernel:"
"\"boundary condition test\" -> {18, 0, -499.92386236603625}\n"
"From remote kernel:"
"\"boundary condition test\" -> {17, 0, 999847.7247320726}\n"
"From remote kernel:"
"\"boundary condition test\" -> {16, 0, -2001.6971466107557}\n"
"From remote kernel:"
"\"block\" -> {7}\n"
"From remote kernel:"
"\"boundary condition test\" -> {7, 0, 999847.7247320726}\n"
"From remote kernel:"
"\"block\" -> {3}\n"
"From remote kernel:"
"\"boundary condition test\" -> {3, 0, 1.0008485733053779*^6}\n"
"From remote kernel:"
"\"block\" -> {14}\n"
"From remote kernel:"
"\"boundary condition test\" -> {14, 0, 0.}\n"
"From remote kernel:"
"\"block\" -> {13}\n"
"From remote kernel:"
"\"boundary condition test\" -> {13, 0, 0.}\n"
"From remote kernel:"
"\"block\" -> {11}\n"
"From remote kernel:"
"\"boundary condition test\" -> {11, 0, 0.}\n"
"From remote kernel:"
"\"block\" -> {5}\n"
"From remote kernel:"
"\"boundary condition inserted\" -> {5, 0, 999697.8894698338}\n"
"From remote kernel:"
"\"block\" -> {4}\n"
"From remote kernel:"
"\"boundary condition test\" -> {4, 0, 0.}\n"
"From remote kernel:"
"\"block\" -> {21, 22, 23, 24}\n"
"From remote kernel:"
"\"boundary condition test\" -> {24, 0, 166402.4840063256}\n"
"From remote kernel:"
"\"boundary condition test\" -> {23, 0, -358.2051735297333}\n"
"From remote kernel:"
"\"boundary condition test\" -> {22, 0, -999.6978894698337}\n"
"From remote kernel:"
"\"boundary condition test\" -> {21, 0, 1.9995456142019064*^6}\n"
"From remote kernel:"
"\"block\" -> {30, 31, 32}\n"
"From remote kernel:"
"\"boundary condition test\" -> {32, 0, 1.0008485733053779*^6}\n"
"From remote kernel:"
"\"boundary condition test\" -> {31, 0, 0.}\n"
"From remote kernel:"
"\"boundary condition test\" -> {30, 0, -1.0018494218786833*^6}\n"
"From remote kernel:"
"\"block\" -> {26, 27, 28}\n"
"From remote kernel:"
"\"boundary condition test\" -> {28, 0, 2.0016971466107557*^6}\n"
"From remote kernel:"
"\"boundary condition test\" -> {27, 0, 999847.7247320726}\n"
"From remote kernel:"
"\"boundary condition test\" -> {26, 0, -2.0036988437573665*^6}\n"
"From remote kernel:"
"\"block\" -> {19}\n"
"From remote kernel:"
"\"boundary condition test\" -> {19, 0, 999697.8894698338}\n"
"From remote kernel:"
"\"block\" -> {36}\n"
"From remote kernel:"
"\"boundary condition test\" -> {36, 0, 0.}\n"
"From remote kernel:"
"\"block\" -> {35}\n"
"From remote kernel:"
"\"boundary condition test\" -> {35, 0, 0.}\n"
"From remote kernel:"
"\"block\" -> {34}\n"
"From remote kernel:"
"\"boundary condition test\" -> {34, 0, 0.}\n"
"From remote kernel:"
"\"block\" -> {38, 39, 40, 41, 42, 43, 44, 45}\n"
"From remote kernel:"
"\"homogeneous id up to\" -> 4176\n"
"From remote kernel:"
"\"dropped eqs\" -> {{4177 -> 0.}}\n"
"From remote kernel:"
"\"boundary condition test\" -> {45, 0, 4593.8519137991825}\n"
"From remote kernel:"
"\"boundary condition test\" -> {44, 0, -27729.51396680142}\n"
"From remote kernel:"
"\"boundary condition test\" -> {43, 0, 83.38034458992766}\n"
"From remote kernel:"
"\"boundary condition test\" -> {42, 0, 999697.8894698338}\n"
"From remote kernel:"
"\"boundary condition test\" -> {41, 0, 166402.4840063256}\n"
"From remote kernel:"
"\"boundary condition test\" -> {40, 0, -358.2051735297333}\n"
"From remote kernel:"
"\"boundary condition test\" -> {39, 0, -1.0006975873593036*^6}\n"
"From remote kernel:"
"\"boundary condition test\" -> {38, 0, 1.9995456142019064*^6}\n"
"From remote kernel:"
"\"block\" -> {37}\n"
"From remote kernel:"
"\"boundary condition test\" -> {37, 0, 999697.8894698338}\n"
"From remote kernel:"
"\"block\" -> {20}\n"
"From remote kernel:"
"\"boundary condition test\" -> {20, 0, 999697.8894698338}\n"
"From remote kernel:"
"\"block\" -> {29}\n"
"From remote kernel:"
"\"boundary condition test\" -> {29, 0, 1.0008485733053779*^6}\n"
"From remote kernel:"
"\"block\" -> {25}\n"
"From remote kernel:"
"\"boundary condition test\" -> {25, 0, 2.0016971466107557*^6}\n"
"From remote kernel:"
"\"block\" -> {15}\n"
"From remote kernel:"
"\"boundary condition test\" -> {15, 0, 2.0016971466107557*^6}\n"
"From remote kernel:"
"\"block\" -> {6}\n"
"From remote kernel:"
"\"boundary condition test\" -> {6, 0, 1.0008485733053779*^6}\n"
"From remote kernel:"
"\"block\" -> {33}\n"
"From remote kernel:"
"\"boundary condition test\" -> {33, 0, 0.}\n"
"From remote kernel:"
"\"block\" -> {12}\n"
"From remote kernel:"
"\"boundary condition test\" -> {12, 0, 0.}\n"
"From remote kernel:"
"\"block\" -> {10}\n"
"From remote kernel:"
"\"boundary condition test\" -> {10, 0, 0.}\n"
"From remote kernel:"
"\"CalcTaylor: current region\" -> 0\n"
"From remote kernel:"
"\"block\" -> {1}\n"
"From remote kernel:"
"\"boundary condition test\" -> {1, 0, 0.}\n"
"From remote kernel:"
"\"block\" -> {8, 9}\n"
"From remote kernel:"
"\"boundary condition test\" -> {9, 0, 0.}\n"
"From remote kernel:"
"\"boundary condition test\" -> {8, 0, 0.}\n"
"From remote kernel:"
"\"block\" -> {2}\n"
"From remote kernel:"
"\"boundary condition inserted\" -> {2, 0, 1.0008485733053779*^6}\n"
"From remote kernel:"
"\"block\" -> {16, 17, 18}\n"
"From remote kernel:"
"\"homogeneous id up to\" -> 1566\n"
"From remote kernel:"
"\"dropped eqs\" -> {{1567 -> 0.}}\n"
"From remote kernel:"
"\"boundary condition test\" -> {18, 0, 499.92386236603625}\n"
"From remote kernel:"
"\"boundary condition test\" -> {17, 0, -999847.7247320726}\n"
"From remote kernel:"
"\"boundary condition test\" -> {16, 0, 1.0008485733053779*^6}\n"
"From remote kernel:"
"\"block\" -> {7}\n"
"From remote kernel:"
"\"boundary condition test\" -> {7, 0, 0.}\n"
"From remote kernel:"
"\"block\" -> {3}\n"
"From remote kernel:"
"\"boundary condition test\" -> {3, 0, -1.0008485733053779*^6}\n"
"From remote kernel:"
"\"block\" -> {14}\n"
"From remote kernel:"
"\"boundary condition inserted\" -> {14, 0, 499925.9751588034 + 0.41150192934337876*I}\n"
"From remote kernel:"
"\"block\" -> {13}\n"
"From remote kernel:"
"\"boundary condition inserted\" -> {13, 0, -500492.1149729231 - 1410.1371100935764*I}\n"
"From remote kernel:"
"\"block\" -> {11}\n"
"From remote kernel:"
"\"boundary condition inserted\" -> {11, 0, 499922.8640945975}\n"
"From remote kernel:"
"\"block\" -> {5}\n"
"From remote kernel:"
"\"boundary condition test\" -> {5, 0, 0.}\n"
"From remote kernel:"
"\"block\" -> {4}\n"
"From remote kernel:"
"\"boundary condition inserted\" -> {4, 0, 999697.8894698338}\n"
"From remote kernel:"
"\"block\" -> {21, 22, 23, 24}\n"
"From remote kernel:"
"\"boundary condition test\" -> {24, 0, -166402.4840063256}\n"
"From remote kernel:"
"\"boundary condition test\" -> {23, 0, 358.2051735297333}\n"
"From remote kernel:"
"\"boundary condition test\" -> {22, 0, 999697.8894698338}\n"
"From remote kernel:"
"\"boundary condition test\" -> {21, 0, -998698.1915803639}\n"
"From remote kernel:"
"\"block\" -> {30, 31, 32}\n"
"From remote kernel:"
"\"homogeneous id up to\" -> 1566\n"
"From remote kernel:"
"\"dropped eqs\" -> {{1567 -> 0.}}\n"
"From remote kernel:"
"\"boundary condition test\" -> {32, 0, -499925.9751588034 - 0.41150192934337876*I}\n"
"From remote kernel:"
"\"boundary condition test\" -> {31, 0, 500492.1149729231 + 1410.1371100935764*I}\n"
"From remote kernel:"
"\"boundary condition test\" -> {30, 0, 1.0006023993816756*^6 - 0.08025109519871161*I}\n"
"From remote kernel:"
"\"block\" -> {26, 27, 28}\n"
"From remote kernel:"
"\"boundary condition test\" -> {28, 0, -499922.8640945975}\n"
"From remote kernel:"
"\"boundary condition test\" -> {27, 0, -499922.8640945975}\n"
"From remote kernel:"
"\"boundary condition test\" -> {26, 0, 1.5025243027231095*^6}\n"
"From remote kernel:"
"\"block\" -> {19}\n"
"From remote kernel:"
"\"boundary condition test\" -> {19, 0, -999697.8894698338}\n"
"From remote kernel:"
"\"block\" -> {36}\n"
"From remote kernel:"
"\"boundary condition inserted\" -> {36, 0, -1.054808463395233 - 0.0699895295618521*I}\n"
"From remote kernel:"
"\"block\" -> {35}\n"
"From remote kernel:"
"\"boundary condition inserted\" -> {35, 0, 166497.43817812452 + 235.01642485225094*I}\n"
"From remote kernel:"
"\"block\" -> {34}\n"
"From remote kernel:"
"\"boundary condition inserted\" -> {34, 0, -357.7333848478475 - 0.0022987422779837054*I}\n"
"From remote kernel:"
"\"block\" -> {38, 39, 40, 41, 42, 43, 44, 45}\n"
"From remote kernel:"
"\"homogeneous id up to\" -> 4176\n"
"From remote kernel:"
"\"dropped eqs\" -> {{4177 -> 0.}}\n"
"From remote kernel:"
"\"boundary condition test\" -> {45, 0, -4581.458666310139 + 95.45150607433213*I}\n"
"From remote kernel:"
"\"boundary condition test\" -> {44, 0, 27745.309705541877 + 39.16769985368285*I}\n"
"From remote kernel:"
"\"boundary condition test\" -> {43, 0, -83.30322472265367 - 0.0003913200117404179*I}\n"
"From remote kernel:"
"\"boundary condition test\" -> {42, 0, 1.054808463395233 + 0.0699895295618521*I}\n"
"From remote kernel:"
"\"boundary condition test\" -> {41, 0, -166497.43817812452 - 235.01642485225094*I}\n"
"From remote kernel:"
"\"boundary condition test\" -> {40, 0, 357.7333848478475 + 0.0022987422779837054*I}\n"
"From remote kernel:"
"\"boundary condition test\" -> {39, 0, 499773.9665913877 + 0.013556204021134725*I}\n"
"From remote kernel:"
"\"boundary condition test\" -> {38, 0, 1.054808463395233 + 0.0699895295618521*I}\n"
"From remote kernel:"
"\"block\" -> {37}\n"
"From remote kernel:"
"\"boundary condition test\" -> {37, 0, -499773.9665913877 - 0.013556204021134725*I}\n"
"From remote kernel:"
"\"block\" -> {20}\n"
"From remote kernel:"
"\"boundary condition test\" -> {20, 0, -999697.8894698338}\n"
"From remote kernel:"
"\"block\" -> {29}\n"
"From remote kernel:"
"\"boundary condition test\" -> {29, 0, -1.0006023993816756*^6 + 0.08025109519871161*I}\n"
"From remote kernel:"
"\"block\" -> {25}\n"
"From remote kernel:"
"\"boundary condition test\" -> {25, 0, -1.5025243027231095*^6}\n"
"From remote kernel:"
"\"block\" -> {15}\n"
"From remote kernel:"
"\"boundary condition test\" -> {15, 0, -1.0008485733053779*^6}\n"
"From remote kernel:"
"\"block\" -> {6}\n"
"From remote kernel:"
"\"boundary condition test\" -> {6, 0, 0.}\n"
"From remote kernel:"
"\"block\" -> {33}\n"
"From remote kernel:"
"\"boundary condition inserted\" -> {33, 0, 499773.9665913877 + 0.013556204021134725*I}\n"
"From remote kernel:"
"\"block\" -> {12}\n"
"From remote kernel:"
"\"boundary condition inserted\" -> {12, 0, 1.0006023993816756*^6 - 0.08025109519871161*I}\n"
"From remote kernel:"
"\"block\" -> {10}\n"
"From remote kernel:"
"\"boundary condition inserted\" -> {10, 0, 1.5025243027231095*^6}\n"
"From remote kernel:"
"\"CalcTaylor: current region\" -> 1/500\n"
"From remote kernel:"
"\"block\" -> {1}\n"
"From remote kernel:"
"\"boundary condition test\" -> {1, 0, 0.}\n"
"From remote kernel:"
"\"block\" -> {8, 9}\n"
"From remote kernel:"
"\"boundary condition inserted\" -> {9, 0, -499925.5058526091}\n"
"From remote kernel:"
"\"boundary condition test\" -> {8, 0, 499925.5058526091}\n"
"From remote kernel:"
"\"block\" -> {2}\n"
"From remote kernel:"
"\"boundary condition test\" -> {2, 0, 0.}\n"
"From remote kernel:"
"\"block\" -> {16, 17, 18}\n"
"From remote kernel:"
"\"boundary condition inserted\" -> {18, 0, -499.92550585260915}\n"
"From remote kernel:"
"\"boundary condition test\" -> {17, 0, -499925.5058526091}\n"
"From remote kernel:"
"\"boundary condition test\" -> {16, 0, 499925.5058526091}\n"
"From remote kernel:"
"\"block\" -> {7}\n"
"From remote kernel:"
"\"boundary condition test\" -> {7, 0, -499925.5058526091}\n"
"From remote kernel:"
"\"block\" -> {3}\n"
"From remote kernel:"
"\"boundary condition inserted\" -> {3, 0, 0.}\n"
"From remote kernel:"
"\"block\" -> {14}\n"
"From remote kernel:"
"\"boundary condition test\" -> {14, 0, 0.}\n"
"From remote kernel:"
"\"block\" -> {13}\n"
"From remote kernel:"
"\"boundary condition test\" -> {13, 0, 0.}\n"
"From remote kernel:"
"\"block\" -> {11}\n"
"From remote kernel:"
"\"boundary condition test\" -> {11, 0, 0.}\n"
"From remote kernel:"
"\"block\" -> {5}\n"
"From remote kernel:"
"\"boundary condition test\" -> {5, 0, 0.}\n"
"From remote kernel:"
"\"block\" -> {4}\n"
"From remote kernel:"
"\"boundary condition test\" -> {4, 0, 0.}\n"
"From remote kernel:"
"\"block\" -> {21, 22, 23, 24}\n"
"From remote kernel:"
"\"homogeneous id up to\" -> 2088\n"
"From remote kernel:"
"\"dropped eqs\" -> {{2089 -> 0.}, {2089 -> 0.}, {2089 -> 0.}, {2089 -> 0.}}\n"
"From remote kernel:"
"\"boundary condition test\" -> {24, 0, -499.92550585260915}\n"
"From remote kernel:"
"\"boundary condition test\" -> {23, 0, -499.92550585260915}\n"
"From remote kernel:"
"\"boundary condition test\" -> {22, 0, 999.8510117052183}\n"
"From remote kernel:"
"\"boundary condition test\" -> {21, 0, -1.0008508627169235*^6}\n"
"From remote kernel:"
"\"block\" -> {30, 31, 32}\n"
"From remote kernel:"
"\"homogeneous id up to\" -> 1566\n"
"From remote kernel:"
"\"dropped eqs\" -> {{1567 -> 0.}}\n"
"From remote kernel:"
"\"boundary condition inserted\" -> {32, 0, 500927.3605737566}\n"
"From remote kernel:"
"\"boundary condition test\" -> {31, 0, -499925.5058526091}\n"
"From remote kernel:"
"\"boundary condition test\" -> {30, 0, -1001.8547211475133}\n"
"From remote kernel:"
"\"block\" -> {26, 27, 28}\n"
"From remote kernel:"
"\"boundary condition test\" -> {28, 0, 500927.3605737566}\n"
"From remote kernel:"
"\"boundary condition test\" -> {27, 0, -499925.5058526091}\n"
"From remote kernel:"
"\"boundary condition test\" -> {26, 0, -1001.8547211475133}\n"
"From remote kernel:"
"\"block\" -> {19}\n"
"From remote kernel:"
"\"boundary condition test\" -> {19, 0, 0.}\n"
"From remote kernel:"
"\"block\" -> {36}\n"
"From remote kernel:"
"\"boundary condition test\" -> {36, 0, 0.}\n"
"From remote kernel:"
"\"block\" -> {35}\n"
"From remote kernel:"
"\"boundary condition test\" -> {35, 0, 0.}\n"
"From remote kernel:"
"\"block\" -> {34}\n"
"From remote kernel:"
"\"boundary condition test\" -> {34, 0, 0.}\n"
"From remote kernel:"
"\"block\" -> {38, 39, 40, 41, 42, 43, 44, 45}\n"
"From remote kernel:"
"\"homogeneous id up to\" -> 4176\n"
"From remote kernel:"
"\"dropped eqs\" -> {{4177 -> 0.}, {4177 -> 0.}, {4177 -> 0.}, {4177 -> 0.}, {4177 -> 0.}, {4177 -> 0.}, {4177 -> 0.}, {4177 -> 0.}, {4177 -> 0.}, {4177 -> 0.}}\n"
"From remote kernel:"
"\"boundary condition test\" -> {45, 0, -166.97511895477146}\n"
"From remote kernel:"
"\"boundary condition test\" -> {44, 0, -166.97511895477146}\n"
"From remote kernel:"
"\"boundary condition test\" -> {43, 0, -166.97511895477146}\n"
"From remote kernel:"
"\"boundary condition test\" -> {42, 0, -499925.5058526091}\n"
"From remote kernel:"
"\"boundary condition test\" -> {41, 0, -499.92550585260915}\n"
"From remote kernel:"
"\"boundary condition test\" -> {40, 0, -499.92550585260915}\n"
"From remote kernel:"
"\"boundary condition test\" -> {39, 0, 500925.35686431435}\n"
"From remote kernel:"
"\"boundary condition test\" -> {38, 0, -1.0008508627169235*^6}\n"
"From remote kernel:"
"\"block\" -> {37}\n"
"From remote kernel:"
"\"boundary condition test\" -> {37, 0, -499925.5058526091}\n"
"From remote kernel:"
"\"block\" -> {20}\n"
"From remote kernel:"
"\"boundary condition test\" -> {20, 0, -499925.5058526091}\n"
"From remote kernel:"
"\"block\" -> {29}\n"
"From remote kernel:"
"\"boundary condition test\" -> {29, 0, 500927.3605737566}\n"
"From remote kernel:"
"\"block\" -> {25}\n"
"From remote kernel:"
"\"boundary condition test\" -> {25, 0, 500927.3605737566}\n"
"From remote kernel:"
"\"block\" -> {15}\n"
"From remote kernel:"
"\"boundary condition test\" -> {15, 0, 500927.3605737566}\n"
"From remote kernel:"
"\"block\" -> {6}\n"
"From remote kernel:"
"\"boundary condition test\" -> {6, 0, 500927.3605737566}\n"
"From remote kernel:"
"\"block\" -> {33}\n"
"From remote kernel:"
"\"boundary condition test\" -> {33, 0, 0.}\n"
"From remote kernel:"
"\"block\" -> {12}\n"
"From remote kernel:"
"\"boundary condition test\" -> {12, 0, 0.}\n"
"From remote kernel:"
"\"block\" -> {10}\n"
"From remote kernel:"
"\"boundary condition test\" -> {10, 0, 0.}\n"
"From remote kernel:"
"\"AMFlow: Infinity solved in 68s.\"\n"
"From remote kernel:"
"\"AMFlow: running among regular points...\"\n"
"From remote kernel:"
"\"current regular point\" -> 13.464243918502948 - 13.464243918502948*I\n"
"From remote kernel:"
"\"current regular point\" -> 8.503929755227944 - 8.503929755227944*I\n"
"From remote kernel:"
"\"current regular point\" -> 5.793028709154102 - 5.793028709154102*I\n"
"From remote kernel:"
"\"current regular point\" -> 4.051558590253886 - 4.051558590253886*I\n"
"From remote kernel:"
"\"current regular point\" -> 2.760618364223694 - 2.760618364223694*I\n"
"From remote kernel:"
"\"current regular point\" -> 2.0961892805425384 - 2.0961892805425384*I\n"
"From remote kernel:"
"\"current regular point\" -> 1.7277530106876338 - 1.7277530106876338*I\n"
"From remote kernel:"
"\"current regular point\" -> 1.4800543027686415 - 1.4800543027686415*I\n"
"From remote kernel:"
"\"current regular point\" -> 1.2575773677732365 - 1.2575773677732365*I\n"
"From remote kernel:"
"\"current regular point\" -> 1.0026349554603957 - 1.0026349554603957*I\n"
"From remote kernel:"
"\"current regular point\" -> 0.6662041103220511 - 0.6662041103220511*I\n"
"From remote kernel:"
"\"current regular point\" -> 0.36909175799721444 - 0.36909175799721444*I\n"
"From remote kernel:"
"\"current regular point\" -> 0.18454587899860722 - 0.18454587899860722*I\n"
"From remote kernel:"
"\"current regular point\" -> 0.09227293949930361 - 0.09227293949930361*I\n"
"From remote kernel:"
"\"current regular point\" -> 0.046136469749651805 - 0.046136469749651805*I\n"
"From remote kernel:"
"\"AMFlow: regular running finished in 54s.\"\n"
"From remote kernel:"
"\"AMFlow: solving near the last point...\"\n"
"From remote kernel:"
"\"NormalizeMat finished in 4s.\"\n"
"From remote kernel:"
"\"LearnXOrder is negative. skip learning phase.\"\n"
"From remote kernel:"
"\"block\" -> {1}\n"
"From remote kernel:"
"\"behavior\" -> {{999/1000, 0}}\n"
"From remote kernel:"
"\"number of constraints and variables\" -> {1, 1}\n"
"From remote kernel:"
"\"block\" -> {8, 9}\n"
"From remote kernel:"
"\"behavior\" -> {{0, 0}, {249/500, 0}, {999/1000, 0}}\n"
"From remote kernel:"
"\"number of constraints and variables\" -> {4, 4}\n"
"From remote kernel:"
"\"block\" -> {2}\n"
"From remote kernel:"
"\"behavior\" -> {{0, 0}}\n"
"From remote kernel:"
"\"number of constraints and variables\" -> {1, 1}\n"
"From remote kernel:"
"\"block\" -> {16, 17, 18}\n"
"From remote kernel:"
"\"behavior\" -> {{0, 1}, {999/1000, 1}}\n"
"From remote kernel:"
"\"number of constraints and variables\" -> {6, 6}\n"
"From remote kernel:"
"\"block\" -> {7}\n"
"From remote kernel:"
"\"behavior\" -> {{499/500, 0}, {0, 0}, {249/500, 0}, {999/1000, 0}}\n"
"From remote kernel:"
"\"number of constraints and variables\" -> {1, 1}\n"
"From remote kernel:"
"\"block\" -> {3}\n"
"From remote kernel:"
"\"behavior\" -> {{499/1000, 0}, {999/1000, 0}, {0, 0}}\n"
"From remote kernel:"
"\"number of constraints and variables\" -> {1, 1}\n"
"From remote kernel:"
"\"block\" -> {14}\n"
"From remote kernel:"
"\"behavior\" -> {{0, 0}}\n"
"From remote kernel:"
"\"number of constraints and variables\" -> {1, 1}\n"
"From remote kernel:"
"\"block\" -> {13}\n"
"From remote kernel:"
"\"behavior\" -> {{0, 0}}\n"
"From remote kernel:"
"\"number of constraints and variables\" -> {1, 1}\n"
"From remote kernel:"
"\"block\" -> {11}\n"
"From remote kernel:"
"\"behavior\" -> {{0, 0}}\n"
"From remote kernel:"
"\"number of constraints and variables\" -> {1, 1}\n"
"From remote kernel:"
"\"block\" -> {5}\n"
"From remote kernel:"
"\"behavior\" -> {{999/1000, 0}}\n"
"From remote kernel:"
"\"number of constraints and variables\" -> {1, 1}\n"
"From remote kernel:"
"\"block\" -> {4}\n"
"From remote kernel:"
"\"behavior\" -> {{0, 0}}\n"
"From remote kernel:"
"\"number of constraints and variables\" -> {1, 1}\n"
"From remote kernel:"
"\"block\" -> {21, 22, 23, 24}\n"
"From remote kernel:"
"\"behavior\" -> {{0, 2}, {999/1000, 2}, {249/500, 0}, {499/500, 0}}\n"
"From remote kernel:"
"\"number of constraints and variables\" -> {8, 8}\n"
"From remote kernel:"
"\"block\" -> {30, 31, 32}\n"
"From remote kernel:"
"\"behavior\" -> {{0, 1}, {249/500, 1}, {499/500, 1}, {999/1000, 0}, {499/1000, 0}}\n"
"From remote kernel:"
"\"number of constraints and variables\" -> {9, 9}\n"
"From remote kernel:"
"\"block\" -> {26, 27, 28}\n"
"From remote kernel:"
"\"behavior\" -> {{0, 2}, {499/1000, 1}, {999/1000, 1}}\n"
"From remote kernel:"
"\"number of constraints and variables\" -> {6, 6}\n"
"From remote kernel:"
"\"block\" -> {19}\n"
"From remote kernel:"
"\"behavior\" -> {{499/1000, 0}, {999/1000, 0}, {0, 0}}\n"
"From remote kernel:"
"\"number of constraints and variables\" -> {1, 1}\n"
"From remote kernel:"
"\"block\" -> {36}\n"
"From remote kernel:"
"\"behavior\" -> {{0, 0}}\n"
"From remote kernel:"
"\"number of constraints and variables\" -> {1, 1}\n"
"From remote kernel:"
"\"block\" -> {35}\n"
"From remote kernel:"
"\"behavior\" -> {{0, 0}}\n"
"From remote kernel:"
"\"number of constraints and variables\" -> {1, 1}\n"
"From remote kernel:"
"\"block\" -> {34}\n"
"From remote kernel:"
"\"behavior\" -> {{0, 0}}\n"
"From remote kernel:"
"\"number of constraints and variables\" -> {1, 1}\n"
"From remote kernel:"
"\"block\" -> {38, 39, 40, 41, 42, 43, 44, 45}\n"
"From remote kernel:"
"\"behavior\" -> {{0, 3}, {499/1000, 2}, {999/1000, 2}, {249/500, 1}, {499/500, 1}}\n"
"From remote kernel:"
"\"number of constraints and variables\" -> {16, 16}\n"
"From remote kernel:"
"\"block\" -> {37}\n"
"From remote kernel:"
"\"behavior\" -> {{0, 4}, {999/1000, 2}, {249/500, 1}, {499/500, 1}, {499/1000, 2}}\n"
"From remote kernel:"
"\"number of constraints and variables\" -> {1, 1}\n"
"From remote kernel:"
"\"block\" -> {20}\n"
"From remote kernel:"
"\"behavior\" -> {{0, 3}, {999/1000, 2}, {249/500, 0}, {499/500, 0}}\n"
"From remote kernel:"
"\"number of constraints and variables\" -> {1, 1}\n"
"From remote kernel:"
"\"block\" -> {29}\n"
"From remote kernel:"
"\"behavior\" -> {{0, 2}, {999/1000, 0}, {249/500, 1}, {499/500, 1}, {499/1000, 0}}\n"
"From remote kernel:"
"\"number of constraints and variables\" -> {1, 1}\n"
"From remote kernel:"
"\"block\" -> {25}\n"
"From remote kernel:"
"\"behavior\" -> {{0, 3}, {999/1000, 1}, {499/1000, 1}}\n"
"From remote kernel:"
"\"number of constraints and variables\" -> {1, 1}\n"
"From remote kernel:"
"\"block\" -> {15}\n"
"From remote kernel:"
"\"behavior\" -> {{0, 2}, {999/1000, 1}}\n"
"From remote kernel:"
"\"number of constraints and variables\" -> {1, 1}\n"
"From remote kernel:"
"\"block\" -> {6}\n"
"From remote kernel:"
"\"behavior\" -> {{0, 1}, {999/1000, 0}, {249/500, 0}}\n"
"From remote kernel:"
"\"number of constraints and variables\" -> {1, 1}\n"
"From remote kernel:"
"\"block\" -> {33}\n"
"From remote kernel:"
"\"behavior\" -> {{0, 0}}\n"
"From remote kernel:"
"\"number of constraints and variables\" -> {1, 1}\n"
"From remote kernel:"
"\"block\" -> {12}\n"
"From remote kernel:"
"\"behavior\" -> {{0, 0}}\n"
"From remote kernel:"
"\"number of constraints and variables\" -> {1, 1}\n"
"From remote kernel:"
"\"block\" -> {10}\n"
"From remote kernel:"
"\"behavior\" -> {{0, 0}}\n"
"From remote kernel:"
"\"number of constraints and variables\" -> {1, 1}\n"
"From remote kernel:"
"\"AMFlow: last point solved in 38s.\"\n"
"From remote kernel:"
"\"dropped terms when pickzero\" -> {0.}\n"
"From remote kernel:"
"\"dropped terms when pickzero\" -> {0.}\n"
"From remote kernel:"
"\"dropped terms when pickzero\" -> {0.}\n"
"From remote kernel:"
"\"dropped terms when pickzero\" -> {0.}\n"
"From remote kernel:"
"\"dropped terms when pickzero\" -> {0.}\n"
"From remote kernel:"
"\"dropped terms when pickzero\" -> {0.}\n"
"From remote kernel:"
"\"dropped terms when pickzero\" -> {0.}\n"
"From remote kernel:"
"\"dropped terms when pickzero\" -> {0.}\n"
"From remote kernel:"
"\"dropped terms when pickzero\" -> {0.}\n"
"From remote kernel:"
"\"dropped terms when pickzero\" -> {0.}\n"
"From remote kernel:"
"\"dropped terms when pickzero\" -> {0., 0.}\n"
"From remote kernel:"
"\"system cleared: DESolver`$InternalSystem\"\n"
"From remote kernel:"
"\"AMFlow: finished in 164s.\"\n"
