"From remote kernel:"
"DESolver`SetGlobalOptions -> {\"WorkingPre\" -> 100, \"ChopPre\" -> 20, \"SilentMode\" -> False, \"RationalizePre\" -> 100}\n"
"From remote kernel:"
"DESolver`SetExpansionOptions -> {\"XOrder\" -> 100, \"ExtraXOrder\" -> 20, \"LearnXOrder\" -> -1, \"TestXOrder\" -> 5}\n"
"From remote kernel:"
"DESolver`SetRunningOptions -> {\"RunRadius\" -> 2, \"RunLength\" -> 1000, \"RunCandidate\" -> 10, \"RunDirection\" -> \"NegIm\"}\n"
"From remote kernel:"
"DESolver`SetGlobalOptions -> {\"WorkingPre\" -> 120, \"ChopPre\" -> 20, \"SilentMode\" -> False, \"RationalizePre\" -> 100}\n"
"From remote kernel:"
"DESolver`SetExpansionOptions -> {\"XOrder\" -> 240, \"ExtraXOrder\" -> 280, \"LearnXOrder\" -> -1, \"TestXOrder\" -> 5}\n"
"From remote kernel:"
"DESolver`SetRunningOptions -> {\"RunRadius\" -> 2, \"RunLength\" -> 1000, \"RunCandidate\" -> 10, \"RunDirection\" -> \"NegIm\"}\n"
"From remote kernel:"
"\"AMFlow: start.\"\n"
"From remote kernel:"
"\"system loaded: DESolver`$InternalSystem\\nDE[DESolver`$InternalSystem] -- differential equation in matrix form\\nBC[DESolver`$InternalSystem] -- boundary conditions either in singular form or in regular form\\nP[DESolver`$InternalSystem] -- boundary point\\nAsyExp[DESolver`$InternalSystem] -- asymptotic expansion near a singular point (currently it is Null)\\nintegrals: 25, blocks: 19, density: 0.18, degrees: {7, 11}\"\n"
"From remote kernel:"
"\"AMFlow: integrals will be evaluated at 8 regular points\" -> {-5.1449575542752655 - 8.574929257125442*I, -3.3519770578006107 - 5.586628429667683*I, -2.3835377166712455 - 3.972562861118743*I, -1.7698428249362637 - 2.949738041560439*I, -1.2563303411414826 - 2.093883901902471*I, -0.7136619927305126 - 1.1894366545508543*I, -0.39894058130206766 - 0.6649009688367794*I, -0.25724787771376323 - 0.42874646285627205*I}\n"
"From remote kernel:"
"\"AMFlow: integration contour generated in 0s.\"\n"
"From remote kernel:"
"\"AMFlow: solving near eta = Infinity...\"\n"
"From remote kernel:"
"\"CalcTaylor: current region\" -> 1/1000\n"
"From remote kernel:"
"\"block\" -> {2}\n"
"From remote kernel:"
"\"boundary condition test\" -> {2, 0, 0.}\n"
"From remote kernel:"
"\"block\" -> {1}\n"
"From remote kernel:"
"\"boundary condition inserted\" -> {1, 0, 1.0008485733053779*^6}\n"
"From remote kernel:"
"\"block\" -> {9, 10, 11}\n"
"From remote kernel:"
"\"homogeneous id up to\" -> 1566\n"
"From remote kernel:"
"\"dropped eqs\" -> {{1567 -> 0.}}\n"
"From remote kernel:"
"\"boundary condition test\" -> {11, 0, -499.92386236603625}\n"
"From remote kernel:"
"\"boundary condition test\" -> {10, 0, 999847.7247320726}\n"
"From remote kernel:"
"\"boundary condition test\" -> {9, 0, -2001.6971466107557}\n"
"From remote kernel:"
"\"block\" -> {4}\n"
"From remote kernel:"
"\"boundary condition test\" -> {4, 0, 1.0008485733053779*^6}\n"
"From remote kernel:"
"\"block\" -> {7}\n"
"From remote kernel:"
"\"boundary condition test\" -> {7, 0, 0.}\n"
"From remote kernel:"
"\"block\" -> {5}\n"
"From remote kernel:"
"\"boundary condition test\" -> {5, 0, 0.}\n"
"From remote kernel:"
"\"block\" -> {15, 16, 17}\n"
"From remote kernel:"
"\"boundary condition test\" -> {17, 0, 999847.7247320726}\n"
"From remote kernel:"
"\"boundary condition test\" -> {16, 0, 2.0016971466107557*^6}\n"
"From remote kernel:"
"\"boundary condition test\" -> {15, 0, -2.0036988437573665*^6}\n"
"From remote kernel:"
"\"block\" -> {13}\n"
"From remote kernel:"
"\"boundary condition test\" -> {13, 0, 1.0008485733053779*^6}\n"
"From remote kernel:"
"\"block\" -> {20}\n"
"From remote kernel:"
"\"boundary condition test\" -> {20, 0, 0.}\n"
"From remote kernel:"
"\"block\" -> {19}\n"
"From remote kernel:"
"\"boundary condition test\" -> {19, 0, 0.}\n"
"From remote kernel:"
"\"block\" -> {23, 24, 25}\n"
"From remote kernel:"
"\"boundary condition test\" -> {25, 0, 999847.7247320726}\n"
"From remote kernel:"
"\"boundary condition test\" -> {24, 0, 2.0016971466107557*^6}\n"
"From remote kernel:"
"\"boundary condition test\" -> {23, 0, -4.0053959903681222*^6}\n"
"From remote kernel:"
"\"block\" -> {22}\n"
"From remote kernel:"
"\"boundary condition test\" -> {22, 0, 2.0016971466107557*^6}\n"
"From remote kernel:"
"\"block\" -> {14}\n"
"From remote kernel:"
"\"boundary condition test\" -> {14, 0, 2.0016971466107557*^6}\n"
"From remote kernel:"
"\"block\" -> {8}\n"
"From remote kernel:"
"\"boundary condition test\" -> {8, 0, 2.0016971466107557*^6}\n"
"From remote kernel:"
"\"block\" -> {21}\n"
"From remote kernel:"
"\"boundary condition test\" -> {21, 0, 1.0008485733053779*^6}\n"
"From remote kernel:"
"\"block\" -> {12}\n"
"From remote kernel:"
"\"boundary condition test\" -> {12, 0, 1.0008485733053779*^6}\n"
"From remote kernel:"
"\"block\" -> {3}\n"
"From remote kernel:"
"\"boundary condition test\" -> {3, 0, 1.0008485733053779*^6}\n"
"From remote kernel:"
"\"block\" -> {18}\n"
"From remote kernel:"
"\"boundary condition test\" -> {18, 0, 0.}\n"
"From remote kernel:"
"\"block\" -> {6}\n"
"From remote kernel:"
"\"boundary condition test\" -> {6, 0, 0.}\n"
"From remote kernel:"
"\"CalcTaylor: current region\" -> 0\n"
"From remote kernel:"
"\"block\" -> {2}\n"
"From remote kernel:"
"\"boundary condition inserted\" -> {2, 0, 1.0008485733053779*^6}\n"
"From remote kernel:"
"\"block\" -> {1}\n"
"From remote kernel:"
"\"boundary condition test\" -> {1, 0, 0.}\n"
"From remote kernel:"
"\"block\" -> {9, 10, 11}\n"
"From remote kernel:"
"\"homogeneous id up to\" -> 1566\n"
"From remote kernel:"
"\"dropped eqs\" -> {{1567 -> 0.}}\n"
"From remote kernel:"
"\"boundary condition test\" -> {11, 0, 499.92386236603625}\n"
"From remote kernel:"
"\"boundary condition test\" -> {10, 0, -999847.7247320726}\n"
"From remote kernel:"
"\"boundary condition test\" -> {9, 0, 1.0008485733053779*^6}\n"
"From remote kernel:"
"\"block\" -> {4}\n"
"From remote kernel:"
"\"boundary condition test\" -> {4, 0, -1.0008485733053779*^6}\n"
"From remote kernel:"
"\"block\" -> {7}\n"
"From remote kernel:"
"\"boundary condition inserted\" -> {7, 0, 499922.8640945975}\n"
"From remote kernel:"
"\"block\" -> {5}\n"
"From remote kernel:"
"\"boundary condition inserted\" -> {5, 0, 1.0005983884513972*^6 + 2222.4638542951175*I}\n"
"From remote kernel:"
"\"block\" -> {15, 16, 17}\n"
"From remote kernel:"
"\"boundary condition test\" -> {17, 0, -499922.8640945975}\n"
"From remote kernel:"
"\"boundary condition test\" -> {16, 0, -499922.8640945975}\n"
"From remote kernel:"
"\"boundary condition test\" -> {15, 0, 1.5025243027231095*^6}\n"
"From remote kernel:"
"\"block\" -> {13}\n"
"From remote kernel:"
"\"boundary condition test\" -> {13, 0, -1.0005983884513972*^6 - 2222.4638542951175*I}\n"
"From remote kernel:"
"\"block\" -> {20}\n"
"From remote kernel:"
"\"boundary condition inserted\" -> {20, 0, -0.8603724636560159 - 0.8621725469426547*I}\n"
"From remote kernel:"
"\"block\" -> {19}\n"
"From remote kernel:"
"\"boundary condition inserted\" -> {19, 0, 312.55409741919067 - 553.6770250224243*I}\n"
"From remote kernel:"
"\"block\" -> {23, 24, 25}\n"
"From remote kernel:"
"\"boundary condition test\" -> {25, 0, 0.8603724636560159 + 0.8621725469426547*I}\n"
"From remote kernel:"
"\"boundary condition test\" -> {24, 0, -312.55409741919067 + 553.6770250224243*I}\n"
"From remote kernel:"
"\"boundary condition test\" -> {23, 0, 500671.57827848406 + 2219.642683044947*I}\n"
"From remote kernel:"
"\"block\" -> {22}\n"
"From remote kernel:"
"\"boundary condition test\" -> {22, 0, -500671.57827848406 - 2219.642683044947*I}\n"
"From remote kernel:"
"\"block\" -> {14}\n"
"From remote kernel:"
"\"boundary condition test\" -> {14, 0, -1.5025243027231095*^6}\n"
"From remote kernel:"
"\"block\" -> {8}\n"
"From remote kernel:"
"\"boundary condition test\" -> {8, 0, -1.0008485733053779*^6}\n"
"From remote kernel:"
"\"block\" -> {21}\n"
"From remote kernel:"
"\"boundary condition test\" -> {21, 0, 312633.2643945357 - 554504.7316466317*I}\n"
"From remote kernel:"
"\"block\" -> {12}\n"
"From remote kernel:"
"\"boundary condition test\" -> {12, 0, -1.001851427587247*^6}\n"
"From remote kernel:"
"\"block\" -> {3}\n"
"From remote kernel:"
"\"boundary condition test\" -> {3, 0, 0.}\n"
"From remote kernel:"
"\"block\" -> {18}\n"
"From remote kernel:"
"\"boundary condition inserted\" -> {18, 0, 500671.57827848406 + 2219.642683044947*I}\n"
"From remote kernel:"
"\"block\" -> {6}\n"
"From remote kernel:"
"\"boundary condition inserted\" -> {6, 0, 1.5025243027231095*^6}\n"
"From remote kernel:"
"\"CalcTaylor: current region\" -> 1/500\n"
"From remote kernel:"
"\"block\" -> {2}\n"
"From remote kernel:"
"\"boundary condition test\" -> {2, 0, 0.}\n"
"From remote kernel:"
"\"block\" -> {1}\n"
"From remote kernel:"
"\"boundary condition test\" -> {1, 0, 0.}\n"
"From remote kernel:"
"\"block\" -> {9, 10, 11}\n"
"From remote kernel:"
"\"boundary condition inserted\" -> {11, 0, -499.92550585260915}\n"
"From remote kernel:"
"\"boundary condition test\" -> {10, 0, -499925.5058526091}\n"
"From remote kernel:"
"\"boundary condition test\" -> {9, 0, 499925.5058526091}\n"
"From remote kernel:"
"\"block\" -> {4}\n"
"From remote kernel:"
"\"boundary condition inserted\" -> {4, 0, 0.}\n"
"From remote kernel:"
"\"block\" -> {7}\n"
"From remote kernel:"
"\"boundary condition test\" -> {7, 0, 0.}\n"
"From remote kernel:"
"\"block\" -> {5}\n"
"From remote kernel:"
"\"boundary condition test\" -> {5, 0, 0.}\n"
"From remote kernel:"
"\"block\" -> {15, 16, 17}\n"
"From remote kernel:"
"\"boundary condition test\" -> {17, 0, -499925.5058526091}\n"
"From remote kernel:"
"\"boundary condition test\" -> {16, 0, 500927.3605737566}\n"
"From remote kernel:"
"\"boundary condition test\" -> {15, 0, -1001.8547211475133}\n"
"From remote kernel:"
"\"block\" -> {13}\n"
"From remote kernel:"
"\"boundary condition inserted\" -> {13, 0, 0.}\n"
"From remote kernel:"
"\"block\" -> {20}\n"
"From remote kernel:"
"\"boundary condition test\" -> {20, 0, 0.}\n"
"From remote kernel:"
"\"block\" -> {19}\n"
"From remote kernel:"
"\"boundary condition test\" -> {19, 0, 0.}\n"
"From remote kernel:"
"\"block\" -> {23, 24, 25}\n"
"From remote kernel:"
"\"boundary condition test\" -> {25, 0, -499925.5058526091}\n"
"From remote kernel:"
"\"boundary condition test\" -> {24, 0, 500927.3605737566}\n"
"From remote kernel:"
"\"boundary condition test\" -> {23, 0, -501929.21529490413}\n"
"From remote kernel:"
"\"block\" -> {22}\n"
"From remote kernel:"
"\"boundary condition test\" -> {22, 0, 500927.3605737566}\n"
"From remote kernel:"
"\"block\" -> {14}\n"
"From remote kernel:"
"\"boundary condition test\" -> {14, 0, 500927.3605737566}\n"
"From remote kernel:"
"\"block\" -> {8}\n"
"From remote kernel:"
"\"boundary condition test\" -> {8, 0, 500927.3605737566}\n"
"From remote kernel:"
"\"block\" -> {21}\n"
"From remote kernel:"
"\"boundary condition inserted\" -> {21, 0, 0.}\n"
"From remote kernel:"
"\"block\" -> {12}\n"
"From remote kernel:"
"\"boundary condition inserted\" -> {12, 0, 0.}\n"
"From remote kernel:"
"\"block\" -> {3}\n"
"From remote kernel:"
"\"boundary condition inserted\" -> {3, 0, 0.}\n"
"From remote kernel:"
"\"block\" -> {18}\n"
"From remote kernel:"
"\"boundary condition test\" -> {18, 0, 0.}\n"
"From remote kernel:"
"\"block\" -> {6}\n"
"From remote kernel:"
"\"boundary condition test\" -> {6, 0, 0.}\n"
"From remote kernel:"
"\"AMFlow: Infinity solved in 9s.\"\n"
"From remote kernel:"
"\"AMFlow: running among regular points...\"\n"
"From remote kernel:"
"\"current regular point\" -> -5.1449575542752655 - 8.574929257125442*I\n"
"From remote kernel:"
"\"current regular point\" -> -3.3519770578006107 - 5.586628429667685*I\n"
"From remote kernel:"
"\"current regular point\" -> -2.383537716671246 - 3.972562861118743*I\n"
"From remote kernel:"
"\"current regular point\" -> -1.7698428249362637 - 2.9497380415604395*I\n"
"From remote kernel:"
"\"current regular point\" -> -1.2563303411414828 - 2.0938839019024713*I\n"
"From remote kernel:"
"\"current regular point\" -> -0.7136619927305127 - 1.1894366545508546*I\n"
"From remote kernel:"
"\"current regular point\" -> -0.39894058130206766 - 0.6649009688367795*I\n"
"From remote kernel:"
"\"AMFlow: regular running finished in 4s.\"\n"
"From remote kernel:"
"\"AMFlow: solving near the last point...\"\n"
"From remote kernel:"
"\"NormalizeMat finished in 0s.\"\n"
"From remote kernel:"
"\"LearnXOrder is negative. skip learning phase.\"\n"
"From remote kernel:"
"\"block\" -> {2}\n"
"From remote kernel:"
"\"behavior\" -> {{0, 0}}\n"
"From remote kernel:"
"\"number of constraints and variables\" -> {1, 1}\n"
"From remote kernel:"
"\"block\" -> {1}\n"
"From remote kernel:"
"\"behavior\" -> {{999/1000, 0}}\n"
"From remote kernel:"
"\"number of constraints and variables\" -> {1, 1}\n"
"From remote kernel:"
"\"block\" -> {9, 10, 11}\n"
"From remote kernel:"
"\"behavior\" -> {{0, 1}, {999/1000, 1}}\n"
"From remote kernel:"
"\"number of constraints and variables\" -> {6, 6}\n"
"From remote kernel:"
"\"block\" -> {4}\n"
"From remote kernel:"
"\"behavior\" -> {{499/1000, 0}, {0, 0}, {999/1000, 0}}\n"
"From remote kernel:"
"\"number of constraints and variables\" -> {1, 1}\n"
"From remote kernel:"
"\"block\" -> {7}\n"
"From remote kernel:"
"\"behavior\" -> {{0, 0}}\n"
"From remote kernel:"
"\"number of constraints and variables\" -> {1, 1}\n"
"From remote kernel:"
"\"block\" -> {5}\n"
"From remote kernel:"
"\"behavior\" -> {{0, 0}}\n"
"From remote kernel:"
"\"number of constraints and variables\" -> {1, 1}\n"
"From remote kernel:"
"\"block\" -> {15, 16, 17}\n"
"From remote kernel:"
"\"behavior\" -> {{0, 2}, {499/1000, 1}, {999/1000, 1}}\n"
"From remote kernel:"
"\"number of constraints and variables\" -> {6, 6}\n"
"From remote kernel:"
"\"block\" -> {13}\n"
"From remote kernel:"
"\"behavior\" -> {{999/1000, 1}, {0, 0}, {499/1000, 0}}\n"
"From remote kernel:"
"\"number of constraints and variables\" -> {1, 1}\n"
"From remote kernel:"
"\"block\" -> {20}\n"
"From remote kernel:"
"\"behavior\" -> {{0, 0}}\n"
"From remote kernel:"
"\"number of constraints and variables\" -> {1, 1}\n"
"From remote kernel:"
"\"block\" -> {19}\n"
"From remote kernel:"
"\"behavior\" -> {{0, 0}}\n"
"From remote kernel:"
"\"number of constraints and variables\" -> {1, 1}\n"
"From remote kernel:"
"\"block\" -> {23, 24, 25}\n"
"From remote kernel:"
"\"behavior\" -> {{0, 3}, {999/1000, 2}, {499/1000, 1}}\n"
"From remote kernel:"
"\"number of constraints and variables\" -> {6, 6}\n"
"From remote kernel:"
"\"block\" -> {22}\n"
"From remote kernel:"
"\"behavior\" -> {{0, 4}, {999/1000, 2}, {499/1000, 1}}\n"
"From remote kernel:"
"\"number of constraints and variables\" -> {1, 1}\n"
"From remote kernel:"
"\"block\" -> {14}\n"
"From remote kernel:"
"\"behavior\" -> {{0, 3}, {999/1000, 1}, {499/1000, 1}}\n"
"From remote kernel:"
"\"number of constraints and variables\" -> {1, 1}\n"
"From remote kernel:"
"\"block\" -> {8}\n"
"From remote kernel:"
"\"behavior\" -> {{0, 2}, {999/1000, 1}}\n"
"From remote kernel:"
"\"number of constraints and variables\" -> {1, 1}\n"
"From remote kernel:"
"\"block\" -> {21}\n"
"From remote kernel:"
"\"behavior\" -> {{0, 1}, {999/1000, 1}, {499/1000, 0}}\n"
"From remote kernel:"
"\"number of constraints and variables\" -> {1, 1}\n"
"From remote kernel:"
"\"block\" -> {12}\n"
"From remote kernel:"
"\"behavior\" -> {{0, 1}, {999/1000, 0}, {499/1000, 0}}\n"
"From remote kernel:"
"\"number of constraints and variables\" -> {1, 1}\n"
"From remote kernel:"
"\"block\" -> {3}\n"
"From remote kernel:"
"\"behavior\" -> {{0, 0}, {999/1000, 0}}\n"
"From remote kernel:"
"\"number of constraints and variables\" -> {1, 1}\n"
"From remote kernel:"
"\"block\" -> {18}\n"
"From remote kernel:"
"\"behavior\" -> {{0, 0}}\n"
"From remote kernel:"
"\"number of constraints and variables\" -> {1, 1}\n"
"From remote kernel:"
"\"block\" -> {6}\n"
"From remote kernel:"
"\"behavior\" -> {{0, 0}}\n"
"From remote kernel:"
"\"number of constraints and variables\" -> {1, 1}\n"
"From remote kernel:"
"\"AMFlow: last point solved in 6s.\"\n"
"From remote kernel:"
"\"dropped terms when pickzero\" -> {0.}\n"
"From remote kernel:"
"\"dropped terms when pickzero\" -> {0.}\n"
"From remote kernel:"
"\"dropped terms when pickzero\" -> {0.}\n"
"From remote kernel:"
"\"dropped terms when pickzero\" -> {0.}\n"
"From remote kernel:"
"\"dropped terms when pickzero\" -> {0.}\n"
"From remote kernel:"
"\"dropped terms when pickzero\" -> {0.}\n"
"From remote kernel:"
"\"dropped terms when pickzero\" -> {0., 0.}\n"
"From remote kernel:"
"\"dropped terms when pickzero\" -> {0.}\n"
"From remote kernel:"
"\"dropped terms when pickzero\" -> {0.}\n"
"From remote kernel:"
"\"system cleared: DESolver`$InternalSystem\"\n"
"From remote kernel:"
"\"AMFlow: finished in 21s.\"\n"
