"From remote kernel:"
"DESolver`SetGlobalOptions -> {\"WorkingPre\" -> 100, \"ChopPre\" -> 20, \"SilentMode\" -> False, \"RationalizePre\" -> 100}\n"
"From remote kernel:"
"DESolver`SetExpansionOptions -> {\"XOrder\" -> 100, \"ExtraXOrder\" -> 20, \"LearnXOrder\" -> -1, \"TestXOrder\" -> 5}\n"
"From remote kernel:"
"DESolver`SetRunningOptions -> {\"RunRadius\" -> 2, \"RunLength\" -> 1000, \"RunCandidate\" -> 10, \"RunDirection\" -> \"NegIm\"}\n"
"From remote kernel:"
"DESolver`SetGlobalOptions -> {\"WorkingPre\" -> 120, \"ChopPre\" -> 20, \"SilentMode\" -> False, \"RationalizePre\" -> 100}\n"
"From remote kernel:"
"DESolver`SetExpansionOptions -> {\"XOrder\" -> 240, \"ExtraXOrder\" -> 280, \"LearnXOrder\" -> -1, \"TestXOrder\" -> 5}\n"
"From remote kernel:"
"DESolver`SetRunningOptions -> {\"RunRadius\" -> 2, \"RunLength\" -> 1000, \"RunCandidate\" -> 10, \"RunDirection\" -> \"NegIm\"}\n"
"From remote kernel:"
"\"AMFlow: start.\"\n"
"From remote kernel:"
"\"system loaded: DESolver`$InternalSystem\\nDE[DESolver`$InternalSystem] -- differential equation in matrix form\\nBC[DESolver`$InternalSystem] -- boundary conditions either in singular form or in regular form\\nP[DESolver`$InternalSystem] -- boundary point\\nAsyExp[DESolver`$InternalSystem] -- asymptotic expansion near a singular point (currently it is Null)\\nintegrals: 135, blocks: 94, density: 0.09, degrees: {66, 72}\"\n"
"From remote kernel:"
"\"AMFlow: integrals will be evaluated at 11 regular points\" -> {10.544025350322109 - 17.57337558387018*I, 6.526527285124163 - 10.877545475206938*I, 4.060162279746893 - 6.766937132911487*I, 2.3098099404728063 - 3.8496832341213434*I, 1.3438961989621196 - 2.2398269982701993*I, 0.830366295456624 - 1.3839438257610404*I, 0.5175955901226361 - 0.86265931687106*I, 0.2946681379666856 - 0.49111356327780936*I, 0.1656296615220241 - 0.2760494358700402*I, 0.09427884677074433 - 0.1571314112845739*I, 0.04954141460269105 - 0.08256902433781842*I}\n"
"From remote kernel:"
"\"AMFlow: integration contour generated in 6s.\"\n"
"From remote kernel:"
"\"AMFlow: solving near eta = Infinity...\"\n"
"From remote kernel:"
"\"CalcTaylor: current region\" -> 1/1000\n"
"From remote kernel:"
"\"block\" -> {2}\n"
"From remote kernel:"
"\"boundary condition test\" -> {2, 0, 0.}\n"
"From remote kernel:"
"\"block\" -> {1}\n"
"From remote kernel:"
"\"boundary condition inserted\" -> {1, 0, 1.0008485733053779*^6}\n"
"From remote kernel:"
"\"block\" -> {11, 12, 13}\n"
"From remote kernel:"
"\"boundary condition test\" -> {13, 0, 1.0008485733053779*^6}\n"
"From remote kernel:"
"\"boundary condition test\" -> {12, 0, 999847.7247320726}\n"
"From remote kernel:"
"\"boundary condition test\" -> {11, 0, -1000.8485733053778}\n"
"From remote kernel:"
"\"block\" -> {3}\n"
"From remote kernel:"
"\"boundary condition test\" -> {3, 0, 1.0008485733053779*^6}\n"
"From remote kernel:"
"\"block\" -> {15, 16}\n"
"From remote kernel:"
"\"boundary condition test\" -> {16, 0, 0.}\n"
"From remote kernel:"
"\"boundary condition test\" -> {15, 0, 0.}\n"
"From remote kernel:"
"\"block\" -> {6}\n"
"From remote kernel:"
"\"boundary condition test\" -> {6, 0, 1.0008485733053779*^6}\n"
"From remote kernel:"
"\"block\" -> {5}\n"
"From remote kernel:"
"\"boundary condition test\" -> {5, 0, 1.0008485733053779*^6}\n"
"From remote kernel:"
"\"block\" -> {26}\n"
"From remote kernel:"
"\"boundary condition test\" -> {26, 0, 0.}\n"
"From remote kernel:"
"\"block\" -> {24}\n"
"From remote kernel:"
"\"boundary condition test\" -> {24, 0, 0.}\n"
"From remote kernel:"
"\"block\" -> {22}\n"
"From remote kernel:"
"\"boundary condition test\" -> {22, 0, 0.}\n"
"From remote kernel:"
"\"block\" -> {21}\n"
"From remote kernel:"
"\"boundary condition test\" -> {21, 0, 0.}\n"
"From remote kernel:"
"\"block\" -> {19}\n"
"From remote kernel:"
"\"boundary condition test\" -> {19, 0, 0.}\n"
"From remote kernel:"
"\"block\" -> {18}\n"
"From remote kernel:"
"\"boundary condition test\" -> {18, 0, 0.}\n"
"From remote kernel:"
"\"block\" -> {9}\n"
"From remote kernel:"
"\"boundary condition test\" -> {9, 0, 0.}\n"
"From remote kernel:"
"\"block\" -> {8}\n"
"From remote kernel:"
"\"boundary condition test\" -> {8, 0, 0.}\n"
"From remote kernel:"
"\"block\" -> {7}\n"
"From remote kernel:"
"\"boundary condition inserted\" -> {7, 0, 999697.8894698338}\n"
"From remote kernel:"
"\"block\" -> {4}\n"
"From remote kernel:"
"\"boundary condition inserted\" -> {4, 0, 999454.5492892474}\n"
"From remote kernel:"
"\"block\" -> {45, 46, 47}\n"
"From remote kernel:"
"\"boundary condition test\" -> {47, 0, 166402.4840063256}\n"
"From remote kernel:"
"\"boundary condition test\" -> {46, 0, 999697.8894698338}\n"
"From remote kernel:"
"\"boundary condition test\" -> {45, 0, -358.2051735297333}\n"
"From remote kernel:"
"\"block\" -> {41, 42, 43}\n"
"From remote kernel:"
"\"boundary condition test\" -> {43, 0, 1.0008485733053779*^6}\n"
"From remote kernel:"
"\"boundary condition test\" -> {42, 0, 1.0008485733053779*^6}\n"
"From remote kernel:"
"\"boundary condition test\" -> {41, 0, 999847.7247320726}\n"
"From remote kernel:"
"\"block\" -> {29}\n"
"From remote kernel:"
"\"boundary condition test\" -> {29, 0, 1.0008485733053779*^6}\n"
"From remote kernel:"
"\"block\" -> {38, 39}\n"
"From remote kernel:"
"\"boundary condition test\" -> {39, 0, 0.}\n"
"From remote kernel:"
"\"boundary condition test\" -> {38, 0, 0.}\n"
"From remote kernel:"
"\"block\" -> {32}\n"
"From remote kernel:"
"\"boundary condition test\" -> {32, 0, 999454.5492892474}\n"
"From remote kernel:"
"\"block\" -> {49, 50}\n"
"From remote kernel:"
"\"boundary condition test\" -> {50, 0, 0.}\n"
"From remote kernel:"
"\"boundary condition test\" -> {49, 0, 0.}\n"
"From remote kernel:"
"\"block\" -> {34}\n"
"From remote kernel:"
"\"boundary condition test\" -> {34, 0, 1.0008485733053779*^6}\n"
"From remote kernel:"
"\"block\" -> {28}\n"
"From remote kernel:"
"\"boundary condition test\" -> {28, 0, 1.0008485733053779*^6}\n"
"From remote kernel:"
"\"block\" -> {30}\n"
"From remote kernel:"
"\"boundary condition test\" -> {30, 0, 999697.8894698338}\n"
"From remote kernel:"
"\"block\" -> {27}\n"
"From remote kernel:"
"\"boundary condition test\" -> {27, 0, 999454.5492892474}\n"
"From remote kernel:"
"\"block\" -> {35}\n"
"From remote kernel:"
"\"boundary condition test\" -> {35, 0, 999697.8894698338}\n"
"From remote kernel:"
"\"block\" -> {31}\n"
"From remote kernel:"
"\"boundary condition test\" -> {31, 0, 999454.5492892474}\n"
"From remote kernel:"
"\"block\" -> {64}\n"
"From remote kernel:"
"\"boundary condition test\" -> {64, 0, 0.}\n"
"From remote kernel:"
"\"block\" -> {63}\n"
"From remote kernel:"
"\"boundary condition test\" -> {63, 0, 0.}\n"
"From remote kernel:"
"\"block\" -> {61}\n"
"From remote kernel:"
"\"boundary condition test\" -> {61, 0, 0.}\n"
"From remote kernel:"
"\"block\" -> {59}\n"
"From remote kernel:"
"\"boundary condition test\" -> {59, 0, 0.}\n"
"From remote kernel:"
"\"block\" -> {57}\n"
"From remote kernel:"
"\"boundary condition test\" -> {57, 0, 0.}\n"
"From remote kernel:"
"\"block\" -> {55}\n"
"From remote kernel:"
"\"boundary condition test\" -> {55, 0, 0.}\n"
"From remote kernel:"
"\"block\" -> {54}\n"
"From remote kernel:"
"\"boundary condition test\" -> {54, 0, 0.}\n"
"From remote kernel:"
"\"block\" -> {52}\n"
"From remote kernel:"
"\"boundary condition test\" -> {52, 0, 0.}\n"
"From remote kernel:"
"\"block\" -> {36}\n"
"From remote kernel:"
"\"boundary condition test\" -> {36, 0, 0.}\n"
"From remote kernel:"
"\"block\" -> {33}\n"
"From remote kernel:"
"\"boundary condition inserted\" -> {33, 0, -628.6530669049101}\n"
"From remote kernel:"
"\"block\" -> {99, 100, 101, 102, 103, 104, 105}\n"
"From remote kernel:"
"\"boundary condition test\" -> {105, 0, 999697.8894698338}\n"
"From remote kernel:"
"\"boundary condition test\" -> {104, 0, -358.2051735297333}\n"
"From remote kernel:"
"\"boundary condition test\" -> {103, 0, 166402.4840063256}\n"
"From remote kernel:"
"\"boundary condition test\" -> {102, 0, 999697.8894698338}\n"
"From remote kernel:"
"\"boundary condition test\" -> {101, 0, 999697.8894698338}\n"
"From remote kernel:"
"\"boundary condition test\" -> {100, 0, -358.2051735297333}\n"
"From remote kernel:"
"\"boundary condition test\" -> {99, 0, -1.0006975873593036*^6}\n"
"From remote kernel:"
"\"block\" -> {76, 77, 78, 79}\n"
"From remote kernel:"
"\"boundary condition test\" -> {79, 0, 999697.8894698338}\n"
"From remote kernel:"
"\"boundary condition test\" -> {78, 0, -358.2051735297333}\n"
"From remote kernel:"
"\"boundary condition test\" -> {77, 0, 999697.8894698338}\n"
"From remote kernel:"
"\"boundary condition test\" -> {76, 0, 999697.8894698338}\n"
"From remote kernel:"
"\"block\" -> {72, 73, 74, 75}\n"
"From remote kernel:"
"\"boundary condition test\" -> {75, 0, -498926.01034534554}\n"
"From remote kernel:"
"\"boundary condition test\" -> {74, 0, 1.001851427587247*^6}\n"
"From remote kernel:"
"\"boundary condition test\" -> {73, 0, 1.001851427587247*^6}\n"
"From remote kernel:"
"\"boundary condition test\" -> {72, 0, 1.001851427587247*^6}\n"
"From remote kernel:"
"\"block\" -> {83, 84, 85}\n"
"From remote kernel:"
"\"boundary condition test\" -> {85, 0, 999454.5492892474}\n"
"From remote kernel:"
"\"boundary condition test\" -> {84, 0, -341.7263630576652}\n"
"From remote kernel:"
"\"boundary condition test\" -> {83, 0, 999454.5492892474}\n"
"From remote kernel:"
"\"block\" -> {86, 87, 88, 89}\n"
"From remote kernel:"
"\"boundary condition test\" -> {89, 0, -498926.01034534554}\n"
"From remote kernel:"
"\"boundary condition test\" -> {88, 0, 1.001851427587247*^6}\n"
"From remote kernel:"
"\"boundary condition test\" -> {87, 0, 1.001851427587247*^6}\n"
"From remote kernel:"
"\"boundary condition test\" -> {86, 0, 1.001851427587247*^6}\n"
"From remote kernel:"
"\"block\" -> {66}\n"
"From remote kernel:"
"\"boundary condition test\" -> {66, 0, 999454.5492892474}\n"
"From remote kernel:"
"\"block\" -> {81, 82}\n"
"From remote kernel:"
"\"boundary condition test\" -> {82, 0, 0.}\n"
"From remote kernel:"
"\"boundary condition test\" -> {81, 0, 0.}\n"
"From remote kernel:"
"\"block\" -> {71}\n"
"From remote kernel:"
"\"boundary condition test\" -> {71, 0, -628.6530669049101}\n"
"From remote kernel:"
"\"block\" -> {68}\n"
"From remote kernel:"
"\"boundary condition test\" -> {68, 0, 1.0008485733053779*^6}\n"
"From remote kernel:"
"\"block\" -> {69}\n"
"From remote kernel:"
"\"boundary condition test\" -> {69, 0, 999697.8894698338}\n"
"From remote kernel:"
"\"block\" -> {65}\n"
"From remote kernel:"
"\"boundary condition test\" -> {65, 0, 999454.5492892474}\n"
"From remote kernel:"
"\"block\" -> {67}\n"
"From remote kernel:"
"\"boundary condition test\" -> {67, 0, -628.6530669049101}\n"
"From remote kernel:"
"\"block\" -> {70}\n"
"From remote kernel:"
"\"boundary condition test\" -> {70, 0, -628.6530669049101}\n"
"From remote kernel:"
"\"block\" -> {111}\n"
"From remote kernel:"
"\"boundary condition test\" -> {111, 0, 0.}\n"
"From remote kernel:"
"\"block\" -> {110}\n"
"From remote kernel:"
"\"boundary condition test\" -> {110, 0, 0.}\n"
"From remote kernel:"
"\"block\" -> {109}\n"
"From remote kernel:"
"\"boundary condition test\" -> {109, 0, 0.}\n"
"From remote kernel:"
"\"block\" -> {108}\n"
"From remote kernel:"
"\"boundary condition test\" -> {108, 0, 0.}\n"
"From remote kernel:"
"\"block\" -> {107}\n"
"From remote kernel:"
"\"boundary condition test\" -> {107, 0, 0.}\n"
"From remote kernel:"
"\"block\" -> {97}\n"
"From remote kernel:"
"\"boundary condition test\" -> {97, 0, 0.}\n"
"From remote kernel:"
"\"block\" -> {96}\n"
"From remote kernel:"
"\"boundary condition test\" -> {96, 0, 0.}\n"
"From remote kernel:"
"\"block\" -> {94}\n"
"From remote kernel:"
"\"boundary condition test\" -> {94, 0, 0.}\n"
"From remote kernel:"
"\"block\" -> {93}\n"
"From remote kernel:"
"\"boundary condition test\" -> {93, 0, 0.}\n"
"From remote kernel:"
"\"block\" -> {92}\n"
"From remote kernel:"
"\"boundary condition test\" -> {92, 0, 0.}\n"
"From remote kernel:"
"\"block\" -> {91}\n"
"From remote kernel:"
"\"boundary condition test\" -> {91, 0, 0.}\n"
"From remote kernel:"
"\"block\" -> {90}\n"
"From remote kernel:"
"\"boundary condition test\" -> {90, 0, 0.}\n"
"From remote kernel:"
"\"block\" -> {123, 124, 125, 126, 127}\n"
"From remote kernel:"
"\"boundary condition test\" -> {127, 0, 69218.20027642237}\n"
"From remote kernel:"
"\"boundary condition test\" -> {126, 0, -628.6530669049101}\n"
"From remote kernel:"
"\"boundary condition test\" -> {125, 0, -628.6530669049101}\n"
"From remote kernel:"
"\"boundary condition test\" -> {124, 0, 114.11833870819004}\n"
"From remote kernel:"
"\"boundary condition test\" -> {123, 0, -628.6530669049101}\n"
"From remote kernel:"
"\"block\" -> {119, 120, 121, 122}\n"
"From remote kernel:"
"\"boundary condition test\" -> {122, 0, 999697.8894698338}\n"
"From remote kernel:"
"\"boundary condition test\" -> {121, 0, -358.2051735297333}\n"
"From remote kernel:"
"\"boundary condition test\" -> {120, 0, 999697.8894698338}\n"
"From remote kernel:"
"\"boundary condition test\" -> {119, 0, 999697.8894698338}\n"
"From remote kernel:"
"\"block\" -> {115, 116, 117, 118}\n"
"From remote kernel:"
"\"boundary condition test\" -> {118, 0, -498926.01034534554}\n"
"From remote kernel:"
"\"boundary condition test\" -> {117, 0, 1.001851427587247*^6}\n"
"From remote kernel:"
"\"boundary condition test\" -> {116, 0, 1.001851427587247*^6}\n"
"From remote kernel:"
"\"boundary condition test\" -> {115, 0, 1.001851427587247*^6}\n"
"From remote kernel:"
"\"block\" -> {114}\n"
"From remote kernel:"
"\"boundary condition test\" -> {114, 0, -628.6530669049101}\n"
"From remote kernel:"
"\"block\" -> {112}\n"
"From remote kernel:"
"\"boundary condition test\" -> {112, 0, 999454.5492892474}\n"
"From remote kernel:"
"\"block\" -> {113}\n"
"From remote kernel:"
"\"boundary condition test\" -> {113, 0, -628.6530669049101}\n"
"From remote kernel:"
"\"block\" -> {130}\n"
"From remote kernel:"
"\"boundary condition test\" -> {130, 0, 0.}\n"
"From remote kernel:"
"\"block\" -> {129}\n"
"From remote kernel:"
"\"boundary condition test\" -> {129, 0, 0.}\n"
"From remote kernel:"
"\"block\" -> {128}\n"
"From remote kernel:"
"\"boundary condition test\" -> {128, 0, 0.}\n"
"From remote kernel:"
"\"block\" -> {131, 132, 133, 134, 135}\n"
"From remote kernel:"
"\"boundary condition test\" -> {135, 0, -628.6530669049101}\n"
"From remote kernel:"
"\"boundary condition test\" -> {134, 0, -628.6530669049101}\n"
"From remote kernel:"
"\"boundary condition test\" -> {133, 0, 114.11833870819004}\n"
"From remote kernel:"
"\"boundary condition test\" -> {132, 0, -628.6530669049101}\n"
"From remote kernel:"
"\"boundary condition test\" -> {131, 0, -628.6530669049101}\n"
"From remote kernel:"
"\"block\" -> {98}\n"
"From remote kernel:"
"\"boundary condition test\" -> {98, 0, 999697.8894698338}\n"
"From remote kernel:"
"\"block\" -> {80}\n"
"From remote kernel:"
"\"boundary condition test\" -> {80, 0, 0.}\n"
"From remote kernel:"
"\"block\" -> {44}\n"
"From remote kernel:"
"\"boundary condition test\" -> {44, 0, 999697.8894698338}\n"
"From remote kernel:"
"\"block\" -> {40}\n"
"From remote kernel:"
"\"boundary condition test\" -> {40, 0, 1.0008485733053779*^6}\n"
"From remote kernel:"
"\"block\" -> {37}\n"
"From remote kernel:"
"\"boundary condition test\" -> {37, 0, 0.}\n"
"From remote kernel:"
"\"block\" -> {48}\n"
"From remote kernel:"
"\"boundary condition test\" -> {48, 0, 0.}\n"
"From remote kernel:"
"\"block\" -> {10}\n"
"From remote kernel:"
"\"boundary condition test\" -> {10, 0, 1.0008485733053779*^6}\n"
"From remote kernel:"
"\"block\" -> {14}\n"
"From remote kernel:"
"\"boundary condition test\" -> {14, 0, 0.}\n"
"From remote kernel:"
"\"block\" -> {106}\n"
"From remote kernel:"
"\"boundary condition test\" -> {106, 0, 0.}\n"
"From remote kernel:"
"\"block\" -> {95}\n"
"From remote kernel:"
"\"boundary condition test\" -> {95, 0, 0.}\n"
"From remote kernel:"
"\"block\" -> {62}\n"
"From remote kernel:"
"\"boundary condition test\" -> {62, 0, 0.}\n"
"From remote kernel:"
"\"block\" -> {60}\n"
"From remote kernel:"
"\"boundary condition test\" -> {60, 0, 0.}\n"
"From remote kernel:"
"\"block\" -> {58}\n"
"From remote kernel:"
"\"boundary condition test\" -> {58, 0, 0.}\n"
"From remote kernel:"
"\"block\" -> {56}\n"
"From remote kernel:"
"\"boundary condition test\" -> {56, 0, 0.}\n"
"From remote kernel:"
"\"block\" -> {53}\n"
"From remote kernel:"
"\"boundary condition test\" -> {53, 0, 0.}\n"
"From remote kernel:"
"\"block\" -> {51}\n"
"From remote kernel:"
"\"boundary condition test\" -> {51, 0, 0.}\n"
"From remote kernel:"
"\"block\" -> {25}\n"
"From remote kernel:"
"\"boundary condition test\" -> {25, 0, 0.}\n"
"From remote kernel:"
"\"block\" -> {23}\n"
"From remote kernel:"
"\"boundary condition test\" -> {23, 0, 0.}\n"
"From remote kernel:"
"\"block\" -> {20}\n"
"From remote kernel:"
"\"boundary condition test\" -> {20, 0, 0.}\n"
"From remote kernel:"
"\"block\" -> {17}\n"
"From remote kernel:"
"\"boundary condition test\" -> {17, 0, 0.}\n"
"From remote kernel:"
"\"CalcTaylor: current region\" -> 0\n"
"From remote kernel:"
"\"block\" -> {2}\n"
"From remote kernel:"
"\"boundary condition inserted\" -> {2, 0, 1.0008485733053779*^6}\n"
"From remote kernel:"
"\"block\" -> {1}\n"
"From remote kernel:"
"\"boundary condition test\" -> {1, 0, 0.}\n"
"From remote kernel:"
"\"block\" -> {11, 12, 13}\n"
"From remote kernel:"
"\"boundary condition test\" -> {13, 0, 0.}\n"
"From remote kernel:"
"\"boundary condition test\" -> {12, 0, 0.}\n"
"From remote kernel:"
"\"boundary condition test\" -> {11, 0, 0.}\n"
"From remote kernel:"
"\"block\" -> {3}\n"
"From remote kernel:"
"\"boundary condition test\" -> {3, 0, -1.0008485733053779*^6}\n"
"From remote kernel:"
"\"block\" -> {15, 16}\n"
"From remote kernel:"
"\"boundary condition test\" -> {16, 0, 0.}\n"
"From remote kernel:"
"\"boundary condition test\" -> {15, 0, 0.}\n"
"From remote kernel:"
"\"block\" -> {6}\n"
"From remote kernel:"
"\"boundary condition test\" -> {6, 0, 0.}\n"
"From remote kernel:"
"\"block\" -> {5}\n"
"From remote kernel:"
"\"boundary condition test\" -> {5, 0, 0.}\n"
"From remote kernel:"
"\"block\" -> {26}\n"
"From remote kernel:"
"\"boundary condition inserted\" -> {26, 0, -499305.38531394006 - 3137.269545721269*I}\n"
"From remote kernel:"
"\"block\" -> {24}\n"
"From remote kernel:"
"\"boundary condition inserted\" -> {24, 0, -500930.01947729214}\n"
"From remote kernel:"
"\"block\" -> {22}\n"
"From remote kernel:"
"\"boundary condition inserted\" -> {22, 0, -498775.9230469152}\n"
"From remote kernel:"
"\"block\" -> {21}\n"
"From remote kernel:"
"\"boundary condition inserted\" -> {21, 0, 499923.90812322433}\n"
"From remote kernel:"
"\"block\" -> {19}\n"
"From remote kernel:"
"\"boundary condition inserted\" -> {19, 0, -498533.4192192536}\n"
"From remote kernel:"
"\"block\" -> {18}\n"
"From remote kernel:"
"\"boundary condition inserted\" -> {18, 0, 499923.2112805471}\n"
"From remote kernel:"
"\"block\" -> {9}\n"
"From remote kernel:"
"\"boundary condition inserted\" -> {9, 0, 999697.8894698338}\n"
"From remote kernel:"
"\"block\" -> {8}\n"
"From remote kernel:"
"\"boundary condition inserted\" -> {8, 0, 999454.5492892474}\n"
"From remote kernel:"
"\"block\" -> {7}\n"
"From remote kernel:"
"\"boundary condition test\" -> {7, 0, 0.}\n"
"From remote kernel:"
"\"block\" -> {4}\n"
"From remote kernel:"
"\"boundary condition test\" -> {4, 0, 0.}\n"
"From remote kernel:"
"\"block\" -> {45, 46, 47}\n"
"From remote kernel:"
"\"boundary condition test\" -> {47, 0, 0.}\n"
"From remote kernel:"
"\"boundary condition test\" -> {46, 0, 0.}\n"
"From remote kernel:"
"\"boundary condition test\" -> {45, 0, 0.}\n"
"From remote kernel:"
"\"block\" -> {41, 42, 43}\n"
"From remote kernel:"
"\"boundary condition test\" -> {43, 0, 500930.01947729214}\n"
"From remote kernel:"
"\"boundary condition test\" -> {42, 0, 500930.01947729214}\n"
"From remote kernel:"
"\"boundary condition test\" -> {41, 0, -499926.15170278854}\n"
"From remote kernel:"
"\"block\" -> {29}\n"
"From remote kernel:"
"\"boundary condition test\" -> {29, 0, -1.0025999714547835*^6}\n"
"From remote kernel:"
"\"block\" -> {38, 39}\n"
"From remote kernel:"
"\"boundary condition test\" -> {39, 0, 498775.9230469152}\n"
"From remote kernel:"
"\"boundary condition test\" -> {38, 0, -499923.90812322433}\n"
"From remote kernel:"
"\"block\" -> {32}\n"
"From remote kernel:"
"\"boundary condition test\" -> {32, 0, 0.}\n"
"From remote kernel:"
"\"block\" -> {49, 50}\n"
"From remote kernel:"
"\"boundary condition test\" -> {50, 0, 499305.38531394006 + 3137.269545721269*I}\n"
"From remote kernel:"
"\"boundary condition test\" -> {49, 0, 499305.38531394006 + 3137.269545721269*I}\n"
"From remote kernel:"
"\"block\" -> {34}\n"
"From remote kernel:"
"\"boundary condition test\" -> {34, 0, -500677.1674539695}\n"
"From remote kernel:"
"\"block\" -> {28}\n"
"From remote kernel:"
"\"boundary condition test\" -> {28, 0, -1.001851427587247*^6}\n"
"From remote kernel:"
"\"block\" -> {30}\n"
"From remote kernel:"
"\"boundary condition test\" -> {30, 0, -999697.8894698338}\n"
"From remote kernel:"
"\"block\" -> {27}\n"
"From remote kernel:"
"\"boundary condition test\" -> {27, 0, -999454.5492892474}\n"
"From remote kernel:"
"\"block\" -> {35}\n"
"From remote kernel:"
"\"boundary condition test\" -> {35, 0, 0.}\n"
"From remote kernel:"
"\"block\" -> {31}\n"
"From remote kernel:"
"\"boundary condition test\" -> {31, 0, 0.}\n"
"From remote kernel:"
"\"block\" -> {64}\n"
"From remote kernel:"
"\"boundary condition inserted\" -> {64, 0, 31.31288607303355 + 968.20781683368*I}\n"
"From remote kernel:"
"\"block\" -> {63}\n"
"From remote kernel:"
"\"boundary condition inserted\" -> {63, 0, -358.3882904476759 - 0.5249277390546763*I}\n"
"From remote kernel:"
"\"block\" -> {61}\n"
"From remote kernel:"
"\"boundary condition inserted\" -> {61, 0, -634.9442881591577 + 1349.0246786573812*I}\n"
"From remote kernel:"
"\"block\" -> {59}\n"
"From remote kernel:"
"\"boundary condition inserted\" -> {59, 0, -170630.93437104137}\n"
"From remote kernel:"
"\"block\" -> {57}\n"
"From remote kernel:"
"\"boundary condition inserted\" -> {57, 0, 31.86044400258731 + 966.6243689607928*I}\n"
"From remote kernel:"
"\"block\" -> {55}\n"
"From remote kernel:"
"\"boundary condition inserted\" -> {55, 0, 627.0234227714111}\n"
"From remote kernel:"
"\"block\" -> {54}\n"
"From remote kernel:"
"\"boundary condition inserted\" -> {54, 0, -1.4485185140337469}\n"
"From remote kernel:"
"\"block\" -> {52}\n"
"From remote kernel:"
"\"boundary condition inserted\" -> {52, 0, -170202.53406397867}\n"
"From remote kernel:"
"\"block\" -> {36}\n"
"From remote kernel:"
"\"boundary condition inserted\" -> {36, 0, -628.6530669049101}\n"
"From remote kernel:"
"\"block\" -> {33}\n"
"From remote kernel:"
"\"boundary condition test\" -> {33, 0, 0.}\n"
"From remote kernel:"
"\"block\" -> {99, 100, 101, 102, 103, 104, 105}\n"
"From remote kernel:"
"\"homogeneous id up to\" -> 3654\n"
"From remote kernel:"
"\"dropped eqs\" -> {{3655 -> 0.}, {3655 -> 0.}}\n"
"From remote kernel:"
"\"boundary condition test\" -> {105, 0, 60.061010086903366 + 0.7539299436194389*I}\n"
"From remote kernel:"
"\"boundary condition test\" -> {104, 0, 49976.548867393045 + 629.387331877632*I}\n"
"From remote kernel:"
"\"boundary condition test\" -> {103, 0, -166299.96143717796 - 522.8128364452183*I}\n"
"From remote kernel:"
"\"boundary condition test\" -> {102, 0, -31.31288607303355 - 968.20781683368*I}\n"
"From remote kernel:"
"\"boundary condition test\" -> {101, 0, -31.31288607303355 - 968.20781683368*I}\n"
"From remote kernel:"
"\"boundary condition test\" -> {100, 0, 358.3882904476759 + 0.5249277390546763*I}\n"
"From remote kernel:"
"\"boundary condition test\" -> {99, 0, 499777.24445891776 + 1.7062930100009435*I}\n"
"From remote kernel:"
"\"block\" -> {76, 77, 78, 79}\n"
"From remote kernel:"
"\"boundary condition test\" -> {79, 0, -357.31199627029355}\n"
"From remote kernel:"
"\"boundary condition test\" -> {78, 0, 357.7426587859974}\n"
"From remote kernel:"
"\"boundary condition test\" -> {77, 0, 0.8197948877781631}\n"
"From remote kernel:"
"\"boundary condition test\" -> {76, 0, -499773.8311193784}\n"
"From remote kernel:"
"\"block\" -> {72, 73, 74, 75}\n"
"From remote kernel:"
"\"boundary condition test\" -> {75, 0, 498287.77415923664}\n"
"From remote kernel:"
"\"boundary condition test\" -> {74, 0, -627.0234227714111}\n"
"From remote kernel:"
"\"boundary condition test\" -> {73, 0, 1.4485185140337469}\n"
"From remote kernel:"
"\"boundary condition test\" -> {72, 0, -501924.1185508576}\n"
"From remote kernel:"
"\"block\" -> {83, 84, 85}\n"
"From remote kernel:"
"\"boundary condition test\" -> {85, 0, 170630.93437104137}\n"
"From remote kernel:"
"\"boundary condition test\" -> {84, 0, 341.94576026260796}\n"
"From remote kernel:"
"\"boundary condition test\" -> {83, 0, -499533.0644615868}\n"
"From remote kernel:"
"\"block\" -> {86, 87, 88, 89}\n"
"From remote kernel:"
"\"boundary condition test\" -> {89, 0, 498119.77104937634 + 1564.396757815546*I}\n"
"From remote kernel:"
"\"boundary condition test\" -> {88, 0, 634.9442881591577 - 1349.0246786573812*I}\n"
"From remote kernel:"
"\"boundary condition test\" -> {87, 0, 634.9442881591577 - 1349.0246786573812*I}\n"
"From remote kernel:"
"\"boundary condition test\" -> {86, 0, -501930.69659622095 - 6.778977607458554*I}\n"
"From remote kernel:"
"\"block\" -> {66}\n"
"From remote kernel:"
"\"boundary condition test\" -> {66, 0, -499530.94535011123}\n"
"From remote kernel:"
"\"block\" -> {81, 82}\n"
"From remote kernel:"
"\"boundary condition test\" -> {82, 0, -31.86044400258731 - 966.6243689607928*I}\n"
"From remote kernel:"
"\"boundary condition test\" -> {81, 0, -499614.55704053456 - 1572.3900827368107*I}\n"
"From remote kernel:"
"\"block\" -> {71}\n"
"From remote kernel:"
"\"boundary condition test\" -> {71, 0, 0.}\n"
"From remote kernel:"
"\"block\" -> {68}\n"
"From remote kernel:"
"\"boundary condition test\" -> {68, 0, -501926.5320368661}\n"
"From remote kernel:"
"\"block\" -> {69}\n"
"From remote kernel:"
"\"boundary condition test\" -> {69, 0, -1.0006995907618877*^6}\n"
"From remote kernel:"
"\"block\" -> {65}\n"
"From remote kernel:"
"\"boundary condition test\" -> {65, 0, -1.000456006753465*^6}\n"
"From remote kernel:"
"\"block\" -> {67}\n"
"From remote kernel:"
"\"boundary condition test\" -> {67, 0, 628.6530669049101}\n"
"From remote kernel:"
"\"block\" -> {70}\n"
"From remote kernel:"
"\"boundary condition test\" -> {70, 0, 0.}\n"
"From remote kernel:"
"\"block\" -> {111}\n"
"From remote kernel:"
"\"boundary condition inserted\" -> {111, 0, -3366.8229991997696 - 42.47257643528019*I}\n"
"From remote kernel:"
"\"block\" -> {110}\n"
"From remote kernel:"
"\"boundary condition inserted\" -> {110, 0, -73.03267915156765 + 229.46849389308227*I}\n"
"From remote kernel:"
"\"block\" -> {109}\n"
"From remote kernel:"
"\"boundary condition inserted\" -> {109, 0, -33918.44176712087 - 428.87999307445494*I}\n"
"From remote kernel:"
"\"block\" -> {108}\n"
"From remote kernel:"
"\"boundary condition inserted\" -> {108, 0, 124998.47879237817 - 95.29311585006272*I}\n"
"From remote kernel:"
"\"block\" -> {107}\n"
"From remote kernel:"
"\"boundary condition inserted\" -> {107, 0, 318.9487693976709 - 675.3998650478161*I}\n"
"From remote kernel:"
"\"block\" -> {97}\n"
"From remote kernel:"
"\"boundary condition inserted\" -> {97, 0, -34003.44225201027 - 429.29426028638613*I}\n"
"From remote kernel:"
"\"block\" -> {96}\n"
"From remote kernel:"
"\"boundary condition inserted\" -> {96, 0, 114.19382976385411 + 0.3591477853328441*I}\n"
"From remote kernel:"
"\"block\" -> {94}\n"
"From remote kernel:"
"\"boundary condition inserted\" -> {94, 0, -49876.58441740297 - 628.5729912582755*I}\n"
"From remote kernel:"
"\"block\" -> {93}\n"
"From remote kernel:"
"\"boundary condition inserted\" -> {93, 0, 0.3616327693138527 + 0.6284193271692701*I}\n"
"From remote kernel:"
"\"block\" -> {92}\n"
"From remote kernel:"
"\"boundary condition inserted\" -> {92, 0, -2.1059379721661236 - 1.3498069168483287*I}\n"
"From remote kernel:"
"\"block\" -> {91}\n"
"From remote kernel:"
"\"boundary condition inserted\" -> {91, 0, 239.3498594453533}\n"
"From remote kernel:"
"\"block\" -> {90}\n"
"From remote kernel:"
"\"boundary condition inserted\" -> {90, 0, -2.433176756918958}\n"
"From remote kernel:"
"\"block\" -> {123, 124, 125, 126, 127}\n"
"From remote kernel:"
"\"boundary condition test\" -> {127, 0, -69092.36715746054 - 217.06090891891472*I}\n"
"From remote kernel:"
"\"boundary condition test\" -> {126, 0, 34003.44225201027 + 429.29426028638613*I}\n"
"From remote kernel:"
"\"boundary condition test\" -> {125, 0, 34003.44225201027 + 429.29426028638613*I}\n"
"From remote kernel:"
"\"boundary condition test\" -> {124, 0, -114.19382976385411 - 0.3591477853328441*I}\n"
"From remote kernel:"
"\"boundary condition test\" -> {123, 0, 628.8036916442693 + 1.3712882902938337*I}\n"
"From remote kernel:"
"\"block\" -> {119, 120, 121, 122}\n"
"From remote kernel:"
"\"boundary condition test\" -> {122, 0, 49876.58441740297 + 628.5729912582755*I}\n"
"From remote kernel:"
"\"boundary condition test\" -> {121, 0, -0.3616327693138527 - 0.6284193271692701*I}\n"
"From remote kernel:"
"\"boundary condition test\" -> {120, 0, 15.380558133767728 + 484.89428254636675*I}\n"
"From remote kernel:"
"\"boundary condition test\" -> {119, 0, 2.1059379721661236 + 1.3498069168483287*I}\n"
"From remote kernel:"
"\"block\" -> {115, 116, 117, 118}\n"
"From remote kernel:"
"\"homogeneous id up to\" -> 2088\n"
"From remote kernel:"
"\"dropped eqs\" -> {{2089 -> 0.}}\n"
"From remote kernel:"
"\"boundary condition test\" -> {118, 0, 73.03267915156765 - 229.46849389308227*I}\n"
"From remote kernel:"
"\"boundary condition test\" -> {117, 0, 33918.44176712087 + 428.87999307445494*I}\n"
"From remote kernel:"
"\"boundary condition test\" -> {116, 0, -318.9487693976709 + 675.3998650478161*I}\n"
"From remote kernel:"
"\"boundary condition test\" -> {115, 0, 2.83650834283676 + 3.4698746149697213*I}\n"
"From remote kernel:"
"\"block\" -> {114}\n"
"From remote kernel:"
"\"boundary condition test\" -> {114, 0, 627.8315584408532}\n"
"From remote kernel:"
"\"block\" -> {112}\n"
"From remote kernel:"
"\"boundary condition test\" -> {112, 0, 2.433176756918958}\n"
"From remote kernel:"
"\"block\" -> {113}\n"
"From remote kernel:"
"\"boundary condition test\" -> {113, 0, 629.2829797976004}\n"
"From remote kernel:"
"\"block\" -> {130}\n"
"From remote kernel:"
"\"boundary condition inserted\" -> {130, 0, 22373.809563762592 + 281.6769208610805*I}\n"
"From remote kernel:"
"\"block\" -> {129}\n"
"From remote kernel:"
"\"boundary condition inserted\" -> {129, 0, -13.622445882372384 - 0.3425983517371357*I}\n"
"From remote kernel:"
"\"block\" -> {128}\n"
"From remote kernel:"
"\"boundary condition inserted\" -> {128, 0, 0.34513982653294684 + 0.8643399544251283*I}\n"
"From remote kernel:"
"\"block\" -> {131, 132, 133, 134, 135}\n"
"From remote kernel:"
"\"homogeneous id up to\" -> 2610\n"
"From remote kernel:"
"\"dropped eqs\" -> {{2611 -> 0.}}\n"
"From remote kernel:"
"\"boundary condition test\" -> {135, 0, 2868.5587927314264 + 35.99615628048942*I}\n"
"From remote kernel:"
"\"boundary condition test\" -> {134, 0, -22373.809563762592 - 281.6769208610805*I}\n"
"From remote kernel:"
"\"boundary condition test\" -> {133, 0, 13.622445882372384 + 0.3425983517371357*I}\n"
"From remote kernel:"
"\"boundary condition test\" -> {132, 0, -17044.221023310005 - 214.85339940920426*I}\n"
"From remote kernel:"
"\"boundary condition test\" -> {131, 0, -0.34513982653294684 - 0.8643399544251283*I}\n"
"From remote kernel:"
"\"block\" -> {98}\n"
"From remote kernel:"
"\"boundary condition test\" -> {98, 0, -499777.24445891776 - 1.7062930100009435*I}\n"
"From remote kernel:"
"\"block\" -> {80}\n"
"From remote kernel:"
"\"homogeneous id up to\" -> 522\n"
"From remote kernel:"
"\"dropped eqs\" -> {{523 -> 0.}}\n"
"From remote kernel:"
"\"boundary condition test\" -> {80, 0, -501929.6321150272 - 4.8573795985189685*I}\n"
"From remote kernel:"
"\"block\" -> {44}\n"
"From remote kernel:"
"\"boundary condition test\" -> {44, 0, 0.}\n"
"From remote kernel:"
"\"block\" -> {40}\n"
"From remote kernel:"
"\"homogeneous id up to\" -> 522\n"
"From remote kernel:"
"\"dropped eqs\" -> {{523 -> 0.}}\n"
"From remote kernel:"
"\"boundary condition test\" -> {40, 0, -500677.1674539695}\n"
"From remote kernel:"
"\"block\" -> {37}\n"
"From remote kernel:"
"\"boundary condition test\" -> {37, 0, -502176.4992941503}\n"
"From remote kernel:"
"\"block\" -> {48}\n"
"From remote kernel:"
"\"homogeneous id up to\" -> 522\n"
"From remote kernel:"
"\"dropped eqs\" -> {{523 -> 0.}}\n"
"From remote kernel:"
"\"boundary condition test\" -> {48, 0, 1252.643959210208 + 7.8706976941395785*I}\n"
"From remote kernel:"
"\"block\" -> {10}\n"
"From remote kernel:"
"\"boundary condition test\" -> {10, 0, 0.}\n"
"From remote kernel:"
"\"block\" -> {14}\n"
"From remote kernel:"
"\"boundary condition test\" -> {14, 0, 0.}\n"
"From remote kernel:"
"\"block\" -> {106}\n"
"From remote kernel:"
"\"boundary condition inserted\" -> {106, 0, -2.83650834283676 - 3.4698746149697213*I}\n"
"From remote kernel:"
"\"block\" -> {95}\n"
"From remote kernel:"
"\"boundary condition inserted\" -> {95, 0, -628.8036916442693 - 1.3712882902938337*I}\n"
"From remote kernel:"
"\"block\" -> {62}\n"
"From remote kernel:"
"\"boundary condition inserted\" -> {62, 0, 499777.24445891776 + 1.7062930100009435*I}\n"
"From remote kernel:"
"\"block\" -> {60}\n"
"From remote kernel:"
"\"boundary condition inserted\" -> {60, 0, 501930.69659622095 + 6.778977607458554*I}\n"
"From remote kernel:"
"\"block\" -> {58}\n"
"From remote kernel:"
"\"boundary condition inserted\" -> {58, 0, 499533.0644615868}\n"
"From remote kernel:"
"\"block\" -> {56}\n"
"From remote kernel:"
"\"boundary condition inserted\" -> {56, 0, 501929.6321150272 + 4.8573795985189685*I}\n"
"From remote kernel:"
"\"block\" -> {53}\n"
"From remote kernel:"
"\"boundary condition inserted\" -> {53, 0, 501924.1185508576}\n"
"From remote kernel:"
"\"block\" -> {51}\n"
"From remote kernel:"
"\"boundary condition inserted\" -> {51, 0, 501926.5320368661}\n"
"From remote kernel:"
"\"block\" -> {25}\n"
"From remote kernel:"
"\"boundary condition inserted\" -> {25, 0, -1252.643959210208 - 7.8706976941395785*I}\n"
"From remote kernel:"
"\"block\" -> {23}\n"
"From remote kernel:"
"\"boundary condition inserted\" -> {23, 0, 500677.1674539695}\n"
"From remote kernel:"
"\"block\" -> {20}\n"
"From remote kernel:"
"\"boundary condition inserted\" -> {20, 0, 502176.4992941503}\n"
"From remote kernel:"
"\"block\" -> {17}\n"
"From remote kernel:"
"\"boundary condition inserted\" -> {17, 0, 1.0025999714547835*^6}\n"
"From remote kernel:"
"\"CalcTaylor: current region\" -> 1/500\n"
"From remote kernel:"
"\"block\" -> {2}\n"
"From remote kernel:"
"\"boundary condition test\" -> {2, 0, 0.}\n"
"From remote kernel:"
"\"block\" -> {1}\n"
"From remote kernel:"
"\"boundary condition test\" -> {1, 0, 0.}\n"
"From remote kernel:"
"\"block\" -> {11, 12, 13}\n"
"From remote kernel:"
"\"boundary condition inserted\" -> {13, 0, -499925.5058526091}\n"
"From remote kernel:"
"\"boundary condition test\" -> {12, 0, -499925.5058526091}\n"
"From remote kernel:"
"\"boundary condition test\" -> {11, 0, 499925.5058526091}\n"
"From remote kernel:"
"\"block\" -> {3}\n"
"From remote kernel:"
"\"boundary condition inserted\" -> {3, 0, 0.}\n"
"From remote kernel:"
"\"block\" -> {15, 16}\n"
"From remote kernel:"
"\"boundary condition inserted\" -> {16, 0, -499925.5058526091}\n"
"From remote kernel:"
"\"boundary condition test\" -> {15, 0, 499925.5058526091}\n"
"From remote kernel:"
"\"block\" -> {6}\n"
"From remote kernel:"
"\"boundary condition inserted\" -> {6, 0, 500927.3605737566}\n"
"From remote kernel:"
"\"block\" -> {5}\n"
"From remote kernel:"
"\"boundary condition inserted\" -> {5, 0, 0.}\n"
"From remote kernel:"
"\"block\" -> {26}\n"
"From remote kernel:"
"\"boundary condition test\" -> {26, 0, 0.}\n"
"From remote kernel:"
"\"block\" -> {24}\n"
"From remote kernel:"
"\"boundary condition test\" -> {24, 0, 0.}\n"
"From remote kernel:"
"\"block\" -> {22}\n"
"From remote kernel:"
"\"boundary condition test\" -> {22, 0, 0.}\n"
"From remote kernel:"
"\"block\" -> {21}\n"
"From remote kernel:"
"\"boundary condition test\" -> {21, 0, 0.}\n"
"From remote kernel:"
"\"block\" -> {19}\n"
"From remote kernel:"
"\"boundary condition test\" -> {19, 0, 0.}\n"
"From remote kernel:"
"\"block\" -> {18}\n"
"From remote kernel:"
"\"boundary condition test\" -> {18, 0, 0.}\n"
"From remote kernel:"
"\"block\" -> {9}\n"
"From remote kernel:"
"\"boundary condition test\" -> {9, 0, 0.}\n"
"From remote kernel:"
"\"block\" -> {8}\n"
"From remote kernel:"
"\"boundary condition test\" -> {8, 0, 0.}\n"
"From remote kernel:"
"\"block\" -> {7}\n"
"From remote kernel:"
"\"boundary condition test\" -> {7, 0, 0.}\n"
"From remote kernel:"
"\"block\" -> {4}\n"
"From remote kernel:"
"\"boundary condition test\" -> {4, 0, 0.}\n"
"From remote kernel:"
"\"block\" -> {45, 46, 47}\n"
"From remote kernel:"
"\"boundary condition test\" -> {47, 0, -499.92550585260915}\n"
"From remote kernel:"
"\"boundary condition test\" -> {46, 0, -1.0008508627169235*^6}\n"
"From remote kernel:"
"\"boundary condition test\" -> {45, 0, -499.92550585260915}\n"
"From remote kernel:"
"\"block\" -> {41, 42, 43}\n"
"From remote kernel:"
"\"boundary condition test\" -> {43, 0, -499925.5058526091}\n"
"From remote kernel:"
"\"boundary condition test\" -> {42, 0, 500927.3605737566}\n"
"From remote kernel:"
"\"boundary condition test\" -> {41, 0, -499925.5058526091}\n"
"From remote kernel:"
"\"block\" -> {29}\n"
"From remote kernel:"
"\"boundary condition test\" -> {29, 0, 500927.3605737566}\n"
"From remote kernel:"
"\"block\" -> {38, 39}\n"
"From remote kernel:"
"\"boundary condition test\" -> {39, 0, -499925.5058526091}\n"
"From remote kernel:"
"\"boundary condition test\" -> {38, 0, 500927.3605737566}\n"
"From remote kernel:"
"\"block\" -> {32}\n"
"From remote kernel:"
"\"boundary condition test\" -> {32, 0, -499925.5058526091}\n"
"From remote kernel:"
"\"block\" -> {49, 50}\n"
"From remote kernel:"
"\"boundary condition test\" -> {50, 0, -499925.5058526091}\n"
"From remote kernel:"
"\"boundary condition test\" -> {49, 0, 500927.3605737566}\n"
"From remote kernel:"
"\"block\" -> {34}\n"
"From remote kernel:"
"\"boundary condition test\" -> {34, 0, 500927.3605737566}\n"
"From remote kernel:"
"\"block\" -> {28}\n"
"From remote kernel:"
"\"boundary condition inserted\" -> {28, 0, 0.}\n"
"From remote kernel:"
"\"block\" -> {30}\n"
"From remote kernel:"
"\"boundary condition test\" -> {30, 0, 0.}\n"
"From remote kernel:"
"\"block\" -> {27}\n"
"From remote kernel:"
"\"boundary condition test\" -> {27, 0, 0.}\n"
"From remote kernel:"
"\"block\" -> {35}\n"
"From remote kernel:"
"\"boundary condition test\" -> {35, 0, 0.}\n"
"From remote kernel:"
"\"block\" -> {31}\n"
"From remote kernel:"
"\"boundary condition test\" -> {31, 0, 0.}\n"
"From remote kernel:"
"\"block\" -> {64}\n"
"From remote kernel:"
"\"boundary condition test\" -> {64, 0, 0.}\n"
"From remote kernel:"
"\"block\" -> {63}\n"
"From remote kernel:"
"\"boundary condition test\" -> {63, 0, 0.}\n"
"From remote kernel:"
"\"block\" -> {61}\n"
"From remote kernel:"
"\"boundary condition test\" -> {61, 0, 0.}\n"
"From remote kernel:"
"\"block\" -> {59}\n"
"From remote kernel:"
"\"boundary condition test\" -> {59, 0, 0.}\n"
"From remote kernel:"
"\"block\" -> {57}\n"
"From remote kernel:"
"\"boundary condition test\" -> {57, 0, 0.}\n"
"From remote kernel:"
"\"block\" -> {55}\n"
"From remote kernel:"
"\"boundary condition test\" -> {55, 0, 0.}\n"
"From remote kernel:"
"\"block\" -> {54}\n"
"From remote kernel:"
"\"boundary condition test\" -> {54, 0, 0.}\n"
"From remote kernel:"
"\"block\" -> {52}\n"
"From remote kernel:"
"\"boundary condition test\" -> {52, 0, 0.}\n"
"From remote kernel:"
"\"block\" -> {36}\n"
"From remote kernel:"
"\"boundary condition test\" -> {36, 0, 0.}\n"
"From remote kernel:"
"\"block\" -> {33}\n"
"From remote kernel:"
"\"boundary condition test\" -> {33, 0, 0.}\n"
"From remote kernel:"
"\"block\" -> {99, 100, 101, 102, 103, 104, 105}\n"
"From remote kernel:"
"\"boundary condition test\" -> {105, 0, -1.002351639085493*^6}\n"
"From remote kernel:"
"\"boundary condition test\" -> {104, 0, -1.002351639085493*^6}\n"
"From remote kernel:"
"\"boundary condition test\" -> {103, 0, -499.92550585260915}\n"
"From remote kernel:"
"\"boundary condition test\" -> {102, 0, -1.0008508627169235*^6}\n"
"From remote kernel:"
"\"boundary condition test\" -> {101, 0, -499925.5058526091}\n"
"From remote kernel:"
"\"boundary condition test\" -> {100, 0, -499.92550585260915}\n"
"From remote kernel:"
"\"boundary condition test\" -> {99, 0, 500925.35686431435}\n"
"From remote kernel:"
"\"block\" -> {76, 77, 78, 79}\n"
"From remote kernel:"
"\"homogeneous id up to\" -> 2088\n"
"From remote kernel:"
"\"dropped eqs\" -> {{2089 -> 0.}}\n"
"From remote kernel:"
"\"boundary condition test\" -> {79, 0, -1.0008508627169235*^6}\n"
"From remote kernel:"
"\"boundary condition test\" -> {78, 0, -499.92550585260915}\n"
"From remote kernel:"
"\"boundary condition test\" -> {77, 0, -499925.5058526091}\n"
"From remote kernel:"
"\"boundary condition test\" -> {76, 0, -499925.5058526091}\n"
"From remote kernel:"
"\"block\" -> {72, 73, 74, 75}\n"
"From remote kernel:"
"\"homogeneous id up to\" -> 2088\n"
"From remote kernel:"
"\"dropped eqs\" -> {{2089 -> 0.}}\n"
"From remote kernel:"
"\"boundary condition test\" -> {75, 0, -499.92550585260915}\n"
"From remote kernel:"
"\"boundary condition test\" -> {74, 0, -1.0008508627169235*^6}\n"
"From remote kernel:"
"\"boundary condition test\" -> {73, 0, -499925.5058526091}\n"
"From remote kernel:"
"\"boundary condition test\" -> {72, 0, -499925.5058526091}\n"
"From remote kernel:"
"\"block\" -> {83, 84, 85}\n"
"From remote kernel:"
"\"homogeneous id up to\" -> 1566\n"
"From remote kernel:"
"\"dropped eqs\" -> {{1567 -> 0.}, {1567 -> 0.}, {1567 -> 0.}}\n"
"From remote kernel:"
"\"boundary condition test\" -> {85, 0, -1.0008508627169235*^6}\n"
"From remote kernel:"
"\"boundary condition test\" -> {84, 0, -499.92550585260915}\n"
"From remote kernel:"
"\"boundary condition test\" -> {83, 0, -499925.5058526091}\n"
"From remote kernel:"
"\"block\" -> {86, 87, 88, 89}\n"
"From remote kernel:"
"\"homogeneous id up to\" -> 2088\n"
"From remote kernel:"
"\"dropped eqs\" -> {{2089 -> 0.}}\n"
"From remote kernel:"
"\"boundary condition test\" -> {89, 0, -499.92550585260915}\n"
"From remote kernel:"
"\"boundary condition test\" -> {88, 0, -1.0008508627169235*^6}\n"
"From remote kernel:"
"\"boundary condition test\" -> {87, 0, -499925.5058526091}\n"
"From remote kernel:"
"\"boundary condition test\" -> {86, 0, -499925.5058526091}\n"
"From remote kernel:"
"\"block\" -> {66}\n"
"From remote kernel:"
"\"boundary condition test\" -> {66, 0, -499925.5058526091}\n"
"From remote kernel:"
"\"block\" -> {81, 82}\n"
"From remote kernel:"
"\"boundary condition test\" -> {82, 0, -499925.5058526091}\n"
"From remote kernel:"
"\"boundary condition test\" -> {81, 0, 500927.3605737566}\n"
"From remote kernel:"
"\"block\" -> {71}\n"
"From remote kernel:"
"\"boundary condition test\" -> {71, 0, -499.92550585260915}\n"
"From remote kernel:"
"\"block\" -> {68}\n"
"From remote kernel:"
"\"boundary condition test\" -> {68, 0, 500927.3605737566}\n"
"From remote kernel:"
"\"block\" -> {69}\n"
"From remote kernel:"
"\"boundary condition test\" -> {69, 0, 0.}\n"
"From remote kernel:"
"\"block\" -> {65}\n"
"From remote kernel:"
"\"boundary condition test\" -> {65, 0, 0.}\n"
"From remote kernel:"
"\"block\" -> {67}\n"
"From remote kernel:"
"\"boundary condition test\" -> {67, 0, 0.}\n"
"From remote kernel:"
"\"block\" -> {70}\n"
"From remote kernel:"
"\"boundary condition test\" -> {70, 0, 0.}\n"
"From remote kernel:"
"\"block\" -> {111}\n"
"From remote kernel:"
"\"boundary condition test\" -> {111, 0, 0.}\n"
"From remote kernel:"
"\"block\" -> {110}\n"
"From remote kernel:"
"\"boundary condition test\" -> {110, 0, 0.}\n"
"From remote kernel:"
"\"block\" -> {109}\n"
"From remote kernel:"
"\"boundary condition test\" -> {109, 0, 0.}\n"
"From remote kernel:"
"\"block\" -> {108}\n"
"From remote kernel:"
"\"boundary condition test\" -> {108, 0, 0.}\n"
"From remote kernel:"
"\"block\" -> {107}\n"
"From remote kernel:"
"\"boundary condition test\" -> {107, 0, 0.}\n"
"From remote kernel:"
"\"block\" -> {97}\n"
"From remote kernel:"
"\"boundary condition test\" -> {97, 0, 0.}\n"
"From remote kernel:"
"\"block\" -> {96}\n"
"From remote kernel:"
"\"boundary condition test\" -> {96, 0, 0.}\n"
"From remote kernel:"
"\"block\" -> {94}\n"
"From remote kernel:"
"\"boundary condition test\" -> {94, 0, 0.}\n"
"From remote kernel:"
"\"block\" -> {93}\n"
"From remote kernel:"
"\"boundary condition test\" -> {93, 0, 0.}\n"
"From remote kernel:"
"\"block\" -> {92}\n"
"From remote kernel:"
"\"boundary condition test\" -> {92, 0, 0.}\n"
"From remote kernel:"
"\"block\" -> {91}\n"
"From remote kernel:"
"\"boundary condition test\" -> {91, 0, 0.}\n"
"From remote kernel:"
"\"block\" -> {90}\n"
"From remote kernel:"
"\"boundary condition test\" -> {90, 0, 0.}\n"
"From remote kernel:"
"\"block\" -> {123, 124, 125, 126, 127}\n"
"From remote kernel:"
"\"homogeneous id up to\" -> 2610\n"
"From remote kernel:"
"\"dropped eqs\" -> {{2611 -> 0.}, {2611 -> 0.}, {2611 -> 0.}, {2611 -> 0.}}\n"
"From remote kernel:"
"\"boundary condition test\" -> {127, 0, -166.97511895477146}\n"
"From remote kernel:"
"\"boundary condition test\" -> {126, 0, -1.002351639085493*^6}\n"
"From remote kernel:"
"\"boundary condition test\" -> {125, 0, -499.92550585260915}\n"
"From remote kernel:"
"\"boundary condition test\" -> {124, 0, -166.97511895477146}\n"
"From remote kernel:"
"\"boundary condition test\" -> {123, 0, -499.92550585260915}\n"
"From remote kernel:"
"\"block\" -> {119, 120, 121, 122}\n"
"From remote kernel:"
"\"homogeneous id up to\" -> 2088\n"
"From remote kernel:"
"\"dropped eqs\" -> {{2089 -> 0.}}\n"
"From remote kernel:"
"\"boundary condition test\" -> {122, 0, -1.0008508627169235*^6}\n"
"From remote kernel:"
"\"boundary condition test\" -> {121, 0, -499.92550585260915}\n"
"From remote kernel:"
"\"boundary condition test\" -> {120, 0, -499925.5058526091}\n"
"From remote kernel:"
"\"boundary condition test\" -> {119, 0, -499925.5058526091}\n"
"From remote kernel:"
"\"block\" -> {115, 116, 117, 118}\n"
"From remote kernel:"
"\"homogeneous id up to\" -> 2088\n"
"From remote kernel:"
"\"dropped eqs\" -> {{2089 -> 0.}}\n"
"From remote kernel:"
"\"boundary condition test\" -> {118, 0, -499.92550585260915}\n"
"From remote kernel:"
"\"boundary condition test\" -> {117, 0, -1.0008508627169235*^6}\n"
"From remote kernel:"
"\"boundary condition test\" -> {116, 0, -499925.5058526091}\n"
"From remote kernel:"
"\"boundary condition test\" -> {115, 0, -499925.5058526091}\n"
"From remote kernel:"
"\"block\" -> {114}\n"
"From remote kernel:"
"\"boundary condition test\" -> {114, 0, -499.92550585260915}\n"
"From remote kernel:"
"\"block\" -> {112}\n"
"From remote kernel:"
"\"homogeneous id up to\" -> 522\n"
"From remote kernel:"
"\"dropped eqs\" -> {{523 -> 0.}}\n"
"From remote kernel:"
"\"boundary condition test\" -> {112, 0, -499925.5058526091}\n"
"From remote kernel:"
"\"block\" -> {113}\n"
"From remote kernel:"
"\"boundary condition test\" -> {113, 0, 0.}\n"
"From remote kernel:"
"\"block\" -> {130}\n"
"From remote kernel:"
"\"boundary condition test\" -> {130, 0, 0.}\n"
"From remote kernel:"
"\"block\" -> {129}\n"
"From remote kernel:"
"\"boundary condition test\" -> {129, 0, 0.}\n"
"From remote kernel:"
"\"block\" -> {128}\n"
"From remote kernel:"
"\"boundary condition test\" -> {128, 0, 0.}\n"
"From remote kernel:"
"\"block\" -> {131, 132, 133, 134, 135}\n"
"From remote kernel:"
"\"homogeneous id up to\" -> 2610\n"
"From remote kernel:"
"\"dropped eqs\" -> {{2611 -> 0.}, {2611 -> 0.}, {2611 -> 0.}, {2611 -> 0.}, {2611 -> 0.}, {2611 -> 0.}}\n"
"From remote kernel:"
"\"boundary condition test\" -> {135, 0, -3.0080572688955646*^6}\n"
"From remote kernel:"
"\"boundary condition test\" -> {134, 0, -1.002351639085493*^6}\n"
"From remote kernel:"
"\"boundary condition test\" -> {133, 0, -166.97511895477146}\n"
"From remote kernel:"
"\"boundary condition test\" -> {132, 0, -499.92550585260915}\n"
"From remote kernel:"
"\"boundary condition test\" -> {131, 0, -499.92550585260915}\n"
"From remote kernel:"
"\"block\" -> {98}\n"
"From remote kernel:"
"\"boundary condition test\" -> {98, 0, -499925.5058526091}\n"
"From remote kernel:"
"\"block\" -> {80}\n"
"From remote kernel:"
"\"boundary condition test\" -> {80, 0, 500927.3605737566}\n"
"From remote kernel:"
"\"block\" -> {44}\n"
"From remote kernel:"
"\"boundary condition test\" -> {44, 0, -499925.5058526091}\n"
"From remote kernel:"
"\"block\" -> {40}\n"
"From remote kernel:"
"\"boundary condition test\" -> {40, 0, 500927.3605737566}\n"
"From remote kernel:"
"\"block\" -> {37}\n"
"From remote kernel:"
"\"boundary condition test\" -> {37, 0, 500927.3605737566}\n"
"From remote kernel:"
"\"block\" -> {48}\n"
"From remote kernel:"
"\"boundary condition test\" -> {48, 0, 500927.3605737566}\n"
"From remote kernel:"
"\"block\" -> {10}\n"
"From remote kernel:"
"\"boundary condition test\" -> {10, 0, 500927.3605737566}\n"
"From remote kernel:"
"\"block\" -> {14}\n"
"From remote kernel:"
"\"boundary condition test\" -> {14, 0, 500927.3605737566}\n"
"From remote kernel:"
"\"block\" -> {106}\n"
"From remote kernel:"
"\"boundary condition test\" -> {106, 0, 0.}\n"
"From remote kernel:"
"\"block\" -> {95}\n"
"From remote kernel:"
"\"boundary condition test\" -> {95, 0, 0.}\n"
"From remote kernel:"
"\"block\" -> {62}\n"
"From remote kernel:"
"\"boundary condition test\" -> {62, 0, 0.}\n"
"From remote kernel:"
"\"block\" -> {60}\n"
"From remote kernel:"
"\"boundary condition test\" -> {60, 0, 0.}\n"
"From remote kernel:"
"\"block\" -> {58}\n"
"From remote kernel:"
"\"boundary condition test\" -> {58, 0, 0.}\n"
"From remote kernel:"
"\"block\" -> {56}\n"
"From remote kernel:"
"\"boundary condition test\" -> {56, 0, 0.}\n"
"From remote kernel:"
"\"block\" -> {53}\n"
"From remote kernel:"
"\"boundary condition test\" -> {53, 0, 0.}\n"
"From remote kernel:"
"\"block\" -> {51}\n"
"From remote kernel:"
"\"boundary condition test\" -> {51, 0, 0.}\n"
"From remote kernel:"
"\"block\" -> {25}\n"
"From remote kernel:"
"\"boundary condition test\" -> {25, 0, 0.}\n"
"From remote kernel:"
"\"block\" -> {23}\n"
"From remote kernel:"
"\"boundary condition test\" -> {23, 0, 0.}\n"
"From remote kernel:"
"\"block\" -> {20}\n"
"From remote kernel:"
"\"boundary condition test\" -> {20, 0, 0.}\n"
"From remote kernel:"
"\"block\" -> {17}\n"
"From remote kernel:"
"\"boundary condition test\" -> {17, 0, 0.}\n"
"From remote kernel:"
"\"AMFlow: Infinity solved in 150s.\"\n"
"From remote kernel:"
"\"AMFlow: running among regular points...\"\n"
"From remote kernel:"
"\"current regular point\" -> 10.54402535032211 - 17.573375583870185*I\n"
"From remote kernel:"
"\"current regular point\" -> 6.526527285124164 - 10.87754547520694*I\n"
"From remote kernel:"
"\"current regular point\" -> 4.060162279746892 - 6.766937132911488*I\n"
"From remote kernel:"
"\"current regular point\" -> 2.3098099404728063 - 3.8496832341213443*I\n"
"From remote kernel:"
"\"current regular point\" -> 1.3438961989621196 - 2.2398269982701993*I\n"
"From remote kernel:"
"\"current regular point\" -> 0.8303662954566242 - 1.3839438257610404*I\n"
"From remote kernel:"
"\"current regular point\" -> 0.5175955901226361 - 0.8626593168710602*I\n"
"From remote kernel:"
"\"current regular point\" -> 0.2946681379666857 - 0.4911135632778094*I\n"
"From remote kernel:"
"\"current regular point\" -> 0.16562966152202413 - 0.2760494358700402*I\n"
"From remote kernel:"
"\"current regular point\" -> 0.09427884677074436 - 0.15713141128457392*I\n"
"From remote kernel:"
"\"AMFlow: regular running finished in 165s.\"\n"
"From remote kernel:"
"\"AMFlow: solving near the last point...\"\n"
"From remote kernel:"
"\"NormalizeMat finished in 55s.\"\n"
"From remote kernel:"
"\"LearnXOrder is negative. skip learning phase.\"\n"
"From remote kernel:"
"\"block\" -> {1}\n"
"From remote kernel:"
"\"behavior\" -> {{0, 0}}\n"
"From remote kernel:"
"\"number of constraints and variables\" -> {1, 1}\n"
"From remote kernel:"
"\"block\" -> {11, 12, 13}\n"
"From remote kernel:"
"\"behavior\" -> {{0, 1}}\n"
"From remote kernel:"
"\"number of constraints and variables\" -> {3, 3}\n"
"From remote kernel:"
"\"block\" -> {15, 16}\n"
"From remote kernel:"
"\"behavior\" -> {{0, 0}, {249/250, 0}}\n"
"From remote kernel:"
"\"number of constraints and variables\" -> {4, 4}\n"
"From remote kernel:"
"\"block\" -> {6}\n"
"From remote kernel:"
"\"behavior\" -> {{499/500, 0}, {0, 0}}\n"
"From remote kernel:"
"\"number of constraints and variables\" -> {1, 1}\n"
"From remote kernel:"
"\"block\" -> {5}\n"
"From remote kernel:"
"\"behavior\" -> {{499/500, 0}, {0, 0}}\n"
"From remote kernel:"
"\"number of constraints and variables\" -> {1, 1}\n"
"From remote kernel:"
"\"block\" -> {26}\n"
"From remote kernel:"
"\"behavior\" -> {{0, 0}}\n"
"From remote kernel:"
"\"number of constraints and variables\" -> {1, 1}\n"
"From remote kernel:"
"\"block\" -> {24}\n"
"From remote kernel:"
"\"behavior\" -> {{0, 0}}\n"
"From remote kernel:"
"\"number of constraints and variables\" -> {1, 1}\n"
"From remote kernel:"
"\"block\" -> {7}\n"
"From remote kernel:"
"\"behavior\" -> {{0, 0}}\n"
"From remote kernel:"
"\"number of constraints and variables\" -> {1, 1}\n"
"From remote kernel:"
"\"block\" -> {4}\n"
"From remote kernel:"
"\"behavior\" -> {{0, 0}}\n"
"From remote kernel:"
"\"number of constraints and variables\" -> {1, 1}\n"
"From remote kernel:"
"\"block\" -> {2}\n"
"From remote kernel:"
"\"behavior\" -> {{0, 0}}\n"
"From remote kernel:"
"\"number of constraints and variables\" -> {1, 1}\n"
"From remote kernel:"
"\"block\" -> {45, 46, 47}\n"
"From remote kernel:"
"\"behavior\" -> {{0, 2}, {249/250, 0}}\n"
"From remote kernel:"
"\"number of constraints and variables\" -> {3, 3}\n"
"From remote kernel:"
"\"block\" -> {41, 42, 43}\n"
"From remote kernel:"
"\"behavior\" -> {{0, 2}, {249/250, 0}, {499/500, 0}}\n"
"From remote kernel:"
"\"number of constraints and variables\" -> {6, 6}\n"
"From remote kernel:"
"\"block\" -> {32}\n"
"From remote kernel:"
"\"behavior\" -> {{499/500, 0}, {0, 1}}\n"
"From remote kernel:"
"\"number of constraints and variables\" -> {1, 1}\n"
"From remote kernel:"
"\"block\" -> {49, 50}\n"
"From remote kernel:"
"\"behavior\" -> {{0, 1}, {499/500, 0}, {249/250, 0}}\n"
"From remote kernel:"
"\"number of constraints and variables\" -> {4, 4}\n"
"From remote kernel:"
"\"block\" -> {34}\n"
"From remote kernel:"
"\"behavior\" -> {{249/250, 0}, {0, 0}, {499/500, 0}}\n"
"From remote kernel:"
"\"number of constraints and variables\" -> {1, 1}\n"
"From remote kernel:"
"\"block\" -> {3}\n"
"From remote kernel:"
"\"behavior\" -> {{0, 1}}\n"
"From remote kernel:"
"\"number of constraints and variables\" -> {1, 1}\n"
"From remote kernel:"
"\"block\" -> {35}\n"
"From remote kernel:"
"\"behavior\" -> {{499/500, 0}, {0, 0}}\n"
"From remote kernel:"
"\"number of constraints and variables\" -> {1, 1}\n"
"From remote kernel:"
"\"block\" -> {31}\n"
"From remote kernel:"
"\"behavior\" -> {{499/500, 0}, {0, 0}}\n"
"From remote kernel:"
"\"number of constraints and variables\" -> {1, 1}\n"
"From remote kernel:"
"\"block\" -> {64}\n"
"From remote kernel:"
"\"behavior\" -> {{0, 0}}\n"
"From remote kernel:"
"\"number of constraints and variables\" -> {1, 1}\n"
"From remote kernel:"
"\"block\" -> {63}\n"
"From remote kernel:"
"\"behavior\" -> {{0, 0}}\n"
"From remote kernel:"
"\"number of constraints and variables\" -> {1, 1}\n"
"From remote kernel:"
"\"block\" -> {61}\n"
"From remote kernel:"
"\"behavior\" -> {{0, 0}}\n"
"From remote kernel:"
"\"number of constraints and variables\" -> {1, 1}\n"
"From remote kernel:"
"\"block\" -> {59}\n"
"From remote kernel:"
"\"behavior\" -> {{0, 0}}\n"
"From remote kernel:"
"\"number of constraints and variables\" -> {1, 1}\n"
"From remote kernel:"
"\"block\" -> {33}\n"
"From remote kernel:"
"\"behavior\" -> {{0, 0}}\n"
"From remote kernel:"
"\"number of constraints and variables\" -> {1, 1}\n"
"From remote kernel:"
"\"block\" -> {22}\n"
"From remote kernel:"
"\"behavior\" -> {{0, 0}}\n"
"From remote kernel:"
"\"number of constraints and variables\" -> {1, 1}\n"
"From remote kernel:"
"\"block\" -> {21}\n"
"From remote kernel:"
"\"behavior\" -> {{0, 0}}\n"
"From remote kernel:"
"\"number of constraints and variables\" -> {1, 1}\n"
"From remote kernel:"
"\"block\" -> {19}\n"
"From remote kernel:"
"\"behavior\" -> {{0, 0}}\n"
"From remote kernel:"
"\"number of constraints and variables\" -> {1, 1}\n"
"From remote kernel:"
"\"block\" -> {18}\n"
"From remote kernel:"
"\"behavior\" -> {{0, 0}}\n"
"From remote kernel:"
"\"number of constraints and variables\" -> {1, 1}\n"
"From remote kernel:"
"\"block\" -> {9}\n"
"From remote kernel:"
"\"behavior\" -> {{0, 0}}\n"
"From remote kernel:"
"\"number of constraints and variables\" -> {1, 1}\n"
"From remote kernel:"
"\"block\" -> {8}\n"
"From remote kernel:"
"\"behavior\" -> {{0, 0}}\n"
"From remote kernel:"
"\"number of constraints and variables\" -> {1, 1}\n"
"From remote kernel:"
"\"block\" -> {99, 100, 101, 102, 103, 104, 105}\n"
"From remote kernel:"
"\"behavior\" -> {{0, 3}, {499/500, 1}, {249/250, 0}}\n"
"From remote kernel:"
"\"number of constraints and variables\" -> {14, 14}\n"
"From remote kernel:"
"\"block\" -> {83, 84, 85}\n"
"From remote kernel:"
"\"behavior\" -> {{0, 3}, {249/250, 1}, {499/500, 0}}\n"
"From remote kernel:"
"\"number of constraints and variables\" -> {6, 6}\n"
"From remote kernel:"
"\"block\" -> {86, 87, 88}\n"
"From remote kernel:"
"\"behavior\" -> {{0, 2}, {499/500, 1}, {249/250, 0}}\n"
"From remote kernel:"
"\"number of constraints and variables\" -> {6, 6}\n"
"From remote kernel:"
"\"block\" -> {71}\n"
"From remote kernel:"
"\"behavior\" -> {{499/500, 0}, {0, 2}, {249/250, 0}}\n"
"From remote kernel:"
"\"number of constraints and variables\" -> {1, 1}\n"
"From remote kernel:"
"\"block\" -> {29}\n"
"From remote kernel:"
"\"behavior\" -> {{499/500, 1}, {0, 1}}\n"
"From remote kernel:"
"\"number of constraints and variables\" -> {1, 1}\n"
"From remote kernel:"
"\"block\" -> {38, 39}\n"
"From remote kernel:"
"\"behavior\" -> {{0, 1}, {249/250, 0}}\n"
"From remote kernel:"
"\"number of constraints and variables\" -> {2, 2}\n"
"From remote kernel:"
"\"block\" -> {28}\n"
"From remote kernel:"
"\"behavior\" -> {{499/500, 0}, {0, 1}}\n"
"From remote kernel:"
"\"number of constraints and variables\" -> {1, 1}\n"
"From remote kernel:"
"\"block\" -> {30}\n"
"From remote kernel:"
"\"behavior\" -> {{0, 1}}\n"
"From remote kernel:"
"\"number of constraints and variables\" -> {1, 1}\n"
"From remote kernel:"
"\"block\" -> {27}\n"
"From remote kernel:"
"\"behavior\" -> {{0, 1}}\n"
"From remote kernel:"
"\"number of constraints and variables\" -> {1, 1}\n"
"From remote kernel:"
"\"block\" -> {70}\n"
"From remote kernel:"
"\"behavior\" -> {{499/500, 0}, {0, 0}}\n"
"From remote kernel:"
"\"number of constraints and variables\" -> {1, 1}\n"
"From remote kernel:"
"\"block\" -> {97}\n"
"From remote kernel:"
"\"behavior\" -> {{0, 0}}\n"
"From remote kernel:"
"\"number of constraints and variables\" -> {1, 1}\n"
"From remote kernel:"
"\"block\" -> {96}\n"
"From remote kernel:"
"\"behavior\" -> {{0, 0}}\n"
"From remote kernel:"
"\"number of constraints and variables\" -> {1, 1}\n"
"From remote kernel:"
"\"block\" -> {57}\n"
"From remote kernel:"
"\"behavior\" -> {{0, 0}}\n"
"From remote kernel:"
"\"number of constraints and variables\" -> {1, 1}\n"
"From remote kernel:"
"\"block\" -> {55}\n"
"From remote kernel:"
"\"behavior\" -> {{0, 0}}\n"
"From remote kernel:"
"\"number of constraints and variables\" -> {1, 1}\n"
"From remote kernel:"
"\"block\" -> {54}\n"
"From remote kernel:"
"\"behavior\" -> {{0, 0}}\n"
"From remote kernel:"
"\"number of constraints and variables\" -> {1, 1}\n"
"From remote kernel:"
"\"block\" -> {52}\n"
"From remote kernel:"
"\"behavior\" -> {{0, 0}}\n"
"From remote kernel:"
"\"number of constraints and variables\" -> {1, 1}\n"
"From remote kernel:"
"\"block\" -> {36}\n"
"From remote kernel:"
"\"behavior\" -> {{0, 0}}\n"
"From remote kernel:"
"\"number of constraints and variables\" -> {1, 1}\n"
"From remote kernel:"
"\"block\" -> {123, 124, 125, 126}\n"
"From remote kernel:"
"\"behavior\" -> {{0, 4}, {499/500, 2}, {249/250, 1}}\n"
"From remote kernel:"
"\"number of constraints and variables\" -> {8, 8}\n"
"From remote kernel:"
"\"block\" -> {76, 77, 78, 79}\n"
"From remote kernel:"
"\"behavior\" -> {{0, 3}, {249/250, 0}}\n"
"From remote kernel:"
"\"number of constraints and variables\" -> {4, 4}\n"
"From remote kernel:"
"\"block\" -> {72, 73, 74, 75}\n"
"From remote kernel:"
"\"behavior\" -> {{0, 2}, {499/500, 2}, {249/250, 0}}\n"
"From remote kernel:"
"\"number of constraints and variables\" -> {8, 8}\n"
"From remote kernel:"
"\"block\" -> {89}\n"
"From remote kernel:"
"\"behavior\" -> {{499/500, 2}, {0, 2}, {249/250, 0}}\n"
"From remote kernel:"
"\"number of constraints and variables\" -> {1, 1}\n"
"From remote kernel:"
"\"block\" -> {66}\n"
"From remote kernel:"
"\"behavior\" -> {{499/500, 2}, {0, 1}}\n"
"From remote kernel:"
"\"number of constraints and variables\" -> {1, 1}\n"
"From remote kernel:"
"\"block\" -> {81, 82}\n"
"From remote kernel:"
"\"behavior\" -> {{0, 2}, {499/500, 1}, {249/250, 0}}\n"
"From remote kernel:"
"\"number of constraints and variables\" -> {4, 4}\n"
"From remote kernel:"
"\"block\" -> {68}\n"
"From remote kernel:"
"\"behavior\" -> {{249/250, 0}, {0, 1}, {499/500, 1}}\n"
"From remote kernel:"
"\"number of constraints and variables\" -> {1, 1}\n"
"From remote kernel:"
"\"block\" -> {69}\n"
"From remote kernel:"
"\"behavior\" -> {{499/500, 0}, {0, 1}}\n"
"From remote kernel:"
"\"number of constraints and variables\" -> {1, 1}\n"
"From remote kernel:"
"\"block\" -> {65}\n"
"From remote kernel:"
"\"behavior\" -> {{499/500, 0}, {0, 1}}\n"
"From remote kernel:"
"\"number of constraints and variables\" -> {1, 1}\n"
"From remote kernel:"
"\"block\" -> {67}\n"
"From remote kernel:"
"\"behavior\" -> {{0, 1}}\n"
"From remote kernel:"
"\"number of constraints and variables\" -> {1, 1}\n"
"From remote kernel:"
"\"block\" -> {111}\n"
"From remote kernel:"
"\"behavior\" -> {{0, 0}}\n"
"From remote kernel:"
"\"number of constraints and variables\" -> {1, 1}\n"
"From remote kernel:"
"\"block\" -> {110}\n"
"From remote kernel:"
"\"behavior\" -> {{0, 0}}\n"
"From remote kernel:"
"\"number of constraints and variables\" -> {1, 1}\n"
"From remote kernel:"
"\"block\" -> {109}\n"
"From remote kernel:"
"\"behavior\" -> {{0, 0}}\n"
"From remote kernel:"
"\"number of constraints and variables\" -> {1, 1}\n"
"From remote kernel:"
"\"block\" -> {108}\n"
"From remote kernel:"
"\"behavior\" -> {{0, 0}}\n"
"From remote kernel:"
"\"number of constraints and variables\" -> {1, 1}\n"
"From remote kernel:"
"\"block\" -> {107}\n"
"From remote kernel:"
"\"behavior\" -> {{0, 0}}\n"
"From remote kernel:"
"\"number of constraints and variables\" -> {1, 1}\n"
"From remote kernel:"
"\"block\" -> {94}\n"
"From remote kernel:"
"\"behavior\" -> {{0, 0}}\n"
"From remote kernel:"
"\"number of constraints and variables\" -> {1, 1}\n"
"From remote kernel:"
"\"block\" -> {93}\n"
"From remote kernel:"
"\"behavior\" -> {{0, 0}}\n"
"From remote kernel:"
"\"number of constraints and variables\" -> {1, 1}\n"
"From remote kernel:"
"\"block\" -> {92}\n"
"From remote kernel:"
"\"behavior\" -> {{0, 0}}\n"
"From remote kernel:"
"\"number of constraints and variables\" -> {1, 1}\n"
"From remote kernel:"
"\"block\" -> {91}\n"
"From remote kernel:"
"\"behavior\" -> {{0, 0}}\n"
"From remote kernel:"
"\"number of constraints and variables\" -> {1, 1}\n"
"From remote kernel:"
"\"block\" -> {90}\n"
"From remote kernel:"
"\"behavior\" -> {{0, 0}}\n"
"From remote kernel:"
"\"number of constraints and variables\" -> {1, 1}\n"
"From remote kernel:"
"\"block\" -> {119, 120, 121, 122}\n"
"From remote kernel:"
"\"behavior\" -> {{0, 4}, {499/500, 2}, {249/250, 0}}\n"
"From remote kernel:"
"\"number of constraints and variables\" -> {8, 8}\n"
"From remote kernel:"
"\"block\" -> {127}\n"
"From remote kernel:"
"\"behavior\" -> {{499/500, 3}, {0, 4}, {249/250, 1}}\n"
"From remote kernel:"
"\"number of constraints and variables\" -> {1, 1}\n"
"From remote kernel:"
"\"block\" -> {115, 116, 117, 118}\n"
"From remote kernel:"
"\"behavior\" -> {{0, 3}, {499/500, 3}, {249/250, 0}}\n"
"From remote kernel:"
"\"number of constraints and variables\" -> {8, 8}\n"
"From remote kernel:"
"\"block\" -> {114}\n"
"From remote kernel:"
"\"behavior\" -> {{499/500, 3}, {0, 3}, {249/250, 0}}\n"
"From remote kernel:"
"\"number of constraints and variables\" -> {1, 1}\n"
"From remote kernel:"
"\"block\" -> {112}\n"
"From remote kernel:"
"\"behavior\" -> {{249/250, 2}, {0, 3}, {499/500, 2}}\n"
"From remote kernel:"
"\"number of constraints and variables\" -> {1, 1}\n"
"From remote kernel:"
"\"block\" -> {113}\n"
"From remote kernel:"
"\"behavior\" -> {{499/500, 0}, {0, 1}}\n"
"From remote kernel:"
"\"number of constraints and variables\" -> {1, 1}\n"
"From remote kernel:"
"\"block\" -> {130}\n"
"From remote kernel:"
"\"behavior\" -> {{0, 0}}\n"
"From remote kernel:"
"\"number of constraints and variables\" -> {1, 1}\n"
"From remote kernel:"
"\"block\" -> {129}\n"
"From remote kernel:"
"\"behavior\" -> {{0, 0}}\n"
"From remote kernel:"
"\"number of constraints and variables\" -> {1, 1}\n"
"From remote kernel:"
"\"block\" -> {128}\n"
"From remote kernel:"
"\"behavior\" -> {{0, 0}}\n"
"From remote kernel:"
"\"number of constraints and variables\" -> {1, 1}\n"
"From remote kernel:"
"\"block\" -> {131, 132, 133, 134, 135}\n"
"From remote kernel:"
"\"behavior\" -> {{0, 5}, {499/500, 4}, {249/250, 2}}\n"
"From remote kernel:"
"\"number of constraints and variables\" -> {10, 10}\n"
"From remote kernel:"
"\"block\" -> {98}\n"
"From remote kernel:"
"\"behavior\" -> {{0, 4}, {249/250, 0}, {499/500, 1}}\n"
"From remote kernel:"
"\"number of constraints and variables\" -> {1, 1}\n"
"From remote kernel:"
"\"block\" -> {80}\n"
"From remote kernel:"
"\"behavior\" -> {{0, 3}, {249/250, 0}, {499/500, 1}}\n"
"From remote kernel:"
"\"number of constraints and variables\" -> {1, 1}\n"
"From remote kernel:"
"\"block\" -> {44}\n"
"From remote kernel:"
"\"behavior\" -> {{0, 3}, {249/250, 0}}\n"
"From remote kernel:"
"\"number of constraints and variables\" -> {1, 1}\n"
"From remote kernel:"
"\"block\" -> {40}\n"
"From remote kernel:"
"\"behavior\" -> {{0, 3}, {499/500, 0}, {249/250, 0}}\n"
"From remote kernel:"
"\"number of constraints and variables\" -> {1, 1}\n"
"From remote kernel:"
"\"block\" -> {37}\n"
"From remote kernel:"
"\"behavior\" -> {{0, 2}, {249/250, 0}}\n"
"From remote kernel:"
"\"number of constraints and variables\" -> {1, 1}\n"
"From remote kernel:"
"\"block\" -> {48}\n"
"From remote kernel:"
"\"behavior\" -> {{0, 2}, {249/250, 0}, {499/500, 0}}\n"
"From remote kernel:"
"\"number of constraints and variables\" -> {1, 1}\n"
"From remote kernel:"
"\"block\" -> {10}\n"
"From remote kernel:"
"\"behavior\" -> {{0, 2}}\n"
"From remote kernel:"
"\"number of constraints and variables\" -> {1, 1}\n"
"From remote kernel:"
"\"block\" -> {14}\n"
"From remote kernel:"
"\"behavior\" -> {{0, 1}, {249/250, 0}}\n"
"From remote kernel:"
"\"number of constraints and variables\" -> {1, 1}\n"
"From remote kernel:"
"\"block\" -> {106}\n"
"From remote kernel:"
"\"behavior\" -> {{0, 0}}\n"
"From remote kernel:"
"\"number of constraints and variables\" -> {1, 1}\n"
"From remote kernel:"
"\"block\" -> {95}\n"
"From remote kernel:"
"\"behavior\" -> {{0, 0}}\n"
"From remote kernel:"
"\"number of constraints and variables\" -> {1, 1}\n"
"From remote kernel:"
"\"block\" -> {62}\n"
"From remote kernel:"
"\"behavior\" -> {{0, 0}}\n"
"From remote kernel:"
"\"number of constraints and variables\" -> {1, 1}\n"
"From remote kernel:"
"\"block\" -> {60}\n"
"From remote kernel:"
"\"behavior\" -> {{0, 0}}\n"
"From remote kernel:"
"\"number of constraints and variables\" -> {1, 1}\n"
"From remote kernel:"
"\"block\" -> {58}\n"
"From remote kernel:"
"\"behavior\" -> {{0, 0}}\n"
"From remote kernel:"
"\"number of constraints and variables\" -> {1, 1}\n"
"From remote kernel:"
"\"block\" -> {56}\n"
"From remote kernel:"
"\"behavior\" -> {{0, 0}}\n"
"From remote kernel:"
"\"number of constraints and variables\" -> {1, 1}\n"
"From remote kernel:"
"\"block\" -> {53}\n"
"From remote kernel:"
"\"behavior\" -> {{0, 0}}\n"
"From remote kernel:"
"\"number of constraints and variables\" -> {1, 1}\n"
"From remote kernel:"
"\"block\" -> {51}\n"
"From remote kernel:"
"\"behavior\" -> {{0, 0}}\n"
"From remote kernel:"
"\"number of constraints and variables\" -> {1, 1}\n"
"From remote kernel:"
"\"block\" -> {25}\n"
"From remote kernel:"
"\"behavior\" -> {{0, 0}}\n"
"From remote kernel:"
"\"number of constraints and variables\" -> {1, 1}\n"
"From remote kernel:"
"\"block\" -> {23}\n"
"From remote kernel:"
"\"behavior\" -> {{0, 0}}\n"
"From remote kernel:"
"\"number of constraints and variables\" -> {1, 1}\n"
"From remote kernel:"
"\"block\" -> {20}\n"
"From remote kernel:"
"\"behavior\" -> {{0, 0}}\n"
"From remote kernel:"
"\"number of constraints and variables\" -> {1, 1}\n"
"From remote kernel:"
"\"block\" -> {17}\n"
"From remote kernel:"
"\"behavior\" -> {{0, 0}}\n"
"From remote kernel:"
"\"number of constraints and variables\" -> {1, 1}\n"
"From remote kernel:"
"\"AMFlow: last point solved in 177s.\"\n"
"From remote kernel:"
"\"dropped terms when pickzero\" -> {0.}\n"
"From remote kernel:"
"\"dropped terms when pickzero\" -> {0., 0.}\n"
"From remote kernel:"
"\"dropped terms when pickzero\" -> {0.}\n"
"From remote kernel:"
"\"dropped terms when pickzero\" -> {0., 0.}\n"
"From remote kernel:"
"\"dropped terms when pickzero\" -> {0.}\n"
"From remote kernel:"
"\"dropped terms when pickzero\" -> {0.}\n"
"From remote kernel:"
"\"dropped terms when pickzero\" -> {0.}\n"
"From remote kernel:"
"\"dropped terms when pickzero\" -> {0.}\n"
"From remote kernel:"
"\"dropped terms when pickzero\" -> {0., 0.}\n"
"From remote kernel:"
"\"dropped terms when pickzero\" -> {0.}\n"
"From remote kernel:"
"\"dropped terms when pickzero\" -> {0.}\n"
"From remote kernel:"
"\"dropped terms when pickzero\" -> {0., 0.}\n"
"From remote kernel:"
"\"dropped terms when pickzero\" -> {0.}\n"
"From remote kernel:"
"\"dropped terms when pickzero\" -> {0.}\n"
"From remote kernel:"
"\"dropped terms when pickzero\" -> {0., 0.}\n"
"From remote kernel:"
"\"dropped terms when pickzero\" -> {0., 0.}\n"
"From remote kernel:"
"\"dropped terms when pickzero\" -> {0., 0.}\n"
"From remote kernel:"
"\"dropped terms when pickzero\" -> {0.}\n"
"From remote kernel:"
"\"dropped terms when pickzero\" -> {0.}\n"
"From remote kernel:"
"\"dropped terms when pickzero\" -> {0., 0.}\n"
"From remote kernel:"
"\"dropped terms when pickzero\" -> {0.}\n"
"From remote kernel:"
"\"dropped terms when pickzero\" -> {0., 0.}\n"
"From remote kernel:"
"\"dropped terms when pickzero\" -> {0., 0., 0.}\n"
"From remote kernel:"
"\"dropped terms when pickzero\" -> {0.}\n"
"From remote kernel:"
"\"dropped terms when pickzero\" -> {0.}\n"
"From remote kernel:"
"\"dropped terms when pickzero\" -> {0.}\n"
"From remote kernel:"
"\"dropped terms when pickzero\" -> {0.}\n"
"From remote kernel:"
"\"dropped terms when pickzero\" -> {0., 0.}\n"
"From remote kernel:"
"\"dropped terms when pickzero\" -> {0., 0.}\n"
"From remote kernel:"
"\"dropped terms when pickzero\" -> {0.}\n"
"From remote kernel:"
"\"dropped terms when pickzero\" -> {0.}\n"
"From remote kernel:"
"\"dropped terms when pickzero\" -> {0., 0.}\n"
"From remote kernel:"
"\"dropped terms when pickzero\" -> {0.}\n"
"From remote kernel:"
"\"dropped terms when pickzero\" -> {0., 0.}\n"
"From remote kernel:"
"\"dropped terms when pickzero\" -> {0.}\n"
"From remote kernel:"
"\"dropped terms when pickzero\" -> {0., 0.}\n"
"From remote kernel:"
"\"dropped terms when pickzero\" -> {0., 0.}\n"
"From remote kernel:"
"\"dropped terms when pickzero\" -> {0.}\n"
"From remote kernel:"
"\"dropped terms when pickzero\" -> {0.}\n"
"From remote kernel:"
"\"dropped terms when pickzero\" -> {0., 0.}\n"
"From remote kernel:"
"\"dropped terms when pickzero\" -> {0., 0.}\n"
"From remote kernel:"
"\"dropped terms when pickzero\" -> {0., 0., 0.}\n"
"From remote kernel:"
"\"dropped terms when pickzero\" -> {0., 0., 0., 0., 0.}\n"
"From remote kernel:"
"\"system cleared: DESolver`$InternalSystem\"\n"
"From remote kernel:"
"\"AMFlow: finished in 499s.\"\n"
