"From remote kernel:"
"DESolver`SetGlobalOptions -> {\"WorkingPre\" -> 100, \"ChopPre\" -> 20, \"SilentMode\" -> False, \"RationalizePre\" -> 100}\n"
"From remote kernel:"
"DESolver`SetExpansionOptions -> {\"XOrder\" -> 100, \"ExtraXOrder\" -> 20, \"LearnXOrder\" -> -1, \"TestXOrder\" -> 5}\n"
"From remote kernel:"
"DESolver`SetRunningOptions -> {\"RunRadius\" -> 2, \"RunLength\" -> 1000, \"RunCandidate\" -> 10, \"RunDirection\" -> \"NegIm\"}\n"
"From remote kernel:"
"DESolver`SetGlobalOptions -> {\"WorkingPre\" -> 200, \"ChopPre\" -> 20, \"SilentMode\" -> False, \"RationalizePre\" -> 100}\n"
"From remote kernel:"
"DESolver`SetExpansionOptions -> {\"XOrder\" -> 400, \"ExtraXOrder\" -> 480, \"LearnXOrder\" -> -1, \"TestXOrder\" -> 5}\n"
"From remote kernel:"
"DESolver`SetRunningOptions -> {\"RunRadius\" -> 2, \"RunLength\" -> 1000, \"RunCandidate\" -> 10, \"RunDirection\" -> \"NegIm\"}\n"
"From remote kernel:"
"\"AMFlow: start.\"\n"
"From remote kernel:"
"\"system loaded: DESolver`$InternalSystem\\nDE[DESolver`$InternalSystem] -- differential equation in matrix form\\nBC[DESolver`$InternalSystem] -- boundary conditions either in singular form or in regular form\\nP[DESolver`$InternalSystem] -- boundary point\\nAsyExp[DESolver`$InternalSystem] -- asymptotic expansion near a singular point (currently it is Null)\\nintegrals: 44, blocks: 29, density: 0.17, degrees: {16, 21}\"\n"
"From remote kernel:"
"\"AMFlow: integrals will be evaluated at 7 regular points\" -> {2.7946549257191227 - 13.973274628595613*I, 1.6492671359354223 - 8.246335679677111*I, 0.9830579783265792 - 4.915289891632896*I, 0.5007074584175788 - 2.503537292087894*I, 0.2546129566092834 - 1.273064783046417*I, 0.1273064783046417 - 0.6365323915232085*I, 0.0663079247439422 - 0.33153962371971096*I}\n"
"From remote kernel:"
"\"AMFlow: integration contour generated in 1s.\"\n"
"From remote kernel:"
"\"AMFlow: solving near eta = Infinity...\"\n"
"From remote kernel:"
"\"CalcTaylor: current region\" -> 1/100000\n"
"From remote kernel:"
"\"block\" -> {1}\n"
"From remote kernel:"
"\"boundary condition inserted\" -> {1, 0, 1.0000084559869469*^10}\n"
"From remote kernel:"
"\"block\" -> {7, 8}\n"
"From remote kernel:"
"\"boundary condition test\" -> {8, 0, 1.0000084559869469*^10}\n"
"From remote kernel:"
"\"boundary condition test\" -> {7, 0, -100000.8455986947}\n"
"From remote kernel:"
"\"block\" -> {2}\n"
"From remote kernel:"
"\"boundary condition test\" -> {2, 0, 0.}\n"
"From remote kernel:"
"\"block\" -> {6}\n"
"From remote kernel:"
"\"boundary condition test\" -> {6, 0, 9.99998455902387*^9}\n"
"From remote kernel:"
"\"block\" -> {4}\n"
"From remote kernel:"
"\"boundary condition test\" -> {4, 0, 1.0000084559869469*^10}\n"
"From remote kernel:"
"\"block\" -> {15, 16}\n"
"From remote kernel:"
"\"boundary condition test\" -> {16, 0, 0.}\n"
"From remote kernel:"
"\"boundary condition test\" -> {15, 0, 0.}\n"
"From remote kernel:"
"\"block\" -> {3}\n"
"From remote kernel:"
"\"boundary condition test\" -> {3, 0, 1.0000084559869469*^10}\n"
"From remote kernel:"
"\"block\" -> {13}\n"
"From remote kernel:"
"\"boundary condition test\" -> {13, 0, 0.}\n"
"From remote kernel:"
"\"block\" -> {12}\n"
"From remote kernel:"
"\"boundary condition test\" -> {12, 0, 0.}\n"
"From remote kernel:"
"\"block\" -> {10}\n"
"From remote kernel:"
"\"boundary condition test\" -> {10, 0, 0.}\n"
"From remote kernel:"
"\"block\" -> {24, 25, 26}\n"
"From remote kernel:"
"\"boundary condition test\" -> {26, 0, 1.0000084559869469*^10}\n"
"From remote kernel:"
"\"boundary condition test\" -> {25, 0, 1.0000084559869469*^10}\n"
"From remote kernel:"
"\"boundary condition test\" -> {24, 0, 9.99998455902387*^9}\n"
"From remote kernel:"
"\"block\" -> {31, 32, 33}\n"
"From remote kernel:"
"\"boundary condition test\" -> {33, 0, 1.0000084559869469*^10}\n"
"From remote kernel:"
"\"boundary condition test\" -> {32, 0, 1.0000084559869469*^10}\n"
"From remote kernel:"
"\"boundary condition test\" -> {31, 0, 1.0000084559869469*^10}\n"
"From remote kernel:"
"\"block\" -> {19, 20}\n"
"From remote kernel:"
"\"boundary condition test\" -> {20, 0, 1.0000184562715124*^10}\n"
"From remote kernel:"
"\"boundary condition test\" -> {19, 0, -100001.84562715124}\n"
"From remote kernel:"
"\"block\" -> {28, 29}\n"
"From remote kernel:"
"\"boundary condition test\" -> {29, 0, 0.}\n"
"From remote kernel:"
"\"boundary condition test\" -> {28, 0, 0.}\n"
"From remote kernel:"
"\"block\" -> {17}\n"
"From remote kernel:"
"\"boundary condition test\" -> {17, 0, 1.0000084559869469*^10}\n"
"From remote kernel:"
"\"block\" -> {22}\n"
"From remote kernel:"
"\"boundary condition test\" -> {22, 0, 0.}\n"
"From remote kernel:"
"\"block\" -> {39, 40, 41, 42, 43, 44}\n"
"From remote kernel:"
"\"boundary condition test\" -> {44, 0, 1.0000184562715124*^10}\n"
"From remote kernel:"
"\"boundary condition test\" -> {43, 0, 1.0000184562715124*^10}\n"
"From remote kernel:"
"\"boundary condition test\" -> {42, 0, 1.0000184562715124*^10}\n"
"From remote kernel:"
"\"boundary condition test\" -> {41, 0, -1.0000284564560751*^10}\n"
"From remote kernel:"
"\"boundary condition test\" -> {40, 0, -4.999892281666302*^9}\n"
"From remote kernel:"
"\"boundary condition test\" -> {39, 0, 4.999992279511935*^9}\n"
"From remote kernel:"
"\"block\" -> {35, 36, 37}\n"
"From remote kernel:"
"\"boundary condition test\" -> {37, 0, 1.0000084559869469*^10}\n"
"From remote kernel:"
"\"boundary condition test\" -> {36, 0, 1.0000084559869469*^10}\n"
"From remote kernel:"
"\"boundary condition test\" -> {35, 0, 1.0000084559869469*^10}\n"
"From remote kernel:"
"\"block\" -> {38}\n"
"From remote kernel:"
"\"boundary condition test\" -> {38, 0, 1.0000184562715124*^10}\n"
"From remote kernel:"
"\"block\" -> {34}\n"
"From remote kernel:"
"\"boundary condition test\" -> {34, 0, 1.0000084559869469*^10}\n"
"From remote kernel:"
"\"block\" -> {23}\n"
"From remote kernel:"
"\"boundary condition test\" -> {23, 0, 1.0000084559869469*^10}\n"
"From remote kernel:"
"\"block\" -> {30}\n"
"From remote kernel:"
"\"boundary condition test\" -> {30, 0, 1.0000084559869469*^10}\n"
"From remote kernel:"
"\"block\" -> {18}\n"
"From remote kernel:"
"\"boundary condition test\" -> {18, 0, 1.0000184562715124*^10}\n"
"From remote kernel:"
"\"block\" -> {27}\n"
"From remote kernel:"
"\"boundary condition test\" -> {27, 0, 0.}\n"
"From remote kernel:"
"\"block\" -> {5}\n"
"From remote kernel:"
"\"boundary condition test\" -> {5, 0, 1.0000084559869469*^10}\n"
"From remote kernel:"
"\"block\" -> {14}\n"
"From remote kernel:"
"\"boundary condition test\" -> {14, 0, 0.}\n"
"From remote kernel:"
"\"block\" -> {21}\n"
"From remote kernel:"
"\"boundary condition test\" -> {21, 0, 0.}\n"
"From remote kernel:"
"\"block\" -> {11}\n"
"From remote kernel:"
"\"boundary condition test\" -> {11, 0, 0.}\n"
"From remote kernel:"
"\"block\" -> {9}\n"
"From remote kernel:"
"\"boundary condition test\" -> {9, 0, 0.}\n"
"From remote kernel:"
"\"CalcTaylor: current region\" -> 0\n"
"From remote kernel:"
"\"block\" -> {1}\n"
"From remote kernel:"
"\"boundary condition test\" -> {1, 0, 0.}\n"
"From remote kernel:"
"\"block\" -> {7, 8}\n"
"From remote kernel:"
"\"boundary condition test\" -> {8, 0, 0.}\n"
"From remote kernel:"
"\"boundary condition test\" -> {7, 0, 0.}\n"
"From remote kernel:"
"\"block\" -> {2}\n"
"From remote kernel:"
"\"boundary condition inserted\" -> {2, 0, 1.0000084559869469*^10}\n"
"From remote kernel:"
"\"block\" -> {6}\n"
"From remote kernel:"
"\"boundary condition test\" -> {6, 0, 0.}\n"
"From remote kernel:"
"\"block\" -> {4}\n"
"From remote kernel:"
"\"boundary condition test\" -> {4, 0, -1.0000084559869469*^10}\n"
"From remote kernel:"
"\"block\" -> {15, 16}\n"
"From remote kernel:"
"\"boundary condition test\" -> {16, 0, 0.}\n"
"From remote kernel:"
"\"boundary condition test\" -> {15, 0, 0.}\n"
"From remote kernel:"
"\"block\" -> {3}\n"
"From remote kernel:"
"\"boundary condition test\" -> {3, 0, 0.}\n"
"From remote kernel:"
"\"block\" -> {13}\n"
"From remote kernel:"
"\"boundary condition inserted\" -> {13, 0, -4.99984299255875*^9}\n"
"From remote kernel:"
"\"block\" -> {12}\n"
"From remote kernel:"
"\"boundary condition inserted\" -> {12, 0, 4.999992278674396*^9}\n"
"From remote kernel:"
"\"block\" -> {10}\n"
"From remote kernel:"
"\"boundary condition inserted\" -> {10, 0, -5.000092285647588*^9}\n"
"From remote kernel:"
"\"block\" -> {24, 25, 26}\n"
"From remote kernel:"
"\"boundary condition test\" -> {26, 0, 4.99984299255875*^9}\n"
"From remote kernel:"
"\"boundary condition test\" -> {25, 0, -4.999992278674396*^9}\n"
"From remote kernel:"
"\"boundary condition test\" -> {24, 0, -4.999992278674396*^9}\n"
"From remote kernel:"
"\"block\" -> {31, 32, 33}\n"
"From remote kernel:"
"\"homogeneous id up to\" -> 2646\n"
"From remote kernel:"
"\"dropped eqs\" -> {{2647 -> 0.}, {2647 -> 0.}}\n"
"From remote kernel:"
"\"boundary condition test\" -> {33, 0, -24998.711465936452}\n"
"From remote kernel:"
"\"boundary condition test\" -> {32, 0, 5.000092285647588*^9}\n"
"From remote kernel:"
"\"boundary condition test\" -> {31, 0, 5.000092285647588*^9}\n"
"From remote kernel:"
"\"block\" -> {19, 20}\n"
"From remote kernel:"
"\"boundary condition test\" -> {20, 0, 0.}\n"
"From remote kernel:"
"\"boundary condition test\" -> {19, 0, 0.}\n"
"From remote kernel:"
"\"block\" -> {28, 29}\n"
"From remote kernel:"
"\"boundary condition test\" -> {29, 0, 5.000092285647588*^9}\n"
"From remote kernel:"
"\"boundary condition test\" -> {28, 0, -4.999992281801798*^9}\n"
"From remote kernel:"
"\"block\" -> {17}\n"
"From remote kernel:"
"\"boundary condition test\" -> {17, 0, -1.0000184562715124*^10}\n"
"From remote kernel:"
"\"block\" -> {22}\n"
"From remote kernel:"
"\"boundary condition inserted\" -> {22, 0, -1.5579902247699385*^9}\n"
"From remote kernel:"
"\"block\" -> {39, 40, 41, 42, 43, 44}\n"
"From remote kernel:"
"\"homogeneous id up to\" -> 5292\n"
"From remote kernel:"
"\"dropped eqs\" -> {{5293 -> 0.}, {5293 -> 0.}, {5293 -> 0.}, {5293 -> 0.}}\n"
"From remote kernel:"
"\"boundary condition test\" -> {44, 0, 5321.239558491646}\n"
"From remote kernel:"
"\"boundary condition test\" -> {43, 0, 1.5579902247699385*^9}\n"
"From remote kernel:"
"\"boundary condition test\" -> {42, 0, 2.6958902358952024}\n"
"From remote kernel:"
"\"boundary condition test\" -> {41, 0, 5.000192281953745*^9}\n"
"From remote kernel:"
"\"boundary condition test\" -> {40, 0, -2.500370446429205*^9}\n"
"From remote kernel:"
"\"boundary condition test\" -> {39, 0, -5.000042285278481*^9}\n"
"From remote kernel:"
"\"block\" -> {35, 36, 37}\n"
"From remote kernel:"
"\"boundary condition test\" -> {37, 0, 1.5579902247699385*^9}\n"
"From remote kernel:"
"\"boundary condition test\" -> {36, 0, -5.000042285278481*^9}\n"
"From remote kernel:"
"\"boundary condition test\" -> {35, 0, -2.500370446429205*^9}\n"
"From remote kernel:"
"\"block\" -> {38}\n"
"From remote kernel:"
"\"boundary condition test\" -> {38, 0, -5.000192281953745*^9}\n"
"From remote kernel:"
"\"block\" -> {34}\n"
"From remote kernel:"
"\"homogeneous id up to\" -> 882\n"
"From remote kernel:"
"\"dropped eqs\" -> {{883 -> 0.}}\n"
"From remote kernel:"
"\"boundary condition test\" -> {34, 0, -5.000192281953745*^9}\n"
"From remote kernel:"
"\"block\" -> {23}\n"
"From remote kernel:"
"\"homogeneous id up to\" -> 882\n"
"From remote kernel:"
"\"dropped eqs\" -> {{883 -> 0.}}\n"
"From remote kernel:"
"\"boundary condition test\" -> {23, 0, -1.0000284560683756*^10}\n"
"From remote kernel:"
"\"block\" -> {30}\n"
"From remote kernel:"
"\"homogeneous id up to\" -> 882\n"
"From remote kernel:"
"\"dropped eqs\" -> {{883 -> 0.}, {883 -> 0.}}\n"
"From remote kernel:"
"\"boundary condition test\" -> {30, 0, -5.00006728281104*^9}\n"
"From remote kernel:"
"\"block\" -> {18}\n"
"From remote kernel:"
"\"boundary condition test\" -> {18, 0, 0.}\n"
"From remote kernel:"
"\"block\" -> {27}\n"
"From remote kernel:"
"\"homogeneous id up to\" -> 882\n"
"From remote kernel:"
"\"dropped eqs\" -> {{883 -> 0.}}\n"
"From remote kernel:"
"\"boundary condition test\" -> {27, 0, -5.00006728281104*^9}\n"
"From remote kernel:"
"\"block\" -> {5}\n"
"From remote kernel:"
"\"boundary condition test\" -> {5, 0, 0.}\n"
"From remote kernel:"
"\"block\" -> {14}\n"
"From remote kernel:"
"\"boundary condition test\" -> {14, 0, 0.}\n"
"From remote kernel:"
"\"block\" -> {21}\n"
"From remote kernel:"
"\"boundary condition inserted\" -> {21, 0, 5.000192281953745*^9}\n"
"From remote kernel:"
"\"block\" -> {11}\n"
"From remote kernel:"
"\"boundary condition inserted\" -> {11, 0, 1.0000284560683756*^10}\n"
"From remote kernel:"
"\"block\" -> {9}\n"
"From remote kernel:"
"\"boundary condition inserted\" -> {9, 0, 5.00006728281104*^9}\n"
"From remote kernel:"
"\"CalcTaylor: current region\" -> 1/50000\n"
"From remote kernel:"
"\"block\" -> {1}\n"
"From remote kernel:"
"\"boundary condition test\" -> {1, 0, 0.}\n"
"From remote kernel:"
"\"block\" -> {7, 8}\n"
"From remote kernel:"
"\"boundary condition inserted\" -> {8, 0, -4.999992281156855*^9}\n"
"From remote kernel:"
"\"boundary condition test\" -> {7, 0, 4.999992281156855*^9}\n"
"From remote kernel:"
"\"block\" -> {2}\n"
"From remote kernel:"
"\"boundary condition test\" -> {2, 0, 0.}\n"
"From remote kernel:"
"\"block\" -> {6}\n"
"From remote kernel:"
"\"boundary condition test\" -> {6, 0, -4.999992281156855*^9}\n"
"From remote kernel:"
"\"block\" -> {4}\n"
"From remote kernel:"
"\"boundary condition inserted\" -> {4, 0, 0.}\n"
"From remote kernel:"
"\"block\" -> {15, 16}\n"
"From remote kernel:"
"\"boundary condition inserted\" -> {16, 0, -4.999992281156855*^9}\n"
"From remote kernel:"
"\"boundary condition test\" -> {15, 0, 4.999992281156855*^9}\n"
"From remote kernel:"
"\"block\" -> {3}\n"
"From remote kernel:"
"\"boundary condition inserted\" -> {3, 0, 0.}\n"
"From remote kernel:"
"\"block\" -> {13}\n"
"From remote kernel:"
"\"boundary condition test\" -> {13, 0, 0.}\n"
"From remote kernel:"
"\"block\" -> {12}\n"
"From remote kernel:"
"\"boundary condition test\" -> {12, 0, 0.}\n"
"From remote kernel:"
"\"block\" -> {10}\n"
"From remote kernel:"
"\"boundary condition test\" -> {10, 0, 0.}\n"
"From remote kernel:"
"\"block\" -> {24, 25, 26}\n"
"From remote kernel:"
"\"boundary condition test\" -> {26, 0, -4.999992281156855*^9}\n"
"From remote kernel:"
"\"boundary condition test\" -> {25, 0, 5.000092283002515*^9}\n"
"From remote kernel:"
"\"boundary condition test\" -> {24, 0, -4.999992281156855*^9}\n"
"From remote kernel:"
"\"block\" -> {31, 32, 33}\n"
"From remote kernel:"
"\"boundary condition inserted\" -> {33, 0, -49999.92281156855}\n"
"From remote kernel:"
"\"boundary condition test\" -> {32, 0, -4.999992281156855*^9}\n"
"From remote kernel:"
"\"boundary condition test\" -> {31, 0, 5.000092283002515*^9}\n"
"From remote kernel:"
"\"block\" -> {19, 20}\n"
"From remote kernel:"
"\"boundary condition test\" -> {20, 0, -1.0000084562159332*^10}\n"
"From remote kernel:"
"\"boundary condition test\" -> {19, 0, 99999.8456231371}\n"
"From remote kernel:"
"\"block\" -> {28, 29}\n"
"From remote kernel:"
"\"boundary condition test\" -> {29, 0, -4.999992281156855*^9}\n"
"From remote kernel:"
"\"boundary condition test\" -> {28, 0, 5.000092283002515*^9}\n"
"From remote kernel:"
"\"block\" -> {17}\n"
"From remote kernel:"
"\"boundary condition inserted\" -> {17, 0, 0.}\n"
"From remote kernel:"
"\"block\" -> {22}\n"
"From remote kernel:"
"\"boundary condition test\" -> {22, 0, 0.}\n"
"From remote kernel:"
"\"block\" -> {39, 40, 41, 42, 43, 44}\n"
"From remote kernel:"
"\"homogeneous id up to\" -> 5292\n"
"From remote kernel:"
"\"dropped eqs\" -> {{5293 -> 0.}}\n"
"From remote kernel:"
"\"boundary condition test\" -> {44, 0, -1.0000234562927765*^10}\n"
"From remote kernel:"
"\"boundary condition test\" -> {43, 0, -1.0000084562159332*^10}\n"
"From remote kernel:"
"\"boundary condition test\" -> {42, 0, -4.999992281156855*^9}\n"
"From remote kernel:"
"\"boundary condition test\" -> {41, 0, 5.000092281002478*^9}\n"
"From remote kernel:"
"\"boundary condition test\" -> {40, 0, -49999.92281156855}\n"
"From remote kernel:"
"\"boundary condition test\" -> {39, 0, -49999.92281156855}\n"
"From remote kernel:"
"\"block\" -> {35, 36, 37}\n"
"From remote kernel:"
"\"homogeneous id up to\" -> 2646\n"
"From remote kernel:"
"\"dropped eqs\" -> {{2647 -> 0.}}\n"
"From remote kernel:"
"\"boundary condition inserted\" -> {37, 0, -4.999992281156855*^9}\n"
"From remote kernel:"
"\"boundary condition test\" -> {36, 0, 5.000092283002515*^9}\n"
"From remote kernel:"
"\"boundary condition test\" -> {35, 0, 5.000092283002515*^9}\n"
"From remote kernel:"
"\"block\" -> {38}\n"
"From remote kernel:"
"\"boundary condition test\" -> {38, 0, -4.999992281156855*^9}\n"
"From remote kernel:"
"\"block\" -> {34}\n"
"From remote kernel:"
"\"boundary condition test\" -> {34, 0, 5.000092283002515*^9}\n"
"From remote kernel:"
"\"block\" -> {23}\n"
"From remote kernel:"
"\"boundary condition test\" -> {23, 0, 5.000092283002515*^9}\n"
"From remote kernel:"
"\"block\" -> {30}\n"
"From remote kernel:"
"\"boundary condition test\" -> {30, 0, 5.000092283002515*^9}\n"
"From remote kernel:"
"\"block\" -> {18}\n"
"From remote kernel:"
"\"boundary condition test\" -> {18, 0, -4.999992281156855*^9}\n"
"From remote kernel:"
"\"block\" -> {27}\n"
"From remote kernel:"
"\"boundary condition test\" -> {27, 0, 5.000092283002515*^9}\n"
"From remote kernel:"
"\"block\" -> {5}\n"
"From remote kernel:"
"\"boundary condition test\" -> {5, 0, 5.000092283002515*^9}\n"
"From remote kernel:"
"\"block\" -> {14}\n"
"From remote kernel:"
"\"boundary condition test\" -> {14, 0, 5.000092283002515*^9}\n"
"From remote kernel:"
"\"block\" -> {21}\n"
"From remote kernel:"
"\"boundary condition test\" -> {21, 0, 0.}\n"
"From remote kernel:"
"\"block\" -> {11}\n"
"From remote kernel:"
"\"boundary condition test\" -> {11, 0, 0.}\n"
"From remote kernel:"
"\"block\" -> {9}\n"
"From remote kernel:"
"\"boundary condition test\" -> {9, 0, 0.}\n"
"From remote kernel:"
"\"AMFlow: Infinity solved in 57s.\"\n"
"From remote kernel:"
"\"AMFlow: running among regular points...\"\n"
"From remote kernel:"
"\"current regular point\" -> 2.7946549257191227 - 13.973274628595613*I\n"
"From remote kernel:"
"\"current regular point\" -> 1.6492671359354223 - 8.246335679677111*I\n"
"From remote kernel:"
"\"current regular point\" -> 0.9830579783265793 - 4.915289891632896*I\n"
"From remote kernel:"
"\"current regular point\" -> 0.5007074584175788 - 2.503537292087894*I\n"
"From remote kernel:"
"\"current regular point\" -> 0.2546129566092834 - 1.273064783046417*I\n"
"From remote kernel:"
"\"current regular point\" -> 0.1273064783046417 - 0.6365323915232085*I\n"
"From remote kernel:"
"\"AMFlow: regular running finished in 25s.\"\n"
"From remote kernel:"
"\"AMFlow: solving near the last point...\"\n"
"From remote kernel:"
"\"NormalizeMat finished in 0s.\"\n"
"From remote kernel:"
"\"LearnXOrder is negative. skip learning phase.\"\n"
"From remote kernel:"
"\"block\" -> {1}\n"
"From remote kernel:"
"\"behavior\" -> {{99999/100000, 0}}\n"
"From remote kernel:"
"\"number of constraints and variables\" -> {1, 1}\n"
"From remote kernel:"
"\"block\" -> {7, 8}\n"
"From remote kernel:"
"\"behavior\" -> {{0, 0}, {24999/50000, 0}, {99999/100000, 0}}\n"
"From remote kernel:"
"\"number of constraints and variables\" -> {4, 4}\n"
"From remote kernel:"
"\"block\" -> {2}\n"
"From remote kernel:"
"\"behavior\" -> {{0, 0}}\n"
"From remote kernel:"
"\"number of constraints and variables\" -> {1, 1}\n"
"From remote kernel:"
"\"block\" -> {6}\n"
"From remote kernel:"
"\"behavior\" -> {{49999/50000, 0}, {0, 0}, {24999/50000, 0}, {99999/100000, 0}}\n"
"From remote kernel:"
"\"number of constraints and variables\" -> {1, 1}\n"
"From remote kernel:"
"\"block\" -> {4}\n"
"From remote kernel:"
"\"behavior\" -> {{0, 1}, {99999/100000, 0}}\n"
"From remote kernel:"
"\"number of constraints and variables\" -> {1, 1}\n"
"From remote kernel:"
"\"block\" -> {15, 16}\n"
"From remote kernel:"
"\"behavior\" -> {{0, 0}, {99999/100000, 0}}\n"
"From remote kernel:"
"\"number of constraints and variables\" -> {4, 4}\n"
"From remote kernel:"
"\"block\" -> {3}\n"
"From remote kernel:"
"\"behavior\" -> {{0, 0}, {99999/100000, 0}}\n"
"From remote kernel:"
"\"number of constraints and variables\" -> {1, 1}\n"
"From remote kernel:"
"\"block\" -> {13}\n"
"From remote kernel:"
"\"behavior\" -> {{0, 0}}\n"
"From remote kernel:"
"\"number of constraints and variables\" -> {1, 1}\n"
"From remote kernel:"
"\"block\" -> {12}\n"
"From remote kernel:"
"\"behavior\" -> {{0, 0}}\n"
"From remote kernel:"
"\"number of constraints and variables\" -> {1, 1}\n"
"From remote kernel:"
"\"block\" -> {10}\n"
"From remote kernel:"
"\"behavior\" -> {{0, 0}}\n"
"From remote kernel:"
"\"number of constraints and variables\" -> {1, 1}\n"
"From remote kernel:"
"\"block\" -> {24, 25, 26}\n"
"From remote kernel:"
"\"behavior\" -> {{0, 2}, {99999/100000, 0}, {24999/50000, 0}, {49999/50000, 0}}\n"
"From remote kernel:"
"\"number of constraints and variables\" -> {3, 3}\n"
"From remote kernel:"
"\"block\" -> {31, 32, 33}\n"
"From remote kernel:"
"\"behavior\" -> {{0, 1}, {99999/100000, 0}, {24999/50000, 0}, {49999/50000, 0}}\n"
"From remote kernel:"
"\"number of constraints and variables\" -> {3, 3}\n"
"From remote kernel:"
"\"block\" -> {28, 29}\n"
"From remote kernel:"
"\"behavior\" -> {{0, 1}, {99999/100000, 0}}\n"
"From remote kernel:"
"\"number of constraints and variables\" -> {2, 2}\n"
"From remote kernel:"
"\"block\" -> {19, 20}\n"
"From remote kernel:"
"\"behavior\" -> {{0, 1}, {99999/100000, 1}, {24999/50000, 0}}\n"
"From remote kernel:"
"\"number of constraints and variables\" -> {4, 4}\n"
"From remote kernel:"
"\"block\" -> {17}\n"
"From remote kernel:"
"\"behavior\" -> {{0, 2}, {99999/100000, 0}}\n"
"From remote kernel:"
"\"number of constraints and variables\" -> {1, 1}\n"
"From remote kernel:"
"\"block\" -> {22}\n"
"From remote kernel:"
"\"behavior\" -> {{0, 0}}\n"
"From remote kernel:"
"\"number of constraints and variables\" -> {1, 1}\n"
"From remote kernel:"
"\"block\" -> {39, 40, 41, 42, 43, 44}\n"
"From remote kernel:"
"\"behavior\" -> {{0, 3}, {99999/100000, 1}, {24999/50000, 0}, {49999/50000, 0}}\n"
"From remote kernel:"
"\"number of constraints and variables\" -> {6, 6}\n"
"From remote kernel:"
"\"block\" -> {35, 36, 37}\n"
"From remote kernel:"
"\"behavior\" -> {{0, 3}, {99999/100000, 0}, {24999/50000, 0}, {49999/50000, 0}}\n"
"From remote kernel:"
"\"number of constraints and variables\" -> {3, 3}\n"
"From remote kernel:"
"\"block\" -> {38}\n"
"From remote kernel:"
"\"behavior\" -> {{0, 4}, {99999/100000, 1}, {24999/50000, 0}, {49999/50000, 0}}\n"
"From remote kernel:"
"\"number of constraints and variables\" -> {1, 1}\n"
"From remote kernel:"
"\"block\" -> {34}\n"
"From remote kernel:"
"\"behavior\" -> {{0, 4}, {99999/100000, 0}, {24999/50000, 0}, {49999/50000, 0}}\n"
"From remote kernel:"
"\"number of constraints and variables\" -> {1, 1}\n"
"From remote kernel:"
"\"block\" -> {23}\n"
"From remote kernel:"
"\"behavior\" -> {{0, 3}, {99999/100000, 0}, {24999/50000, 0}, {49999/50000, 0}}\n"
"From remote kernel:"
"\"number of constraints and variables\" -> {1, 1}\n"
"From remote kernel:"
"\"block\" -> {30}\n"
"From remote kernel:"
"\"behavior\" -> {{0, 2}, {99999/100000, 0}, {24999/50000, 0}, {49999/50000, 0}}\n"
"From remote kernel:"
"\"number of constraints and variables\" -> {1, 1}\n"
"From remote kernel:"
"\"block\" -> {27}\n"
"From remote kernel:"
"\"behavior\" -> {{0, 2}, {99999/100000, 0}}\n"
"From remote kernel:"
"\"number of constraints and variables\" -> {1, 1}\n"
"From remote kernel:"
"\"block\" -> {18}\n"
"From remote kernel:"
"\"behavior\" -> {{0, 2}, {99999/100000, 1}, {24999/50000, 0}}\n"
"From remote kernel:"
"\"number of constraints and variables\" -> {1, 1}\n"
"From remote kernel:"
"\"block\" -> {5}\n"
"From remote kernel:"
"\"behavior\" -> {{0, 1}, {99999/100000, 0}, {24999/50000, 0}}\n"
"From remote kernel:"
"\"number of constraints and variables\" -> {1, 1}\n"
"From remote kernel:"
"\"block\" -> {14}\n"
"From remote kernel:"
"\"behavior\" -> {{0, 1}, {99999/100000, 0}}\n"
"From remote kernel:"
"\"number of constraints and variables\" -> {1, 1}\n"
"From remote kernel:"
"\"block\" -> {21}\n"
"From remote kernel:"
"\"behavior\" -> {{0, 0}}\n"
"From remote kernel:"
"\"number of constraints and variables\" -> {1, 1}\n"
"From remote kernel:"
"\"block\" -> {11}\n"
"From remote kernel:"
"\"behavior\" -> {{0, 0}}\n"
"From remote kernel:"
"\"number of constraints and variables\" -> {1, 1}\n"
"From remote kernel:"
"\"block\" -> {9}\n"
"From remote kernel:"
"\"behavior\" -> {{0, 0}}\n"
"From remote kernel:"
"\"number of constraints and variables\" -> {1, 1}\n"
"From remote kernel:"
"\"AMFlow: last point solved in 23s.\"\n"
"From remote kernel:"
"\"dropped terms when pickzero\" -> {0.}\n"
"From remote kernel:"
"\"dropped terms when pickzero\" -> {0.}\n"
"From remote kernel:"
"\"dropped terms when pickzero\" -> {0.}\n"
"From remote kernel:"
"\"dropped terms when pickzero\" -> {0.}\n"
"From remote kernel:"
"\"dropped terms when pickzero\" -> {0.}\n"
"From remote kernel:"
"\"system cleared: DESolver`$InternalSystem\"\n"
"From remote kernel:"
"\"AMFlow: finished in 108s.\"\n"
