"From remote kernel:"
"DESolver`SetGlobalOptions -> {\"WorkingPre\" -> 100, \"ChopPre\" -> 20, \"SilentMode\" -> False, \"RationalizePre\" -> 100}\n"
"From remote kernel:"
"DESolver`SetExpansionOptions -> {\"XOrder\" -> 100, \"ExtraXOrder\" -> 20, \"LearnXOrder\" -> -1, \"TestXOrder\" -> 5}\n"
"From remote kernel:"
"DESolver`SetRunningOptions -> {\"RunRadius\" -> 2, \"RunLength\" -> 1000, \"RunCandidate\" -> 10, \"RunDirection\" -> \"NegIm\"}\n"
"From remote kernel:"
"DESolver`SetGlobalOptions -> {\"WorkingPre\" -> 120, \"ChopPre\" -> 20, \"SilentMode\" -> False, \"RationalizePre\" -> 100}\n"
"From remote kernel:"
"DESolver`SetExpansionOptions -> {\"XOrder\" -> 240, \"ExtraXOrder\" -> 280, \"LearnXOrder\" -> -1, \"TestXOrder\" -> 5}\n"
"From remote kernel:"
"DESolver`SetRunningOptions -> {\"RunRadius\" -> 2, \"RunLength\" -> 1000, \"RunCandidate\" -> 10, \"RunDirection\" -> \"NegIm\"}\n"
"From remote kernel:"
"\"AMFlow: start.\"\n"
"From remote kernel:"
"\"system loaded: DESolver`$InternalSystem\\nDE[DESolver`$InternalSystem] -- differential equation in matrix form\\nBC[DESolver`$InternalSystem] -- boundary conditions either in singular form or in regular form\\nP[DESolver`$InternalSystem] -- boundary point\\nAsyExp[DESolver`$InternalSystem] -- asymptotic expansion near a singular point (currently it is Null)\\nintegrals: 38, blocks: 24, density: 0.18, degrees: {22, 27}\"\n"
"From remote kernel:"
"\"AMFlow: integrals will be evaluated at 12 regular points\" -> {24.892205106440635 - 82.97401702146877*I, 12.961328724288375 - 43.20442908096125*I, 6.75389992580029 - 22.512999752667632*I, 3.5047158540557866 - 11.682386180185954*I, 1.8527100675701533 - 6.175700225233845*I, 1.0255576537937456 - 3.418525512645819*I, 0.609687965200881 - 2.03229321733627*I, 0.39720944127161006 - 1.3240314709053669*I, 0.28219553976301287 - 0.940651799210043*I, 0.2089347917899517 - 0.6964493059665057*I, 0.1472246666608329 - 0.49074888886944296*I, 0.08879537993770842 - 0.29598459979236136*I}\n"
"From remote kernel:"
"\"AMFlow: integration contour generated in 1s.\"\n"
"From remote kernel:"
"\"AMFlow: solving near eta = Infinity...\"\n"
"From remote kernel:"
"\"CalcTaylor: current region\" -> 1/1000\n"
"From remote kernel:"
"\"block\" -> {1}\n"
"From remote kernel:"
"\"boundary condition inserted\" -> {1, 0, 1.0008485733053779*^6}\n"
"From remote kernel:"
"\"block\" -> {5, 6, 7}\n"
"From remote kernel:"
"\"boundary condition test\" -> {7, 0, 1.0008485733053779*^6}\n"
"From remote kernel:"
"\"boundary condition test\" -> {6, 0, 999847.7247320726}\n"
"From remote kernel:"
"\"boundary condition test\" -> {5, 0, -1000.8485733053778}\n"
"From remote kernel:"
"\"block\" -> {9, 10}\n"
"From remote kernel:"
"\"boundary condition test\" -> {10, 0, 0.}\n"
"From remote kernel:"
"\"boundary condition test\" -> {9, 0, 0.}\n"
"From remote kernel:"
"\"block\" -> {2}\n"
"From remote kernel:"
"\"boundary condition test\" -> {2, 0, 1.0008485733053779*^6}\n"
"From remote kernel:"
"\"block\" -> {15}\n"
"From remote kernel:"
"\"boundary condition test\" -> {15, 0, 0.}\n"
"From remote kernel:"
"\"block\" -> {13}\n"
"From remote kernel:"
"\"boundary condition test\" -> {13, 0, 0.}\n"
"From remote kernel:"
"\"block\" -> {12}\n"
"From remote kernel:"
"\"boundary condition test\" -> {12, 0, 0.}\n"
"From remote kernel:"
"\"block\" -> {3}\n"
"From remote kernel:"
"\"boundary condition inserted\" -> {3, 0, 999234.3159241743 + 2954.2349685975787*I}\n"
"From remote kernel:"
"\"block\" -> {22, 23, 24}\n"
"From remote kernel:"
"\"boundary condition test\" -> {24, 0, 999234.3159241743 + 2954.2349685975787*I}\n"
"From remote kernel:"
"\"boundary condition test\" -> {23, 0, 163.2423399841639 - 184.27040616627397*I}\n"
"From remote kernel:"
"\"boundary condition test\" -> {22, 0, -999.2343159241742 - 2.9542349685975786*I}\n"
"From remote kernel:"
"\"block\" -> {18, 19, 20}\n"
"From remote kernel:"
"\"boundary condition test\" -> {20, 0, 1.0008485733053779*^6}\n"
"From remote kernel:"
"\"boundary condition test\" -> {19, 0, 999847.7247320726}\n"
"From remote kernel:"
"\"boundary condition test\" -> {18, 0, -1.0018494218786833*^6}\n"
"From remote kernel:"
"\"block\" -> {26, 27}\n"
"From remote kernel:"
"\"boundary condition test\" -> {27, 0, 0.}\n"
"From remote kernel:"
"\"boundary condition test\" -> {26, 0, 0.}\n"
"From remote kernel:"
"\"block\" -> {16}\n"
"From remote kernel:"
"\"boundary condition test\" -> {16, 0, 999234.3159241743 + 2954.2349685975787*I}\n"
"From remote kernel:"
"\"block\" -> {30}\n"
"From remote kernel:"
"\"boundary condition test\" -> {30, 0, 0.}\n"
"From remote kernel:"
"\"block\" -> {29}\n"
"From remote kernel:"
"\"boundary condition test\" -> {29, 0, 0.}\n"
"From remote kernel:"
"\"block\" -> {32, 33, 34, 35, 36, 37, 38}\n"
"From remote kernel:"
"\"homogeneous id up to\" -> 3654\n"
"From remote kernel:"
"\"dropped eqs\" -> {{3655 -> 0.}, {3655 -> 0.}}\n"
"From remote kernel:"
"\"boundary condition test\" -> {38, 0, 999234.3159241743 + 2954.2349685975787*I}\n"
"From remote kernel:"
"\"boundary condition test\" -> {37, 0, -1.9994678661642727*^6 - 5911.4241721637545*I}\n"
"From remote kernel:"
"\"boundary condition test\" -> {36, 0, -62306.83516327235 - 207.3042069370582*I}\n"
"From remote kernel:"
"\"boundary condition test\" -> {35, 0, 999234.3159241743 + 2954.2349685975787*I}\n"
"From remote kernel:"
"\"boundary condition test\" -> {34, 0, 999234.3159241743 + 2954.2349685975787*I}\n"
"From remote kernel:"
"\"boundary condition test\" -> {33, 0, 163.2423399841639 - 184.27040616627397*I}\n"
"From remote kernel:"
"\"boundary condition test\" -> {32, 0, -1.0002335502400984*^6 - 2957.1892035661763*I}\n"
"From remote kernel:"
"\"block\" -> {31}\n"
"From remote kernel:"
"\"boundary condition test\" -> {31, 0, 999234.3159241743 + 2954.2349685975787*I}\n"
"From remote kernel:"
"\"block\" -> {21}\n"
"From remote kernel:"
"\"boundary condition test\" -> {21, 0, 999234.3159241743 + 2954.2349685975787*I}\n"
"From remote kernel:"
"\"block\" -> {17}\n"
"From remote kernel:"
"\"boundary condition test\" -> {17, 0, 1.0008485733053779*^6}\n"
"From remote kernel:"
"\"block\" -> {25}\n"
"From remote kernel:"
"\"boundary condition test\" -> {25, 0, 0.}\n"
"From remote kernel:"
"\"block\" -> {4}\n"
"From remote kernel:"
"\"boundary condition test\" -> {4, 0, 1.0008485733053779*^6}\n"
"From remote kernel:"
"\"block\" -> {8}\n"
"From remote kernel:"
"\"boundary condition test\" -> {8, 0, 0.}\n"
"From remote kernel:"
"\"block\" -> {28}\n"
"From remote kernel:"
"\"boundary condition test\" -> {28, 0, 0.}\n"
"From remote kernel:"
"\"block\" -> {14}\n"
"From remote kernel:"
"\"boundary condition test\" -> {14, 0, 0.}\n"
"From remote kernel:"
"\"block\" -> {11}\n"
"From remote kernel:"
"\"boundary condition test\" -> {11, 0, 0.}\n"
"From remote kernel:"
"\"CalcTaylor: current region\" -> 0\n"
"From remote kernel:"
"\"block\" -> {1}\n"
"From remote kernel:"
"\"boundary condition test\" -> {1, 0, 0.}\n"
"From remote kernel:"
"\"block\" -> {5, 6, 7}\n"
"From remote kernel:"
"\"boundary condition test\" -> {7, 0, 0.}\n"
"From remote kernel:"
"\"boundary condition test\" -> {6, 0, 0.}\n"
"From remote kernel:"
"\"boundary condition test\" -> {5, 0, 0.}\n"
"From remote kernel:"
"\"block\" -> {9, 10}\n"
"From remote kernel:"
"\"boundary condition test\" -> {10, 0, 0.}\n"
"From remote kernel:"
"\"boundary condition test\" -> {9, 0, 0.}\n"
"From remote kernel:"
"\"block\" -> {2}\n"
"From remote kernel:"
"\"boundary condition test\" -> {2, 0, 0.}\n"
"From remote kernel:"
"\"block\" -> {15}\n"
"From remote kernel:"
"\"boundary condition inserted\" -> {15, 0, -500925.0646494039}\n"
"From remote kernel:"
"\"block\" -> {13}\n"
"From remote kernel:"
"\"boundary condition inserted\" -> {13, 0, -498308.43465077865 - 2946.7426611271017*I}\n"
"From remote kernel:"
"\"block\" -> {12}\n"
"From remote kernel:"
"\"boundary condition inserted\" -> {12, 0, 499926.3126834132 + 5.937768594036673*I}\n"
"From remote kernel:"
"\"block\" -> {3}\n"
"From remote kernel:"
"\"boundary condition test\" -> {3, 0, 0.}\n"
"From remote kernel:"
"\"block\" -> {22, 23, 24}\n"
"From remote kernel:"
"\"boundary condition test\" -> {24, 0, 0.}\n"
"From remote kernel:"
"\"boundary condition test\" -> {23, 0, 0.}\n"
"From remote kernel:"
"\"boundary condition test\" -> {22, 0, 0.}\n"
"From remote kernel:"
"\"block\" -> {18, 19, 20}\n"
"From remote kernel:"
"\"boundary condition test\" -> {20, 0, 498308.43465077865 + 2946.7426611271017*I}\n"
"From remote kernel:"
"\"boundary condition test\" -> {19, 0, -499926.3126834132 - 5.937768594036673*I}\n"
"From remote kernel:"
"\"boundary condition test\" -> {18, 0, 496676.87160082825 - 17.709980032341313*I}\n"
"From remote kernel:"
"\"block\" -> {26, 27}\n"
"From remote kernel:"
"\"boundary condition test\" -> {27, 0, 500925.0646494039}\n"
"From remote kernel:"
"\"boundary condition test\" -> {26, 0, 251.34147345738242}\n"
"From remote kernel:"
"\"block\" -> {16}\n"
"From remote kernel:"
"\"boundary condition test\" -> {16, 0, 0.}\n"
"From remote kernel:"
"\"block\" -> {30}\n"
"From remote kernel:"
"\"boundary condition inserted\" -> {30, 0, -305.8551799742394 + 204.5651933569303*I}\n"
"From remote kernel:"
"\"block\" -> {29}\n"
"From remote kernel:"
"\"boundary condition inserted\" -> {29, 0, 163.54054496275293 - 183.43798229702375*I}\n"
"From remote kernel:"
"\"block\" -> {32, 33, 34, 35, 36, 37, 38}\n"
"From remote kernel:"
"\"homogeneous id up to\" -> 3654\n"
"From remote kernel:"
"\"dropped eqs\" -> {{3655 -> 0.}, {3655 -> 0.}, {3655 -> 0.}, {3655 -> 0.}}\n"
"From remote kernel:"
"\"boundary condition test\" -> {38, 0, 31.184101620159577 - 0.0015485981256389803*I}\n"
"From remote kernel:"
"\"boundary condition test\" -> {37, 0, -305.8551799742394 + 204.5651933569303*I}\n"
"From remote kernel:"
"\"boundary condition test\" -> {36, 0, 62369.38972548231 + 206.7055950284721*I}\n"
"From remote kernel:"
"\"boundary condition test\" -> {35, 0, 305.8551799742394 - 204.5651933569303*I}\n"
"From remote kernel:"
"\"boundary condition test\" -> {34, 0, 305.8551799742394 - 204.5651933569303*I}\n"
"From remote kernel:"
"\"boundary condition test\" -> {33, 0, -163.54054496275293 + 183.43798229702375*I}\n"
"From remote kernel:"
"\"boundary condition test\" -> {32, 0, 499307.19907810795 + 2952.5508105915883*I}\n"
"From remote kernel:"
"\"block\" -> {31}\n"
"From remote kernel:"
"\"boundary condition test\" -> {31, 0, -499307.19907810795 - 2952.5508105915883*I}\n"
"From remote kernel:"
"\"block\" -> {21}\n"
"From remote kernel:"
"\"boundary condition test\" -> {21, 0, 0.}\n"
"From remote kernel:"
"\"block\" -> {17}\n"
"From remote kernel:"
"\"boundary condition test\" -> {17, 0, -496676.87160082825 + 17.709980032341313*I}\n"
"From remote kernel:"
"\"block\" -> {25}\n"
"From remote kernel:"
"\"boundary condition test\" -> {25, 0, -251.34147345738242}\n"
"From remote kernel:"
"\"block\" -> {4}\n"
"From remote kernel:"
"\"boundary condition test\" -> {4, 0, 0.}\n"
"From remote kernel:"
"\"block\" -> {8}\n"
"From remote kernel:"
"\"boundary condition test\" -> {8, 0, 0.}\n"
"From remote kernel:"
"\"block\" -> {28}\n"
"From remote kernel:"
"\"boundary condition inserted\" -> {28, 0, 499307.19907810795 + 2952.5508105915883*I}\n"
"From remote kernel:"
"\"block\" -> {14}\n"
"From remote kernel:"
"\"boundary condition inserted\" -> {14, 0, 251.34147345738242}\n"
"From remote kernel:"
"\"block\" -> {11}\n"
"From remote kernel:"
"\"boundary condition inserted\" -> {11, 0, 496676.87160082825 - 17.709980032341313*I}\n"
"From remote kernel:"
"\"CalcTaylor: current region\" -> 1/500\n"
"From remote kernel:"
"\"block\" -> {1}\n"
"From remote kernel:"
"\"boundary condition test\" -> {1, 0, 0.}\n"
"From remote kernel:"
"\"block\" -> {5, 6, 7}\n"
"From remote kernel:"
"\"boundary condition inserted\" -> {7, 0, -499925.5058526091}\n"
"From remote kernel:"
"\"boundary condition test\" -> {6, 0, -499925.5058526091}\n"
"From remote kernel:"
"\"boundary condition test\" -> {5, 0, 499925.5058526091}\n"
"From remote kernel:"
"\"block\" -> {9, 10}\n"
"From remote kernel:"
"\"boundary condition inserted\" -> {10, 0, -499925.5058526091}\n"
"From remote kernel:"
"\"boundary condition test\" -> {9, 0, 499925.5058526091}\n"
"From remote kernel:"
"\"block\" -> {2}\n"
"From remote kernel:"
"\"boundary condition inserted\" -> {2, 0, 0.}\n"
"From remote kernel:"
"\"block\" -> {15}\n"
"From remote kernel:"
"\"boundary condition test\" -> {15, 0, 0.}\n"
"From remote kernel:"
"\"block\" -> {13}\n"
"From remote kernel:"
"\"boundary condition test\" -> {13, 0, 0.}\n"
"From remote kernel:"
"\"block\" -> {12}\n"
"From remote kernel:"
"\"boundary condition test\" -> {12, 0, 0.}\n"
"From remote kernel:"
"\"block\" -> {3}\n"
"From remote kernel:"
"\"boundary condition test\" -> {3, 0, 0.}\n"
"From remote kernel:"
"\"block\" -> {22, 23, 24}\n"
"From remote kernel:"
"\"boundary condition test\" -> {24, 0, -1.0008508627169235*^6}\n"
"From remote kernel:"
"\"boundary condition test\" -> {23, 0, -499.92550585260915}\n"
"From remote kernel:"
"\"boundary condition test\" -> {22, 0, 999.8510117052183}\n"
"From remote kernel:"
"\"block\" -> {18, 19, 20}\n"
"From remote kernel:"
"\"boundary condition test\" -> {20, 0, -499925.5058526091}\n"
"From remote kernel:"
"\"boundary condition test\" -> {19, 0, -499925.5058526091}\n"
"From remote kernel:"
"\"boundary condition test\" -> {18, 0, -1001.8547211475133}\n"
"From remote kernel:"
"\"block\" -> {26, 27}\n"
"From remote kernel:"
"\"boundary condition test\" -> {27, 0, -499925.5058526091}\n"
"From remote kernel:"
"\"boundary condition test\" -> {26, 0, -1001.8547211475133}\n"
"From remote kernel:"
"\"block\" -> {16}\n"
"From remote kernel:"
"\"boundary condition test\" -> {16, 0, 0.}\n"
"From remote kernel:"
"\"block\" -> {30}\n"
"From remote kernel:"
"\"boundary condition test\" -> {30, 0, 0.}\n"
"From remote kernel:"
"\"block\" -> {29}\n"
"From remote kernel:"
"\"boundary condition test\" -> {29, 0, 0.}\n"
"From remote kernel:"
"\"block\" -> {32, 33, 34, 35, 36, 37, 38}\n"
"From remote kernel:"
"\"homogeneous id up to\" -> 3654\n"
"From remote kernel:"
"\"dropped eqs\" -> {{3655 -> 0.}, {3655 -> 0.}, {3655 -> 0.}, {3655 -> 0.}}\n"
"From remote kernel:"
"\"boundary condition test\" -> {38, 0, -1.002351639085493*^6}\n"
"From remote kernel:"
"\"boundary condition test\" -> {37, 0, 2.0037034271592807*^6}\n"
"From remote kernel:"
"\"boundary condition test\" -> {36, 0, -499.92550585260915}\n"
"From remote kernel:"
"\"boundary condition test\" -> {35, 0, -1.0008508627169235*^6}\n"
"From remote kernel:"
"\"boundary condition test\" -> {34, 0, -499925.5058526091}\n"
"From remote kernel:"
"\"boundary condition test\" -> {33, 0, -499.92550585260915}\n"
"From remote kernel:"
"\"boundary condition test\" -> {32, 0, 500925.35686431435}\n"
"From remote kernel:"
"\"block\" -> {31}\n"
"From remote kernel:"
"\"boundary condition test\" -> {31, 0, -499925.5058526091}\n"
"From remote kernel:"
"\"block\" -> {21}\n"
"From remote kernel:"
"\"boundary condition test\" -> {21, 0, -499925.5058526091}\n"
"From remote kernel:"
"\"block\" -> {17}\n"
"From remote kernel:"
"\"boundary condition test\" -> {17, 0, 500927.3605737566}\n"
"From remote kernel:"
"\"block\" -> {25}\n"
"From remote kernel:"
"\"boundary condition test\" -> {25, 0, 500927.3605737566}\n"
"From remote kernel:"
"\"block\" -> {4}\n"
"From remote kernel:"
"\"boundary condition test\" -> {4, 0, 500927.3605737566}\n"
"From remote kernel:"
"\"block\" -> {8}\n"
"From remote kernel:"
"\"boundary condition test\" -> {8, 0, 500927.3605737566}\n"
"From remote kernel:"
"\"block\" -> {28}\n"
"From remote kernel:"
"\"boundary condition test\" -> {28, 0, 0.}\n"
"From remote kernel:"
"\"block\" -> {14}\n"
"From remote kernel:"
"\"boundary condition test\" -> {14, 0, 0.}\n"
"From remote kernel:"
"\"block\" -> {11}\n"
"From remote kernel:"
"\"boundary condition test\" -> {11, 0, 0.}\n"
"From remote kernel:"
"\"AMFlow: Infinity solved in 45s.\"\n"
"From remote kernel:"
"\"AMFlow: running among regular points...\"\n"
"From remote kernel:"
"\"current regular point\" -> 24.89220510644063 - 82.97401702146877*I\n"
"From remote kernel:"
"\"current regular point\" -> 12.961328724288375 - 43.204429080961255*I\n"
"From remote kernel:"
"\"current regular point\" -> 6.753899925800291 - 22.512999752667636*I\n"
"From remote kernel:"
"\"current regular point\" -> 3.504715854055786 - 11.682386180185954*I\n"
"From remote kernel:"
"\"current regular point\" -> 1.8527100675701533 - 6.175700225233844*I\n"
"From remote kernel:"
"\"current regular point\" -> 1.0255576537937456 - 3.418525512645819*I\n"
"From remote kernel:"
"\"current regular point\" -> 0.6096879652008811 - 2.03229321733627*I\n"
"From remote kernel:"
"\"current regular point\" -> 0.39720944127161006 - 1.3240314709053669*I\n"
"From remote kernel:"
"\"current regular point\" -> 0.28219553976301287 - 0.9406517992100429*I\n"
"From remote kernel:"
"\"current regular point\" -> 0.2089347917899517 - 0.6964493059665057*I\n"
"From remote kernel:"
"\"current regular point\" -> 0.1472246666608329 - 0.490748888869443*I\n"
"From remote kernel:"
"\"AMFlow: regular running finished in 24s.\"\n"
"From remote kernel:"
"\"AMFlow: solving near the last point...\"\n"
"From remote kernel:"
"\"NormalizeMat finished in 1s.\"\n"
"From remote kernel:"
"\"LearnXOrder is negative. skip learning phase.\"\n"
"From remote kernel:"
"\"block\" -> {1}\n"
"From remote kernel:"
"\"behavior\" -> {{0, 0}}\n"
"From remote kernel:"
"\"number of constraints and variables\" -> {1, 1}\n"
"From remote kernel:"
"\"block\" -> {5, 6, 7}\n"
"From remote kernel:"
"\"behavior\" -> {{0, 1}}\n"
"From remote kernel:"
"\"number of constraints and variables\" -> {3, 3}\n"
"From remote kernel:"
"\"block\" -> {9, 10}\n"
"From remote kernel:"
"\"behavior\" -> {{0, 0}, {249/250, 0}}\n"
"From remote kernel:"
"\"number of constraints and variables\" -> {4, 4}\n"
"From remote kernel:"
"\"block\" -> {2}\n"
"From remote kernel:"
"\"behavior\" -> {{499/500, 0}, {0, 0}}\n"
"From remote kernel:"
"\"number of constraints and variables\" -> {1, 1}\n"
"From remote kernel:"
"\"block\" -> {15}\n"
"From remote kernel:"
"\"behavior\" -> {{0, 0}}\n"
"From remote kernel:"
"\"number of constraints and variables\" -> {1, 1}\n"
"From remote kernel:"
"\"block\" -> {13}\n"
"From remote kernel:"
"\"behavior\" -> {{0, 0}}\n"
"From remote kernel:"
"\"number of constraints and variables\" -> {1, 1}\n"
"From remote kernel:"
"\"block\" -> {12}\n"
"From remote kernel:"
"\"behavior\" -> {{0, 0}}\n"
"From remote kernel:"
"\"number of constraints and variables\" -> {1, 1}\n"
"From remote kernel:"
"\"block\" -> {3}\n"
"From remote kernel:"
"\"behavior\" -> {{0, 0}}\n"
"From remote kernel:"
"\"number of constraints and variables\" -> {1, 1}\n"
"From remote kernel:"
"\"block\" -> {22, 23, 24}\n"
"From remote kernel:"
"\"behavior\" -> {{0, 2}, {249/250, 0}}\n"
"From remote kernel:"
"\"number of constraints and variables\" -> {3, 3}\n"
"From remote kernel:"
"\"block\" -> {18, 19, 20}\n"
"From remote kernel:"
"\"behavior\" -> {{0, 2}, {499/500, 1}}\n"
"From remote kernel:"
"\"number of constraints and variables\" -> {6, 6}\n"
"From remote kernel:"
"\"block\" -> {26, 27}\n"
"From remote kernel:"
"\"behavior\" -> {{0, 1}, {499/500, 0}, {249/250, 0}}\n"
"From remote kernel:"
"\"number of constraints and variables\" -> {4, 4}\n"
"From remote kernel:"
"\"block\" -> {16}\n"
"From remote kernel:"
"\"behavior\" -> {{499/500, 0}, {0, 0}}\n"
"From remote kernel:"
"\"number of constraints and variables\" -> {1, 1}\n"
"From remote kernel:"
"\"block\" -> {30}\n"
"From remote kernel:"
"\"behavior\" -> {{0, 0}}\n"
"From remote kernel:"
"\"number of constraints and variables\" -> {1, 1}\n"
"From remote kernel:"
"\"block\" -> {29}\n"
"From remote kernel:"
"\"behavior\" -> {{0, 0}}\n"
"From remote kernel:"
"\"number of constraints and variables\" -> {1, 1}\n"
"From remote kernel:"
"\"block\" -> {32, 33, 34, 35, 36, 37, 38}\n"
"From remote kernel:"
"\"behavior\" -> {{0, 3}, {499/500, 2}, {249/250, 0}}\n"
"From remote kernel:"
"\"number of constraints and variables\" -> {14, 14}\n"
"From remote kernel:"
"\"block\" -> {31}\n"
"From remote kernel:"
"\"behavior\" -> {{0, 4}, {249/250, 0}, {499/500, 2}}\n"
"From remote kernel:"
"\"number of constraints and variables\" -> {1, 1}\n"
"From remote kernel:"
"\"block\" -> {21}\n"
"From remote kernel:"
"\"behavior\" -> {{0, 3}, {249/250, 0}}\n"
"From remote kernel:"
"\"number of constraints and variables\" -> {1, 1}\n"
"From remote kernel:"
"\"block\" -> {17}\n"
"From remote kernel:"
"\"behavior\" -> {{0, 3}, {499/500, 1}}\n"
"From remote kernel:"
"\"number of constraints and variables\" -> {1, 1}\n"
"From remote kernel:"
"\"block\" -> {25}\n"
"From remote kernel:"
"\"behavior\" -> {{0, 2}, {499/500, 0}, {249/250, 0}}\n"
"From remote kernel:"
"\"number of constraints and variables\" -> {1, 1}\n"
"From remote kernel:"
"\"block\" -> {4}\n"
"From remote kernel:"
"\"behavior\" -> {{0, 2}}\n"
"From remote kernel:"
"\"number of constraints and variables\" -> {1, 1}\n"
"From remote kernel:"
"\"block\" -> {8}\n"
"From remote kernel:"
"\"behavior\" -> {{0, 1}, {249/250, 0}}\n"
"From remote kernel:"
"\"number of constraints and variables\" -> {1, 1}\n"
"From remote kernel:"
"\"block\" -> {28}\n"
"From remote kernel:"
"\"behavior\" -> {{0, 0}}\n"
"From remote kernel:"
"\"number of constraints and variables\" -> {1, 1}\n"
"From remote kernel:"
"\"block\" -> {14}\n"
"From remote kernel:"
"\"behavior\" -> {{0, 0}}\n"
"From remote kernel:"
"\"number of constraints and variables\" -> {1, 1}\n"
"From remote kernel:"
"\"block\" -> {11}\n"
"From remote kernel:"
"\"behavior\" -> {{0, 0}}\n"
"From remote kernel:"
"\"number of constraints and variables\" -> {1, 1}\n"
"From remote kernel:"
"\"AMFlow: last point solved in 15s.\"\n"
"From remote kernel:"
"\"dropped terms when pickzero\" -> {0.}\n"
"From remote kernel:"
"\"dropped terms when pickzero\" -> {0.}\n"
"From remote kernel:"
"\"dropped terms when pickzero\" -> {0.}\n"
"From remote kernel:"
"\"dropped terms when pickzero\" -> {0., 0.}\n"
"From remote kernel:"
"\"dropped terms when pickzero\" -> {0.}\n"
"From remote kernel:"
"\"dropped terms when pickzero\" -> {0., 0.}\n"
"From remote kernel:"
"\"system cleared: DESolver`$InternalSystem\"\n"
"From remote kernel:"
"\"AMFlow: finished in 86s.\"\n"
