"From remote kernel:"
"DESolver`SetGlobalOptions -> {\"WorkingPre\" -> 100, \"ChopPre\" -> 20, \"SilentMode\" -> False, \"RationalizePre\" -> 100}\n"
"From remote kernel:"
"DESolver`SetExpansionOptions -> {\"XOrder\" -> 100, \"ExtraXOrder\" -> 20, \"LearnXOrder\" -> -1, \"TestXOrder\" -> 5}\n"
"From remote kernel:"
"DESolver`SetRunningOptions -> {\"RunRadius\" -> 2, \"RunLength\" -> 1000, \"RunCandidate\" -> 10, \"RunDirection\" -> \"NegIm\"}\n"
"From remote kernel:"
"DESolver`SetGlobalOptions -> {\"WorkingPre\" -> 120, \"ChopPre\" -> 20, \"SilentMode\" -> False, \"RationalizePre\" -> 100}\n"
"From remote kernel:"
"DESolver`SetExpansionOptions -> {\"XOrder\" -> 240, \"ExtraXOrder\" -> 280, \"LearnXOrder\" -> -1, \"TestXOrder\" -> 5}\n"
"From remote kernel:"
"DESolver`SetRunningOptions -> {\"RunRadius\" -> 2, \"RunLength\" -> 1000, \"RunCandidate\" -> 10, \"RunDirection\" -> \"NegIm\"}\n"
"From remote kernel:"
"\"AMFlow: start.\"\n"
"From remote kernel:"
"\"system loaded: DESolver`$InternalSystem\\nDE[DESolver`$InternalSystem] -- differential equation in matrix form\\nBC[DESolver`$InternalSystem] -- boundary conditions either in singular form or in regular form\\nP[DESolver`$InternalSystem] -- boundary point\\nAsyExp[DESolver`$InternalSystem] -- asymptotic expansion near a singular point (currently it is Null)\\nintegrals: 9, blocks: 8, density: 0.14, degrees: {1, 2}\"\n"
"From remote kernel:"
"\"AMFlow: integrals will be evaluated at 3 regular points\" -> {0. - 2.*I, 0. - 1.*I, 0. - 0.5*I}\n"
"From remote kernel:"
"\"AMFlow: integration contour generated in 0s.\"\n"
"From remote kernel:"
"\"AMFlow: solving near eta = Infinity...\"\n"
"From remote kernel:"
"\"CalcTaylor: current region\" -> 1/500\n"
"From remote kernel:"
"\"block\" -> {4, 5}\n"
"From remote kernel:"
"\"boundary condition inserted\" -> {5, 0, -499925.5058526091}\n"
"From remote kernel:"
"\"boundary condition test\" -> {4, 0, 499925.5058526091}\n"
"From remote kernel:"
"\"block\" -> {7}\n"
"From remote kernel:"
"\"boundary condition test\" -> {7, 0, 0.}\n"
"From remote kernel:"
"\"block\" -> {2}\n"
"From remote kernel:"
"\"boundary condition test\" -> {2, 0, 0.}\n"
"From remote kernel:"
"\"block\" -> {1}\n"
"From remote kernel:"
"\"boundary condition inserted\" -> {1, 0, 500927.3605737566}\n"
"From remote kernel:"
"\"block\" -> {3}\n"
"From remote kernel:"
"\"boundary condition test\" -> {3, 0, 500927.3605737566}\n"
"From remote kernel:"
"\"block\" -> {8}\n"
"From remote kernel:"
"\"boundary condition test\" -> {8, 0, 500927.3605737566}\n"
"From remote kernel:"
"\"block\" -> {9}\n"
"From remote kernel:"
"\"boundary condition test\" -> {9, 0, 0.}\n"
"From remote kernel:"
"\"block\" -> {6}\n"
"From remote kernel:"
"\"boundary condition test\" -> {6, 0, 0.}\n"
"From remote kernel:"
"\"CalcTaylor: current region\" -> 0\n"
"From remote kernel:"
"\"block\" -> {4, 5}\n"
"From remote kernel:"
"\"boundary condition test\" -> {5, 0, 0.}\n"
"From remote kernel:"
"\"boundary condition test\" -> {4, 0, 0.}\n"
"From remote kernel:"
"\"block\" -> {7}\n"
"From remote kernel:"
"\"boundary condition inserted\" -> {7, 0, -500925.0646494039}\n"
"From remote kernel:"
"\"block\" -> {2}\n"
"From remote kernel:"
"\"boundary condition test\" -> {2, 0, 0.}\n"
"From remote kernel:"
"\"block\" -> {1}\n"
"From remote kernel:"
"\"boundary condition test\" -> {1, 0, 0.}\n"
"From remote kernel:"
"\"block\" -> {3}\n"
"From remote kernel:"
"\"boundary condition test\" -> {3, 0, 0.}\n"
"From remote kernel:"
"\"block\" -> {8}\n"
"From remote kernel:"
"\"boundary condition test\" -> {8, 0, -251.34147345738242}\n"
"From remote kernel:"
"\"block\" -> {9}\n"
"From remote kernel:"
"\"boundary condition test\" -> {9, 0, 0.}\n"
"From remote kernel:"
"\"block\" -> {6}\n"
"From remote kernel:"
"\"boundary condition inserted\" -> {6, 0, 251.34147345738242}\n"
"From remote kernel:"
"\"CalcTaylor: current region\" -> 1/1000\n"
"From remote kernel:"
"\"block\" -> {4, 5}\n"
"From remote kernel:"
"\"boundary condition test\" -> {5, 0, 0.}\n"
"From remote kernel:"
"\"boundary condition test\" -> {4, 0, 0.}\n"
"From remote kernel:"
"\"block\" -> {7}\n"
"From remote kernel:"
"\"boundary condition test\" -> {7, 0, 0.}\n"
"From remote kernel:"
"\"block\" -> {2}\n"
"From remote kernel:"
"\"boundary condition inserted\" -> {2, 0, 1.001849777196697*^6}\n"
"From remote kernel:"
"\"block\" -> {1}\n"
"From remote kernel:"
"\"boundary condition test\" -> {1, 0, 0.}\n"
"From remote kernel:"
"\"block\" -> {3}\n"
"From remote kernel:"
"\"boundary condition test\" -> {3, 0, 0.}\n"
"From remote kernel:"
"\"block\" -> {8}\n"
"From remote kernel:"
"\"boundary condition test\" -> {8, 0, 0.}\n"
"From remote kernel:"
"\"block\" -> {9}\n"
"From remote kernel:"
"\"boundary condition test\" -> {9, 0, 1.001849777196697*^6}\n"
"From remote kernel:"
"\"block\" -> {6}\n"
"From remote kernel:"
"\"boundary condition test\" -> {6, 0, 0.}\n"
"From remote kernel:"
"\"AMFlow: Infinity solved in 1s.\"\n"
"From remote kernel:"
"\"AMFlow: running among regular points...\"\n"
"From remote kernel:"
"\"current regular point\" -> 0. - 2.*I\n"
"From remote kernel:"
"\"current regular point\" -> 0. - 1.*I\n"
"From remote kernel:"
"\"AMFlow: regular running finished in 0s.\"\n"
"From remote kernel:"
"\"AMFlow: solving near the last point...\"\n"
"From remote kernel:"
"\"NormalizeMat finished in 0s.\"\n"
"From remote kernel:"
"\"LearnXOrder is negative. skip learning phase.\"\n"
"From remote kernel:"
"\"block\" -> {4, 5}\n"
"From remote kernel:"
"\"behavior\" -> {{0, 0}, {999/1000, 0}}\n"
"From remote kernel:"
"\"number of constraints and variables\" -> {4, 4}\n"
"From remote kernel:"
"\"block\" -> {7}\n"
"From remote kernel:"
"\"behavior\" -> {{0, 0}}\n"
"From remote kernel:"
"\"number of constraints and variables\" -> {1, 1}\n"
"From remote kernel:"
"\"block\" -> {2}\n"
"From remote kernel:"
"\"behavior\" -> {{999/1000, 0}}\n"
"From remote kernel:"
"\"number of constraints and variables\" -> {1, 1}\n"
"From remote kernel:"
"\"block\" -> {1}\n"
"From remote kernel:"
"\"behavior\" -> {{499/500, 0}}\n"
"From remote kernel:"
"\"number of constraints and variables\" -> {1, 1}\n"
"From remote kernel:"
"\"block\" -> {3}\n"
"From remote kernel:"
"\"behavior\" -> {{0, 1}, {999/1000, 0}}\n"
"From remote kernel:"
"\"number of constraints and variables\" -> {1, 1}\n"
"From remote kernel:"
"\"block\" -> {8}\n"
"From remote kernel:"
"\"behavior\" -> {{999/1000, 0}, {0, 0}, {499/500, 0}}\n"
"From remote kernel:"
"\"number of constraints and variables\" -> {1, 1}\n"
"From remote kernel:"
"\"block\" -> {9}\n"
"From remote kernel:"
"\"behavior\" -> {{0, 0}, {999/1000, 0}}\n"
"From remote kernel:"
"\"number of constraints and variables\" -> {1, 1}\n"
"From remote kernel:"
"\"block\" -> {6}\n"
"From remote kernel:"
"\"behavior\" -> {{0, 0}}\n"
"From remote kernel:"
"\"number of constraints and variables\" -> {1, 1}\n"
"From remote kernel:"
"\"AMFlow: last point solved in 0s.\"\n"
"From remote kernel:"
"\"dropped terms when pickzero\" -> {0.}\n"
"From remote kernel:"
"\"dropped terms when pickzero\" -> {0.}\n"
"From remote kernel:"
"\"system cleared: DESolver`$InternalSystem\"\n"
"From remote kernel:"
"\"AMFlow: finished in 2s.\"\n"
