"From remote kernel:"
"DESolver`SetGlobalOptions -> {\"WorkingPre\" -> 100, \"ChopPre\" -> 20, \"SilentMode\" -> False, \"RationalizePre\" -> 100}\n"
"From remote kernel:"
"DESolver`SetExpansionOptions -> {\"XOrder\" -> 100, \"ExtraXOrder\" -> 20, \"LearnXOrder\" -> -1, \"TestXOrder\" -> 5}\n"
"From remote kernel:"
"DESolver`SetRunningOptions -> {\"RunRadius\" -> 2, \"RunLength\" -> 1000, \"RunCandidate\" -> 10, \"RunDirection\" -> \"NegIm\"}\n"
"From remote kernel:"
"DESolver`SetGlobalOptions -> {\"WorkingPre\" -> 200, \"ChopPre\" -> 20, \"SilentMode\" -> False, \"RationalizePre\" -> 100}\n"
"From remote kernel:"
"DESolver`SetExpansionOptions -> {\"XOrder\" -> 400, \"ExtraXOrder\" -> 480, \"LearnXOrder\" -> -1, \"TestXOrder\" -> 5}\n"
"From remote kernel:"
"DESolver`SetRunningOptions -> {\"RunRadius\" -> 2, \"RunLength\" -> 1000, \"RunCandidate\" -> 10, \"RunDirection\" -> \"NegIm\"}\n"
"From remote kernel:"
"\"AMFlow: start.\"\n"
"From remote kernel:"
"\"system loaded: DESolver`$InternalSystem\\nDE[DESolver`$InternalSystem] -- differential equation in matrix form\\nBC[DESolver`$InternalSystem] -- boundary conditions either in singular form or in regular form\\nP[DESolver`$InternalSystem] -- boundary point\\nAsyExp[DESolver`$InternalSystem] -- asymptotic expansion near a singular point (currently it is Null)\\nintegrals: 25, blocks: 19, density: 0.18, degrees: {7, 11}\"\n"
"From remote kernel:"
"\"AMFlow: integrals will be evaluated at 8 regular points\" -> {-5.1449575542752655 - 8.574929257125442*I, -3.3519770578006107 - 5.586628429667683*I, -2.3835377166712455 - 3.972562861118743*I, -1.7698428249362637 - 2.949738041560439*I, -1.2563303411414826 - 2.093883901902471*I, -0.7136619927305126 - 1.1894366545508543*I, -0.39894058130206766 - 0.6649009688367794*I, -0.25724787771376323 - 0.42874646285627205*I}\n"
"From remote kernel:"
"\"AMFlow: integration contour generated in 0s.\"\n"
"From remote kernel:"
"\"AMFlow: solving near eta = Infinity...\"\n"
"From remote kernel:"
"\"CalcTaylor: current region\" -> 1/100000\n"
"From remote kernel:"
"\"block\" -> {2}\n"
"From remote kernel:"
"\"boundary condition test\" -> {2, 0, 0.}\n"
"From remote kernel:"
"\"block\" -> {1}\n"
"From remote kernel:"
"\"boundary condition inserted\" -> {1, 0, 1.0000084559869469*^10}\n"
"From remote kernel:"
"\"block\" -> {9, 10, 11}\n"
"From remote kernel:"
"\"homogeneous id up to\" -> 2646\n"
"From remote kernel:"
"\"dropped eqs\" -> {{2647 -> 0.}}\n"
"From remote kernel:"
"\"boundary condition test\" -> {11, 0, -49999.92279511935}\n"
"From remote kernel:"
"\"boundary condition test\" -> {10, 0, 9.99998455902387*^9}\n"
"From remote kernel:"
"\"boundary condition test\" -> {9, 0, -200001.6911973894}\n"
"From remote kernel:"
"\"block\" -> {4}\n"
"From remote kernel:"
"\"boundary condition test\" -> {4, 0, 1.0000084559869469*^10}\n"
"From remote kernel:"
"\"block\" -> {7}\n"
"From remote kernel:"
"\"boundary condition test\" -> {7, 0, 0.}\n"
"From remote kernel:"
"\"block\" -> {5}\n"
"From remote kernel:"
"\"boundary condition test\" -> {5, 0, 0.}\n"
"From remote kernel:"
"\"block\" -> {15, 16, 17}\n"
"From remote kernel:"
"\"boundary condition test\" -> {17, 0, 9.99998455902387*^9}\n"
"From remote kernel:"
"\"boundary condition test\" -> {16, 0, 2.0000169119738937*^10}\n"
"From remote kernel:"
"\"boundary condition test\" -> {15, 0, -2.0000369121430134*^10}\n"
"From remote kernel:"
"\"block\" -> {13}\n"
"From remote kernel:"
"\"boundary condition test\" -> {13, 0, 1.0000084559869469*^10}\n"
"From remote kernel:"
"\"block\" -> {20}\n"
"From remote kernel:"
"\"boundary condition test\" -> {20, 0, 0.}\n"
"From remote kernel:"
"\"block\" -> {19}\n"
"From remote kernel:"
"\"boundary condition test\" -> {19, 0, 0.}\n"
"From remote kernel:"
"\"block\" -> {23, 24, 25}\n"
"From remote kernel:"
"\"homogeneous id up to\" -> 2646\n"
"From remote kernel:"
"\"dropped eqs\" -> {{2647 -> 0.}}\n"
"From remote kernel:"
"\"boundary condition test\" -> {25, 0, 9.99998455902387*^9}\n"
"From remote kernel:"
"\"boundary condition test\" -> {24, 0, 2.0000169119738937*^10}\n"
"From remote kernel:"
"\"boundary condition test\" -> {23, 0, -4.0000538241169075*^10}\n"
"From remote kernel:"
"\"block\" -> {22}\n"
"From remote kernel:"
"\"boundary condition test\" -> {22, 0, 2.0000169119738937*^10}\n"
"From remote kernel:"
"\"block\" -> {14}\n"
"From remote kernel:"
"\"boundary condition test\" -> {14, 0, 2.0000169119738937*^10}\n"
"From remote kernel:"
"\"block\" -> {8}\n"
"From remote kernel:"
"\"boundary condition test\" -> {8, 0, 2.0000169119738937*^10}\n"
"From remote kernel:"
"\"block\" -> {21}\n"
"From remote kernel:"
"\"boundary condition test\" -> {21, 0, 1.0000084559869469*^10}\n"
"From remote kernel:"
"\"block\" -> {12}\n"
"From remote kernel:"
"\"boundary condition test\" -> {12, 0, 1.0000084559869469*^10}\n"
"From remote kernel:"
"\"block\" -> {3}\n"
"From remote kernel:"
"\"boundary condition test\" -> {3, 0, 1.0000084559869469*^10}\n"
"From remote kernel:"
"\"block\" -> {18}\n"
"From remote kernel:"
"\"boundary condition test\" -> {18, 0, 0.}\n"
"From remote kernel:"
"\"block\" -> {6}\n"
"From remote kernel:"
"\"boundary condition test\" -> {6, 0, 0.}\n"
"From remote kernel:"
"\"CalcTaylor: current region\" -> 0\n"
"From remote kernel:"
"\"block\" -> {2}\n"
"From remote kernel:"
"\"boundary condition inserted\" -> {2, 0, 1.0000084559869469*^10}\n"
"From remote kernel:"
"\"block\" -> {1}\n"
"From remote kernel:"
"\"boundary condition test\" -> {1, 0, 0.}\n"
"From remote kernel:"
"\"block\" -> {9, 10, 11}\n"
"From remote kernel:"
"\"homogeneous id up to\" -> 2646\n"
"From remote kernel:"
"\"dropped eqs\" -> {{2647 -> 0.}}\n"
"From remote kernel:"
"\"boundary condition test\" -> {11, 0, 49999.92279511935}\n"
"From remote kernel:"
"\"boundary condition test\" -> {10, 0, -9.99998455902387*^9}\n"
"From remote kernel:"
"\"boundary condition test\" -> {9, 0, 1.0000084559869469*^10}\n"
"From remote kernel:"
"\"block\" -> {4}\n"
"From remote kernel:"
"\"boundary condition test\" -> {4, 0, -1.0000084559869469*^10}\n"
"From remote kernel:"
"\"block\" -> {7}\n"
"From remote kernel:"
"\"boundary condition inserted\" -> {7, 0, 4.999992278511952*^9}\n"
"From remote kernel:"
"\"block\" -> {5}\n"
"From remote kernel:"
"\"boundary condition inserted\" -> {5, 0, 1.000005991108943*^10 + 222145.16718025188*I}\n"
"From remote kernel:"
"\"block\" -> {15, 16, 17}\n"
"From remote kernel:"
"\"boundary condition test\" -> {17, 0, -4.999992278511952*^9}\n"
"From remote kernel:"
"\"boundary condition test\" -> {16, 0, -4.999992278511952*^9}\n"
"From remote kernel:"
"\"boundary condition test\" -> {15, 0, 1.5000251841236273*^10}\n"
"From remote kernel:"
"\"block\" -> {13}\n"
"From remote kernel:"
"\"boundary condition test\" -> {13, 0, -1.000005991108943*^10 - 222145.16718025188*I}\n"
"From remote kernel:"
"\"block\" -> {20}\n"
"From remote kernel:"
"\"boundary condition inserted\" -> {20, 0, -0.863752397527007 - 0.862822839874593*I}\n"
"From remote kernel:"
"\"block\" -> {19}\n"
"From remote kernel:"
"\"boundary condition inserted\" -> {19, 0, 31162.20634461376 - 55534.35198511968*I}\n"
"From remote kernel:"
"\"block\" -> {23, 24, 25}\n"
"From remote kernel:"
"\"boundary condition test\" -> {25, 0, 0.863752397527007 + 0.862822839874593*I}\n"
"From remote kernel:"
"\"boundary condition test\" -> {24, 0, -31162.20634461376 + 55534.35198511968*I}\n"
"From remote kernel:"
"\"boundary condition test\" -> {23, 0, 5.000067628620881*^9 + 222142.34656519594*I}\n"
"From remote kernel:"
"\"block\" -> {22}\n"
"From remote kernel:"
"\"boundary condition test\" -> {22, 0, -5.000067628620881*^9 - 222142.34656519594*I}\n"
"From remote kernel:"
"\"block\" -> {14}\n"
"From remote kernel:"
"\"boundary condition test\" -> {14, 0, -1.5000251841236273*^10}\n"
"From remote kernel:"
"\"block\" -> {8}\n"
"From remote kernel:"
"\"boundary condition test\" -> {8, 0, -1.0000084559869469*^10}\n"
"From remote kernel:"
"\"block\" -> {21}\n"
"From remote kernel:"
"\"boundary condition test\" -> {21, 0, 3.11622831654317*^9 - 5.553518106922708*^9*I}\n"
"From remote kernel:"
"\"block\" -> {12}\n"
"From remote kernel:"
"\"boundary condition test\" -> {12, 0, -1.0000184562715124*^10}\n"
"From remote kernel:"
"\"block\" -> {3}\n"
"From remote kernel:"
"\"boundary condition test\" -> {3, 0, 0.}\n"
"From remote kernel:"
"\"block\" -> {18}\n"
"From remote kernel:"
"\"boundary condition inserted\" -> {18, 0, 5.000067628620881*^9 + 222142.34656519594*I}\n"
"From remote kernel:"
"\"block\" -> {6}\n"
"From remote kernel:"
"\"boundary condition inserted\" -> {6, 0, 1.5000251841236273*^10}\n"
"From remote kernel:"
"\"CalcTaylor: current region\" -> 1/50000\n"
"From remote kernel:"
"\"block\" -> {2}\n"
"From remote kernel:"
"\"boundary condition test\" -> {2, 0, 0.}\n"
"From remote kernel:"
"\"block\" -> {1}\n"
"From remote kernel:"
"\"boundary condition test\" -> {1, 0, 0.}\n"
"From remote kernel:"
"\"block\" -> {9, 10, 11}\n"
"From remote kernel:"
"\"boundary condition inserted\" -> {11, 0, -49999.92281156855}\n"
"From remote kernel:"
"\"boundary condition test\" -> {10, 0, -4.999992281156855*^9}\n"
"From remote kernel:"
"\"boundary condition test\" -> {9, 0, 4.999992281156855*^9}\n"
"From remote kernel:"
"\"block\" -> {4}\n"
"From remote kernel:"
"\"boundary condition inserted\" -> {4, 0, 0.}\n"
"From remote kernel:"
"\"block\" -> {7}\n"
"From remote kernel:"
"\"boundary condition test\" -> {7, 0, 0.}\n"
"From remote kernel:"
"\"block\" -> {5}\n"
"From remote kernel:"
"\"boundary condition test\" -> {5, 0, 0.}\n"
"From remote kernel:"
"\"block\" -> {15, 16, 17}\n"
"From remote kernel:"
"\"boundary condition test\" -> {17, 0, -4.999992281156855*^9}\n"
"From remote kernel:"
"\"boundary condition test\" -> {16, 0, 5.000092283002515*^9}\n"
"From remote kernel:"
"\"boundary condition test\" -> {15, 0, -100001.8456600503}\n"
"From remote kernel:"
"\"block\" -> {13}\n"
"From remote kernel:"
"\"boundary condition inserted\" -> {13, 0, 0.}\n"
"From remote kernel:"
"\"block\" -> {20}\n"
"From remote kernel:"
"\"boundary condition test\" -> {20, 0, 0.}\n"
"From remote kernel:"
"\"block\" -> {19}\n"
"From remote kernel:"
"\"boundary condition test\" -> {19, 0, 0.}\n"
"From remote kernel:"
"\"block\" -> {23, 24, 25}\n"
"From remote kernel:"
"\"boundary condition test\" -> {25, 0, -4.999992281156855*^9}\n"
"From remote kernel:"
"\"boundary condition test\" -> {24, 0, 5.000092283002515*^9}\n"
"From remote kernel:"
"\"boundary condition test\" -> {23, 0, -5.000192284848175*^9}\n"
"From remote kernel:"
"\"block\" -> {22}\n"
"From remote kernel:"
"\"boundary condition test\" -> {22, 0, 5.000092283002515*^9}\n"
"From remote kernel:"
"\"block\" -> {14}\n"
"From remote kernel:"
"\"boundary condition test\" -> {14, 0, 5.000092283002515*^9}\n"
"From remote kernel:"
"\"block\" -> {8}\n"
"From remote kernel:"
"\"boundary condition test\" -> {8, 0, 5.000092283002515*^9}\n"
"From remote kernel:"
"\"block\" -> {21}\n"
"From remote kernel:"
"\"boundary condition inserted\" -> {21, 0, 0.}\n"
"From remote kernel:"
"\"block\" -> {12}\n"
"From remote kernel:"
"\"boundary condition inserted\" -> {12, 0, 0.}\n"
"From remote kernel:"
"\"block\" -> {3}\n"
"From remote kernel:"
"\"boundary condition inserted\" -> {3, 0, 0.}\n"
"From remote kernel:"
"\"block\" -> {18}\n"
"From remote kernel:"
"\"boundary condition test\" -> {18, 0, 0.}\n"
"From remote kernel:"
"\"block\" -> {6}\n"
"From remote kernel:"
"\"boundary condition test\" -> {6, 0, 0.}\n"
"From remote kernel:"
"\"AMFlow: Infinity solved in 17s.\"\n"
"From remote kernel:"
"\"AMFlow: running among regular points...\"\n"
"From remote kernel:"
"\"current regular point\" -> -5.1449575542752655 - 8.574929257125442*I\n"
"From remote kernel:"
"\"current regular point\" -> -3.3519770578006107 - 5.586628429667685*I\n"
"From remote kernel:"
"\"current regular point\" -> -2.383537716671246 - 3.972562861118743*I\n"
"From remote kernel:"
"\"current regular point\" -> -1.7698428249362637 - 2.9497380415604395*I\n"
"From remote kernel:"
"\"current regular point\" -> -1.2563303411414828 - 2.0938839019024713*I\n"
"From remote kernel:"
"\"current regular point\" -> -0.7136619927305127 - 1.1894366545508546*I\n"
"From remote kernel:"
"\"current regular point\" -> -0.39894058130206766 - 0.6649009688367795*I\n"
"From remote kernel:"
"\"AMFlow: regular running finished in 8s.\"\n"
"From remote kernel:"
"\"AMFlow: solving near the last point...\"\n"
"From remote kernel:"
"\"NormalizeMat finished in 0s.\"\n"
"From remote kernel:"
"\"LearnXOrder is negative. skip learning phase.\"\n"
"From remote kernel:"
"\"block\" -> {2}\n"
"From remote kernel:"
"\"behavior\" -> {{0, 0}}\n"
"From remote kernel:"
"\"number of constraints and variables\" -> {1, 1}\n"
"From remote kernel:"
"\"block\" -> {1}\n"
"From remote kernel:"
"\"behavior\" -> {{99999/100000, 0}}\n"
"From remote kernel:"
"\"number of constraints and variables\" -> {1, 1}\n"
"From remote kernel:"
"\"block\" -> {9, 10, 11}\n"
"From remote kernel:"
"\"behavior\" -> {{0, 1}, {99999/100000, 1}}\n"
"From remote kernel:"
"\"number of constraints and variables\" -> {6, 6}\n"
"From remote kernel:"
"\"block\" -> {4}\n"
"From remote kernel:"
"\"behavior\" -> {{49999/100000, 0}, {0, 0}, {99999/100000, 0}}\n"
"From remote kernel:"
"\"number of constraints and variables\" -> {1, 1}\n"
"From remote kernel:"
"\"block\" -> {7}\n"
"From remote kernel:"
"\"behavior\" -> {{0, 0}}\n"
"From remote kernel:"
"\"number of constraints and variables\" -> {1, 1}\n"
"From remote kernel:"
"\"block\" -> {5}\n"
"From remote kernel:"
"\"behavior\" -> {{0, 0}}\n"
"From remote kernel:"
"\"number of constraints and variables\" -> {1, 1}\n"
"From remote kernel:"
"\"block\" -> {15, 16, 17}\n"
"From remote kernel:"
"\"behavior\" -> {{0, 2}, {49999/100000, 1}, {99999/100000, 1}}\n"
"From remote kernel:"
"\"number of constraints and variables\" -> {6, 6}\n"
"From remote kernel:"
"\"block\" -> {13}\n"
"From remote kernel:"
"\"behavior\" -> {{99999/100000, 1}, {0, 0}, {49999/100000, 0}}\n"
"From remote kernel:"
"\"number of constraints and variables\" -> {1, 1}\n"
"From remote kernel:"
"\"block\" -> {20}\n"
"From remote kernel:"
"\"behavior\" -> {{0, 0}}\n"
"From remote kernel:"
"\"number of constraints and variables\" -> {1, 1}\n"
"From remote kernel:"
"\"block\" -> {19}\n"
"From remote kernel:"
"\"behavior\" -> {{0, 0}}\n"
"From remote kernel:"
"\"number of constraints and variables\" -> {1, 1}\n"
"From remote kernel:"
"\"block\" -> {23, 24, 25}\n"
"From remote kernel:"
"\"behavior\" -> {{0, 3}, {99999/100000, 2}, {49999/100000, 1}}\n"
"From remote kernel:"
"\"number of constraints and variables\" -> {6, 6}\n"
"From remote kernel:"
"\"block\" -> {22}\n"
"From remote kernel:"
"\"behavior\" -> {{0, 4}, {99999/100000, 2}, {49999/100000, 1}}\n"
"From remote kernel:"
"\"number of constraints and variables\" -> {1, 1}\n"
"From remote kernel:"
"\"block\" -> {14}\n"
"From remote kernel:"
"\"behavior\" -> {{0, 3}, {99999/100000, 1}, {49999/100000, 1}}\n"
"From remote kernel:"
"\"number of constraints and variables\" -> {1, 1}\n"
"From remote kernel:"
"\"block\" -> {8}\n"
"From remote kernel:"
"\"behavior\" -> {{0, 2}, {99999/100000, 1}}\n"
"From remote kernel:"
"\"number of constraints and variables\" -> {1, 1}\n"
"From remote kernel:"
"\"block\" -> {21}\n"
"From remote kernel:"
"\"behavior\" -> {{0, 1}, {99999/100000, 1}, {49999/100000, 0}}\n"
"From remote kernel:"
"\"number of constraints and variables\" -> {1, 1}\n"
"From remote kernel:"
"\"block\" -> {12}\n"
"From remote kernel:"
"\"behavior\" -> {{0, 1}, {99999/100000, 0}, {49999/100000, 0}}\n"
"From remote kernel:"
"\"number of constraints and variables\" -> {1, 1}\n"
"From remote kernel:"
"\"block\" -> {3}\n"
"From remote kernel:"
"\"behavior\" -> {{0, 0}, {99999/100000, 0}}\n"
"From remote kernel:"
"\"number of constraints and variables\" -> {1, 1}\n"
"From remote kernel:"
"\"block\" -> {18}\n"
"From remote kernel:"
"\"behavior\" -> {{0, 0}}\n"
"From remote kernel:"
"\"number of constraints and variables\" -> {1, 1}\n"
"From remote kernel:"
"\"block\" -> {6}\n"
"From remote kernel:"
"\"behavior\" -> {{0, 0}}\n"
"From remote kernel:"
"\"number of constraints and variables\" -> {1, 1}\n"
"From remote kernel:"
"\"AMFlow: last point solved in 10s.\"\n"
"From remote kernel:"
"\"dropped terms when pickzero\" -> {0.}\n"
"From remote kernel:"
"\"dropped terms when pickzero\" -> {0.}\n"
"From remote kernel:"
"\"dropped terms when pickzero\" -> {0.}\n"
"From remote kernel:"
"\"dropped terms when pickzero\" -> {0.}\n"
"From remote kernel:"
"\"dropped terms when pickzero\" -> {0.}\n"
"From remote kernel:"
"\"dropped terms when pickzero\" -> {0.}\n"
"From remote kernel:"
"\"dropped terms when pickzero\" -> {0., 0.}\n"
"From remote kernel:"
"\"dropped terms when pickzero\" -> {0.}\n"
"From remote kernel:"
"\"dropped terms when pickzero\" -> {0.}\n"
"From remote kernel:"
"\"system cleared: DESolver`$InternalSystem\"\n"
"From remote kernel:"
"\"AMFlow: finished in 37s.\"\n"
