"From remote kernel:"
"DESolver`SetGlobalOptions -> {\"WorkingPre\" -> 100, \"ChopPre\" -> 20, \"SilentMode\" -> False, \"RationalizePre\" -> 100}\n"
"From remote kernel:"
"DESolver`SetExpansionOptions -> {\"XOrder\" -> 100, \"ExtraXOrder\" -> 20, \"LearnXOrder\" -> -1, \"TestXOrder\" -> 5}\n"
"From remote kernel:"
"DESolver`SetRunningOptions -> {\"RunRadius\" -> 2, \"RunLength\" -> 1000, \"RunCandidate\" -> 10, \"RunDirection\" -> \"NegIm\"}\n"
"From remote kernel:"
"DESolver`SetGlobalOptions -> {\"WorkingPre\" -> 200, \"ChopPre\" -> 20, \"SilentMode\" -> False, \"RationalizePre\" -> 100}\n"
"From remote kernel:"
"DESolver`SetExpansionOptions -> {\"XOrder\" -> 400, \"ExtraXOrder\" -> 480, \"LearnXOrder\" -> -1, \"TestXOrder\" -> 5}\n"
"From remote kernel:"
"DESolver`SetRunningOptions -> {\"RunRadius\" -> 2, \"RunLength\" -> 1000, \"RunCandidate\" -> 10, \"RunDirection\" -> \"NegIm\"}\n"
"From remote kernel:"
"\"AMFlow: start.\"\n"
"From remote kernel:"
"\"system loaded: DESolver`$InternalSystem\\nDE[DESolver`$InternalSystem] -- differential equation in matrix form\\nBC[DESolver`$InternalSystem] -- boundary conditions either in singular form or in regular form\\nP[DESolver`$InternalSystem] -- boundary point\\nAsyExp[DESolver`$InternalSystem] -- asymptotic expansion near a singular point (currently it is Null)\\nintegrals: 155, blocks: 111, density: 0.08, degrees: {73, 80}\"\n"
"From remote kernel:"
"\"AMFlow: integrals will be evaluated at 18 regular points\" -> {135.76400736027333 - 193.94858194324763*I, 79.92976337421045 - 114.18537624887207*I, 45.38356918347991 - 64.83367026211415*I, 23.761548069720565 - 33.94506867102938*I, 12.890347123365208 - 18.414781604807438*I, 7.335506201360635 - 10.479294573372337*I, 4.529911046741171 - 6.47130149534453*I, 3.1145946117738177 - 4.4494208739625964*I, 2.382272617730644 - 3.403246596758063*I, 1.9693412926779381 - 2.8133447038256256*I, 1.6821351424052393 - 2.4030502034360564*I, 1.4146760776606746 - 2.020965825229535*I, 1.1009533124352242 - 1.5727904463360347*I, 0.7151653109674664 - 1.0216647299535235*I, 0.4417271201066095 - 0.6310387430094422*I, 0.2581387441654285 - 0.36876963452204065*I, 0.150225202074524 - 0.21460743153503434*I, 0.09557705739388807 - 0.1365386534198401*I}\n"
"From remote kernel:"
"\"AMFlow: integration contour generated in 7s.\"\n"
"From remote kernel:"
"\"AMFlow: solving near eta = Infinity...\"\n"
"From remote kernel:"
"\"CalcTaylor: current region\" -> 1/100000\n"
"From remote kernel:"
"\"block\" -> {1}\n"
"From remote kernel:"
"\"boundary condition inserted\" -> {1, 0, 1.0000084559869469*^10}\n"
"From remote kernel:"
"\"block\" -> {11, 12, 13}\n"
"From remote kernel:"
"\"boundary condition test\" -> {13, 0, 1.0000084559869469*^10}\n"
"From remote kernel:"
"\"boundary condition test\" -> {12, 0, 9.99998455902387*^9}\n"
"From remote kernel:"
"\"boundary condition test\" -> {11, 0, -100000.8455986947}\n"
"From remote kernel:"
"\"block\" -> {6}\n"
"From remote kernel:"
"\"boundary condition test\" -> {6, 0, 1.0000084559869469*^10}\n"
"From remote kernel:"
"\"block\" -> {5}\n"
"From remote kernel:"
"\"boundary condition test\" -> {5, 0, 1.0000084559869469*^10}\n"
"From remote kernel:"
"\"block\" -> {27}\n"
"From remote kernel:"
"\"boundary condition test\" -> {27, 0, 0.}\n"
"From remote kernel:"
"\"block\" -> {26}\n"
"From remote kernel:"
"\"boundary condition test\" -> {26, 0, 0.}\n"
"From remote kernel:"
"\"block\" -> {24}\n"
"From remote kernel:"
"\"boundary condition test\" -> {24, 0, 0.}\n"
"From remote kernel:"
"\"block\" -> {4}\n"
"From remote kernel:"
"\"boundary condition inserted\" -> {4, 0, 9.999945226637922*^9}\n"
"From remote kernel:"
"\"block\" -> {2}\n"
"From remote kernel:"
"\"boundary condition test\" -> {2, 0, 0.}\n"
"From remote kernel:"
"\"block\" -> {46, 47, 48}\n"
"From remote kernel:"
"\"boundary condition test\" -> {48, 0, 1.0000084559869469*^10}\n"
"From remote kernel:"
"\"boundary condition test\" -> {47, 0, 1.0000084559869469*^10}\n"
"From remote kernel:"
"\"boundary condition test\" -> {46, 0, 9.99998455902387*^9}\n"
"From remote kernel:"
"\"block\" -> {36}\n"
"From remote kernel:"
"\"boundary condition test\" -> {36, 0, 9.999945226637922*^9}\n"
"From remote kernel:"
"\"block\" -> {38}\n"
"From remote kernel:"
"\"boundary condition test\" -> {38, 0, 1.0000084559869469*^10}\n"
"From remote kernel:"
"\"block\" -> {3}\n"
"From remote kernel:"
"\"boundary condition test\" -> {3, 0, 1.0000084559869469*^10}\n"
"From remote kernel:"
"\"block\" -> {15, 16}\n"
"From remote kernel:"
"\"boundary condition test\" -> {16, 0, 0.}\n"
"From remote kernel:"
"\"boundary condition test\" -> {15, 0, 0.}\n"
"From remote kernel:"
"\"block\" -> {35}\n"
"From remote kernel:"
"\"boundary condition test\" -> {35, 0, 9.999945226637922*^9}\n"
"From remote kernel:"
"\"block\" -> {67}\n"
"From remote kernel:"
"\"boundary condition test\" -> {67, 0, 0.}\n"
"From remote kernel:"
"\"block\" -> {66}\n"
"From remote kernel:"
"\"boundary condition test\" -> {66, 0, 0.}\n"
"From remote kernel:"
"\"block\" -> {29}\n"
"From remote kernel:"
"\"boundary condition test\" -> {29, 0, 0.}\n"
"From remote kernel:"
"\"block\" -> {22}\n"
"From remote kernel:"
"\"boundary condition test\" -> {22, 0, 0.}\n"
"From remote kernel:"
"\"block\" -> {21}\n"
"From remote kernel:"
"\"boundary condition test\" -> {21, 0, 0.}\n"
"From remote kernel:"
"\"block\" -> {19}\n"
"From remote kernel:"
"\"boundary condition test\" -> {19, 0, 0.}\n"
"From remote kernel:"
"\"block\" -> {18}\n"
"From remote kernel:"
"\"boundary condition test\" -> {18, 0, 0.}\n"
"From remote kernel:"
"\"block\" -> {9}\n"
"From remote kernel:"
"\"boundary condition test\" -> {9, 0, 0.}\n"
"From remote kernel:"
"\"block\" -> {8}\n"
"From remote kernel:"
"\"boundary condition test\" -> {8, 0, 0.}\n"
"From remote kernel:"
"\"block\" -> {7}\n"
"From remote kernel:"
"\"boundary condition inserted\" -> {7, 0, 9.999969548163868*^9}\n"
"From remote kernel:"
"\"block\" -> {105, 107, 108, 109}\n"
"From remote kernel:"
"\"boundary condition test\" -> {109, 0, 9.999945226637922*^9}\n"
"From remote kernel:"
"\"boundary condition test\" -> {108, 0, 9.999945226637922*^9}\n"
"From remote kernel:"
"\"boundary condition test\" -> {107, 0, 9.999945226637922*^9}\n"
"From remote kernel:"
"\"boundary condition test\" -> {105, 0, 9.999945226637922*^9}\n"
"From remote kernel:"
"\"block\" -> {50, 51, 52}\n"
"From remote kernel:"
"\"boundary condition test\" -> {52, 0, 1.66664020314276*^9}\n"
"From remote kernel:"
"\"boundary condition test\" -> {51, 0, 9.999969548163868*^9}\n"
"From remote kernel:"
"\"boundary condition test\" -> {50, 0, -35835.041827682515}\n"
"From remote kernel:"
"\"block\" -> {33}\n"
"From remote kernel:"
"\"boundary condition test\" -> {33, 0, 1.0000084559869469*^10}\n"
"From remote kernel:"
"\"block\" -> {32}\n"
"From remote kernel:"
"\"boundary condition test\" -> {32, 0, 1.0000084559869469*^10}\n"
"From remote kernel:"
"\"block\" -> {54, 55}\n"
"From remote kernel:"
"\"boundary condition test\" -> {55, 0, 0.}\n"
"From remote kernel:"
"\"boundary condition test\" -> {54, 0, 0.}\n"
"From remote kernel:"
"\"block\" -> {43, 44}\n"
"From remote kernel:"
"\"boundary condition test\" -> {44, 0, 0.}\n"
"From remote kernel:"
"\"boundary condition test\" -> {43, 0, 0.}\n"
"From remote kernel:"
"\"block\" -> {31}\n"
"From remote kernel:"
"\"boundary condition test\" -> {31, 0, 1.0000084559869469*^10}\n"
"From remote kernel:"
"\"block\" -> {34}\n"
"From remote kernel:"
"\"boundary condition test\" -> {34, 0, 9.999969548163868*^9}\n"
"From remote kernel:"
"\"block\" -> {30}\n"
"From remote kernel:"
"\"boundary condition test\" -> {30, 0, 9.999945226637922*^9}\n"
"From remote kernel:"
"\"block\" -> {39}\n"
"From remote kernel:"
"\"boundary condition test\" -> {39, 0, 9.999969548163868*^9}\n"
"From remote kernel:"
"\"block\" -> {72}\n"
"From remote kernel:"
"\"boundary condition test\" -> {72, 0, 0.}\n"
"From remote kernel:"
"\"block\" -> {71}\n"
"From remote kernel:"
"\"boundary condition test\" -> {71, 0, 0.}\n"
"From remote kernel:"
"\"block\" -> {69}\n"
"From remote kernel:"
"\"boundary condition test\" -> {69, 0, 0.}\n"
"From remote kernel:"
"\"block\" -> {64}\n"
"From remote kernel:"
"\"boundary condition test\" -> {64, 0, 0.}\n"
"From remote kernel:"
"\"block\" -> {63}\n"
"From remote kernel:"
"\"boundary condition test\" -> {63, 0, 0.}\n"
"From remote kernel:"
"\"block\" -> {62}\n"
"From remote kernel:"
"\"boundary condition test\" -> {62, 0, 0.}\n"
"From remote kernel:"
"\"block\" -> {60}\n"
"From remote kernel:"
"\"boundary condition test\" -> {60, 0, 0.}\n"
"From remote kernel:"
"\"block\" -> {59}\n"
"From remote kernel:"
"\"boundary condition test\" -> {59, 0, 0.}\n"
"From remote kernel:"
"\"block\" -> {57}\n"
"From remote kernel:"
"\"boundary condition test\" -> {57, 0, 0.}\n"
"From remote kernel:"
"\"block\" -> {41}\n"
"From remote kernel:"
"\"boundary condition test\" -> {41, 0, 0.}\n"
"From remote kernel:"
"\"block\" -> {40}\n"
"From remote kernel:"
"\"boundary condition test\" -> {40, 0, 0.}\n"
"From remote kernel:"
"\"block\" -> {37}\n"
"From remote kernel:"
"\"boundary condition inserted\" -> {37, 0, -62814.28952138368}\n"
"From remote kernel:"
"\"block\" -> {111, 112, 113, 114, 115, 116, 117}\n"
"From remote kernel:"
"\"boundary condition test\" -> {117, 0, 9.999969548163868*^9}\n"
"From remote kernel:"
"\"boundary condition test\" -> {116, 0, -35835.041827682515}\n"
"From remote kernel:"
"\"boundary condition test\" -> {115, 0, 1.66664020314276*^9}\n"
"From remote kernel:"
"\"boundary condition test\" -> {114, 0, 9.999969548163868*^9}\n"
"From remote kernel:"
"\"boundary condition test\" -> {113, 0, 9.999969548163868*^9}\n"
"From remote kernel:"
"\"boundary condition test\" -> {112, 0, -35835.041827682515}\n"
"From remote kernel:"
"\"boundary condition test\" -> {111, 0, -1.0000069547859348*^10}\n"
"From remote kernel:"
"\"block\" -> {100, 101, 102, 103, 104}\n"
"From remote kernel:"
"\"boundary condition test\" -> {104, 0, 9.999969548163868*^9}\n"
"From remote kernel:"
"\"boundary condition test\" -> {103, 0, 9.999969548163868*^9}\n"
"From remote kernel:"
"\"boundary condition test\" -> {102, 0, -35835.041827682515}\n"
"From remote kernel:"
"\"boundary condition test\" -> {101, 0, 9.999969548163868*^9}\n"
"From remote kernel:"
"\"boundary condition test\" -> {100, 0, 9.999969548163868*^9}\n"
"From remote kernel:"
"\"block\" -> {106}\n"
"From remote kernel:"
"\"boundary condition test\" -> {106, 0, -34190.18435449355}\n"
"From remote kernel:"
"\"block\" -> {77}\n"
"From remote kernel:"
"\"boundary condition test\" -> {77, 0, 1.0000084559869469*^10}\n"
"From remote kernel:"
"\"block\" -> {74}\n"
"From remote kernel:"
"\"boundary condition test\" -> {74, 0, 9.999945226637922*^9}\n"
"From remote kernel:"
"\"block\" -> {82, 83, 84, 85}\n"
"From remote kernel:"
"\"boundary condition test\" -> {85, 0, -4.999892281666302*^9}\n"
"From remote kernel:"
"\"boundary condition test\" -> {84, 0, 1.0000184562715124*^10}\n"
"From remote kernel:"
"\"boundary condition test\" -> {83, 0, 1.0000184562715124*^10}\n"
"From remote kernel:"
"\"boundary condition test\" -> {82, 0, 1.0000184562715124*^10}\n"
"From remote kernel:"
"\"block\" -> {89, 90, 91, 92}\n"
"From remote kernel:"
"\"boundary condition test\" -> {92, 0, -4.999892281666302*^9}\n"
"From remote kernel:"
"\"boundary condition test\" -> {91, 0, 1.0000184562715124*^10}\n"
"From remote kernel:"
"\"boundary condition test\" -> {90, 0, 1.0000184562715124*^10}\n"
"From remote kernel:"
"\"boundary condition test\" -> {89, 0, 1.0000184562715124*^10}\n"
"From remote kernel:"
"\"block\" -> {80}\n"
"From remote kernel:"
"\"boundary condition test\" -> {80, 0, -62814.28952138368}\n"
"From remote kernel:"
"\"block\" -> {87, 88}\n"
"From remote kernel:"
"\"boundary condition test\" -> {88, 0, 0.}\n"
"From remote kernel:"
"\"boundary condition test\" -> {87, 0, 0.}\n"
"From remote kernel:"
"\"block\" -> {76}\n"
"From remote kernel:"
"\"boundary condition test\" -> {76, 0, 1.0000084559869469*^10}\n"
"From remote kernel:"
"\"block\" -> {78}\n"
"From remote kernel:"
"\"boundary condition test\" -> {78, 0, 9.999969548163868*^9}\n"
"From remote kernel:"
"\"block\" -> {73}\n"
"From remote kernel:"
"\"boundary condition test\" -> {73, 0, 9.999945226637922*^9}\n"
"From remote kernel:"
"\"block\" -> {75}\n"
"From remote kernel:"
"\"boundary condition test\" -> {75, 0, -62814.28952138368}\n"
"From remote kernel:"
"\"block\" -> {79}\n"
"From remote kernel:"
"\"boundary condition test\" -> {79, 0, -62814.28952138368}\n"
"From remote kernel:"
"\"block\" -> {129}\n"
"From remote kernel:"
"\"boundary condition test\" -> {129, 0, 0.}\n"
"From remote kernel:"
"\"block\" -> {128}\n"
"From remote kernel:"
"\"boundary condition test\" -> {128, 0, 0.}\n"
"From remote kernel:"
"\"block\" -> {127}\n"
"From remote kernel:"
"\"boundary condition test\" -> {127, 0, 0.}\n"
"From remote kernel:"
"\"block\" -> {126}\n"
"From remote kernel:"
"\"boundary condition test\" -> {126, 0, 0.}\n"
"From remote kernel:"
"\"block\" -> {125}\n"
"From remote kernel:"
"\"boundary condition test\" -> {125, 0, 0.}\n"
"From remote kernel:"
"\"block\" -> {124}\n"
"From remote kernel:"
"\"boundary condition test\" -> {124, 0, 0.}\n"
"From remote kernel:"
"\"block\" -> {122}\n"
"From remote kernel:"
"\"boundary condition test\" -> {122, 0, 0.}\n"
"From remote kernel:"
"\"block\" -> {121}\n"
"From remote kernel:"
"\"boundary condition test\" -> {121, 0, 0.}\n"
"From remote kernel:"
"\"block\" -> {120}\n"
"From remote kernel:"
"\"boundary condition test\" -> {120, 0, 0.}\n"
"From remote kernel:"
"\"block\" -> {119}\n"
"From remote kernel:"
"\"boundary condition test\" -> {119, 0, 0.}\n"
"From remote kernel:"
"\"block\" -> {99}\n"
"From remote kernel:"
"\"boundary condition test\" -> {99, 0, 0.}\n"
"From remote kernel:"
"\"block\" -> {98}\n"
"From remote kernel:"
"\"boundary condition test\" -> {98, 0, 0.}\n"
"From remote kernel:"
"\"block\" -> {96}\n"
"From remote kernel:"
"\"boundary condition test\" -> {96, 0, 0.}\n"
"From remote kernel:"
"\"block\" -> {95}\n"
"From remote kernel:"
"\"boundary condition test\" -> {95, 0, 0.}\n"
"From remote kernel:"
"\"block\" -> {94}\n"
"From remote kernel:"
"\"boundary condition test\" -> {94, 0, 0.}\n"
"From remote kernel:"
"\"block\" -> {93}\n"
"From remote kernel:"
"\"boundary condition test\" -> {93, 0, 0.}\n"
"From remote kernel:"
"\"block\" -> {81}\n"
"From remote kernel:"
"\"boundary condition test\" -> {81, 0, 0.}\n"
"From remote kernel:"
"\"block\" -> {137, 138, 139, 140, 141}\n"
"From remote kernel:"
"\"boundary condition test\" -> {141, 0, 9.999969548163868*^9}\n"
"From remote kernel:"
"\"boundary condition test\" -> {140, 0, 9.999969548163868*^9}\n"
"From remote kernel:"
"\"boundary condition test\" -> {139, 0, -35835.041827682515}\n"
"From remote kernel:"
"\"boundary condition test\" -> {138, 0, 9.999969548163868*^9}\n"
"From remote kernel:"
"\"boundary condition test\" -> {137, 0, 9.999969548163868*^9}\n"
"From remote kernel:"
"\"block\" -> {142, 143, 144, 145, 146}\n"
"From remote kernel:"
"\"boundary condition test\" -> {146, 0, 6.944217647276683*^8}\n"
"From remote kernel:"
"\"boundary condition test\" -> {145, 0, -62814.28952138368}\n"
"From remote kernel:"
"\"boundary condition test\" -> {144, 0, -62814.28952138368}\n"
"From remote kernel:"
"\"boundary condition test\" -> {143, 0, 11396.937499129586}\n"
"From remote kernel:"
"\"boundary condition test\" -> {142, 0, -62814.28952138368}\n"
"From remote kernel:"
"\"block\" -> {130}\n"
"From remote kernel:"
"\"boundary condition test\" -> {130, 0, 9.999945226637922*^9}\n"
"From remote kernel:"
"\"block\" -> {132}\n"
"From remote kernel:"
"\"boundary condition test\" -> {132, 0, -62814.28952138368}\n"
"From remote kernel:"
"\"block\" -> {133, 134, 135, 136}\n"
"From remote kernel:"
"\"boundary condition test\" -> {136, 0, -4.999892281666302*^9}\n"
"From remote kernel:"
"\"boundary condition test\" -> {135, 0, 1.0000184562715124*^10}\n"
"From remote kernel:"
"\"boundary condition test\" -> {134, 0, 1.0000184562715124*^10}\n"
"From remote kernel:"
"\"boundary condition test\" -> {133, 0, 1.0000184562715124*^10}\n"
"From remote kernel:"
"\"block\" -> {131}\n"
"From remote kernel:"
"\"boundary condition test\" -> {131, 0, -62814.28952138368}\n"
"From remote kernel:"
"\"block\" -> {150}\n"
"From remote kernel:"
"\"boundary condition test\" -> {150, 0, 0.}\n"
"From remote kernel:"
"\"block\" -> {149}\n"
"From remote kernel:"
"\"boundary condition test\" -> {149, 0, 0.}\n"
"From remote kernel:"
"\"block\" -> {148}\n"
"From remote kernel:"
"\"boundary condition test\" -> {148, 0, 0.}\n"
"From remote kernel:"
"\"block\" -> {147}\n"
"From remote kernel:"
"\"boundary condition test\" -> {147, 0, 0.}\n"
"From remote kernel:"
"\"block\" -> {151, 152, 153, 154, 155}\n"
"From remote kernel:"
"\"boundary condition test\" -> {155, 0, -62814.28952138368}\n"
"From remote kernel:"
"\"boundary condition test\" -> {154, 0, -62814.28952138368}\n"
"From remote kernel:"
"\"boundary condition test\" -> {153, 0, -62814.28952138368}\n"
"From remote kernel:"
"\"boundary condition test\" -> {152, 0, 11396.937499129586}\n"
"From remote kernel:"
"\"boundary condition test\" -> {151, 0, -62814.28952138368}\n"
"From remote kernel:"
"\"block\" -> {110}\n"
"From remote kernel:"
"\"boundary condition test\" -> {110, 0, 9.999969548163868*^9}\n"
"From remote kernel:"
"\"block\" -> {86}\n"
"From remote kernel:"
"\"boundary condition test\" -> {86, 0, 0.}\n"
"From remote kernel:"
"\"block\" -> {49}\n"
"From remote kernel:"
"\"boundary condition test\" -> {49, 0, 9.999969548163868*^9}\n"
"From remote kernel:"
"\"block\" -> {45}\n"
"From remote kernel:"
"\"boundary condition test\" -> {45, 0, 1.0000084559869469*^10}\n"
"From remote kernel:"
"\"block\" -> {53}\n"
"From remote kernel:"
"\"boundary condition test\" -> {53, 0, 0.}\n"
"From remote kernel:"
"\"block\" -> {42}\n"
"From remote kernel:"
"\"boundary condition test\" -> {42, 0, 0.}\n"
"From remote kernel:"
"\"block\" -> {10}\n"
"From remote kernel:"
"\"boundary condition test\" -> {10, 0, 1.0000084559869469*^10}\n"
"From remote kernel:"
"\"block\" -> {14}\n"
"From remote kernel:"
"\"boundary condition test\" -> {14, 0, 0.}\n"
"From remote kernel:"
"\"block\" -> {123}\n"
"From remote kernel:"
"\"boundary condition test\" -> {123, 0, 0.}\n"
"From remote kernel:"
"\"block\" -> {118}\n"
"From remote kernel:"
"\"boundary condition test\" -> {118, 0, 0.}\n"
"From remote kernel:"
"\"block\" -> {97}\n"
"From remote kernel:"
"\"boundary condition test\" -> {97, 0, 0.}\n"
"From remote kernel:"
"\"block\" -> {70}\n"
"From remote kernel:"
"\"boundary condition test\" -> {70, 0, 0.}\n"
"From remote kernel:"
"\"block\" -> {68}\n"
"From remote kernel:"
"\"boundary condition test\" -> {68, 0, 0.}\n"
"From remote kernel:"
"\"block\" -> {65}\n"
"From remote kernel:"
"\"boundary condition test\" -> {65, 0, 0.}\n"
"From remote kernel:"
"\"block\" -> {61}\n"
"From remote kernel:"
"\"boundary condition test\" -> {61, 0, 0.}\n"
"From remote kernel:"
"\"block\" -> {58}\n"
"From remote kernel:"
"\"boundary condition test\" -> {58, 0, 0.}\n"
"From remote kernel:"
"\"block\" -> {56}\n"
"From remote kernel:"
"\"boundary condition test\" -> {56, 0, 0.}\n"
"From remote kernel:"
"\"block\" -> {28}\n"
"From remote kernel:"
"\"boundary condition test\" -> {28, 0, 0.}\n"
"From remote kernel:"
"\"block\" -> {25}\n"
"From remote kernel:"
"\"boundary condition test\" -> {25, 0, 0.}\n"
"From remote kernel:"
"\"block\" -> {23}\n"
"From remote kernel:"
"\"boundary condition test\" -> {23, 0, 0.}\n"
"From remote kernel:"
"\"block\" -> {20}\n"
"From remote kernel:"
"\"boundary condition test\" -> {20, 0, 0.}\n"
"From remote kernel:"
"\"block\" -> {17}\n"
"From remote kernel:"
"\"boundary condition test\" -> {17, 0, 0.}\n"
"From remote kernel:"
"\"CalcTaylor: current region\" -> 0\n"
"From remote kernel:"
"\"block\" -> {1}\n"
"From remote kernel:"
"\"boundary condition test\" -> {1, 0, 0.}\n"
"From remote kernel:"
"\"block\" -> {11, 12, 13}\n"
"From remote kernel:"
"\"boundary condition test\" -> {13, 0, 0.}\n"
"From remote kernel:"
"\"boundary condition test\" -> {12, 0, 0.}\n"
"From remote kernel:"
"\"boundary condition test\" -> {11, 0, 0.}\n"
"From remote kernel:"
"\"block\" -> {6}\n"
"From remote kernel:"
"\"boundary condition test\" -> {6, 0, 0.}\n"
"From remote kernel:"
"\"block\" -> {5}\n"
"From remote kernel:"
"\"boundary condition test\" -> {5, 0, 0.}\n"
"From remote kernel:"
"\"block\" -> {27}\n"
"From remote kernel:"
"\"boundary condition inserted\" -> {27, 0, -4.999877270554435*^9}\n"
"From remote kernel:"
"\"block\" -> {26}\n"
"From remote kernel:"
"\"boundary condition inserted\" -> {26, 0, 4.999992279557701*^9}\n"
"From remote kernel:"
"\"block\" -> {24}\n"
"From remote kernel:"
"\"boundary condition inserted\" -> {24, 0, -5.000092285647588*^9}\n"
"From remote kernel:"
"\"block\" -> {4}\n"
"From remote kernel:"
"\"boundary condition test\" -> {4, 0, 0.}\n"
"From remote kernel:"
"\"block\" -> {2}\n"
"From remote kernel:"
"\"boundary condition inserted\" -> {2, 0, 1.0000084559869469*^10}\n"
"From remote kernel:"
"\"block\" -> {46, 47, 48}\n"
"From remote kernel:"
"\"boundary condition test\" -> {48, 0, 4.999877270554435*^9}\n"
"From remote kernel:"
"\"boundary condition test\" -> {47, 0, 4.999877270554435*^9}\n"
"From remote kernel:"
"\"boundary condition test\" -> {46, 0, -4.999992279557701*^9}\n"
"From remote kernel:"
"\"block\" -> {36}\n"
"From remote kernel:"
"\"boundary condition test\" -> {36, 0, 0.}\n"
"From remote kernel:"
"\"block\" -> {38}\n"
"From remote kernel:"
"\"boundary condition test\" -> {38, 0, -5.00006728281104*^9}\n"
"From remote kernel:"
"\"block\" -> {3}\n"
"From remote kernel:"
"\"boundary condition test\" -> {3, 0, -1.0000084559869469*^10}\n"
"From remote kernel:"
"\"block\" -> {15, 16}\n"
"From remote kernel:"
"\"boundary condition test\" -> {16, 0, 0.}\n"
"From remote kernel:"
"\"boundary condition test\" -> {15, 0, 0.}\n"
"From remote kernel:"
"\"block\" -> {35}\n"
"From remote kernel:"
"\"boundary condition test\" -> {35, 0, 0.}\n"
"From remote kernel:"
"\"block\" -> {67}\n"
"From remote kernel:"
"\"boundary condition inserted\" -> {67, 0, 62813.65914374897}\n"
"From remote kernel:"
"\"block\" -> {66}\n"
"From remote kernel:"
"\"boundary condition inserted\" -> {66, 0, -34189.86002865153}\n"
"From remote kernel:"
"\"block\" -> {29}\n"
"From remote kernel:"
"\"boundary condition inserted\" -> {29, 0, -5.000092280712586*^9}\n"
"From remote kernel:"
"\"block\" -> {22}\n"
"From remote kernel:"
"\"boundary condition inserted\" -> {22, 0, -4.999788146084176*^9}\n"
"From remote kernel:"
"\"block\" -> {21}\n"
"From remote kernel:"
"\"boundary condition inserted\" -> {21, 0, 4.999992277506489*^9}\n"
"From remote kernel:"
"\"block\" -> {19}\n"
"From remote kernel:"
"\"boundary condition inserted\" -> {19, 0, -4.999852949865974*^9}\n"
"From remote kernel:"
"\"block\" -> {18}\n"
"From remote kernel:"
"\"boundary condition inserted\" -> {18, 0, 4.999992278859557*^9}\n"
"From remote kernel:"
"\"block\" -> {9}\n"
"From remote kernel:"
"\"boundary condition inserted\" -> {9, 0, 9.999969548163868*^9}\n"
"From remote kernel:"
"\"block\" -> {8}\n"
"From remote kernel:"
"\"boundary condition inserted\" -> {8, 0, 9.999945226637922*^9}\n"
"From remote kernel:"
"\"block\" -> {7}\n"
"From remote kernel:"
"\"boundary condition test\" -> {7, 0, 0.}\n"
"From remote kernel:"
"\"block\" -> {105, 107, 108, 109}\n"
"From remote kernel:"
"\"homogeneous id up to\" -> 3528\n"
"From remote kernel:"
"\"dropped eqs\" -> {{3529 -> 0.}}\n"
"From remote kernel:"
"\"boundary condition test\" -> {109, 0, 3471.9730171259384}\n"
"From remote kernel:"
"\"boundary condition test\" -> {108, 0, -62813.65914374897}\n"
"From remote kernel:"
"\"boundary condition test\" -> {107, 0, -62813.65914374897}\n"
"From remote kernel:"
"\"boundary condition test\" -> {105, 0, -4.999952948481726*^9}\n"
"From remote kernel:"
"\"block\" -> {50, 51, 52}\n"
"From remote kernel:"
"\"boundary condition test\" -> {52, 0, 0.}\n"
"From remote kernel:"
"\"boundary condition test\" -> {51, 0, 0.}\n"
"From remote kernel:"
"\"boundary condition test\" -> {50, 0, 0.}\n"
"From remote kernel:"
"\"block\" -> {33}\n"
"From remote kernel:"
"\"boundary condition test\" -> {33, 0, -1.000048455502949*^10}\n"
"From remote kernel:"
"\"block\" -> {32}\n"
"From remote kernel:"
"\"boundary condition test\" -> {32, 0, -1.0000259561254538*^10}\n"
"From remote kernel:"
"\"block\" -> {54, 55}\n"
"From remote kernel:"
"\"boundary condition test\" -> {55, 0, 5.000092280712586*^9}\n"
"From remote kernel:"
"\"boundary condition test\" -> {54, 0, 5.000092280712586*^9}\n"
"From remote kernel:"
"\"block\" -> {43, 44}\n"
"From remote kernel:"
"\"boundary condition test\" -> {44, 0, 5.000092285647588*^9}\n"
"From remote kernel:"
"\"boundary condition test\" -> {43, 0, -4.999992281801798*^9}\n"
"From remote kernel:"
"\"block\" -> {31}\n"
"From remote kernel:"
"\"boundary condition test\" -> {31, 0, -1.0000184562715124*^10}\n"
"From remote kernel:"
"\"block\" -> {34}\n"
"From remote kernel:"
"\"boundary condition test\" -> {34, 0, -9.999969548163868*^9}\n"
"From remote kernel:"
"\"block\" -> {30}\n"
"From remote kernel:"
"\"boundary condition test\" -> {30, 0, -9.999945226637922*^9}\n"
"From remote kernel:"
"\"block\" -> {39}\n"
"From remote kernel:"
"\"boundary condition test\" -> {39, 0, 0.}\n"
"From remote kernel:"
"\"block\" -> {72}\n"
"From remote kernel:"
"\"boundary condition inserted\" -> {72, 0, 59291.90226923638}\n"
"From remote kernel:"
"\"block\" -> {71}\n"
"From remote kernel:"
"\"boundary condition inserted\" -> {71, 0, -35834.711709871845}\n"
"From remote kernel:"
"\"block\" -> {69}\n"
"From remote kernel:"
"\"boundary condition inserted\" -> {69, 0, 353114.24101392034}\n"
"From remote kernel:"
"\"block\" -> {64}\n"
"From remote kernel:"
"\"boundary condition inserted\" -> {64, 0, 47620.66899634513}\n"
"From remote kernel:"
"\"block\" -> {63}\n"
"From remote kernel:"
"\"boundary condition inserted\" -> {63, 0, -35834.42546176136}\n"
"From remote kernel:"
"\"block\" -> {62}\n"
"From remote kernel:"
"\"boundary condition inserted\" -> {62, 0, -0.8510891756670148}\n"
"From remote kernel:"
"\"block\" -> {60}\n"
"From remote kernel:"
"\"boundary condition inserted\" -> {60, 0, 47619.81786065395}\n"
"From remote kernel:"
"\"block\" -> {59}\n"
"From remote kernel:"
"\"boundary condition inserted\" -> {59, 0, -1.22032521861663}\n"
"From remote kernel:"
"\"block\" -> {57}\n"
"From remote kernel:"
"\"boundary condition inserted\" -> {57, 0, -1.709443131472301*^9}\n"
"From remote kernel:"
"\"block\" -> {41}\n"
"From remote kernel:"
"\"boundary condition inserted\" -> {41, 0, -62814.28952138368}\n"
"From remote kernel:"
"\"block\" -> {40}\n"
"From remote kernel:"
"\"boundary condition inserted\" -> {40, 0, 4.999952946523805*^9}\n"
"From remote kernel:"
"\"block\" -> {37}\n"
"From remote kernel:"
"\"boundary condition test\" -> {37, 0, 0.}\n"
"From remote kernel:"
"\"block\" -> {111, 112, 113, 114, 115, 116, 117}\n"
"From remote kernel:"
"\"homogeneous id up to\" -> 6174\n"
"From remote kernel:"
"\"dropped eqs\" -> {{6175 -> 0.}, {6175 -> 0.}}\n"
"From remote kernel:"
"\"boundary condition test\" -> {117, 0, -8333.170861095894}\n"
"From remote kernel:"
"\"boundary condition test\" -> {116, 0, 10238.56346091854}\n"
"From remote kernel:"
"\"boundary condition test\" -> {115, 0, -1.666656870372993*^9}\n"
"From remote kernel:"
"\"boundary condition test\" -> {114, 0, -59291.90226923638}\n"
"From remote kernel:"
"\"boundary condition test\" -> {113, 0, -59291.90226923638}\n"
"From remote kernel:"
"\"boundary condition test\" -> {112, 0, 35834.711709871845}\n"
"From remote kernel:"
"\"boundary condition test\" -> {111, 0, 4.999977269785306*^9}\n"
"From remote kernel:"
"\"block\" -> {100, 101, 102, 103, 104}\n"
"From remote kernel:"
"\"homogeneous id up to\" -> 4410\n"
"From remote kernel:"
"\"dropped eqs\" -> {{4411 -> 0.}, {4411 -> 0.}}\n"
"From remote kernel:"
"\"boundary condition test\" -> {104, 0, -2.7778581237842864*^8}\n"
"From remote kernel:"
"\"boundary condition test\" -> {103, 0, -47620.66899634513}\n"
"From remote kernel:"
"\"boundary condition test\" -> {102, 0, 35834.42546176136}\n"
"From remote kernel:"
"\"boundary condition test\" -> {101, 0, 0.8510891756670148}\n"
"From remote kernel:"
"\"boundary condition test\" -> {100, 0, -4.999977268253454*^9}\n"
"From remote kernel:"
"\"block\" -> {106}\n"
"From remote kernel:"
"\"homogeneous id up to\" -> 882\n"
"From remote kernel:"
"\"dropped eqs\" -> {{883 -> 0.}}\n"
"From remote kernel:"
"\"boundary condition test\" -> {106, 0, 34189.86002865153}\n"
"From remote kernel:"
"\"block\" -> {77}\n"
"From remote kernel:"
"\"boundary condition test\" -> {77, 0, -5.0001922786568575*^9}\n"
"From remote kernel:"
"\"block\" -> {74}\n"
"From remote kernel:"
"\"boundary condition test\" -> {74, 0, -4.999952946523805*^9}\n"
"From remote kernel:"
"\"block\" -> {82, 83, 84, 85}\n"
"From remote kernel:"
"\"homogeneous id up to\" -> 3528\n"
"From remote kernel:"
"\"dropped eqs\" -> {{3529 -> 0.}}\n"
"From remote kernel:"
"\"boundary condition test\" -> {85, 0, -1.250290081099117*^9}\n"
"From remote kernel:"
"\"boundary condition test\" -> {84, 0, 1.709443131472301*^9}\n"
"From remote kernel:"
"\"boundary condition test\" -> {83, 0, 2.809240619958837}\n"
"From remote kernel:"
"\"boundary condition test\" -> {82, 0, -5.000192282166608*^9}\n"
"From remote kernel:"
"\"block\" -> {89, 90, 91, 92}\n"
"From remote kernel:"
"\"boundary condition test\" -> {92, 0, 4.999892277692189*^9}\n"
"From remote kernel:"
"\"boundary condition test\" -> {91, 0, -353114.24101392034}\n"
"From remote kernel:"
"\"boundary condition test\" -> {90, 0, -353114.24101392034}\n"
"From remote kernel:"
"\"boundary condition test\" -> {89, 0, -5.000192285962059*^9}\n"
"From remote kernel:"
"\"block\" -> {80}\n"
"From remote kernel:"
"\"boundary condition test\" -> {80, 0, 0.}\n"
"From remote kernel:"
"\"block\" -> {87, 88}\n"
"From remote kernel:"
"\"boundary condition test\" -> {88, 0, -353114.24101392034}\n"
"From remote kernel:"
"\"boundary condition test\" -> {87, 0, -5.000042279491611*^9}\n"
"From remote kernel:"
"\"block\" -> {76}\n"
"From remote kernel:"
"\"boundary condition test\" -> {76, 0, -5.000192282166608*^9}\n"
"From remote kernel:"
"\"block\" -> {78}\n"
"From remote kernel:"
"\"boundary condition test\" -> {78, 0, -1.0000069549859383*^10}\n"
"From remote kernel:"
"\"block\" -> {73}\n"
"From remote kernel:"
"\"boundary condition test\" -> {73, 0, -1.0000045228090218*^10}\n"
"From remote kernel:"
"\"block\" -> {75}\n"
"From remote kernel:"
"\"boundary condition test\" -> {75, 0, 62814.28952138368}\n"
"From remote kernel:"
"\"block\" -> {79}\n"
"From remote kernel:"
"\"boundary condition test\" -> {79, 0, 0.}\n"
"From remote kernel:"
"\"block\" -> {129}\n"
"From remote kernel:"
"\"boundary condition inserted\" -> {129, 0, -2.7778720870845866*^8}\n"
"From remote kernel:"
"\"block\" -> {128}\n"
"From remote kernel:"
"\"boundary condition inserted\" -> {128, 0, -58852.58896528526}\n"
"From remote kernel:"
"\"block\" -> {127}\n"
"From remote kernel:"
"\"boundary condition inserted\" -> {127, 0, -47164.93031953166}\n"
"From remote kernel:"
"\"block\" -> {126}\n"
"From remote kernel:"
"\"boundary condition inserted\" -> {126, 0, 35629.40872847093}\n"
"From remote kernel:"
"\"block\" -> {125}\n"
"From remote kernel:"
"\"boundary condition inserted\" -> {125, 0, 0.2620810012310064}\n"
"From remote kernel:"
"\"block\" -> {124}\n"
"From remote kernel:"
"\"boundary condition inserted\" -> {124, 0, -29646.366232956694}\n"
"From remote kernel:"
"\"block\" -> {122}\n"
"From remote kernel:"
"\"boundary condition inserted\" -> {122, 0, -7.935459063530416*^8}\n"
"From remote kernel:"
"\"block\" -> {121}\n"
"From remote kernel:"
"\"boundary condition inserted\" -> {121, 0, -6.25008829284767*^9}\n"
"From remote kernel:"
"\"block\" -> {120}\n"
"From remote kernel:"
"\"boundary condition inserted\" -> {120, 0, 3.418911306112681*^9}\n"
"From remote kernel:"
"\"block\" -> {119}\n"
"From remote kernel:"
"\"boundary condition inserted\" -> {119, 0, -176558.74592034353}\n"
"From remote kernel:"
"\"block\" -> {99}\n"
"From remote kernel:"
"\"boundary condition inserted\" -> {99, 0, -59202.54626994527}\n"
"From remote kernel:"
"\"block\" -> {98}\n"
"From remote kernel:"
"\"boundary condition inserted\" -> {98, 0, 11396.974844067416}\n"
"From remote kernel:"
"\"block\" -> {96}\n"
"From remote kernel:"
"\"boundary condition inserted\" -> {96, 0, 2.849125931910399*^8}\n"
"From remote kernel:"
"\"block\" -> {95}\n"
"From remote kernel:"
"\"boundary condition inserted\" -> {95, 0, -1.0416546598098123*^9}\n"
"From remote kernel:"
"\"block\" -> {94}\n"
"From remote kernel:"
"\"boundary condition inserted\" -> {94, 0, 0.21718254945213944}\n"
"From remote kernel:"
"\"block\" -> {93}\n"
"From remote kernel:"
"\"boundary condition inserted\" -> {93, 0, -1.4225154026174431}\n"
"From remote kernel:"
"\"block\" -> {81}\n"
"From remote kernel:"
"\"boundary condition inserted\" -> {81, 0, -62813.67652862234}\n"
"From remote kernel:"
"\"block\" -> {137, 138, 139, 140, 141}\n"
"From remote kernel:"
"\"homogeneous id up to\" -> 4410\n"
"From remote kernel:"
"\"dropped eqs\" -> {{4411 -> 0.}}\n"
"From remote kernel:"
"\"boundary condition test\" -> {141, 0, 47164.93031953166}\n"
"From remote kernel:"
"\"boundary condition test\" -> {140, 0, -35629.40872847093}\n"
"From remote kernel:"
"\"boundary condition test\" -> {139, 0, -0.2620810012310064}\n"
"From remote kernel:"
"\"boundary condition test\" -> {138, 0, 29646.366232956694}\n"
"From remote kernel:"
"\"boundary condition test\" -> {137, 0, 1.802945830204777}\n"
"From remote kernel:"
"\"block\" -> {142, 143, 144, 145, 146}\n"
"From remote kernel:"
"\"homogeneous id up to\" -> 4410\n"
"From remote kernel:"
"\"dropped eqs\" -> {{4411 -> 0.}, {4411 -> 0.}, {4411 -> 0.}}\n"
"From remote kernel:"
"\"boundary condition test\" -> {146, 0, -6.944203752099445*^8}\n"
"From remote kernel:"
"\"boundary condition test\" -> {145, 0, 59202.54626994527}\n"
"From remote kernel:"
"\"boundary condition test\" -> {144, 0, 59202.54626994527}\n"
"From remote kernel:"
"\"boundary condition test\" -> {143, 0, -11396.974844067416}\n"
"From remote kernel:"
"\"boundary condition test\" -> {142, 0, 62814.33636489873}\n"
"From remote kernel:"
"\"block\" -> {130}\n"
"From remote kernel:"
"\"boundary condition test\" -> {130, 0, 1.4225154026174431}\n"
"From remote kernel:"
"\"block\" -> {132}\n"
"From remote kernel:"
"\"boundary condition test\" -> {132, 0, 62813.67652862234}\n"
"From remote kernel:"
"\"block\" -> {133, 134, 135, 136}\n"
"From remote kernel:"
"\"boundary condition test\" -> {136, 0, 6.25008829284767*^9}\n"
"From remote kernel:"
"\"boundary condition test\" -> {135, 0, -3.418911306112681*^9}\n"
"From remote kernel:"
"\"boundary condition test\" -> {134, 0, 176558.74592034353}\n"
"From remote kernel:"
"\"boundary condition test\" -> {133, 0, 6.725435504312242}\n"
"From remote kernel:"
"\"block\" -> {131}\n"
"From remote kernel:"
"\"boundary condition test\" -> {131, 0, 62814.917676842}\n"
"From remote kernel:"
"\"block\" -> {150}\n"
"From remote kernel:"
"\"boundary condition inserted\" -> {150, 0, 1.041686286793271*^9}\n"
"From remote kernel:"
"\"block\" -> {149}\n"
"From remote kernel:"
"\"boundary condition inserted\" -> {149, 0, -5.698244056875603*^8}\n"
"From remote kernel:"
"\"block\" -> {148}\n"
"From remote kernel:"
"\"boundary condition inserted\" -> {148, 0, -0.18491570280349698}\n"
"From remote kernel:"
"\"block\" -> {147}\n"
"From remote kernel:"
"\"boundary condition inserted\" -> {147, 0, 1.020486756621025}\n"
"From remote kernel:"
"\"block\" -> {151, 152, 153, 154, 155}\n"
"From remote kernel:"
"\"homogeneous id up to\" -> 4410\n"
"From remote kernel:"
"\"dropped eqs\" -> {{4411 -> 0.}}\n"
"From remote kernel:"
"\"boundary condition test\" -> {155, 0, -8.999521863359271*^7}\n"
"From remote kernel:"
"\"boundary condition test\" -> {154, 0, 5.698244056875603*^8}\n"
"From remote kernel:"
"\"boundary condition test\" -> {153, 0, -1.0416629376561959*^9}\n"
"From remote kernel:"
"\"boundary condition test\" -> {152, 0, 0.18491570280349698}\n"
"From remote kernel:"
"\"boundary condition test\" -> {151, 0, -1.020486756621025}\n"
"From remote kernel:"
"\"block\" -> {110}\n"
"From remote kernel:"
"\"boundary condition test\" -> {110, 0, -4.999977269785306*^9}\n"
"From remote kernel:"
"\"block\" -> {86}\n"
"From remote kernel:"
"\"homogeneous id up to\" -> 882\n"
"From remote kernel:"
"\"dropped eqs\" -> {{883 -> 0.}}\n"
"From remote kernel:"
"\"boundary condition test\" -> {86, 0, -5.000192285962059*^9}\n"
"From remote kernel:"
"\"block\" -> {49}\n"
"From remote kernel:"
"\"boundary condition test\" -> {49, 0, 0.}\n"
"From remote kernel:"
"\"block\" -> {45}\n"
"From remote kernel:"
"\"homogeneous id up to\" -> 882\n"
"From remote kernel:"
"\"dropped eqs\" -> {{883 -> 0.}}\n"
"From remote kernel:"
"\"boundary condition test\" -> {45, 0, -5.000217282135036*^9}\n"
"From remote kernel:"
"\"block\" -> {53}\n"
"From remote kernel:"
"\"homogeneous id up to\" -> 882\n"
"From remote kernel:"
"\"dropped eqs\" -> {{883 -> 0.}}\n"
"From remote kernel:"
"\"boundary condition test\" -> {53, 0, -25001.33644283803}\n"
"From remote kernel:"
"\"block\" -> {42}\n"
"From remote kernel:"
"\"homogeneous id up to\" -> 882\n"
"From remote kernel:"
"\"dropped eqs\" -> {{883 -> 0.}}\n"
"From remote kernel:"
"\"boundary condition test\" -> {42, 0, -5.00006728281104*^9}\n"
"From remote kernel:"
"\"block\" -> {10}\n"
"From remote kernel:"
"\"boundary condition test\" -> {10, 0, 0.}\n"
"From remote kernel:"
"\"block\" -> {14}\n"
"From remote kernel:"
"\"boundary condition test\" -> {14, 0, 0.}\n"
"From remote kernel:"
"\"block\" -> {123}\n"
"From remote kernel:"
"\"boundary condition inserted\" -> {123, 0, -1.802945830204777}\n"
"From remote kernel:"
"\"block\" -> {118}\n"
"From remote kernel:"
"\"boundary condition inserted\" -> {118, 0, -6.725435504312242}\n"
"From remote kernel:"
"\"block\" -> {97}\n"
"From remote kernel:"
"\"boundary condition inserted\" -> {97, 0, -62814.33636489873}\n"
"From remote kernel:"
"\"block\" -> {70}\n"
"From remote kernel:"
"\"boundary condition inserted\" -> {70, 0, 4.999977269785306*^9}\n"
"From remote kernel:"
"\"block\" -> {68}\n"
"From remote kernel:"
"\"boundary condition inserted\" -> {68, 0, 5.000192285962059*^9}\n"
"From remote kernel:"
"\"block\" -> {65}\n"
"From remote kernel:"
"\"boundary condition inserted\" -> {65, 0, 4.999952948481726*^9}\n"
"From remote kernel:"
"\"block\" -> {61}\n"
"From remote kernel:"
"\"boundary condition inserted\" -> {61, 0, 4.999977268253454*^9}\n"
"From remote kernel:"
"\"block\" -> {58}\n"
"From remote kernel:"
"\"boundary condition inserted\" -> {58, 0, 5.0001922786568575*^9}\n"
"From remote kernel:"
"\"block\" -> {56}\n"
"From remote kernel:"
"\"boundary condition inserted\" -> {56, 0, 5.000192282166608*^9}\n"
"From remote kernel:"
"\"block\" -> {28}\n"
"From remote kernel:"
"\"boundary condition inserted\" -> {28, 0, 25001.33644283803}\n"
"From remote kernel:"
"\"block\" -> {25}\n"
"From remote kernel:"
"\"boundary condition inserted\" -> {25, 0, 5.000217282135036*^9}\n"
"From remote kernel:"
"\"block\" -> {23}\n"
"From remote kernel:"
"\"boundary condition inserted\" -> {23, 0, 5.00006728281104*^9}\n"
"From remote kernel:"
"\"block\" -> {20}\n"
"From remote kernel:"
"\"boundary condition inserted\" -> {20, 0, 1.000048455502949*^10}\n"
"From remote kernel:"
"\"block\" -> {17}\n"
"From remote kernel:"
"\"boundary condition inserted\" -> {17, 0, 1.0000259561254538*^10}\n"
"From remote kernel:"
"\"CalcTaylor: current region\" -> 1/50000\n"
"From remote kernel:"
"\"block\" -> {1}\n"
"From remote kernel:"
"\"boundary condition test\" -> {1, 0, 0.}\n"
"From remote kernel:"
"\"block\" -> {11, 12, 13}\n"
"From remote kernel:"
"\"boundary condition inserted\" -> {13, 0, -4.999992281156855*^9}\n"
"From remote kernel:"
"\"boundary condition test\" -> {12, 0, -4.999992281156855*^9}\n"
"From remote kernel:"
"\"boundary condition test\" -> {11, 0, 4.999992281156855*^9}\n"
"From remote kernel:"
"\"block\" -> {6}\n"
"From remote kernel:"
"\"boundary condition inserted\" -> {6, 0, 5.000092283002515*^9}\n"
"From remote kernel:"
"\"block\" -> {5}\n"
"From remote kernel:"
"\"boundary condition inserted\" -> {5, 0, 0.}\n"
"From remote kernel:"
"\"block\" -> {27}\n"
"From remote kernel:"
"\"boundary condition test\" -> {27, 0, 0.}\n"
"From remote kernel:"
"\"block\" -> {26}\n"
"From remote kernel:"
"\"boundary condition test\" -> {26, 0, 0.}\n"
"From remote kernel:"
"\"block\" -> {24}\n"
"From remote kernel:"
"\"boundary condition test\" -> {24, 0, 0.}\n"
"From remote kernel:"
"\"block\" -> {4}\n"
"From remote kernel:"
"\"boundary condition test\" -> {4, 0, 0.}\n"
"From remote kernel:"
"\"block\" -> {2}\n"
"From remote kernel:"
"\"boundary condition test\" -> {2, 0, 0.}\n"
"From remote kernel:"
"\"block\" -> {46, 47, 48}\n"
"From remote kernel:"
"\"boundary condition test\" -> {48, 0, -4.999992281156855*^9}\n"
"From remote kernel:"
"\"boundary condition test\" -> {47, 0, 5.000092283002515*^9}\n"
"From remote kernel:"
"\"boundary condition test\" -> {46, 0, -4.999992281156855*^9}\n"
"From remote kernel:"
"\"block\" -> {36}\n"
"From remote kernel:"
"\"boundary condition test\" -> {36, 0, -4.999992281156855*^9}\n"
"From remote kernel:"
"\"block\" -> {38}\n"
"From remote kernel:"
"\"boundary condition test\" -> {38, 0, 5.000092283002515*^9}\n"
"From remote kernel:"
"\"block\" -> {3}\n"
"From remote kernel:"
"\"boundary condition inserted\" -> {3, 0, 0.}\n"
"From remote kernel:"
"\"block\" -> {15, 16}\n"
"From remote kernel:"
"\"boundary condition inserted\" -> {16, 0, -4.999992281156855*^9}\n"
"From remote kernel:"
"\"boundary condition test\" -> {15, 0, 4.999992281156855*^9}\n"
"From remote kernel:"
"\"block\" -> {35}\n"
"From remote kernel:"
"\"boundary condition test\" -> {35, 0, 0.}\n"
"From remote kernel:"
"\"block\" -> {67}\n"
"From remote kernel:"
"\"boundary condition test\" -> {67, 0, 0.}\n"
"From remote kernel:"
"\"block\" -> {66}\n"
"From remote kernel:"
"\"boundary condition test\" -> {66, 0, 0.}\n"
"From remote kernel:"
"\"block\" -> {29}\n"
"From remote kernel:"
"\"boundary condition test\" -> {29, 0, 0.}\n"
"From remote kernel:"
"\"block\" -> {22}\n"
"From remote kernel:"
"\"boundary condition test\" -> {22, 0, 0.}\n"
"From remote kernel:"
"\"block\" -> {21}\n"
"From remote kernel:"
"\"boundary condition test\" -> {21, 0, 0.}\n"
"From remote kernel:"
"\"block\" -> {19}\n"
"From remote kernel:"
"\"boundary condition test\" -> {19, 0, 0.}\n"
"From remote kernel:"
"\"block\" -> {18}\n"
"From remote kernel:"
"\"boundary condition test\" -> {18, 0, 0.}\n"
"From remote kernel:"
"\"block\" -> {9}\n"
"From remote kernel:"
"\"boundary condition test\" -> {9, 0, 0.}\n"
"From remote kernel:"
"\"block\" -> {8}\n"
"From remote kernel:"
"\"boundary condition test\" -> {8, 0, 0.}\n"
"From remote kernel:"
"\"block\" -> {7}\n"
"From remote kernel:"
"\"boundary condition test\" -> {7, 0, 0.}\n"
"From remote kernel:"
"\"block\" -> {105, 107, 108, 109}\n"
"From remote kernel:"
"\"boundary condition test\" -> {109, 0, -1.0000234562927765*^10}\n"
"From remote kernel:"
"\"boundary condition test\" -> {108, 0, -1.0000084562159332*^10}\n"
"From remote kernel:"
"\"boundary condition test\" -> {107, 0, -4.999992281156855*^9}\n"
"From remote kernel:"
"\"boundary condition test\" -> {105, 0, -4.999992281156855*^9}\n"
"From remote kernel:"
"\"block\" -> {50, 51, 52}\n"
"From remote kernel:"
"\"boundary condition test\" -> {52, 0, -49999.92281156855}\n"
"From remote kernel:"
"\"boundary condition test\" -> {51, 0, -1.0000084562159332*^10}\n"
"From remote kernel:"
"\"boundary condition test\" -> {50, 0, -49999.92281156855}\n"
"From remote kernel:"
"\"block\" -> {33}\n"
"From remote kernel:"
"\"boundary condition test\" -> {33, 0, 5.000092283002515*^9}\n"
"From remote kernel:"
"\"block\" -> {32}\n"
"From remote kernel:"
"\"boundary condition test\" -> {32, 0, 5.000092283002515*^9}\n"
"From remote kernel:"
"\"block\" -> {54, 55}\n"
"From remote kernel:"
"\"boundary condition test\" -> {55, 0, -4.999992281156855*^9}\n"
"From remote kernel:"
"\"boundary condition test\" -> {54, 0, 5.000092283002515*^9}\n"
"From remote kernel:"
"\"block\" -> {43, 44}\n"
"From remote kernel:"
"\"boundary condition test\" -> {44, 0, -4.999992281156855*^9}\n"
"From remote kernel:"
"\"boundary condition test\" -> {43, 0, 5.000092283002515*^9}\n"
"From remote kernel:"
"\"block\" -> {31}\n"
"From remote kernel:"
"\"boundary condition inserted\" -> {31, 0, 0.}\n"
"From remote kernel:"
"\"block\" -> {34}\n"
"From remote kernel:"
"\"boundary condition test\" -> {34, 0, 0.}\n"
"From remote kernel:"
"\"block\" -> {30}\n"
"From remote kernel:"
"\"boundary condition test\" -> {30, 0, 0.}\n"
"From remote kernel:"
"\"block\" -> {39}\n"
"From remote kernel:"
"\"boundary condition test\" -> {39, 0, 0.}\n"
"From remote kernel:"
"\"block\" -> {72}\n"
"From remote kernel:"
"\"boundary condition test\" -> {72, 0, 0.}\n"
"From remote kernel:"
"\"block\" -> {71}\n"
"From remote kernel:"
"\"boundary condition test\" -> {71, 0, 0.}\n"
"From remote kernel:"
"\"block\" -> {69}\n"
"From remote kernel:"
"\"boundary condition test\" -> {69, 0, 0.}\n"
"From remote kernel:"
"\"block\" -> {64}\n"
"From remote kernel:"
"\"boundary condition test\" -> {64, 0, 0.}\n"
"From remote kernel:"
"\"block\" -> {63}\n"
"From remote kernel:"
"\"boundary condition test\" -> {63, 0, 0.}\n"
"From remote kernel:"
"\"block\" -> {62}\n"
"From remote kernel:"
"\"boundary condition test\" -> {62, 0, 0.}\n"
"From remote kernel:"
"\"block\" -> {60}\n"
"From remote kernel:"
"\"boundary condition test\" -> {60, 0, 0.}\n"
"From remote kernel:"
"\"block\" -> {59}\n"
"From remote kernel:"
"\"boundary condition test\" -> {59, 0, 0.}\n"
"From remote kernel:"
"\"block\" -> {57}\n"
"From remote kernel:"
"\"boundary condition test\" -> {57, 0, 0.}\n"
"From remote kernel:"
"\"block\" -> {41}\n"
"From remote kernel:"
"\"boundary condition test\" -> {41, 0, 0.}\n"
"From remote kernel:"
"\"block\" -> {40}\n"
"From remote kernel:"
"\"boundary condition test\" -> {40, 0, 0.}\n"
"From remote kernel:"
"\"block\" -> {37}\n"
"From remote kernel:"
"\"boundary condition test\" -> {37, 0, 0.}\n"
"From remote kernel:"
"\"block\" -> {111, 112, 113, 114, 115, 116, 117}\n"
"From remote kernel:"
"\"homogeneous id up to\" -> 6174\n"
"From remote kernel:"
"\"dropped eqs\" -> {{6175 -> 0.}, {6175 -> 0.}, {6175 -> 0.}, {6175 -> 0.}, {6175 -> 0.}}\n"
"From remote kernel:"
"\"boundary condition test\" -> {117, 0, -1.0000234562927765*^10}\n"
"From remote kernel:"
"\"boundary condition test\" -> {116, 0, -1.0000234562927765*^10}\n"
"From remote kernel:"
"\"boundary condition test\" -> {115, 0, -49999.92281156855}\n"
"From remote kernel:"
"\"boundary condition test\" -> {114, 0, -1.0000084562159332*^10}\n"
"From remote kernel:"
"\"boundary condition test\" -> {113, 0, -4.999992281156855*^9}\n"
"From remote kernel:"
"\"boundary condition test\" -> {112, 0, -49999.92281156855}\n"
"From remote kernel:"
"\"boundary condition test\" -> {111, 0, 5.000092281002478*^9}\n"
"From remote kernel:"
"\"block\" -> {100, 101, 102, 103, 104}\n"
"From remote kernel:"
"\"boundary condition test\" -> {104, 0, -1.0000234562927765*^10}\n"
"From remote kernel:"
"\"boundary condition test\" -> {103, 0, -1.0000084562159332*^10}\n"
"From remote kernel:"
"\"boundary condition test\" -> {102, 0, -49999.92281156855}\n"
"From remote kernel:"
"\"boundary condition test\" -> {101, 0, -4.999992281156855*^9}\n"
"From remote kernel:"
"\"boundary condition test\" -> {100, 0, -4.999992281156855*^9}\n"
"From remote kernel:"
"\"block\" -> {106}\n"
"From remote kernel:"
"\"homogeneous id up to\" -> 882\n"
"From remote kernel:"
"\"dropped eqs\" -> {{883 -> 0.}}\n"
"From remote kernel:"
"\"boundary condition test\" -> {106, 0, -49999.92281156855}\n"
"From remote kernel:"
"\"block\" -> {77}\n"
"From remote kernel:"
"\"boundary condition test\" -> {77, 0, 5.000092283002515*^9}\n"
"From remote kernel:"
"\"block\" -> {74}\n"
"From remote kernel:"
"\"boundary condition test\" -> {74, 0, -4.999992281156855*^9}\n"
"From remote kernel:"
"\"block\" -> {82, 83, 84, 85}\n"
"From remote kernel:"
"\"homogeneous id up to\" -> 3528\n"
"From remote kernel:"
"\"dropped eqs\" -> {{3529 -> 0.}}\n"
"From remote kernel:"
"\"boundary condition test\" -> {85, 0, -49999.92281156855}\n"
"From remote kernel:"
"\"boundary condition test\" -> {84, 0, -1.0000084562159332*^10}\n"
"From remote kernel:"
"\"boundary condition test\" -> {83, 0, -4.999992281156855*^9}\n"
"From remote kernel:"
"\"boundary condition test\" -> {82, 0, -4.999992281156855*^9}\n"
"From remote kernel:"
"\"block\" -> {89, 90, 91, 92}\n"
"From remote kernel:"
"\"homogeneous id up to\" -> 3528\n"
"From remote kernel:"
"\"dropped eqs\" -> {{3529 -> 0.}}\n"
"From remote kernel:"
"\"boundary condition test\" -> {92, 0, -49999.92281156855}\n"
"From remote kernel:"
"\"boundary condition test\" -> {91, 0, -1.0000084562159332*^10}\n"
"From remote kernel:"
"\"boundary condition test\" -> {90, 0, -4.999992281156855*^9}\n"
"From remote kernel:"
"\"boundary condition test\" -> {89, 0, -4.999992281156855*^9}\n"
"From remote kernel:"
"\"block\" -> {80}\n"
"From remote kernel:"
"\"boundary condition test\" -> {80, 0, -49999.92281156855}\n"
"From remote kernel:"
"\"block\" -> {87, 88}\n"
"From remote kernel:"
"\"boundary condition test\" -> {88, 0, -4.999992281156855*^9}\n"
"From remote kernel:"
"\"boundary condition test\" -> {87, 0, 5.000092283002515*^9}\n"
"From remote kernel:"
"\"block\" -> {76}\n"
"From remote kernel:"
"\"boundary condition test\" -> {76, 0, 5.000092283002515*^9}\n"
"From remote kernel:"
"\"block\" -> {78}\n"
"From remote kernel:"
"\"boundary condition test\" -> {78, 0, 0.}\n"
"From remote kernel:"
"\"block\" -> {73}\n"
"From remote kernel:"
"\"boundary condition test\" -> {73, 0, 0.}\n"
"From remote kernel:"
"\"block\" -> {75}\n"
"From remote kernel:"
"\"boundary condition test\" -> {75, 0, 0.}\n"
"From remote kernel:"
"\"block\" -> {79}\n"
"From remote kernel:"
"\"boundary condition test\" -> {79, 0, 0.}\n"
"From remote kernel:"
"\"block\" -> {129}\n"
"From remote kernel:"
"\"boundary condition test\" -> {129, 0, 0.}\n"
"From remote kernel:"
"\"block\" -> {128}\n"
"From remote kernel:"
"\"boundary condition test\" -> {128, 0, 0.}\n"
"From remote kernel:"
"\"block\" -> {127}\n"
"From remote kernel:"
"\"boundary condition test\" -> {127, 0, 0.}\n"
"From remote kernel:"
"\"block\" -> {126}\n"
"From remote kernel:"
"\"boundary condition test\" -> {126, 0, 0.}\n"
"From remote kernel:"
"\"block\" -> {125}\n"
"From remote kernel:"
"\"boundary condition test\" -> {125, 0, 0.}\n"
"From remote kernel:"
"\"block\" -> {124}\n"
"From remote kernel:"
"\"boundary condition test\" -> {124, 0, 0.}\n"
"From remote kernel:"
"\"block\" -> {122}\n"
"From remote kernel:"
"\"boundary condition test\" -> {122, 0, 0.}\n"
"From remote kernel:"
"\"block\" -> {121}\n"
"From remote kernel:"
"\"boundary condition test\" -> {121, 0, 0.}\n"
"From remote kernel:"
"\"block\" -> {120}\n"
"From remote kernel:"
"\"boundary condition test\" -> {120, 0, 0.}\n"
"From remote kernel:"
"\"block\" -> {119}\n"
"From remote kernel:"
"\"boundary condition test\" -> {119, 0, 0.}\n"
"From remote kernel:"
"\"block\" -> {99}\n"
"From remote kernel:"
"\"boundary condition test\" -> {99, 0, 0.}\n"
"From remote kernel:"
"\"block\" -> {98}\n"
"From remote kernel:"
"\"boundary condition test\" -> {98, 0, 0.}\n"
"From remote kernel:"
"\"block\" -> {96}\n"
"From remote kernel:"
"\"boundary condition test\" -> {96, 0, 0.}\n"
"From remote kernel:"
"\"block\" -> {95}\n"
"From remote kernel:"
"\"boundary condition test\" -> {95, 0, 0.}\n"
"From remote kernel:"
"\"block\" -> {94}\n"
"From remote kernel:"
"\"boundary condition test\" -> {94, 0, 0.}\n"
"From remote kernel:"
"\"block\" -> {93}\n"
"From remote kernel:"
"\"boundary condition test\" -> {93, 0, 0.}\n"
"From remote kernel:"
"\"block\" -> {81}\n"
"From remote kernel:"
"\"boundary condition test\" -> {81, 0, 0.}\n"
"From remote kernel:"
"\"block\" -> {137, 138, 139, 140, 141}\n"
"From remote kernel:"
"\"homogeneous id up to\" -> 4410\n"
"From remote kernel:"
"\"dropped eqs\" -> {{4411 -> 0.}, {4411 -> 0.}, {4411 -> 0.}}\n"
"From remote kernel:"
"\"boundary condition test\" -> {141, 0, -1.0000084562159332*^10}\n"
"From remote kernel:"
"\"boundary condition test\" -> {140, 0, -4.999992281156855*^9}\n"
"From remote kernel:"
"\"boundary condition test\" -> {139, 0, -49999.92281156855}\n"
"From remote kernel:"
"\"boundary condition test\" -> {138, 0, -4.999992281156855*^9}\n"
"From remote kernel:"
"\"boundary condition test\" -> {137, 0, -4.999992281156855*^9}\n"
"From remote kernel:"
"\"block\" -> {142, 143, 144, 145, 146}\n"
"From remote kernel:"
"\"homogeneous id up to\" -> 4410\n"
"From remote kernel:"
"\"dropped eqs\" -> {{4411 -> 0.}, {4411 -> 0.}, {4411 -> 0.}, {4411 -> 0.}}\n"
"From remote kernel:"
"\"boundary condition test\" -> {146, 0, -16666.97427000826}\n"
"From remote kernel:"
"\"boundary condition test\" -> {145, 0, -1.0000234562927765*^10}\n"
"From remote kernel:"
"\"boundary condition test\" -> {144, 0, -49999.92281156855}\n"
"From remote kernel:"
"\"boundary condition test\" -> {143, 0, -16666.97427000826}\n"
"From remote kernel:"
"\"boundary condition test\" -> {142, 0, -49999.92281156855}\n"
"From remote kernel:"
"\"block\" -> {130}\n"
"From remote kernel:"
"\"boundary condition test\" -> {130, 0, -4.999992281156855*^9}\n"
"From remote kernel:"
"\"block\" -> {132}\n"
"From remote kernel:"
"\"boundary condition test\" -> {132, 0, -49999.92281156855}\n"
"From remote kernel:"
"\"block\" -> {133, 134, 135, 136}\n"
"From remote kernel:"
"\"homogeneous id up to\" -> 3528\n"
"From remote kernel:"
"\"dropped eqs\" -> {{3529 -> 0.}}\n"
"From remote kernel:"
"\"boundary condition test\" -> {136, 0, -49999.92281156855}\n"
"From remote kernel:"
"\"boundary condition test\" -> {135, 0, -1.0000084562159332*^10}\n"
"From remote kernel:"
"\"boundary condition test\" -> {134, 0, -4.999992281156855*^9}\n"
"From remote kernel:"
"\"boundary condition test\" -> {133, 0, -4.999992281156855*^9}\n"
"From remote kernel:"
"\"block\" -> {131}\n"
"From remote kernel:"
"\"boundary condition test\" -> {131, 0, 0.}\n"
"From remote kernel:"
"\"block\" -> {150}\n"
"From remote kernel:"
"\"boundary condition test\" -> {150, 0, 0.}\n"
"From remote kernel:"
"\"block\" -> {149}\n"
"From remote kernel:"
"\"boundary condition test\" -> {149, 0, 0.}\n"
"From remote kernel:"
"\"block\" -> {148}\n"
"From remote kernel:"
"\"boundary condition test\" -> {148, 0, 0.}\n"
"From remote kernel:"
"\"block\" -> {147}\n"
"From remote kernel:"
"\"boundary condition test\" -> {147, 0, 0.}\n"
"From remote kernel:"
"\"block\" -> {151, 152, 153, 154, 155}\n"
"From remote kernel:"
"\"homogeneous id up to\" -> 4410\n"
"From remote kernel:"
"\"dropped eqs\" -> {{4411 -> 0.}, {4411 -> 0.}, {4411 -> 0.}, {4411 -> 0.}, {4411 -> 0.}}\n"
"From remote kernel:"
"\"boundary condition test\" -> {155, 0, -3.0000803691128925*^10}\n"
"From remote kernel:"
"\"boundary condition test\" -> {154, 0, -1.0000234562927765*^10}\n"
"From remote kernel:"
"\"boundary condition test\" -> {153, 0, -49999.92281156855}\n"
"From remote kernel:"
"\"boundary condition test\" -> {152, 0, -16666.97427000826}\n"
"From remote kernel:"
"\"boundary condition test\" -> {151, 0, -49999.92281156855}\n"
"From remote kernel:"
"\"block\" -> {110}\n"
"From remote kernel:"
"\"boundary condition test\" -> {110, 0, -4.999992281156855*^9}\n"
"From remote kernel:"
"\"block\" -> {86}\n"
"From remote kernel:"
"\"boundary condition test\" -> {86, 0, 5.000092283002515*^9}\n"
"From remote kernel:"
"\"block\" -> {49}\n"
"From remote kernel:"
"\"boundary condition test\" -> {49, 0, -4.999992281156855*^9}\n"
"From remote kernel:"
"\"block\" -> {45}\n"
"From remote kernel:"
"\"boundary condition test\" -> {45, 0, 5.000092283002515*^9}\n"
"From remote kernel:"
"\"block\" -> {53}\n"
"From remote kernel:"
"\"boundary condition test\" -> {53, 0, 5.000092283002515*^9}\n"
"From remote kernel:"
"\"block\" -> {42}\n"
"From remote kernel:"
"\"boundary condition test\" -> {42, 0, 5.000092283002515*^9}\n"
"From remote kernel:"
"\"block\" -> {10}\n"
"From remote kernel:"
"\"boundary condition test\" -> {10, 0, 5.000092283002515*^9}\n"
"From remote kernel:"
"\"block\" -> {14}\n"
"From remote kernel:"
"\"boundary condition test\" -> {14, 0, 5.000092283002515*^9}\n"
"From remote kernel:"
"\"block\" -> {123}\n"
"From remote kernel:"
"\"boundary condition test\" -> {123, 0, 0.}\n"
"From remote kernel:"
"\"block\" -> {118}\n"
"From remote kernel:"
"\"boundary condition test\" -> {118, 0, 0.}\n"
"From remote kernel:"
"\"block\" -> {97}\n"
"From remote kernel:"
"\"boundary condition test\" -> {97, 0, 0.}\n"
"From remote kernel:"
"\"block\" -> {70}\n"
"From remote kernel:"
"\"boundary condition test\" -> {70, 0, 0.}\n"
"From remote kernel:"
"\"block\" -> {68}\n"
"From remote kernel:"
"\"boundary condition test\" -> {68, 0, 0.}\n"
"From remote kernel:"
"\"block\" -> {65}\n"
"From remote kernel:"
"\"boundary condition test\" -> {65, 0, 0.}\n"
"From remote kernel:"
"\"block\" -> {61}\n"
"From remote kernel:"
"\"boundary condition test\" -> {61, 0, 0.}\n"
"From remote kernel:"
"\"block\" -> {58}\n"
"From remote kernel:"
"\"boundary condition test\" -> {58, 0, 0.}\n"
"From remote kernel:"
"\"block\" -> {56}\n"
"From remote kernel:"
"\"boundary condition test\" -> {56, 0, 0.}\n"
"From remote kernel:"
"\"block\" -> {28}\n"
"From remote kernel:"
"\"boundary condition test\" -> {28, 0, 0.}\n"
"From remote kernel:"
"\"block\" -> {25}\n"
"From remote kernel:"
"\"boundary condition test\" -> {25, 0, 0.}\n"
"From remote kernel:"
"\"block\" -> {23}\n"
"From remote kernel:"
"\"boundary condition test\" -> {23, 0, 0.}\n"
"From remote kernel:"
"\"block\" -> {20}\n"
"From remote kernel:"
"\"boundary condition test\" -> {20, 0, 0.}\n"
"From remote kernel:"
"\"block\" -> {17}\n"
"From remote kernel:"
"\"boundary condition test\" -> {17, 0, 0.}\n"
"From remote kernel:"
"\"AMFlow: Infinity solved in 329s.\"\n"
"From remote kernel:"
"\"AMFlow: running among regular points...\"\n"
"From remote kernel:"
"\"current regular point\" -> 135.7640073602733 - 193.94858194324758*I\n"
"From remote kernel:"
"\"current regular point\" -> 79.92976337421045 - 114.18537624887206*I\n"
"From remote kernel:"
"\"current regular point\" -> 45.383569183479906 - 64.83367026211415*I\n"
"From remote kernel:"
"\"current regular point\" -> 23.761548069720565 - 33.94506867102938*I\n"
"From remote kernel:"
"\"current regular point\" -> 12.890347123365204 - 18.414781604807438*I\n"
"From remote kernel:"
"\"current regular point\" -> 7.335506201360635 - 10.479294573372336*I\n"
"From remote kernel:"
"\"current regular point\" -> 4.52991104674117 - 6.4713014953445285*I\n"
"From remote kernel:"
"\"current regular point\" -> 3.114594611773817 - 4.449420873962596*I\n"
"From remote kernel:"
"\"current regular point\" -> 2.382272617730644 - 3.4032465967580627*I\n"
"From remote kernel:"
"\"current regular point\" -> 1.9693412926779381 - 2.8133447038256256*I\n"
"From remote kernel:"
"\"current regular point\" -> 1.6821351424052393 - 2.4030502034360564*I\n"
"From remote kernel:"
"\"current regular point\" -> 1.4146760776606744 - 2.020965825229535*I\n"
"From remote kernel:"
"\"current regular point\" -> 1.1009533124352242 - 1.5727904463360345*I\n"
"From remote kernel:"
"\"current regular point\" -> 0.7151653109674664 - 1.0216647299535233*I\n"
"From remote kernel:"
"\"current regular point\" -> 0.44172712010660947 - 0.6310387430094422*I\n"
"From remote kernel:"
"\"current regular point\" -> 0.2581387441654284 - 0.36876963452204065*I\n"
"From remote kernel:"
"\"current regular point\" -> 0.150225202074524 - 0.21460743153503428*I\n"
"From remote kernel:"
"\"AMFlow: regular running finished in 647s.\"\n"
"From remote kernel:"
"\"AMFlow: solving near the last point...\"\n"
"From remote kernel:"
"\"NormalizeMat finished in 105s.\"\n"
"From remote kernel:"
"\"LearnXOrder is negative. skip learning phase.\"\n"
"From remote kernel:"
"\"block\" -> {1}\n"
"From remote kernel:"
"\"behavior\" -> {{0, 0}}\n"
"From remote kernel:"
"\"number of constraints and variables\" -> {1, 1}\n"
"From remote kernel:"
"\"block\" -> {11, 12, 13}\n"
"From remote kernel:"
"\"behavior\" -> {{0, 1}}\n"
"From remote kernel:"
"\"number of constraints and variables\" -> {3, 3}\n"
"From remote kernel:"
"\"block\" -> {5}\n"
"From remote kernel:"
"\"behavior\" -> {{49999/50000, 0}, {0, 0}}\n"
"From remote kernel:"
"\"number of constraints and variables\" -> {1, 1}\n"
"From remote kernel:"
"\"block\" -> {27}\n"
"From remote kernel:"
"\"behavior\" -> {{0, 0}}\n"
"From remote kernel:"
"\"number of constraints and variables\" -> {1, 1}\n"
"From remote kernel:"
"\"block\" -> {26}\n"
"From remote kernel:"
"\"behavior\" -> {{0, 0}}\n"
"From remote kernel:"
"\"number of constraints and variables\" -> {1, 1}\n"
"From remote kernel:"
"\"block\" -> {46, 47, 48}\n"
"From remote kernel:"
"\"behavior\" -> {{0, 2}, {49999/50000, 1}}\n"
"From remote kernel:"
"\"number of constraints and variables\" -> {6, 6}\n"
"From remote kernel:"
"\"block\" -> {6}\n"
"From remote kernel:"
"\"behavior\" -> {{49999/50000, 0}, {0, 0}}\n"
"From remote kernel:"
"\"number of constraints and variables\" -> {1, 1}\n"
"From remote kernel:"
"\"block\" -> {24}\n"
"From remote kernel:"
"\"behavior\" -> {{0, 0}}\n"
"From remote kernel:"
"\"number of constraints and variables\" -> {1, 1}\n"
"From remote kernel:"
"\"block\" -> {4}\n"
"From remote kernel:"
"\"behavior\" -> {{0, 0}}\n"
"From remote kernel:"
"\"number of constraints and variables\" -> {1, 1}\n"
"From remote kernel:"
"\"block\" -> {108}\n"
"From remote kernel:"
"\"behavior\" -> {{49999/50000, 2}, {0, 2}}\n"
"From remote kernel:"
"\"number of constraints and variables\" -> {1, 1}\n"
"From remote kernel:"
"\"block\" -> {36}\n"
"From remote kernel:"
"\"behavior\" -> {{49999/50000, 0}, {0, 1}}\n"
"From remote kernel:"
"\"number of constraints and variables\" -> {1, 1}\n"
"From remote kernel:"
"\"block\" -> {38}\n"
"From remote kernel:"
"\"behavior\" -> {{24999/25000, 0}, {0, 0}, {49999/50000, 0}}\n"
"From remote kernel:"
"\"number of constraints and variables\" -> {1, 1}\n"
"From remote kernel:"
"\"block\" -> {15, 16}\n"
"From remote kernel:"
"\"behavior\" -> {{0, 0}, {24999/25000, 0}}\n"
"From remote kernel:"
"\"number of constraints and variables\" -> {4, 4}\n"
"From remote kernel:"
"\"block\" -> {35}\n"
"From remote kernel:"
"\"behavior\" -> {{49999/50000, 0}, {0, 0}}\n"
"From remote kernel:"
"\"number of constraints and variables\" -> {1, 1}\n"
"From remote kernel:"
"\"block\" -> {67}\n"
"From remote kernel:"
"\"behavior\" -> {{0, 0}}\n"
"From remote kernel:"
"\"number of constraints and variables\" -> {1, 1}\n"
"From remote kernel:"
"\"block\" -> {66}\n"
"From remote kernel:"
"\"behavior\" -> {{0, 0}}\n"
"From remote kernel:"
"\"number of constraints and variables\" -> {1, 1}\n"
"From remote kernel:"
"\"block\" -> {29}\n"
"From remote kernel:"
"\"behavior\" -> {{0, 0}}\n"
"From remote kernel:"
"\"number of constraints and variables\" -> {1, 1}\n"
"From remote kernel:"
"\"block\" -> {7}\n"
"From remote kernel:"
"\"behavior\" -> {{0, 0}}\n"
"From remote kernel:"
"\"number of constraints and variables\" -> {1, 1}\n"
"From remote kernel:"
"\"block\" -> {2}\n"
"From remote kernel:"
"\"behavior\" -> {{0, 0}}\n"
"From remote kernel:"
"\"number of constraints and variables\" -> {1, 1}\n"
"From remote kernel:"
"\"block\" -> {105, 107, 109}\n"
"From remote kernel:"
"\"behavior\" -> {{0, 3}, {49999/50000, 3}, {24999/25000, 0}}\n"
"From remote kernel:"
"\"number of constraints and variables\" -> {6, 6}\n"
"From remote kernel:"
"\"block\" -> {50, 51, 52}\n"
"From remote kernel:"
"\"behavior\" -> {{0, 2}, {24999/25000, 0}}\n"
"From remote kernel:"
"\"number of constraints and variables\" -> {3, 3}\n"
"From remote kernel:"
"\"block\" -> {54, 55}\n"
"From remote kernel:"
"\"behavior\" -> {{0, 1}, {49999/50000, 0}, {24999/25000, 0}}\n"
"From remote kernel:"
"\"number of constraints and variables\" -> {4, 4}\n"
"From remote kernel:"
"\"block\" -> {3}\n"
"From remote kernel:"
"\"behavior\" -> {{0, 1}}\n"
"From remote kernel:"
"\"number of constraints and variables\" -> {1, 1}\n"
"From remote kernel:"
"\"block\" -> {39}\n"
"From remote kernel:"
"\"behavior\" -> {{49999/50000, 0}, {0, 0}}\n"
"From remote kernel:"
"\"number of constraints and variables\" -> {1, 1}\n"
"From remote kernel:"
"\"block\" -> {72}\n"
"From remote kernel:"
"\"behavior\" -> {{0, 0}}\n"
"From remote kernel:"
"\"number of constraints and variables\" -> {1, 1}\n"
"From remote kernel:"
"\"block\" -> {71}\n"
"From remote kernel:"
"\"behavior\" -> {{0, 0}}\n"
"From remote kernel:"
"\"number of constraints and variables\" -> {1, 1}\n"
"From remote kernel:"
"\"block\" -> {69}\n"
"From remote kernel:"
"\"behavior\" -> {{0, 0}}\n"
"From remote kernel:"
"\"number of constraints and variables\" -> {1, 1}\n"
"From remote kernel:"
"\"block\" -> {37}\n"
"From remote kernel:"
"\"behavior\" -> {{0, 0}}\n"
"From remote kernel:"
"\"number of constraints and variables\" -> {1, 1}\n"
"From remote kernel:"
"\"block\" -> {22}\n"
"From remote kernel:"
"\"behavior\" -> {{0, 0}}\n"
"From remote kernel:"
"\"number of constraints and variables\" -> {1, 1}\n"
"From remote kernel:"
"\"block\" -> {21}\n"
"From remote kernel:"
"\"behavior\" -> {{0, 0}}\n"
"From remote kernel:"
"\"number of constraints and variables\" -> {1, 1}\n"
"From remote kernel:"
"\"block\" -> {19}\n"
"From remote kernel:"
"\"behavior\" -> {{0, 0}}\n"
"From remote kernel:"
"\"number of constraints and variables\" -> {1, 1}\n"
"From remote kernel:"
"\"block\" -> {18}\n"
"From remote kernel:"
"\"behavior\" -> {{0, 0}}\n"
"From remote kernel:"
"\"number of constraints and variables\" -> {1, 1}\n"
"From remote kernel:"
"\"block\" -> {9}\n"
"From remote kernel:"
"\"behavior\" -> {{0, 0}}\n"
"From remote kernel:"
"\"number of constraints and variables\" -> {1, 1}\n"
"From remote kernel:"
"\"block\" -> {8}\n"
"From remote kernel:"
"\"behavior\" -> {{0, 0}}\n"
"From remote kernel:"
"\"number of constraints and variables\" -> {1, 1}\n"
"From remote kernel:"
"\"block\" -> {111, 112, 113, 114, 115, 116, 117}\n"
"From remote kernel:"
"\"behavior\" -> {{0, 3}, {49999/50000, 2}, {24999/25000, 0}}\n"
"From remote kernel:"
"\"number of constraints and variables\" -> {14, 14}\n"
"From remote kernel:"
"\"block\" -> {106}\n"
"From remote kernel:"
"\"behavior\" -> {{0, 4}, {49999/50000, 3}, {24999/25000, 0}}\n"
"From remote kernel:"
"\"number of constraints and variables\" -> {1, 1}\n"
"From remote kernel:"
"\"block\" -> {89, 90, 91}\n"
"From remote kernel:"
"\"behavior\" -> {{0, 2}, {49999/50000, 1}, {24999/25000, 0}}\n"
"From remote kernel:"
"\"number of constraints and variables\" -> {6, 6}\n"
"From remote kernel:"
"\"block\" -> {80}\n"
"From remote kernel:"
"\"behavior\" -> {{49999/50000, 0}, {0, 2}, {24999/25000, 0}}\n"
"From remote kernel:"
"\"number of constraints and variables\" -> {1, 1}\n"
"From remote kernel:"
"\"block\" -> {33}\n"
"From remote kernel:"
"\"behavior\" -> {{0, 2}}\n"
"From remote kernel:"
"\"number of constraints and variables\" -> {1, 1}\n"
"From remote kernel:"
"\"block\" -> {32}\n"
"From remote kernel:"
"\"behavior\" -> {{49999/50000, 1}, {0, 1}}\n"
"From remote kernel:"
"\"number of constraints and variables\" -> {1, 1}\n"
"From remote kernel:"
"\"block\" -> {43, 44}\n"
"From remote kernel:"
"\"behavior\" -> {{0, 1}, {24999/25000, 1}}\n"
"From remote kernel:"
"\"number of constraints and variables\" -> {4, 4}\n"
"From remote kernel:"
"\"block\" -> {31}\n"
"From remote kernel:"
"\"behavior\" -> {{49999/50000, 0}, {0, 1}}\n"
"From remote kernel:"
"\"number of constraints and variables\" -> {1, 1}\n"
"From remote kernel:"
"\"block\" -> {34}\n"
"From remote kernel:"
"\"behavior\" -> {{0, 1}}\n"
"From remote kernel:"
"\"number of constraints and variables\" -> {1, 1}\n"
"From remote kernel:"
"\"block\" -> {30}\n"
"From remote kernel:"
"\"behavior\" -> {{0, 1}}\n"
"From remote kernel:"
"\"number of constraints and variables\" -> {1, 1}\n"
"From remote kernel:"
"\"block\" -> {79}\n"
"From remote kernel:"
"\"behavior\" -> {{49999/50000, 0}, {0, 0}}\n"
"From remote kernel:"
"\"number of constraints and variables\" -> {1, 1}\n"
"From remote kernel:"
"\"block\" -> {99}\n"
"From remote kernel:"
"\"behavior\" -> {{0, 0}}\n"
"From remote kernel:"
"\"number of constraints and variables\" -> {1, 1}\n"
"From remote kernel:"
"\"block\" -> {98}\n"
"From remote kernel:"
"\"behavior\" -> {{0, 0}}\n"
"From remote kernel:"
"\"number of constraints and variables\" -> {1, 1}\n"
"From remote kernel:"
"\"block\" -> {64}\n"
"From remote kernel:"
"\"behavior\" -> {{0, 0}}\n"
"From remote kernel:"
"\"number of constraints and variables\" -> {1, 1}\n"
"From remote kernel:"
"\"block\" -> {63}\n"
"From remote kernel:"
"\"behavior\" -> {{0, 0}}\n"
"From remote kernel:"
"\"number of constraints and variables\" -> {1, 1}\n"
"From remote kernel:"
"\"block\" -> {62}\n"
"From remote kernel:"
"\"behavior\" -> {{0, 0}}\n"
"From remote kernel:"
"\"number of constraints and variables\" -> {1, 1}\n"
"From remote kernel:"
"\"block\" -> {60}\n"
"From remote kernel:"
"\"behavior\" -> {{0, 0}}\n"
"From remote kernel:"
"\"number of constraints and variables\" -> {1, 1}\n"
"From remote kernel:"
"\"block\" -> {59}\n"
"From remote kernel:"
"\"behavior\" -> {{0, 0}}\n"
"From remote kernel:"
"\"number of constraints and variables\" -> {1, 1}\n"
"From remote kernel:"
"\"block\" -> {57}\n"
"From remote kernel:"
"\"behavior\" -> {{0, 0}}\n"
"From remote kernel:"
"\"number of constraints and variables\" -> {1, 1}\n"
"From remote kernel:"
"\"block\" -> {41}\n"
"From remote kernel:"
"\"behavior\" -> {{0, 0}}\n"
"From remote kernel:"
"\"number of constraints and variables\" -> {1, 1}\n"
"From remote kernel:"
"\"block\" -> {40}\n"
"From remote kernel:"
"\"behavior\" -> {{0, 0}}\n"
"From remote kernel:"
"\"number of constraints and variables\" -> {1, 1}\n"
"From remote kernel:"
"\"block\" -> {142, 143, 144, 145}\n"
"From remote kernel:"
"\"behavior\" -> {{0, 5}, {49999/50000, 4}, {24999/25000, 0}}\n"
"From remote kernel:"
"\"number of constraints and variables\" -> {8, 8}\n"
"From remote kernel:"
"\"block\" -> {100, 101, 102, 103, 104}\n"
"From remote kernel:"
"\"behavior\" -> {{0, 3}, {49999/50000, 0}, {24999/25000, 1}}\n"
"From remote kernel:"
"\"number of constraints and variables\" -> {10, 10}\n"
"From remote kernel:"
"\"block\" -> {77}\n"
"From remote kernel:"
"\"behavior\" -> {{49999/50000, 2}, {0, 2}}\n"
"From remote kernel:"
"\"number of constraints and variables\" -> {1, 1}\n"
"From remote kernel:"
"\"block\" -> {74}\n"
"From remote kernel:"
"\"behavior\" -> {{0, 3}, {49999/50000, 1}}\n"
"From remote kernel:"
"\"number of constraints and variables\" -> {1, 1}\n"
"From remote kernel:"
"\"block\" -> {82, 83, 84, 85}\n"
"From remote kernel:"
"\"behavior\" -> {{0, 2}, {24999/25000, 2}, {49999/50000, 1}}\n"
"From remote kernel:"
"\"number of constraints and variables\" -> {8, 8}\n"
"From remote kernel:"
"\"block\" -> {92}\n"
"From remote kernel:"
"\"behavior\" -> {{49999/50000, 2}, {0, 2}, {24999/25000, 0}}\n"
"From remote kernel:"
"\"number of constraints and variables\" -> {1, 1}\n"
"From remote kernel:"
"\"block\" -> {87, 88}\n"
"From remote kernel:"
"\"behavior\" -> {{0, 2}, {49999/50000, 1}, {24999/25000, 1}}\n"
"From remote kernel:"
"\"number of constraints and variables\" -> {4, 4}\n"
"From remote kernel:"
"\"block\" -> {76}\n"
"From remote kernel:"
"\"behavior\" -> {{24999/25000, 0}, {0, 1}, {49999/50000, 1}}\n"
"From remote kernel:"
"\"number of constraints and variables\" -> {1, 1}\n"
"From remote kernel:"
"\"block\" -> {78}\n"
"From remote kernel:"
"\"behavior\" -> {{49999/50000, 0}, {0, 1}}\n"
"From remote kernel:"
"\"number of constraints and variables\" -> {1, 1}\n"
"From remote kernel:"
"\"block\" -> {73}\n"
"From remote kernel:"
"\"behavior\" -> {{49999/50000, 0}, {0, 1}}\n"
"From remote kernel:"
"\"number of constraints and variables\" -> {1, 1}\n"
"From remote kernel:"
"\"block\" -> {75}\n"
"From remote kernel:"
"\"behavior\" -> {{0, 1}}\n"
"From remote kernel:"
"\"number of constraints and variables\" -> {1, 1}\n"
"From remote kernel:"
"\"block\" -> {129}\n"
"From remote kernel:"
"\"behavior\" -> {{0, 0}}\n"
"From remote kernel:"
"\"number of constraints and variables\" -> {1, 1}\n"
"From remote kernel:"
"\"block\" -> {128}\n"
"From remote kernel:"
"\"behavior\" -> {{0, 0}}\n"
"From remote kernel:"
"\"number of constraints and variables\" -> {1, 1}\n"
"From remote kernel:"
"\"block\" -> {127}\n"
"From remote kernel:"
"\"behavior\" -> {{0, 0}}\n"
"From remote kernel:"
"\"number of constraints and variables\" -> {1, 1}\n"
"From remote kernel:"
"\"block\" -> {126}\n"
"From remote kernel:"
"\"behavior\" -> {{0, 0}}\n"
"From remote kernel:"
"\"number of constraints and variables\" -> {1, 1}\n"
"From remote kernel:"
"\"block\" -> {125}\n"
"From remote kernel:"
"\"behavior\" -> {{0, 0}}\n"
"From remote kernel:"
"\"number of constraints and variables\" -> {1, 1}\n"
"From remote kernel:"
"\"block\" -> {124}\n"
"From remote kernel:"
"\"behavior\" -> {{0, 0}}\n"
"From remote kernel:"
"\"number of constraints and variables\" -> {1, 1}\n"
"From remote kernel:"
"\"block\" -> {122}\n"
"From remote kernel:"
"\"behavior\" -> {{0, 0}}\n"
"From remote kernel:"
"\"number of constraints and variables\" -> {1, 1}\n"
"From remote kernel:"
"\"block\" -> {121}\n"
"From remote kernel:"
"\"behavior\" -> {{0, 0}}\n"
"From remote kernel:"
"\"number of constraints and variables\" -> {1, 1}\n"
"From remote kernel:"
"\"block\" -> {120}\n"
"From remote kernel:"
"\"behavior\" -> {{0, 0}}\n"
"From remote kernel:"
"\"number of constraints and variables\" -> {1, 1}\n"
"From remote kernel:"
"\"block\" -> {119}\n"
"From remote kernel:"
"\"behavior\" -> {{0, 0}}\n"
"From remote kernel:"
"\"number of constraints and variables\" -> {1, 1}\n"
"From remote kernel:"
"\"block\" -> {96}\n"
"From remote kernel:"
"\"behavior\" -> {{0, 0}}\n"
"From remote kernel:"
"\"number of constraints and variables\" -> {1, 1}\n"
"From remote kernel:"
"\"block\" -> {95}\n"
"From remote kernel:"
"\"behavior\" -> {{0, 0}}\n"
"From remote kernel:"
"\"number of constraints and variables\" -> {1, 1}\n"
"From remote kernel:"
"\"block\" -> {94}\n"
"From remote kernel:"
"\"behavior\" -> {{0, 0}}\n"
"From remote kernel:"
"\"number of constraints and variables\" -> {1, 1}\n"
"From remote kernel:"
"\"block\" -> {93}\n"
"From remote kernel:"
"\"behavior\" -> {{0, 0}}\n"
"From remote kernel:"
"\"number of constraints and variables\" -> {1, 1}\n"
"From remote kernel:"
"\"block\" -> {81}\n"
"From remote kernel:"
"\"behavior\" -> {{0, 0}}\n"
"From remote kernel:"
"\"number of constraints and variables\" -> {1, 1}\n"
"From remote kernel:"
"\"block\" -> {137, 138, 139, 140, 141}\n"
"From remote kernel:"
"\"behavior\" -> {{0, 4}, {49999/50000, 3}, {24999/25000, 1}}\n"
"From remote kernel:"
"\"number of constraints and variables\" -> {10, 10}\n"
"From remote kernel:"
"\"block\" -> {146}\n"
"From remote kernel:"
"\"behavior\" -> {{49999/50000, 5}, {0, 5}, {24999/25000, 0}}\n"
"From remote kernel:"
"\"number of constraints and variables\" -> {1, 1}\n"
"From remote kernel:"
"\"block\" -> {130}\n"
"From remote kernel:"
"\"behavior\" -> {{49999/50000, 4}, {0, 4}, {24999/25000, 0}}\n"
"From remote kernel:"
"\"number of constraints and variables\" -> {1, 1}\n"
"From remote kernel:"
"\"block\" -> {132}\n"
"From remote kernel:"
"\"behavior\" -> {{0, 4}, {49999/50000, 1}, {24999/25000, 2}}\n"
"From remote kernel:"
"\"number of constraints and variables\" -> {1, 1}\n"
"From remote kernel:"
"\"block\" -> {133, 134, 135, 136}\n"
"From remote kernel:"
"\"behavior\" -> {{0, 3}, {49999/50000, 3}, {24999/25000, 2}}\n"
"From remote kernel:"
"\"number of constraints and variables\" -> {8, 8}\n"
"From remote kernel:"
"\"block\" -> {131}\n"
"From remote kernel:"
"\"behavior\" -> {{49999/50000, 0}, {0, 1}}\n"
"From remote kernel:"
"\"number of constraints and variables\" -> {1, 1}\n"
"From remote kernel:"
"\"block\" -> {150}\n"
"From remote kernel:"
"\"behavior\" -> {{0, 0}}\n"
"From remote kernel:"
"\"number of constraints and variables\" -> {1, 1}\n"
"From remote kernel:"
"\"block\" -> {149}\n"
"From remote kernel:"
"\"behavior\" -> {{0, 0}}\n"
"From remote kernel:"
"\"number of constraints and variables\" -> {1, 1}\n"
"From remote kernel:"
"\"block\" -> {148}\n"
"From remote kernel:"
"\"behavior\" -> {{0, 0}}\n"
"From remote kernel:"
"\"number of constraints and variables\" -> {1, 1}\n"
"From remote kernel:"
"\"block\" -> {147}\n"
"From remote kernel:"
"\"behavior\" -> {{0, 0}}\n"
"From remote kernel:"
"\"number of constraints and variables\" -> {1, 1}\n"
"From remote kernel:"
"\"block\" -> {151, 152, 153, 154, 155}\n"
"From remote kernel:"
"\"behavior\" -> {{0, 6}, {49999/50000, 6}, {24999/25000, 2}}\n"
"From remote kernel:"
"\"number of constraints and variables\" -> {10, 10}\n"
"From remote kernel:"
"\"block\" -> {110}\n"
"From remote kernel:"
"\"behavior\" -> {{0, 4}, {24999/25000, 0}, {49999/50000, 2}}\n"
"From remote kernel:"
"\"number of constraints and variables\" -> {1, 1}\n"
"From remote kernel:"
"\"block\" -> {86}\n"
"From remote kernel:"
"\"behavior\" -> {{0, 3}, {24999/25000, 1}, {49999/50000, 1}}\n"
"From remote kernel:"
"\"number of constraints and variables\" -> {1, 1}\n"
"From remote kernel:"
"\"block\" -> {49}\n"
"From remote kernel:"
"\"behavior\" -> {{0, 3}, {24999/25000, 0}}\n"
"From remote kernel:"
"\"number of constraints and variables\" -> {1, 1}\n"
"From remote kernel:"
"\"block\" -> {45}\n"
"From remote kernel:"
"\"behavior\" -> {{0, 3}, {49999/50000, 1}}\n"
"From remote kernel:"
"\"number of constraints and variables\" -> {1, 1}\n"
"From remote kernel:"
"\"block\" -> {53}\n"
"From remote kernel:"
"\"behavior\" -> {{0, 2}, {24999/25000, 0}, {49999/50000, 0}}\n"
"From remote kernel:"
"\"number of constraints and variables\" -> {1, 1}\n"
"From remote kernel:"
"\"block\" -> {42}\n"
"From remote kernel:"
"\"behavior\" -> {{0, 2}, {24999/25000, 1}}\n"
"From remote kernel:"
"\"number of constraints and variables\" -> {1, 1}\n"
"From remote kernel:"
"\"block\" -> {10}\n"
"From remote kernel:"
"\"behavior\" -> {{0, 2}}\n"
"From remote kernel:"
"\"number of constraints and variables\" -> {1, 1}\n"
"From remote kernel:"
"\"block\" -> {14}\n"
"From remote kernel:"
"\"behavior\" -> {{0, 1}, {24999/25000, 0}}\n"
"From remote kernel:"
"\"number of constraints and variables\" -> {1, 1}\n"
"From remote kernel:"
"\"block\" -> {123}\n"
"From remote kernel:"
"\"behavior\" -> {{0, 0}}\n"
"From remote kernel:"
"\"number of constraints and variables\" -> {1, 1}\n"
"From remote kernel:"
"\"block\" -> {118}\n"
"From remote kernel:"
"\"behavior\" -> {{0, 0}}\n"
"From remote kernel:"
"\"number of constraints and variables\" -> {1, 1}\n"
"From remote kernel:"
"\"block\" -> {97}\n"
"From remote kernel:"
"\"behavior\" -> {{0, 0}}\n"
"From remote kernel:"
"\"number of constraints and variables\" -> {1, 1}\n"
"From remote kernel:"
"\"block\" -> {70}\n"
"From remote kernel:"
"\"behavior\" -> {{0, 0}}\n"
"From remote kernel:"
"\"number of constraints and variables\" -> {1, 1}\n"
"From remote kernel:"
"\"block\" -> {68}\n"
"From remote kernel:"
"\"behavior\" -> {{0, 0}}\n"
"From remote kernel:"
"\"number of constraints and variables\" -> {1, 1}\n"
"From remote kernel:"
"\"block\" -> {65}\n"
"From remote kernel:"
"\"behavior\" -> {{0, 0}}\n"
"From remote kernel:"
"\"number of constraints and variables\" -> {1, 1}\n"
"From remote kernel:"
"\"block\" -> {61}\n"
"From remote kernel:"
"\"behavior\" -> {{0, 0}}\n"
"From remote kernel:"
"\"number of constraints and variables\" -> {1, 1}\n"
"From remote kernel:"
"\"block\" -> {58}\n"
"From remote kernel:"
"\"behavior\" -> {{0, 0}}\n"
"From remote kernel:"
"\"number of constraints and variables\" -> {1, 1}\n"
"From remote kernel:"
"\"block\" -> {56}\n"
"From remote kernel:"
"\"behavior\" -> {{0, 0}}\n"
"From remote kernel:"
"\"number of constraints and variables\" -> {1, 1}\n"
"From remote kernel:"
"\"block\" -> {28}\n"
"From remote kernel:"
"\"behavior\" -> {{0, 0}}\n"
"From remote kernel:"
"\"number of constraints and variables\" -> {1, 1}\n"
"From remote kernel:"
"\"block\" -> {25}\n"
"From remote kernel:"
"\"behavior\" -> {{0, 0}}\n"
"From remote kernel:"
"\"number of constraints and variables\" -> {1, 1}\n"
"From remote kernel:"
"\"block\" -> {23}\n"
"From remote kernel:"
"\"behavior\" -> {{0, 0}}\n"
"From remote kernel:"
"\"number of constraints and variables\" -> {1, 1}\n"
"From remote kernel:"
"\"block\" -> {20}\n"
"From remote kernel:"
"\"behavior\" -> {{0, 0}}\n"
"From remote kernel:"
"\"number of constraints and variables\" -> {1, 1}\n"
"From remote kernel:"
"\"block\" -> {17}\n"
"From remote kernel:"
"\"behavior\" -> {{0, 0}}\n"
"From remote kernel:"
"\"number of constraints and variables\" -> {1, 1}\n"
"From remote kernel:"
"\"AMFlow: last point solved in 415s.\"\n"
"From remote kernel:"
"\"dropped terms when pickzero\" -> {0.}\n"
"From remote kernel:"
"\"dropped terms when pickzero\" -> {0.}\n"
"From remote kernel:"
"\"dropped terms when pickzero\" -> {0., 0.}\n"
"From remote kernel:"
"\"dropped terms when pickzero\" -> {0., 0.}\n"
"From remote kernel:"
"\"dropped terms when pickzero\" -> {0.}\n"
"From remote kernel:"
"\"dropped terms when pickzero\" -> {0.}\n"
"From remote kernel:"
"\"dropped terms when pickzero\" -> {0.}\n"
"From remote kernel:"
"\"dropped terms when pickzero\" -> {0.}\n"
"From remote kernel:"
"\"dropped terms when pickzero\" -> {0.}\n"
"From remote kernel:"
"\"dropped terms when pickzero\" -> {0., 0.}\n"
"From remote kernel:"
"\"dropped terms when pickzero\" -> {0., 0.}\n"
"From remote kernel:"
"\"dropped terms when pickzero\" -> {0.}\n"
"From remote kernel:"
"\"dropped terms when pickzero\" -> {0., 0.}\n"
"From remote kernel:"
"\"dropped terms when pickzero\" -> {0.}\n"
"From remote kernel:"
"\"dropped terms when pickzero\" -> {0., 0.}\n"
"From remote kernel:"
"\"dropped terms when pickzero\" -> {0., 0.}\n"
"From remote kernel:"
"\"dropped terms when pickzero\" -> {0.}\n"
"From remote kernel:"
"\"dropped terms when pickzero\" -> {0.}\n"
"From remote kernel:"
"\"dropped terms when pickzero\" -> {0.}\n"
"From remote kernel:"
"\"dropped terms when pickzero\" -> {0., 0., 0.}\n"
"From remote kernel:"
"\"dropped terms when pickzero\" -> {0., 0.}\n"
"From remote kernel:"
"\"dropped terms when pickzero\" -> {0., 0.}\n"
"From remote kernel:"
"\"dropped terms when pickzero\" -> {0., 0., 0., 0.}\n"
"From remote kernel:"
"\"dropped terms when pickzero\" -> {0.}\n"
"From remote kernel:"
"\"dropped terms when pickzero\" -> {0., 0.}\n"
"From remote kernel:"
"\"dropped terms when pickzero\" -> {0., 0.}\n"
"From remote kernel:"
"\"dropped terms when pickzero\" -> {0.}\n"
"From remote kernel:"
"\"dropped terms when pickzero\" -> {0.}\n"
"From remote kernel:"
"\"dropped terms when pickzero\" -> {0.}\n"
"From remote kernel:"
"\"dropped terms when pickzero\" -> {0., 0.}\n"
"From remote kernel:"
"\"dropped terms when pickzero\" -> {0., 0.}\n"
"From remote kernel:"
"\"dropped terms when pickzero\" -> {0., 0.}\n"
"From remote kernel:"
"\"dropped terms when pickzero\" -> {0.}\n"
"From remote kernel:"
"\"dropped terms when pickzero\" -> {0., 0.}\n"
"From remote kernel:"
"\"dropped terms when pickzero\" -> {0.}\n"
"From remote kernel:"
"\"dropped terms when pickzero\" -> {0., 0., 0.}\n"
"From remote kernel:"
"\"dropped terms when pickzero\" -> {0.}\n"
"From remote kernel:"
"\"dropped terms when pickzero\" -> {0., 0.}\n"
"From remote kernel:"
"\"dropped terms when pickzero\" -> {0., 0.}\n"
"From remote kernel:"
"\"dropped terms when pickzero\" -> {0.}\n"
"From remote kernel:"
"\"dropped terms when pickzero\" -> {0.}\n"
"From remote kernel:"
"\"dropped terms when pickzero\" -> {0.}\n"
"From remote kernel:"
"\"dropped terms when pickzero\" -> {0., 0., 0.}\n"
"From remote kernel:"
"\"dropped terms when pickzero\" -> {0., 0.}\n"
"From remote kernel:"
"\"dropped terms when pickzero\" -> {0., 0., 0., 0.}\n"
"From remote kernel:"
"\"system cleared: DESolver`$InternalSystem\"\n"
"From remote kernel:"
"\"AMFlow: finished in 1399s.\"\n"
