"From remote kernel:"
"DESolver`SetGlobalOptions -> {\"WorkingPre\" -> 100, \"ChopPre\" -> 20, \"SilentMode\" -> False, \"RationalizePre\" -> 100}\n"
"From remote kernel:"
"DESolver`SetExpansionOptions -> {\"XOrder\" -> 100, \"ExtraXOrder\" -> 20, \"LearnXOrder\" -> -1, \"TestXOrder\" -> 5}\n"
"From remote kernel:"
"DESolver`SetRunningOptions -> {\"RunRadius\" -> 2, \"RunLength\" -> 1000, \"RunCandidate\" -> 10, \"RunDirection\" -> \"NegIm\"}\n"
"From remote kernel:"
"DESolver`SetGlobalOptions -> {\"WorkingPre\" -> 200, \"ChopPre\" -> 20, \"SilentMode\" -> False, \"RationalizePre\" -> 100}\n"
"From remote kernel:"
"DESolver`SetExpansionOptions -> {\"XOrder\" -> 400, \"ExtraXOrder\" -> 480, \"LearnXOrder\" -> -1, \"TestXOrder\" -> 5}\n"
"From remote kernel:"
"DESolver`SetRunningOptions -> {\"RunRadius\" -> 2, \"RunLength\" -> 1000, \"RunCandidate\" -> 10, \"RunDirection\" -> \"NegIm\"}\n"
"From remote kernel:"
"\"AMFlow: start.\"\n"
"From remote kernel:"
"\"system loaded: DESolver`$InternalSystem\\nDE[DESolver`$InternalSystem] -- differential equation in matrix form\\nBC[DESolver`$InternalSystem] -- boundary conditions either in singular form or in regular form\\nP[DESolver`$InternalSystem] -- boundary point\\nAsyExp[DESolver`$InternalSystem] -- asymptotic expansion near a singular point (currently it is Null)\\nintegrals: 113, blocks: 82, density: 0.09, degrees: {32, 37}\"\n"
"From remote kernel:"
"\"AMFlow: integrals will be evaluated at 11 regular points\" -> {10.181961323606409 - 12.727451654508009*I, 5.799598097552604 - 7.249497621940755*I, 3.48585491785217 - 4.357318647315212*I, 2.1446114493611703 - 2.6807643117014623*I, 1.4438146342326204 - 1.8047682927907753*I, 1.036938734212737 - 1.2961734177659212*I, 0.7382791052207047 - 0.922848881525881*I, 0.5687543470082503 - 0.7109429337603129*I, 0.4519998975852084 - 0.5649998719815106*I, 0.34437448516668734 - 0.4304681064583592*I, 0.2404731178001827 - 0.3005913972502284*I}\n"
"From remote kernel:"
"\"AMFlow: integration contour generated in 3s.\"\n"
"From remote kernel:"
"\"AMFlow: solving near eta = Infinity...\"\n"
"From remote kernel:"
"\"CalcTaylor: current region\" -> 1/100000\n"
"From remote kernel:"
"\"block\" -> {2}\n"
"From remote kernel:"
"\"boundary condition test\" -> {2, 0, 0.}\n"
"From remote kernel:"
"\"block\" -> {1}\n"
"From remote kernel:"
"\"boundary condition inserted\" -> {1, 0, 1.0000084559869469*^10}\n"
"From remote kernel:"
"\"block\" -> {14, 15, 16}\n"
"From remote kernel:"
"\"boundary condition test\" -> {16, 0, 1.0000084559869469*^10}\n"
"From remote kernel:"
"\"boundary condition test\" -> {15, 0, 9.99998455902387*^9}\n"
"From remote kernel:"
"\"boundary condition test\" -> {14, 0, -100000.8455986947}\n"
"From remote kernel:"
"\"block\" -> {3}\n"
"From remote kernel:"
"\"boundary condition test\" -> {3, 0, 1.0000084559869469*^10}\n"
"From remote kernel:"
"\"block\" -> {11, 12}\n"
"From remote kernel:"
"\"boundary condition test\" -> {12, 0, 0.}\n"
"From remote kernel:"
"\"boundary condition test\" -> {11, 0, 0.}\n"
"From remote kernel:"
"\"block\" -> {4}\n"
"From remote kernel:"
"\"boundary condition test\" -> {4, 0, 1.0000084559869469*^10}\n"
"From remote kernel:"
"\"block\" -> {23}\n"
"From remote kernel:"
"\"boundary condition test\" -> {23, 0, 0.}\n"
"From remote kernel:"
"\"block\" -> {21}\n"
"From remote kernel:"
"\"boundary condition test\" -> {21, 0, 0.}\n"
"From remote kernel:"
"\"block\" -> {20}\n"
"From remote kernel:"
"\"boundary condition test\" -> {20, 0, 0.}\n"
"From remote kernel:"
"\"block\" -> {18}\n"
"From remote kernel:"
"\"boundary condition test\" -> {18, 0, 0.}\n"
"From remote kernel:"
"\"block\" -> {9}\n"
"From remote kernel:"
"\"boundary condition test\" -> {9, 0, 0.}\n"
"From remote kernel:"
"\"block\" -> {8}\n"
"From remote kernel:"
"\"boundary condition test\" -> {8, 0, 0.}\n"
"From remote kernel:"
"\"block\" -> {7}\n"
"From remote kernel:"
"\"boundary condition test\" -> {7, 0, 0.}\n"
"From remote kernel:"
"\"block\" -> {6}\n"
"From remote kernel:"
"\"boundary condition inserted\" -> {6, 0, 9.999969548163868*^9}\n"
"From remote kernel:"
"\"block\" -> {5}\n"
"From remote kernel:"
"\"boundary condition inserted\" -> {5, 0, 1.0000074698417143*^10}\n"
"From remote kernel:"
"\"block\" -> {37, 38, 39}\n"
"From remote kernel:"
"\"boundary condition test\" -> {39, 0, 1.0000084559869469*^10}\n"
"From remote kernel:"
"\"boundary condition test\" -> {38, 0, 9.99998455902387*^9}\n"
"From remote kernel:"
"\"boundary condition test\" -> {37, 0, -1.0000184560715067*^10}\n"
"From remote kernel:"
"\"block\" -> {41, 42, 43}\n"
"From remote kernel:"
"\"boundary condition test\" -> {43, 0, 1.0000084559869469*^10}\n"
"From remote kernel:"
"\"boundary condition test\" -> {42, 0, 9.99998455902387*^9}\n"
"From remote kernel:"
"\"boundary condition test\" -> {41, 0, -1.0000184560715067*^10}\n"
"From remote kernel:"
"\"block\" -> {45, 46}\n"
"From remote kernel:"
"\"boundary condition test\" -> {46, 0, 1.0000184562715124*^10}\n"
"From remote kernel:"
"\"boundary condition test\" -> {45, 0, 4.999992279511935*^9}\n"
"From remote kernel:"
"\"block\" -> {34, 35}\n"
"From remote kernel:"
"\"boundary condition test\" -> {35, 0, 0.}\n"
"From remote kernel:"
"\"boundary condition test\" -> {34, 0, 0.}\n"
"From remote kernel:"
"\"block\" -> {24}\n"
"From remote kernel:"
"\"boundary condition test\" -> {24, 0, 1.0000084559869469*^10}\n"
"From remote kernel:"
"\"block\" -> {30}\n"
"From remote kernel:"
"\"boundary condition test\" -> {30, 0, 0.}\n"
"From remote kernel:"
"\"block\" -> {27}\n"
"From remote kernel:"
"\"boundary condition test\" -> {27, 0, 0.}\n"
"From remote kernel:"
"\"block\" -> {26}\n"
"From remote kernel:"
"\"boundary condition test\" -> {26, 0, 9.999969548163868*^9}\n"
"From remote kernel:"
"\"block\" -> {25}\n"
"From remote kernel:"
"\"boundary condition test\" -> {25, 0, 1.0000074698417143*^10}\n"
"From remote kernel:"
"\"block\" -> {29}\n"
"From remote kernel:"
"\"boundary condition test\" -> {29, 0, 9.999969548163868*^9}\n"
"From remote kernel:"
"\"block\" -> {61}\n"
"From remote kernel:"
"\"boundary condition test\" -> {61, 0, 0.}\n"
"From remote kernel:"
"\"block\" -> {60}\n"
"From remote kernel:"
"\"boundary condition test\" -> {60, 0, 0.}\n"
"From remote kernel:"
"\"block\" -> {59}\n"
"From remote kernel:"
"\"boundary condition test\" -> {59, 0, 0.}\n"
"From remote kernel:"
"\"block\" -> {57}\n"
"From remote kernel:"
"\"boundary condition test\" -> {57, 0, 0.}\n"
"From remote kernel:"
"\"block\" -> {56}\n"
"From remote kernel:"
"\"boundary condition test\" -> {56, 0, 0.}\n"
"From remote kernel:"
"\"block\" -> {54}\n"
"From remote kernel:"
"\"boundary condition test\" -> {54, 0, 0.}\n"
"From remote kernel:"
"\"block\" -> {53}\n"
"From remote kernel:"
"\"boundary condition test\" -> {53, 0, 0.}\n"
"From remote kernel:"
"\"block\" -> {52}\n"
"From remote kernel:"
"\"boundary condition test\" -> {52, 0, 0.}\n"
"From remote kernel:"
"\"block\" -> {50}\n"
"From remote kernel:"
"\"boundary condition test\" -> {50, 0, 0.}\n"
"From remote kernel:"
"\"block\" -> {48}\n"
"From remote kernel:"
"\"boundary condition test\" -> {48, 0, 0.}\n"
"From remote kernel:"
"\"block\" -> {32}\n"
"From remote kernel:"
"\"boundary condition test\" -> {32, 0, 0.}\n"
"From remote kernel:"
"\"block\" -> {31}\n"
"From remote kernel:"
"\"boundary condition inserted\" -> {31, 0, -91652.18906188196}\n"
"From remote kernel:"
"\"block\" -> {88, 89, 90, 91, 92, 93}\n"
"From remote kernel:"
"\"boundary condition test\" -> {93, 0, 1.0000184562715124*^10}\n"
"From remote kernel:"
"\"boundary condition test\" -> {92, 0, 1.0000184562715124*^10}\n"
"From remote kernel:"
"\"boundary condition test\" -> {91, 0, 4.999992279511935*^9}\n"
"From remote kernel:"
"\"boundary condition test\" -> {90, 0, -4.999892281666302*^9}\n"
"From remote kernel:"
"\"boundary condition test\" -> {89, 0, 1.0000184562715124*^10}\n"
"From remote kernel:"
"\"boundary condition test\" -> {88, 0, -1.0000284564560751*^10}\n"
"From remote kernel:"
"\"block\" -> {75, 76, 77, 78}\n"
"From remote kernel:"
"\"boundary condition test\" -> {78, 0, 9.999969548163868*^9}\n"
"From remote kernel:"
"\"boundary condition test\" -> {77, 0, 1.66664020314276*^9}\n"
"From remote kernel:"
"\"boundary condition test\" -> {76, 0, -1.0000069547859348*^10}\n"
"From remote kernel:"
"\"boundary condition test\" -> {75, 0, 9.999969548163868*^9}\n"
"From remote kernel:"
"\"block\" -> {68, 69, 70}\n"
"From remote kernel:"
"\"boundary condition test\" -> {70, 0, 1.0000084559869469*^10}\n"
"From remote kernel:"
"\"boundary condition test\" -> {69, 0, 9.99998455902387*^9}\n"
"From remote kernel:"
"\"boundary condition test\" -> {68, 0, 1.0000084559869469*^10}\n"
"From remote kernel:"
"\"block\" -> {79, 80, 81, 82}\n"
"From remote kernel:"
"\"boundary condition test\" -> {82, 0, 9.999969548163868*^9}\n"
"From remote kernel:"
"\"boundary condition test\" -> {81, 0, 1.66664020314276*^9}\n"
"From remote kernel:"
"\"boundary condition test\" -> {80, 0, -1.0000069547859348*^10}\n"
"From remote kernel:"
"\"boundary condition test\" -> {79, 0, 9.999969548163868*^9}\n"
"From remote kernel:"
"\"block\" -> {71, 72, 73, 74}\n"
"From remote kernel:"
"\"boundary condition test\" -> {74, 0, 1.0000074698417143*^10}\n"
"From remote kernel:"
"\"boundary condition test\" -> {73, 0, 3.333291565641058*^9}\n"
"From remote kernel:"
"\"boundary condition test\" -> {72, 0, -1.0000174699164125*^10}\n"
"From remote kernel:"
"\"boundary condition test\" -> {71, 0, 1.0000074698417143*^10}\n"
"From remote kernel:"
"\"block\" -> {64}\n"
"From remote kernel:"
"\"boundary condition test\" -> {64, 0, 0.}\n"
"From remote kernel:"
"\"block\" -> {63}\n"
"From remote kernel:"
"\"boundary condition test\" -> {63, 0, 9.999969548163868*^9}\n"
"From remote kernel:"
"\"block\" -> {65}\n"
"From remote kernel:"
"\"boundary condition test\" -> {65, 0, -91652.18906188196}\n"
"From remote kernel:"
"\"block\" -> {100}\n"
"From remote kernel:"
"\"boundary condition test\" -> {100, 0, 0.}\n"
"From remote kernel:"
"\"block\" -> {99}\n"
"From remote kernel:"
"\"boundary condition test\" -> {99, 0, 0.}\n"
"From remote kernel:"
"\"block\" -> {98}\n"
"From remote kernel:"
"\"boundary condition test\" -> {98, 0, 0.}\n"
"From remote kernel:"
"\"block\" -> {97}\n"
"From remote kernel:"
"\"boundary condition test\" -> {97, 0, 0.}\n"
"From remote kernel:"
"\"block\" -> {96}\n"
"From remote kernel:"
"\"boundary condition test\" -> {96, 0, 0.}\n"
"From remote kernel:"
"\"block\" -> {95}\n"
"From remote kernel:"
"\"boundary condition test\" -> {95, 0, 0.}\n"
"From remote kernel:"
"\"block\" -> {86}\n"
"From remote kernel:"
"\"boundary condition test\" -> {86, 0, 0.}\n"
"From remote kernel:"
"\"block\" -> {85}\n"
"From remote kernel:"
"\"boundary condition test\" -> {85, 0, 0.}\n"
"From remote kernel:"
"\"block\" -> {84}\n"
"From remote kernel:"
"\"boundary condition test\" -> {84, 0, 0.}\n"
"From remote kernel:"
"\"block\" -> {106, 107, 108, 109}\n"
"From remote kernel:"
"\"boundary condition test\" -> {109, 0, -91652.18906188196}\n"
"From remote kernel:"
"\"boundary condition test\" -> {108, 0, -1.6666871984566476*^9}\n"
"From remote kernel:"
"\"boundary condition test\" -> {107, 0, 91653.10558377257}\n"
"From remote kernel:"
"\"boundary condition test\" -> {106, 0, -91652.18906188196}\n"
"From remote kernel:"
"\"block\" -> {102, 103, 104, 105}\n"
"From remote kernel:"
"\"boundary condition test\" -> {105, 0, 9.999969548163868*^9}\n"
"From remote kernel:"
"\"boundary condition test\" -> {104, 0, 1.66664020314276*^9}\n"
"From remote kernel:"
"\"boundary condition test\" -> {103, 0, -2.0000039096023216*^10}\n"
"From remote kernel:"
"\"boundary condition test\" -> {102, 0, 9.999969548163868*^9}\n"
"From remote kernel:"
"\"block\" -> {110}\n"
"From remote kernel:"
"\"boundary condition test\" -> {110, 0, -91652.18906188196}\n"
"From remote kernel:"
"\"block\" -> {113}\n"
"From remote kernel:"
"\"boundary condition test\" -> {113, 0, -91652.18906188196}\n"
"From remote kernel:"
"\"block\" -> {112}\n"
"From remote kernel:"
"\"boundary condition test\" -> {112, 0, -1.6666871984566476*^9}\n"
"From remote kernel:"
"\"block\" -> {111}\n"
"From remote kernel:"
"\"boundary condition test\" -> {111, 0, -91652.18906188196}\n"
"From remote kernel:"
"\"block\" -> {87}\n"
"From remote kernel:"
"\"boundary condition test\" -> {87, 0, 1.0000184562715124*^10}\n"
"From remote kernel:"
"\"block\" -> {67}\n"
"From remote kernel:"
"\"boundary condition test\" -> {67, 0, 1.0000084559869469*^10}\n"
"From remote kernel:"
"\"block\" -> {36}\n"
"From remote kernel:"
"\"boundary condition test\" -> {36, 0, 1.0000084559869469*^10}\n"
"From remote kernel:"
"\"block\" -> {40}\n"
"From remote kernel:"
"\"boundary condition test\" -> {40, 0, 1.0000084559869469*^10}\n"
"From remote kernel:"
"\"block\" -> {44}\n"
"From remote kernel:"
"\"boundary condition test\" -> {44, 0, 1.0000184562715124*^10}\n"
"From remote kernel:"
"\"block\" -> {33}\n"
"From remote kernel:"
"\"boundary condition test\" -> {33, 0, 0.}\n"
"From remote kernel:"
"\"block\" -> {13}\n"
"From remote kernel:"
"\"boundary condition test\" -> {13, 0, 1.0000084559869469*^10}\n"
"From remote kernel:"
"\"block\" -> {101}\n"
"From remote kernel:"
"\"boundary condition test\" -> {101, 0, -91652.18906188196}\n"
"From remote kernel:"
"\"block\" -> {62}\n"
"From remote kernel:"
"\"boundary condition test\" -> {62, 0, 1.0000074698417143*^10}\n"
"From remote kernel:"
"\"block\" -> {10}\n"
"From remote kernel:"
"\"boundary condition test\" -> {10, 0, 0.}\n"
"From remote kernel:"
"\"block\" -> {66}\n"
"From remote kernel:"
"\"boundary condition test\" -> {66, 0, -91652.18906188196}\n"
"From remote kernel:"
"\"block\" -> {28}\n"
"From remote kernel:"
"\"boundary condition test\" -> {28, 0, 1.0000074698417143*^10}\n"
"From remote kernel:"
"\"block\" -> {94}\n"
"From remote kernel:"
"\"boundary condition test\" -> {94, 0, 0.}\n"
"From remote kernel:"
"\"block\" -> {83}\n"
"From remote kernel:"
"\"boundary condition test\" -> {83, 0, 0.}\n"
"From remote kernel:"
"\"block\" -> {58}\n"
"From remote kernel:"
"\"boundary condition test\" -> {58, 0, 0.}\n"
"From remote kernel:"
"\"block\" -> {55}\n"
"From remote kernel:"
"\"boundary condition test\" -> {55, 0, 0.}\n"
"From remote kernel:"
"\"block\" -> {51}\n"
"From remote kernel:"
"\"boundary condition test\" -> {51, 0, 0.}\n"
"From remote kernel:"
"\"block\" -> {49}\n"
"From remote kernel:"
"\"boundary condition test\" -> {49, 0, 0.}\n"
"From remote kernel:"
"\"block\" -> {47}\n"
"From remote kernel:"
"\"boundary condition test\" -> {47, 0, 0.}\n"
"From remote kernel:"
"\"block\" -> {22}\n"
"From remote kernel:"
"\"boundary condition test\" -> {22, 0, 0.}\n"
"From remote kernel:"
"\"block\" -> {19}\n"
"From remote kernel:"
"\"boundary condition test\" -> {19, 0, 0.}\n"
"From remote kernel:"
"\"block\" -> {17}\n"
"From remote kernel:"
"\"boundary condition test\" -> {17, 0, 0.}\n"
"From remote kernel:"
"\"CalcTaylor: current region\" -> 0\n"
"From remote kernel:"
"\"block\" -> {2}\n"
"From remote kernel:"
"\"boundary condition inserted\" -> {2, 0, 1.0000084559869469*^10}\n"
"From remote kernel:"
"\"block\" -> {1}\n"
"From remote kernel:"
"\"boundary condition test\" -> {1, 0, 0.}\n"
"From remote kernel:"
"\"block\" -> {14, 15, 16}\n"
"From remote kernel:"
"\"boundary condition test\" -> {16, 0, 0.}\n"
"From remote kernel:"
"\"boundary condition test\" -> {15, 0, 0.}\n"
"From remote kernel:"
"\"boundary condition test\" -> {14, 0, 0.}\n"
"From remote kernel:"
"\"block\" -> {3}\n"
"From remote kernel:"
"\"boundary condition test\" -> {3, 0, -1.0000084559869469*^10}\n"
"From remote kernel:"
"\"block\" -> {11, 12}\n"
"From remote kernel:"
"\"boundary condition test\" -> {12, 0, 0.}\n"
"From remote kernel:"
"\"boundary condition test\" -> {11, 0, 0.}\n"
"From remote kernel:"
"\"block\" -> {4}\n"
"From remote kernel:"
"\"boundary condition test\" -> {4, 0, 0.}\n"
"From remote kernel:"
"\"block\" -> {23}\n"
"From remote kernel:"
"\"boundary condition inserted\" -> {23, 0, -4.999982418663067*^9}\n"
"From remote kernel:"
"\"block\" -> {21}\n"
"From remote kernel:"
"\"boundary condition inserted\" -> {21, 0, -4.99984299255875*^9}\n"
"From remote kernel:"
"\"block\" -> {20}\n"
"From remote kernel:"
"\"boundary condition inserted\" -> {20, 0, 4.999992278674396*^9}\n"
"From remote kernel:"
"\"block\" -> {18}\n"
"From remote kernel:"
"\"boundary condition inserted\" -> {18, 0, -5.000092285647588*^9}\n"
"From remote kernel:"
"\"block\" -> {9}\n"
"From remote kernel:"
"\"boundary condition inserted\" -> {9, 0, 9.999969548163868*^9}\n"
"From remote kernel:"
"\"block\" -> {8}\n"
"From remote kernel:"
"\"boundary condition inserted\" -> {8, 0, 1.0000074698417143*^10}\n"
"From remote kernel:"
"\"block\" -> {7}\n"
"From remote kernel:"
"\"boundary condition test\" -> {7, 0, 0.}\n"
"From remote kernel:"
"\"block\" -> {6}\n"
"From remote kernel:"
"\"boundary condition test\" -> {6, 0, 0.}\n"
"From remote kernel:"
"\"block\" -> {5}\n"
"From remote kernel:"
"\"boundary condition test\" -> {5, 0, 0.}\n"
"From remote kernel:"
"\"block\" -> {37, 38, 39}\n"
"From remote kernel:"
"\"boundary condition test\" -> {39, 0, 4.99984299255875*^9}\n"
"From remote kernel:"
"\"boundary condition test\" -> {38, 0, -4.999992278674396*^9}\n"
"From remote kernel:"
"\"boundary condition test\" -> {37, 0, 1.0000284560683756*^10}\n"
"From remote kernel:"
"\"block\" -> {41, 42, 43}\n"
"From remote kernel:"
"\"boundary condition test\" -> {43, 0, 5.000092285647588*^9}\n"
"From remote kernel:"
"\"boundary condition test\" -> {42, 0, -4.999992281801798*^9}\n"
"From remote kernel:"
"\"boundary condition test\" -> {41, 0, 5.00006728281104*^9}\n"
"From remote kernel:"
"\"block\" -> {45, 46}\n"
"From remote kernel:"
"\"boundary condition test\" -> {46, 0, 0.}\n"
"From remote kernel:"
"\"boundary condition test\" -> {45, 0, 0.}\n"
"From remote kernel:"
"\"block\" -> {34, 35}\n"
"From remote kernel:"
"\"boundary condition test\" -> {35, 0, 5.000092285647588*^9}\n"
"From remote kernel:"
"\"boundary condition test\" -> {34, 0, 5.00006728281104*^9}\n"
"From remote kernel:"
"\"block\" -> {24}\n"
"From remote kernel:"
"\"boundary condition test\" -> {24, 0, -1.0000184562715124*^10}\n"
"From remote kernel:"
"\"block\" -> {30}\n"
"From remote kernel:"
"\"boundary condition test\" -> {30, 0, -75002.3613400922}\n"
"From remote kernel:"
"\"block\" -> {27}\n"
"From remote kernel:"
"\"boundary condition test\" -> {27, 0, -5.00006728281104*^9}\n"
"From remote kernel:"
"\"block\" -> {26}\n"
"From remote kernel:"
"\"boundary condition test\" -> {26, 0, -9.999969548163868*^9}\n"
"From remote kernel:"
"\"block\" -> {25}\n"
"From remote kernel:"
"\"boundary condition test\" -> {25, 0, -1.0000074698417143*^10}\n"
"From remote kernel:"
"\"block\" -> {29}\n"
"From remote kernel:"
"\"boundary condition test\" -> {29, 0, 0.}\n"
"From remote kernel:"
"\"block\" -> {61}\n"
"From remote kernel:"
"\"boundary condition inserted\" -> {61, 0, -8.333220660059665*^8}\n"
"From remote kernel:"
"\"block\" -> {60}\n"
"From remote kernel:"
"\"boundary condition inserted\" -> {60, 0, 180004.0835917945}\n"
"From remote kernel:"
"\"block\" -> {59}\n"
"From remote kernel:"
"\"boundary condition inserted\" -> {59, 0, 3.3333249010234427*^9}\n"
"From remote kernel:"
"\"block\" -> {57}\n"
"From remote kernel:"
"\"boundary condition inserted\" -> {57, 0, 91651.69167911353}\n"
"From remote kernel:"
"\"block\" -> {56}\n"
"From remote kernel:"
"\"boundary condition inserted\" -> {56, 0, -35835.01040148531}\n"
"From remote kernel:"
"\"block\" -> {54}\n"
"From remote kernel:"
"\"boundary condition inserted\" -> {54, 0, 60314.01174811533}\n"
"From remote kernel:"
"\"block\" -> {53}\n"
"From remote kernel:"
"\"boundary condition inserted\" -> {53, 0, -35834.57484331666}\n"
"From remote kernel:"
"\"block\" -> {52}\n"
"From remote kernel:"
"\"boundary condition inserted\" -> {52, 0, -0.9942675563276251}\n"
"From remote kernel:"
"\"block\" -> {50}\n"
"From remote kernel:"
"\"boundary condition inserted\" -> {50, 0, -1.5579902247699385*^9}\n"
"From remote kernel:"
"\"block\" -> {48}\n"
"From remote kernel:"
"\"boundary condition inserted\" -> {48, 0, 180002.0606488707}\n"
"From remote kernel:"
"\"block\" -> {32}\n"
"From remote kernel:"
"\"boundary condition inserted\" -> {32, 0, -91652.18906188196}\n"
"From remote kernel:"
"\"block\" -> {31}\n"
"From remote kernel:"
"\"boundary condition test\" -> {31, 0, 0.}\n"
"From remote kernel:"
"\"block\" -> {88, 89, 90, 91, 92, 93}\n"
"From remote kernel:"
"\"homogeneous id up to\" -> 5292\n"
"From remote kernel:"
"\"dropped eqs\" -> {{5293 -> 0.}, {5293 -> 0.}, {5293 -> 0.}, {5293 -> 0.}}\n"
"From remote kernel:"
"\"boundary condition test\" -> {93, 0, 5321.239558491646}\n"
"From remote kernel:"
"\"boundary condition test\" -> {92, 0, 1.5579902247699385*^9}\n"
"From remote kernel:"
"\"boundary condition test\" -> {91, 0, -5.000042285278481*^9}\n"
"From remote kernel:"
"\"boundary condition test\" -> {90, 0, -2.500370446429205*^9}\n"
"From remote kernel:"
"\"boundary condition test\" -> {89, 0, 2.6958902358952024}\n"
"From remote kernel:"
"\"boundary condition test\" -> {88, 0, 5.000192281953745*^9}\n"
"From remote kernel:"
"\"block\" -> {75, 76, 77, 78}\n"
"From remote kernel:"
"\"boundary condition test\" -> {78, 0, -60314.01174811533}\n"
"From remote kernel:"
"\"boundary condition test\" -> {77, 0, -1.6666568711509829*^9}\n"
"From remote kernel:"
"\"boundary condition test\" -> {76, 0, 4.999977268863967*^9}\n"
"From remote kernel:"
"\"boundary condition test\" -> {75, 0, -4.999977268863967*^9}\n"
"From remote kernel:"
"\"block\" -> {68, 69, 70}\n"
"From remote kernel:"
"\"boundary condition test\" -> {70, 0, 1.5579902247699385*^9}\n"
"From remote kernel:"
"\"boundary condition test\" -> {69, 0, 2.6958902358952024}\n"
"From remote kernel:"
"\"boundary condition test\" -> {68, 0, -2.500370446429205*^9}\n"
"From remote kernel:"
"\"block\" -> {79, 80, 81, 82}\n"
"From remote kernel:"
"\"boundary condition test\" -> {82, 0, -91651.69167911353}\n"
"From remote kernel:"
"\"boundary condition test\" -> {81, 0, -1.6666385597953908*^9}\n"
"From remote kernel:"
"\"boundary condition test\" -> {80, 0, 4.999977270230785*^9}\n"
"From remote kernel:"
"\"boundary condition test\" -> {79, 0, -4.999977270230785*^9}\n"
"From remote kernel:"
"\"block\" -> {71, 72, 73, 74}\n"
"From remote kernel:"
"\"boundary condition test\" -> {74, 0, -180004.0835917945}\n"
"From remote kernel:"
"\"boundary condition test\" -> {73, 0, -3.3333249010234427*^9}\n"
"From remote kernel:"
"\"boundary condition test\" -> {72, 0, 5.000082419041955*^9}\n"
"From remote kernel:"
"\"boundary condition test\" -> {71, 0, -5.000082419041955*^9}\n"
"From remote kernel:"
"\"block\" -> {64}\n"
"From remote kernel:"
"\"boundary condition test\" -> {64, 0, -5.000192284093046*^9}\n"
"From remote kernel:"
"\"block\" -> {63}\n"
"From remote kernel:"
"\"boundary condition test\" -> {63, 0, -1.0000069549859383*^10}\n"
"From remote kernel:"
"\"block\" -> {65}\n"
"From remote kernel:"
"\"boundary condition test\" -> {65, 0, 91652.18906188196}\n"
"From remote kernel:"
"\"block\" -> {100}\n"
"From remote kernel:"
"\"boundary condition inserted\" -> {100, 0, -1.0944206779728356*^8}\n"
"From remote kernel:"
"\"block\" -> {99}\n"
"From remote kernel:"
"\"boundary condition inserted\" -> {99, 0, 5.1932195910442406*^8}\n"
"From remote kernel:"
"\"block\" -> {98}\n"
"From remote kernel:"
"\"boundary condition inserted\" -> {98, 0, 0.5801408407179407}\n"
"From remote kernel:"
"\"block\" -> {97}\n"
"From remote kernel:"
"\"boundary condition inserted\" -> {97, 0, -30000.2936058304}\n"
"From remote kernel:"
"\"block\" -> {96}\n"
"From remote kernel:"
"\"boundary condition inserted\" -> {96, 0, -2.5001253878264475*^9}\n"
"From remote kernel:"
"\"block\" -> {95}\n"
"From remote kernel:"
"\"boundary condition inserted\" -> {95, 0, -45826.63906093328}\n"
"From remote kernel:"
"\"block\" -> {86}\n"
"From remote kernel:"
"\"boundary condition inserted\" -> {86, 0, 5.1932195921074945*^8}\n"
"From remote kernel:"
"\"block\" -> {85}\n"
"From remote kernel:"
"\"boundary condition inserted\" -> {85, 0, -1.6667038668017015*^9}\n"
"From remote kernel:"
"\"block\" -> {84}\n"
"From remote kernel:"
"\"boundary condition inserted\" -> {84, 0, 8.332701575786413*^8}\n"
"From remote kernel:"
"\"block\" -> {106, 107, 108, 109}\n"
"From remote kernel:"
"\"homogeneous id up to\" -> 3528\n"
"From remote kernel:"
"\"dropped eqs\" -> {{3529 -> 0.}, {3529 -> 0.}}\n"
"From remote kernel:"
"\"boundary condition test\" -> {109, 0, -5.1932195921074945*^8}\n"
"From remote kernel:"
"\"boundary condition test\" -> {108, 0, 1.6667038668017015*^9}\n"
"From remote kernel:"
"\"boundary condition test\" -> {107, 0, -91651.729631993}\n"
"From remote kernel:"
"\"boundary condition test\" -> {106, 0, 91651.729631993}\n"
"From remote kernel:"
"\"block\" -> {102, 103, 104, 105}\n"
"From remote kernel:"
"\"boundary condition test\" -> {105, 0, -5.1932195910442406*^8}\n"
"From remote kernel:"
"\"boundary condition test\" -> {104, 0, 30000.2936058304}\n"
"From remote kernel:"
"\"boundary condition test\" -> {103, 0, -2.100302859765974}\n"
"From remote kernel:"
"\"boundary condition test\" -> {102, 0, 2.100302859765974}\n"
"From remote kernel:"
"\"block\" -> {110}\n"
"From remote kernel:"
"\"boundary condition test\" -> {110, 0, 44932.00882500997}\n"
"From remote kernel:"
"\"block\" -> {113}\n"
"From remote kernel:"
"\"boundary condition test\" -> {113, 0, 3.301008675868949*^8}\n"
"From remote kernel:"
"\"block\" -> {112}\n"
"From remote kernel:"
"\"boundary condition test\" -> {112, 0, -4.166401555438908*^8}\n"
"From remote kernel:"
"\"block\" -> {111}\n"
"From remote kernel:"
"\"boundary condition test\" -> {111, 0, -8.33352983053531*^8}\n"
"From remote kernel:"
"\"block\" -> {87}\n"
"From remote kernel:"
"\"boundary condition test\" -> {87, 0, -5.000192281953745*^9}\n"
"From remote kernel:"
"\"block\" -> {67}\n"
"From remote kernel:"
"\"homogeneous id up to\" -> 882\n"
"From remote kernel:"
"\"dropped eqs\" -> {{883 -> 0.}}\n"
"From remote kernel:"
"\"boundary condition test\" -> {67, 0, -5.000192281953745*^9}\n"
"From remote kernel:"
"\"block\" -> {36}\n"
"From remote kernel:"
"\"boundary condition test\" -> {36, 0, -1.0000284560683756*^10}\n"
"From remote kernel:"
"\"block\" -> {40}\n"
"From remote kernel:"
"\"boundary condition test\" -> {40, 0, -5.00006728281104*^9}\n"
"From remote kernel:"
"\"block\" -> {44}\n"
"From remote kernel:"
"\"boundary condition test\" -> {44, 0, 0.}\n"
"From remote kernel:"
"\"block\" -> {33}\n"
"From remote kernel:"
"\"boundary condition test\" -> {33, 0, -5.00006728281104*^9}\n"
"From remote kernel:"
"\"block\" -> {13}\n"
"From remote kernel:"
"\"boundary condition test\" -> {13, 0, 0.}\n"
"From remote kernel:"
"\"block\" -> {101}\n"
"From remote kernel:"
"\"boundary condition test\" -> {101, 0, 91653.10560210337}\n"
"From remote kernel:"
"\"block\" -> {62}\n"
"From remote kernel:"
"\"boundary condition test\" -> {62, 0, -1.000017470116418*^10}\n"
"From remote kernel:"
"\"block\" -> {10}\n"
"From remote kernel:"
"\"boundary condition test\" -> {10, 0, 0.}\n"
"From remote kernel:"
"\"block\" -> {66}\n"
"From remote kernel:"
"\"boundary condition test\" -> {66, 0, 0.}\n"
"From remote kernel:"
"\"block\" -> {28}\n"
"From remote kernel:"
"\"boundary condition test\" -> {28, 0, 0.}\n"
"From remote kernel:"
"\"block\" -> {94}\n"
"From remote kernel:"
"\"boundary condition inserted\" -> {94, 0, -2.100302859765974}\n"
"From remote kernel:"
"\"block\" -> {83}\n"
"From remote kernel:"
"\"boundary condition inserted\" -> {83, 0, -91651.729631993}\n"
"From remote kernel:"
"\"block\" -> {58}\n"
"From remote kernel:"
"\"boundary condition inserted\" -> {58, 0, 5.000082419041955*^9}\n"
"From remote kernel:"
"\"block\" -> {55}\n"
"From remote kernel:"
"\"boundary condition inserted\" -> {55, 0, 4.999977270230785*^9}\n"
"From remote kernel:"
"\"block\" -> {51}\n"
"From remote kernel:"
"\"boundary condition inserted\" -> {51, 0, 4.999977268863967*^9}\n"
"From remote kernel:"
"\"block\" -> {49}\n"
"From remote kernel:"
"\"boundary condition inserted\" -> {49, 0, 5.000192281953745*^9}\n"
"From remote kernel:"
"\"block\" -> {47}\n"
"From remote kernel:"
"\"boundary condition inserted\" -> {47, 0, 5.000192284093046*^9}\n"
"From remote kernel:"
"\"block\" -> {22}\n"
"From remote kernel:"
"\"boundary condition inserted\" -> {22, 0, 75002.3613400922}\n"
"From remote kernel:"
"\"block\" -> {19}\n"
"From remote kernel:"
"\"boundary condition inserted\" -> {19, 0, 1.0000284560683756*^10}\n"
"From remote kernel:"
"\"block\" -> {17}\n"
"From remote kernel:"
"\"boundary condition inserted\" -> {17, 0, 5.00006728281104*^9}\n"
"From remote kernel:"
"\"CalcTaylor: current region\" -> 1/50000\n"
"From remote kernel:"
"\"block\" -> {2}\n"
"From remote kernel:"
"\"boundary condition test\" -> {2, 0, 0.}\n"
"From remote kernel:"
"\"block\" -> {1}\n"
"From remote kernel:"
"\"boundary condition test\" -> {1, 0, 0.}\n"
"From remote kernel:"
"\"block\" -> {14, 15, 16}\n"
"From remote kernel:"
"\"boundary condition inserted\" -> {16, 0, -4.999992281156855*^9}\n"
"From remote kernel:"
"\"boundary condition test\" -> {15, 0, -4.999992281156855*^9}\n"
"From remote kernel:"
"\"boundary condition test\" -> {14, 0, 4.999992281156855*^9}\n"
"From remote kernel:"
"\"block\" -> {3}\n"
"From remote kernel:"
"\"boundary condition inserted\" -> {3, 0, 0.}\n"
"From remote kernel:"
"\"block\" -> {11, 12}\n"
"From remote kernel:"
"\"boundary condition inserted\" -> {12, 0, -4.999992281156855*^9}\n"
"From remote kernel:"
"\"boundary condition test\" -> {11, 0, 4.999992281156855*^9}\n"
"From remote kernel:"
"\"block\" -> {4}\n"
"From remote kernel:"
"\"boundary condition inserted\" -> {4, 0, 0.}\n"
"From remote kernel:"
"\"block\" -> {23}\n"
"From remote kernel:"
"\"boundary condition test\" -> {23, 0, 0.}\n"
"From remote kernel:"
"\"block\" -> {21}\n"
"From remote kernel:"
"\"boundary condition test\" -> {21, 0, 0.}\n"
"From remote kernel:"
"\"block\" -> {20}\n"
"From remote kernel:"
"\"boundary condition test\" -> {20, 0, 0.}\n"
"From remote kernel:"
"\"block\" -> {18}\n"
"From remote kernel:"
"\"boundary condition test\" -> {18, 0, 0.}\n"
"From remote kernel:"
"\"block\" -> {9}\n"
"From remote kernel:"
"\"boundary condition test\" -> {9, 0, 0.}\n"
"From remote kernel:"
"\"block\" -> {8}\n"
"From remote kernel:"
"\"boundary condition test\" -> {8, 0, 0.}\n"
"From remote kernel:"
"\"block\" -> {7}\n"
"From remote kernel:"
"\"boundary condition inserted\" -> {7, 0, 5.000092283002515*^9}\n"
"From remote kernel:"
"\"block\" -> {6}\n"
"From remote kernel:"
"\"boundary condition test\" -> {6, 0, 0.}\n"
"From remote kernel:"
"\"block\" -> {5}\n"
"From remote kernel:"
"\"boundary condition test\" -> {5, 0, 0.}\n"
"From remote kernel:"
"\"block\" -> {37, 38, 39}\n"
"From remote kernel:"
"\"boundary condition test\" -> {39, 0, -4.999992281156855*^9}\n"
"From remote kernel:"
"\"boundary condition test\" -> {38, 0, -4.999992281156855*^9}\n"
"From remote kernel:"
"\"boundary condition test\" -> {37, 0, -100001.8456600503}\n"
"From remote kernel:"
"\"block\" -> {41, 42, 43}\n"
"From remote kernel:"
"\"boundary condition test\" -> {43, 0, -4.999992281156855*^9}\n"
"From remote kernel:"
"\"boundary condition test\" -> {42, 0, -4.999992281156855*^9}\n"
"From remote kernel:"
"\"boundary condition test\" -> {41, 0, -100001.8456600503}\n"
"From remote kernel:"
"\"block\" -> {45, 46}\n"
"From remote kernel:"
"\"boundary condition test\" -> {46, 0, -1.0000084562159332*^10}\n"
"From remote kernel:"
"\"boundary condition test\" -> {45, 0, -49999.92281156855}\n"
"From remote kernel:"
"\"block\" -> {34, 35}\n"
"From remote kernel:"
"\"boundary condition test\" -> {35, 0, -4.999992281156855*^9}\n"
"From remote kernel:"
"\"boundary condition test\" -> {34, 0, -100001.8456600503}\n"
"From remote kernel:"
"\"block\" -> {24}\n"
"From remote kernel:"
"\"boundary condition inserted\" -> {24, 0, 0.}\n"
"From remote kernel:"
"\"block\" -> {30}\n"
"From remote kernel:"
"\"boundary condition test\" -> {30, 0, 5.000092283002515*^9}\n"
"From remote kernel:"
"\"block\" -> {27}\n"
"From remote kernel:"
"\"boundary condition test\" -> {27, 0, 5.000092283002515*^9}\n"
"From remote kernel:"
"\"block\" -> {26}\n"
"From remote kernel:"
"\"boundary condition test\" -> {26, 0, 0.}\n"
"From remote kernel:"
"\"block\" -> {25}\n"
"From remote kernel:"
"\"boundary condition test\" -> {25, 0, 0.}\n"
"From remote kernel:"
"\"block\" -> {29}\n"
"From remote kernel:"
"\"boundary condition test\" -> {29, 0, 0.}\n"
"From remote kernel:"
"\"block\" -> {61}\n"
"From remote kernel:"
"\"boundary condition test\" -> {61, 0, 0.}\n"
"From remote kernel:"
"\"block\" -> {60}\n"
"From remote kernel:"
"\"boundary condition test\" -> {60, 0, 0.}\n"
"From remote kernel:"
"\"block\" -> {59}\n"
"From remote kernel:"
"\"boundary condition test\" -> {59, 0, 0.}\n"
"From remote kernel:"
"\"block\" -> {57}\n"
"From remote kernel:"
"\"boundary condition test\" -> {57, 0, 0.}\n"
"From remote kernel:"
"\"block\" -> {56}\n"
"From remote kernel:"
"\"boundary condition test\" -> {56, 0, 0.}\n"
"From remote kernel:"
"\"block\" -> {54}\n"
"From remote kernel:"
"\"boundary condition test\" -> {54, 0, 0.}\n"
"From remote kernel:"
"\"block\" -> {53}\n"
"From remote kernel:"
"\"boundary condition test\" -> {53, 0, 0.}\n"
"From remote kernel:"
"\"block\" -> {52}\n"
"From remote kernel:"
"\"boundary condition test\" -> {52, 0, 0.}\n"
"From remote kernel:"
"\"block\" -> {50}\n"
"From remote kernel:"
"\"boundary condition test\" -> {50, 0, 0.}\n"
"From remote kernel:"
"\"block\" -> {48}\n"
"From remote kernel:"
"\"boundary condition test\" -> {48, 0, 0.}\n"
"From remote kernel:"
"\"block\" -> {32}\n"
"From remote kernel:"
"\"boundary condition test\" -> {32, 0, 0.}\n"
"From remote kernel:"
"\"block\" -> {31}\n"
"From remote kernel:"
"\"boundary condition test\" -> {31, 0, 0.}\n"
"From remote kernel:"
"\"block\" -> {88, 89, 90, 91, 92, 93}\n"
"From remote kernel:"
"\"homogeneous id up to\" -> 5292\n"
"From remote kernel:"
"\"dropped eqs\" -> {{5293 -> 0.}, {5293 -> 0.}, {5293 -> 0.}, {5293 -> 0.}}\n"
"From remote kernel:"
"\"boundary condition test\" -> {93, 0, -1.0000234562927765*^10}\n"
"From remote kernel:"
"\"boundary condition test\" -> {92, 0, -1.0000084562159332*^10}\n"
"From remote kernel:"
"\"boundary condition test\" -> {91, 0, -49999.92281156855}\n"
"From remote kernel:"
"\"boundary condition test\" -> {90, 0, -49999.92281156855}\n"
"From remote kernel:"
"\"boundary condition test\" -> {89, 0, -4.999992281156855*^9}\n"
"From remote kernel:"
"\"boundary condition test\" -> {88, 0, 5.000092281002478*^9}\n"
"From remote kernel:"
"\"block\" -> {75, 76, 77, 78}\n"
"From remote kernel:"
"\"homogeneous id up to\" -> 3528\n"
"From remote kernel:"
"\"dropped eqs\" -> {{3529 -> 0.}}\n"
"From remote kernel:"
"\"boundary condition test\" -> {78, 0, -1.0000084562159332*^10}\n"
"From remote kernel:"
"\"boundary condition test\" -> {77, 0, -49999.92281156855}\n"
"From remote kernel:"
"\"boundary condition test\" -> {76, 0, 5.000092281002478*^9}\n"
"From remote kernel:"
"\"boundary condition test\" -> {75, 0, -4.999992281156855*^9}\n"
"From remote kernel:"
"\"block\" -> {68, 69, 70}\n"
"From remote kernel:"
"\"boundary condition test\" -> {70, 0, -4.999992281156855*^9}\n"
"From remote kernel:"
"\"boundary condition test\" -> {69, 0, -4.999992281156855*^9}\n"
"From remote kernel:"
"\"boundary condition test\" -> {68, 0, 5.000092283002515*^9}\n"
"From remote kernel:"
"\"block\" -> {79, 80, 81, 82}\n"
"From remote kernel:"
"\"homogeneous id up to\" -> 3528\n"
"From remote kernel:"
"\"dropped eqs\" -> {{3529 -> 0.}}\n"
"From remote kernel:"
"\"boundary condition test\" -> {82, 0, -1.0000084562159332*^10}\n"
"From remote kernel:"
"\"boundary condition test\" -> {81, 0, -49999.92281156855}\n"
"From remote kernel:"
"\"boundary condition test\" -> {80, 0, 5.000092281002478*^9}\n"
"From remote kernel:"
"\"boundary condition test\" -> {79, 0, -4.999992281156855*^9}\n"
"From remote kernel:"
"\"block\" -> {71, 72, 73, 74}\n"
"From remote kernel:"
"\"homogeneous id up to\" -> 3528\n"
"From remote kernel:"
"\"dropped eqs\" -> {{3529 -> 0.}}\n"
"From remote kernel:"
"\"boundary condition test\" -> {74, 0, -1.0000084562159332*^10}\n"
"From remote kernel:"
"\"boundary condition test\" -> {73, 0, -49999.92281156855}\n"
"From remote kernel:"
"\"boundary condition test\" -> {72, 0, 5.000092281002478*^9}\n"
"From remote kernel:"
"\"boundary condition test\" -> {71, 0, -4.999992281156855*^9}\n"
"From remote kernel:"
"\"block\" -> {64}\n"
"From remote kernel:"
"\"boundary condition test\" -> {64, 0, 5.000092283002515*^9}\n"
"From remote kernel:"
"\"block\" -> {63}\n"
"From remote kernel:"
"\"boundary condition test\" -> {63, 0, 0.}\n"
"From remote kernel:"
"\"block\" -> {65}\n"
"From remote kernel:"
"\"boundary condition test\" -> {65, 0, 0.}\n"
"From remote kernel:"
"\"block\" -> {100}\n"
"From remote kernel:"
"\"boundary condition test\" -> {100, 0, 0.}\n"
"From remote kernel:"
"\"block\" -> {99}\n"
"From remote kernel:"
"\"boundary condition test\" -> {99, 0, 0.}\n"
"From remote kernel:"
"\"block\" -> {98}\n"
"From remote kernel:"
"\"boundary condition test\" -> {98, 0, 0.}\n"
"From remote kernel:"
"\"block\" -> {97}\n"
"From remote kernel:"
"\"boundary condition test\" -> {97, 0, 0.}\n"
"From remote kernel:"
"\"block\" -> {96}\n"
"From remote kernel:"
"\"boundary condition test\" -> {96, 0, 0.}\n"
"From remote kernel:"
"\"block\" -> {95}\n"
"From remote kernel:"
"\"boundary condition test\" -> {95, 0, 0.}\n"
"From remote kernel:"
"\"block\" -> {86}\n"
"From remote kernel:"
"\"boundary condition test\" -> {86, 0, 0.}\n"
"From remote kernel:"
"\"block\" -> {85}\n"
"From remote kernel:"
"\"boundary condition test\" -> {85, 0, 0.}\n"
"From remote kernel:"
"\"block\" -> {84}\n"
"From remote kernel:"
"\"boundary condition test\" -> {84, 0, 0.}\n"
"From remote kernel:"
"\"block\" -> {106, 107, 108, 109}\n"
"From remote kernel:"
"\"homogeneous id up to\" -> 3528\n"
"From remote kernel:"
"\"dropped eqs\" -> {{3529 -> 0.}, {3529 -> 0.}, {3529 -> 0.}}\n"
"From remote kernel:"
"\"boundary condition test\" -> {109, 0, -1.0000234562927765*^10}\n"
"From remote kernel:"
"\"boundary condition test\" -> {108, 0, -16666.97427000826}\n"
"From remote kernel:"
"\"boundary condition test\" -> {107, 0, 100000.84562159333}\n"
"From remote kernel:"
"\"boundary condition test\" -> {106, 0, -49999.92281156855}\n"
"From remote kernel:"
"\"block\" -> {102, 103, 104, 105}\n"
"From remote kernel:"
"\"homogeneous id up to\" -> 3528\n"
"From remote kernel:"
"\"dropped eqs\" -> {{3529 -> 0.}}\n"
"From remote kernel:"
"\"boundary condition test\" -> {105, 0, -1.0000084562159332*^10}\n"
"From remote kernel:"
"\"boundary condition test\" -> {104, 0, -49999.92281156855}\n"
"From remote kernel:"
"\"boundary condition test\" -> {103, 0, 1.0000084562159332*^10}\n"
"From remote kernel:"
"\"boundary condition test\" -> {102, 0, -4.999992281156855*^9}\n"
"From remote kernel:"
"\"block\" -> {110}\n"
"From remote kernel:"
"\"boundary condition test\" -> {110, 0, -49999.92281156855}\n"
"From remote kernel:"
"\"block\" -> {113}\n"
"From remote kernel:"
"\"homogeneous id up to\" -> 882\n"
"From remote kernel:"
"\"dropped eqs\" -> {{883 -> 0.}}\n"
"From remote kernel:"
"\"boundary condition test\" -> {113, 0, -1.0000234562927765*^10}\n"
"From remote kernel:"
"\"block\" -> {112}\n"
"From remote kernel:"
"\"homogeneous id up to\" -> 882\n"
"From remote kernel:"
"\"dropped eqs\" -> {{883 -> 0.}, {883 -> 0.}}\n"
"From remote kernel:"
"\"boundary condition test\" -> {112, 0, -16666.97427000826}\n"
"From remote kernel:"
"\"block\" -> {111}\n"
"From remote kernel:"
"\"homogeneous id up to\" -> 882\n"
"From remote kernel:"
"\"dropped eqs\" -> {{883 -> 0.}}\n"
"From remote kernel:"
"\"boundary condition test\" -> {111, 0, -49999.92281156855}\n"
"From remote kernel:"
"\"block\" -> {87}\n"
"From remote kernel:"
"\"boundary condition test\" -> {87, 0, -4.999992281156855*^9}\n"
"From remote kernel:"
"\"block\" -> {67}\n"
"From remote kernel:"
"\"boundary condition test\" -> {67, 0, 5.000092283002515*^9}\n"
"From remote kernel:"
"\"block\" -> {36}\n"
"From remote kernel:"
"\"boundary condition test\" -> {36, 0, 5.000092283002515*^9}\n"
"From remote kernel:"
"\"block\" -> {40}\n"
"From remote kernel:"
"\"boundary condition test\" -> {40, 0, 5.000092283002515*^9}\n"
"From remote kernel:"
"\"block\" -> {44}\n"
"From remote kernel:"
"\"boundary condition test\" -> {44, 0, -4.999992281156855*^9}\n"
"From remote kernel:"
"\"block\" -> {33}\n"
"From remote kernel:"
"\"boundary condition test\" -> {33, 0, 5.000092283002515*^9}\n"
"From remote kernel:"
"\"block\" -> {13}\n"
"From remote kernel:"
"\"boundary condition test\" -> {13, 0, 5.000092283002515*^9}\n"
"From remote kernel:"
"\"block\" -> {101}\n"
"From remote kernel:"
"\"boundary condition test\" -> {101, 0, 0.}\n"
"From remote kernel:"
"\"block\" -> {62}\n"
"From remote kernel:"
"\"boundary condition test\" -> {62, 0, 0.}\n"
"From remote kernel:"
"\"block\" -> {10}\n"
"From remote kernel:"
"\"boundary condition test\" -> {10, 0, 5.000092283002515*^9}\n"
"From remote kernel:"
"\"block\" -> {66}\n"
"From remote kernel:"
"\"boundary condition test\" -> {66, 0, 0.}\n"
"From remote kernel:"
"\"block\" -> {28}\n"
"From remote kernel:"
"\"boundary condition test\" -> {28, 0, 0.}\n"
"From remote kernel:"
"\"block\" -> {94}\n"
"From remote kernel:"
"\"boundary condition test\" -> {94, 0, 0.}\n"
"From remote kernel:"
"\"block\" -> {83}\n"
"From remote kernel:"
"\"boundary condition test\" -> {83, 0, 0.}\n"
"From remote kernel:"
"\"block\" -> {58}\n"
"From remote kernel:"
"\"boundary condition test\" -> {58, 0, 0.}\n"
"From remote kernel:"
"\"block\" -> {55}\n"
"From remote kernel:"
"\"boundary condition test\" -> {55, 0, 0.}\n"
"From remote kernel:"
"\"block\" -> {51}\n"
"From remote kernel:"
"\"boundary condition test\" -> {51, 0, 0.}\n"
"From remote kernel:"
"\"block\" -> {49}\n"
"From remote kernel:"
"\"boundary condition test\" -> {49, 0, 0.}\n"
"From remote kernel:"
"\"block\" -> {47}\n"
"From remote kernel:"
"\"boundary condition test\" -> {47, 0, 0.}\n"
"From remote kernel:"
"\"block\" -> {22}\n"
"From remote kernel:"
"\"boundary condition test\" -> {22, 0, 0.}\n"
"From remote kernel:"
"\"block\" -> {19}\n"
"From remote kernel:"
"\"boundary condition test\" -> {19, 0, 0.}\n"
"From remote kernel:"
"\"block\" -> {17}\n"
"From remote kernel:"
"\"boundary condition test\" -> {17, 0, 0.}\n"
"From remote kernel:"
"\"AMFlow: Infinity solved in 149s.\"\n"
"From remote kernel:"
"\"AMFlow: running among regular points...\"\n"
"From remote kernel:"
"\"current regular point\" -> 10.181961323606407 - 12.727451654508009*I\n"
"From remote kernel:"
"\"current regular point\" -> 5.799598097552604 - 7.249497621940755*I\n"
"From remote kernel:"
"\"current regular point\" -> 3.4858549178521696 - 4.357318647315212*I\n"
"From remote kernel:"
"\"current regular point\" -> 2.14461144936117 - 2.6807643117014623*I\n"
"From remote kernel:"
"\"current regular point\" -> 1.4438146342326201 - 1.8047682927907753*I\n"
"From remote kernel:"
"\"current regular point\" -> 1.036938734212737 - 1.2961734177659212*I\n"
"From remote kernel:"
"\"current regular point\" -> 0.7382791052207046 - 0.9228488815258808*I\n"
"From remote kernel:"
"\"current regular point\" -> 0.5687543470082503 - 0.7109429337603129*I\n"
"From remote kernel:"
"\"current regular point\" -> 0.4519998975852084 - 0.5649998719815106*I\n"
"From remote kernel:"
"\"current regular point\" -> 0.3443744851666874 - 0.4304681064583592*I\n"
"From remote kernel:"
"\"AMFlow: regular running finished in 172s.\"\n"
"From remote kernel:"
"\"AMFlow: solving near the last point...\"\n"
"From remote kernel:"
"\"NormalizeMat finished in 9s.\"\n"
"From remote kernel:"
"\"LearnXOrder is negative. skip learning phase.\"\n"
"From remote kernel:"
"\"block\" -> {2}\n"
"From remote kernel:"
"\"behavior\" -> {{0, 0}}\n"
"From remote kernel:"
"\"number of constraints and variables\" -> {1, 1}\n"
"From remote kernel:"
"\"block\" -> {1}\n"
"From remote kernel:"
"\"behavior\" -> {{99999/100000, 0}}\n"
"From remote kernel:"
"\"number of constraints and variables\" -> {1, 1}\n"
"From remote kernel:"
"\"block\" -> {14, 15, 16}\n"
"From remote kernel:"
"\"behavior\" -> {{0, 0}, {99999/100000, 1}}\n"
"From remote kernel:"
"\"number of constraints and variables\" -> {6, 6}\n"
"From remote kernel:"
"\"block\" -> {3}\n"
"From remote kernel:"
"\"behavior\" -> {{49999/100000, 0}, {0, 0}, {99999/100000, 0}}\n"
"From remote kernel:"
"\"number of constraints and variables\" -> {1, 1}\n"
"From remote kernel:"
"\"block\" -> {11, 12}\n"
"From remote kernel:"
"\"behavior\" -> {{0, 0}, {99999/100000, 0}}\n"
"From remote kernel:"
"\"number of constraints and variables\" -> {4, 4}\n"
"From remote kernel:"
"\"block\" -> {4}\n"
"From remote kernel:"
"\"behavior\" -> {{0, 0}, {99999/100000, 0}}\n"
"From remote kernel:"
"\"number of constraints and variables\" -> {1, 1}\n"
"From remote kernel:"
"\"block\" -> {23}\n"
"From remote kernel:"
"\"behavior\" -> {{0, 0}}\n"
"From remote kernel:"
"\"number of constraints and variables\" -> {1, 1}\n"
"From remote kernel:"
"\"block\" -> {21}\n"
"From remote kernel:"
"\"behavior\" -> {{0, 0}}\n"
"From remote kernel:"
"\"number of constraints and variables\" -> {1, 1}\n"
"From remote kernel:"
"\"block\" -> {20}\n"
"From remote kernel:"
"\"behavior\" -> {{0, 0}}\n"
"From remote kernel:"
"\"number of constraints and variables\" -> {1, 1}\n"
"From remote kernel:"
"\"block\" -> {18}\n"
"From remote kernel:"
"\"behavior\" -> {{0, 0}}\n"
"From remote kernel:"
"\"number of constraints and variables\" -> {1, 1}\n"
"From remote kernel:"
"\"block\" -> {9}\n"
"From remote kernel:"
"\"behavior\" -> {{0, 0}}\n"
"From remote kernel:"
"\"number of constraints and variables\" -> {1, 1}\n"
"From remote kernel:"
"\"block\" -> {8}\n"
"From remote kernel:"
"\"behavior\" -> {{0, 0}}\n"
"From remote kernel:"
"\"number of constraints and variables\" -> {1, 1}\n"
"From remote kernel:"
"\"block\" -> {7}\n"
"From remote kernel:"
"\"behavior\" -> {{49999/50000, 0}}\n"
"From remote kernel:"
"\"number of constraints and variables\" -> {1, 1}\n"
"From remote kernel:"
"\"block\" -> {6}\n"
"From remote kernel:"
"\"behavior\" -> {{99999/100000, 0}}\n"
"From remote kernel:"
"\"number of constraints and variables\" -> {1, 1}\n"
"From remote kernel:"
"\"block\" -> {5}\n"
"From remote kernel:"
"\"behavior\" -> {{99999/100000, 0}}\n"
"From remote kernel:"
"\"number of constraints and variables\" -> {1, 1}\n"
"From remote kernel:"
"\"block\" -> {37, 38, 39}\n"
"From remote kernel:"
"\"behavior\" -> {{0, 1}, {49999/100000, 1}, {99999/100000, 1}}\n"
"From remote kernel:"
"\"number of constraints and variables\" -> {6, 6}\n"
"From remote kernel:"
"\"block\" -> {41, 42, 43}\n"
"From remote kernel:"
"\"behavior\" -> {{0, 1}, {99999/100000, 1}}\n"
"From remote kernel:"
"\"number of constraints and variables\" -> {3, 3}\n"
"From remote kernel:"
"\"block\" -> {45, 46}\n"
"From remote kernel:"
"\"behavior\" -> {{0, 1}, {99999/100000, 2}}\n"
"From remote kernel:"
"\"number of constraints and variables\" -> {4, 4}\n"
"From remote kernel:"
"\"block\" -> {34, 35}\n"
"From remote kernel:"
"\"behavior\" -> {{0, 1}, {49999/100000, 0}, {99999/100000, 0}}\n"
"From remote kernel:"
"\"number of constraints and variables\" -> {4, 4}\n"
"From remote kernel:"
"\"block\" -> {24}\n"
"From remote kernel:"
"\"behavior\" -> {{0, 1}, {99999/100000, 0}, {49999/100000, 0}}\n"
"From remote kernel:"
"\"number of constraints and variables\" -> {1, 1}\n"
"From remote kernel:"
"\"block\" -> {30}\n"
"From remote kernel:"
"\"behavior\" -> {{99999/100000, 0}, {0, 0}, {49999/50000, 0}}\n"
"From remote kernel:"
"\"number of constraints and variables\" -> {1, 1}\n"
"From remote kernel:"
"\"block\" -> {27}\n"
"From remote kernel:"
"\"behavior\" -> {{24999/50000, 0}, {0, 0}, {49999/50000, 0}}\n"
"From remote kernel:"
"\"number of constraints and variables\" -> {1, 1}\n"
"From remote kernel:"
"\"block\" -> {26}\n"
"From remote kernel:"
"\"behavior\" -> {{49999/100000, 0}, {0, 0}, {99999/100000, 0}}\n"
"From remote kernel:"
"\"number of constraints and variables\" -> {1, 1}\n"
"From remote kernel:"
"\"block\" -> {25}\n"
"From remote kernel:"
"\"behavior\" -> {{49999/100000, 0}, {0, 0}, {99999/100000, 0}}\n"
"From remote kernel:"
"\"number of constraints and variables\" -> {1, 1}\n"
"From remote kernel:"
"\"block\" -> {29}\n"
"From remote kernel:"
"\"behavior\" -> {{0, 0}, {99999/100000, 0}}\n"
"From remote kernel:"
"\"number of constraints and variables\" -> {1, 1}\n"
"From remote kernel:"
"\"block\" -> {61}\n"
"From remote kernel:"
"\"behavior\" -> {{0, 0}}\n"
"From remote kernel:"
"\"number of constraints and variables\" -> {1, 1}\n"
"From remote kernel:"
"\"block\" -> {60}\n"
"From remote kernel:"
"\"behavior\" -> {{0, 0}}\n"
"From remote kernel:"
"\"number of constraints and variables\" -> {1, 1}\n"
"From remote kernel:"
"\"block\" -> {59}\n"
"From remote kernel:"
"\"behavior\" -> {{0, 0}}\n"
"From remote kernel:"
"\"number of constraints and variables\" -> {1, 1}\n"
"From remote kernel:"
"\"block\" -> {57}\n"
"From remote kernel:"
"\"behavior\" -> {{0, 0}}\n"
"From remote kernel:"
"\"number of constraints and variables\" -> {1, 1}\n"
"From remote kernel:"
"\"block\" -> {56}\n"
"From remote kernel:"
"\"behavior\" -> {{0, 0}}\n"
"From remote kernel:"
"\"number of constraints and variables\" -> {1, 1}\n"
"From remote kernel:"
"\"block\" -> {54}\n"
"From remote kernel:"
"\"behavior\" -> {{0, 0}}\n"
"From remote kernel:"
"\"number of constraints and variables\" -> {1, 1}\n"
"From remote kernel:"
"\"block\" -> {53}\n"
"From remote kernel:"
"\"behavior\" -> {{0, 0}}\n"
"From remote kernel:"
"\"number of constraints and variables\" -> {1, 1}\n"
"From remote kernel:"
"\"block\" -> {52}\n"
"From remote kernel:"
"\"behavior\" -> {{0, 0}}\n"
"From remote kernel:"
"\"number of constraints and variables\" -> {1, 1}\n"
"From remote kernel:"
"\"block\" -> {50}\n"
"From remote kernel:"
"\"behavior\" -> {{0, 0}}\n"
"From remote kernel:"
"\"number of constraints and variables\" -> {1, 1}\n"
"From remote kernel:"
"\"block\" -> {48}\n"
"From remote kernel:"
"\"behavior\" -> {{0, 0}}\n"
"From remote kernel:"
"\"number of constraints and variables\" -> {1, 1}\n"
"From remote kernel:"
"\"block\" -> {32}\n"
"From remote kernel:"
"\"behavior\" -> {{0, 0}}\n"
"From remote kernel:"
"\"number of constraints and variables\" -> {1, 1}\n"
"From remote kernel:"
"\"block\" -> {31}\n"
"From remote kernel:"
"\"behavior\" -> {{99999/100000, 0}}\n"
"From remote kernel:"
"\"number of constraints and variables\" -> {1, 1}\n"
"From remote kernel:"
"\"block\" -> {88, 89, 90, 91, 92, 93}\n"
"From remote kernel:"
"\"behavior\" -> {{0, 2}, {49999/100000, 2}, {99999/100000, 2}}\n"
"From remote kernel:"
"\"number of constraints and variables\" -> {12, 12}\n"
"From remote kernel:"
"\"block\" -> {75, 76, 77, 78}\n"
"From remote kernel:"
"\"behavior\" -> {{49999/100000, 2}, {99999/100000, 3}, {0, 1}, {49999/50000, 0}, {24999/50000, 0}}\n"
"From remote kernel:"
"\"number of constraints and variables\" -> {8, 8}\n"
"From remote kernel:"
"\"block\" -> {68, 69, 70}\n"
"From remote kernel:"
"\"behavior\" -> {{0, 2}, {99999/100000, 1}, {49999/100000, 1}}\n"
"From remote kernel:"
"\"number of constraints and variables\" -> {3, 3}\n"
"From remote kernel:"
"\"block\" -> {79, 80, 81, 82}\n"
"From remote kernel:"
"\"behavior\" -> {{0, 2}, {99999/100000, 2}, {49999/50000, 0}}\n"
"From remote kernel:"
"\"number of constraints and variables\" -> {8, 8}\n"
"From remote kernel:"
"\"block\" -> {71, 72, 73, 74}\n"
"From remote kernel:"
"\"behavior\" -> {{49999/100000, 1}, {99999/100000, 2}, {0, 1}, {49999/50000, 0}, {24999/50000, 0}}\n"
"From remote kernel:"
"\"number of constraints and variables\" -> {8, 8}\n"
"From remote kernel:"
"\"block\" -> {64}\n"
"From remote kernel:"
"\"behavior\" -> {{99999/100000, 0}, {0, 0}, {49999/50000, 0}, {24999/50000, 0}}\n"
"From remote kernel:"
"\"number of constraints and variables\" -> {1, 1}\n"
"From remote kernel:"
"\"block\" -> {63}\n"
"From remote kernel:"
"\"behavior\" -> {{0, 1}, {99999/100000, 0}, {49999/100000, 0}}\n"
"From remote kernel:"
"\"number of constraints and variables\" -> {1, 1}\n"
"From remote kernel:"
"\"block\" -> {65}\n"
"From remote kernel:"
"\"behavior\" -> {{49999/100000, 0}, {0, 0}, {99999/100000, 0}}\n"
"From remote kernel:"
"\"number of constraints and variables\" -> {1, 1}\n"
"From remote kernel:"
"\"block\" -> {100}\n"
"From remote kernel:"
"\"behavior\" -> {{0, 0}}\n"
"From remote kernel:"
"\"number of constraints and variables\" -> {1, 1}\n"
"From remote kernel:"
"\"block\" -> {99}\n"
"From remote kernel:"
"\"behavior\" -> {{0, 0}}\n"
"From remote kernel:"
"\"number of constraints and variables\" -> {1, 1}\n"
"From remote kernel:"
"\"block\" -> {98}\n"
"From remote kernel:"
"\"behavior\" -> {{0, 0}}\n"
"From remote kernel:"
"\"number of constraints and variables\" -> {1, 1}\n"
"From remote kernel:"
"\"block\" -> {97}\n"
"From remote kernel:"
"\"behavior\" -> {{0, 0}}\n"
"From remote kernel:"
"\"number of constraints and variables\" -> {1, 1}\n"
"From remote kernel:"
"\"block\" -> {96}\n"
"From remote kernel:"
"\"behavior\" -> {{0, 0}}\n"
"From remote kernel:"
"\"number of constraints and variables\" -> {1, 1}\n"
"From remote kernel:"
"\"block\" -> {95}\n"
"From remote kernel:"
"\"behavior\" -> {{0, 0}}\n"
"From remote kernel:"
"\"number of constraints and variables\" -> {1, 1}\n"
"From remote kernel:"
"\"block\" -> {86}\n"
"From remote kernel:"
"\"behavior\" -> {{0, 0}}\n"
"From remote kernel:"
"\"number of constraints and variables\" -> {1, 1}\n"
"From remote kernel:"
"\"block\" -> {85}\n"
"From remote kernel:"
"\"behavior\" -> {{0, 0}}\n"
"From remote kernel:"
"\"number of constraints and variables\" -> {1, 1}\n"
"From remote kernel:"
"\"block\" -> {84}\n"
"From remote kernel:"
"\"behavior\" -> {{0, 0}}\n"
"From remote kernel:"
"\"number of constraints and variables\" -> {1, 1}\n"
"From remote kernel:"
"\"block\" -> {106, 107, 108, 109}\n"
"From remote kernel:"
"\"behavior\" -> {{49999/100000, 3}, {99999/100000, 5}, {0, 2}, {49999/50000, 0}, {24999/50000, 0}}\n"
"From remote kernel:"
"\"number of constraints and variables\" -> {8, 8}\n"
"From remote kernel:"
"\"block\" -> {102, 103, 104, 105}\n"
"From remote kernel:"
"\"behavior\" -> {{0, 3}, {99999/100000, 4}, {49999/100000, 2}, {49999/50000, 0}, {24999/50000, 0}}\n"
"From remote kernel:"
"\"number of constraints and variables\" -> {8, 8}\n"
"From remote kernel:"
"\"block\" -> {113}\n"
"From remote kernel:"
"\"behavior\" -> {{0, 4}, {99999/100000, 5}, {49999/100000, 3}, {49999/50000, 0}, {24999/50000, 0}}\n"
"From remote kernel:"
"\"number of constraints and variables\" -> {1, 1}\n"
"From remote kernel:"
"\"block\" -> {112}\n"
"From remote kernel:"
"\"behavior\" -> {{0, 4}, {99999/100000, 5}, {49999/100000, 3}, {49999/50000, 0}, {24999/50000, 0}}\n"
"From remote kernel:"
"\"number of constraints and variables\" -> {1, 1}\n"
"From remote kernel:"
"\"block\" -> {111}\n"
"From remote kernel:"
"\"behavior\" -> {{0, 4}, {99999/100000, 5}, {49999/100000, 3}, {49999/50000, 0}, {24999/50000, 0}}\n"
"From remote kernel:"
"\"number of constraints and variables\" -> {1, 1}\n"
"From remote kernel:"
"\"block\" -> {110}\n"
"From remote kernel:"
"\"behavior\" -> {{0, 4}, {99999/100000, 5}, {49999/100000, 3}, {49999/50000, 0}, {24999/50000, 0}}\n"
"From remote kernel:"
"\"number of constraints and variables\" -> {1, 1}\n"
"From remote kernel:"
"\"block\" -> {87}\n"
"From remote kernel:"
"\"behavior\" -> {{0, 3}, {99999/100000, 2}, {49999/100000, 2}}\n"
"From remote kernel:"
"\"number of constraints and variables\" -> {1, 1}\n"
"From remote kernel:"
"\"block\" -> {67}\n"
"From remote kernel:"
"\"behavior\" -> {{0, 3}, {99999/100000, 1}, {49999/100000, 1}}\n"
"From remote kernel:"
"\"number of constraints and variables\" -> {1, 1}\n"
"From remote kernel:"
"\"block\" -> {36}\n"
"From remote kernel:"
"\"behavior\" -> {{0, 2}, {49999/100000, 1}, {99999/100000, 1}}\n"
"From remote kernel:"
"\"number of constraints and variables\" -> {1, 1}\n"
"From remote kernel:"
"\"block\" -> {40}\n"
"From remote kernel:"
"\"behavior\" -> {{0, 2}, {99999/100000, 1}}\n"
"From remote kernel:"
"\"number of constraints and variables\" -> {1, 1}\n"
"From remote kernel:"
"\"block\" -> {44}\n"
"From remote kernel:"
"\"behavior\" -> {{0, 2}, {99999/100000, 2}}\n"
"From remote kernel:"
"\"number of constraints and variables\" -> {1, 1}\n"
"From remote kernel:"
"\"block\" -> {33}\n"
"From remote kernel:"
"\"behavior\" -> {{0, 2}, {49999/100000, 0}, {99999/100000, 0}}\n"
"From remote kernel:"
"\"number of constraints and variables\" -> {1, 1}\n"
"From remote kernel:"
"\"block\" -> {13}\n"
"From remote kernel:"
"\"behavior\" -> {{0, 1}, {99999/100000, 1}}\n"
"From remote kernel:"
"\"number of constraints and variables\" -> {1, 1}\n"
"From remote kernel:"
"\"block\" -> {101}\n"
"From remote kernel:"
"\"behavior\" -> {{0, 1}, {99999/100000, 0}, {49999/100000, 0}}\n"
"From remote kernel:"
"\"number of constraints and variables\" -> {1, 1}\n"
"From remote kernel:"
"\"block\" -> {62}\n"
"From remote kernel:"
"\"behavior\" -> {{0, 1}, {99999/100000, 0}, {49999/100000, 0}}\n"
"From remote kernel:"
"\"number of constraints and variables\" -> {1, 1}\n"
"From remote kernel:"
"\"block\" -> {10}\n"
"From remote kernel:"
"\"behavior\" -> {{0, 1}, {99999/100000, 0}}\n"
"From remote kernel:"
"\"number of constraints and variables\" -> {1, 1}\n"
"From remote kernel:"
"\"block\" -> {66}\n"
"From remote kernel:"
"\"behavior\" -> {{0, 0}, {99999/100000, 0}}\n"
"From remote kernel:"
"\"number of constraints and variables\" -> {1, 1}\n"
"From remote kernel:"
"\"block\" -> {28}\n"
"From remote kernel:"
"\"behavior\" -> {{0, 0}, {99999/100000, 0}}\n"
"From remote kernel:"
"\"number of constraints and variables\" -> {1, 1}\n"
"From remote kernel:"
"\"block\" -> {94}\n"
"From remote kernel:"
"\"behavior\" -> {{0, 0}}\n"
"From remote kernel:"
"\"number of constraints and variables\" -> {1, 1}\n"
"From remote kernel:"
"\"block\" -> {83}\n"
"From remote kernel:"
"\"behavior\" -> {{0, 0}}\n"
"From remote kernel:"
"\"number of constraints and variables\" -> {1, 1}\n"
"From remote kernel:"
"\"block\" -> {58}\n"
"From remote kernel:"
"\"behavior\" -> {{0, 0}}\n"
"From remote kernel:"
"\"number of constraints and variables\" -> {1, 1}\n"
"From remote kernel:"
"\"block\" -> {55}\n"
"From remote kernel:"
"\"behavior\" -> {{0, 0}}\n"
"From remote kernel:"
"\"number of constraints and variables\" -> {1, 1}\n"
"From remote kernel:"
"\"block\" -> {51}\n"
"From remote kernel:"
"\"behavior\" -> {{0, 0}}\n"
"From remote kernel:"
"\"number of constraints and variables\" -> {1, 1}\n"
"From remote kernel:"
"\"block\" -> {49}\n"
"From remote kernel:"
"\"behavior\" -> {{0, 0}}\n"
"From remote kernel:"
"\"number of constraints and variables\" -> {1, 1}\n"
"From remote kernel:"
"\"block\" -> {47}\n"
"From remote kernel:"
"\"behavior\" -> {{0, 0}}\n"
"From remote kernel:"
"\"number of constraints and variables\" -> {1, 1}\n"
"From remote kernel:"
"\"block\" -> {22}\n"
"From remote kernel:"
"\"behavior\" -> {{0, 0}}\n"
"From remote kernel:"
"\"number of constraints and variables\" -> {1, 1}\n"
"From remote kernel:"
"\"block\" -> {19}\n"
"From remote kernel:"
"\"behavior\" -> {{0, 0}}\n"
"From remote kernel:"
"\"number of constraints and variables\" -> {1, 1}\n"
"From remote kernel:"
"\"block\" -> {17}\n"
"From remote kernel:"
"\"behavior\" -> {{0, 0}}\n"
"From remote kernel:"
"\"number of constraints and variables\" -> {1, 1}\n"
"From remote kernel:"
"\"AMFlow: last point solved in 168s.\"\n"
"From remote kernel:"
"\"dropped terms when pickzero\" -> {0.}\n"
"From remote kernel:"
"\"dropped terms when pickzero\" -> {0.}\n"
"From remote kernel:"
"\"dropped terms when pickzero\" -> {0.}\n"
"From remote kernel:"
"\"dropped terms when pickzero\" -> {0.}\n"
"From remote kernel:"
"\"dropped terms when pickzero\" -> {0.}\n"
"From remote kernel:"
"\"dropped terms when pickzero\" -> {0.}\n"
"From remote kernel:"
"\"dropped terms when pickzero\" -> {0.}\n"
"From remote kernel:"
"\"dropped terms when pickzero\" -> {0.}\n"
"From remote kernel:"
"\"dropped terms when pickzero\" -> {0., 0.}\n"
"From remote kernel:"
"\"dropped terms when pickzero\" -> {0., 0.}\n"
"From remote kernel:"
"\"dropped terms when pickzero\" -> {0., 0.}\n"
"From remote kernel:"
"\"dropped terms when pickzero\" -> {0.}\n"
"From remote kernel:"
"\"dropped terms when pickzero\" -> {0., 0.}\n"
"From remote kernel:"
"\"dropped terms when pickzero\" -> {0., 0.}\n"
"From remote kernel:"
"\"dropped terms when pickzero\" -> {0., 0.}\n"
"From remote kernel:"
"\"dropped terms when pickzero\" -> {0.}\n"
"From remote kernel:"
"\"dropped terms when pickzero\" -> {0., 0.}\n"
"From remote kernel:"
"\"dropped terms when pickzero\" -> {0., 0.}\n"
"From remote kernel:"
"\"dropped terms when pickzero\" -> {0., 0.}\n"
"From remote kernel:"
"\"dropped terms when pickzero\" -> {0.}\n"
"From remote kernel:"
"\"dropped terms when pickzero\" -> {0.}\n"
"From remote kernel:"
"\"dropped terms when pickzero\" -> {0.}\n"
"From remote kernel:"
"\"dropped terms when pickzero\" -> {0., 0.}\n"
"From remote kernel:"
"\"dropped terms when pickzero\" -> {0., 0.}\n"
"From remote kernel:"
"\"dropped terms when pickzero\" -> {0., 0.}\n"
"From remote kernel:"
"\"dropped terms when pickzero\" -> {0.}\n"
"From remote kernel:"
"\"dropped terms when pickzero\" -> {0., 0.}\n"
"From remote kernel:"
"\"dropped terms when pickzero\" -> {0.}\n"
"From remote kernel:"
"\"dropped terms when pickzero\" -> {0., 0.}\n"
"From remote kernel:"
"\"dropped terms when pickzero\" -> {0.}\n"
"From remote kernel:"
"\"dropped terms when pickzero\" -> {0.}\n"
"From remote kernel:"
"\"dropped terms when pickzero\" -> {0.}\n"
"From remote kernel:"
"\"dropped terms when pickzero\" -> {0., 0.}\n"
"From remote kernel:"
"\"system cleared: DESolver`$InternalSystem\"\n"
"From remote kernel:"
"\"AMFlow: finished in 494s.\"\n"
