"From remote kernel:"
"DESolver`SetGlobalOptions -> {\"WorkingPre\" -> 100, \"ChopPre\" -> 20, \"SilentMode\" -> False, \"RationalizePre\" -> 100}\n"
"From remote kernel:"
"DESolver`SetExpansionOptions -> {\"XOrder\" -> 100, \"ExtraXOrder\" -> 20, \"LearnXOrder\" -> -1, \"TestXOrder\" -> 5}\n"
"From remote kernel:"
"DESolver`SetRunningOptions -> {\"RunRadius\" -> 2, \"RunLength\" -> 1000, \"RunCandidate\" -> 10, \"RunDirection\" -> \"NegIm\"}\n"
"From remote kernel:"
"DESolver`SetGlobalOptions -> {\"WorkingPre\" -> 200, \"ChopPre\" -> 20, \"SilentMode\" -> False, \"RationalizePre\" -> 100}\n"
"From remote kernel:"
"DESolver`SetExpansionOptions -> {\"XOrder\" -> 400, \"ExtraXOrder\" -> 480, \"LearnXOrder\" -> -1, \"TestXOrder\" -> 5}\n"
"From remote kernel:"
"DESolver`SetRunningOptions -> {\"RunRadius\" -> 2, \"RunLength\" -> 1000, \"RunCandidate\" -> 10, \"RunDirection\" -> \"NegIm\"}\n"
"From remote kernel:"
"\"AMFlow: start.\"\n"
"From remote kernel:"
"\"system loaded: DESolver`$InternalSystem\\nDE[DESolver`$InternalSystem] -- differential equation in matrix form\\nBC[DESolver`$InternalSystem] -- boundary conditions either in singular form or in regular form\\nP[DESolver`$InternalSystem] -- boundary point\\nAsyExp[DESolver`$InternalSystem] -- asymptotic expansion near a singular point (currently it is Null)\\nintegrals: 155, blocks: 111, density: 0.08, degrees: {73, 80}\"\n"
"From remote kernel:"
"\"AMFlow: integrals will be evaluated at 18 regular points\" -> {25.432393561457324 - 25.432393561457324*I, 16.062936000196256 - 16.062936000196256*I, 10.343384402141227 - 10.343384402141227*I, 6.965010811925178 - 6.965010811925178*I, 4.558346311542888 - 4.558346311542888*I, 3.16616556087276 - 3.16616556087276*I, 2.467175680901068 - 2.467175680901068*I, 2.111923118708012 - 2.111923118708012*I, 1.9230878360255856 - 1.9230878360255856*I, 1.8081322528901669 - 1.8081322528901669*I, 1.71712467947251 - 1.71712467947251*I, 1.621921940358368 - 1.621921940358368*I, 1.5022862947085291 - 1.5022862947085291*I, 1.3369547005971765 - 1.3369547005971765*I, 1.0979803871498037 - 1.0979803871498037*I, 0.768331864372031 - 0.768331864372031*I, 0.39835087628916893 - 0.39835087628916893*I, 0.21850801222441057 - 0.21850801222441057*I}\n"
"From remote kernel:"
"\"AMFlow: integration contour generated in 7s.\"\n"
"From remote kernel:"
"\"AMFlow: solving near eta = Infinity...\"\n"
"From remote kernel:"
"\"CalcTaylor: current region\" -> 1/100000\n"
"From remote kernel:"
"\"block\" -> {1}\n"
"From remote kernel:"
"\"boundary condition inserted\" -> {1, 0, 1.0000084559869469*^10}\n"
"From remote kernel:"
"\"block\" -> {11, 12, 13}\n"
"From remote kernel:"
"\"boundary condition test\" -> {13, 0, 1.0000084559869469*^10}\n"
"From remote kernel:"
"\"boundary condition test\" -> {12, 0, 9.99998455902387*^9}\n"
"From remote kernel:"
"\"boundary condition test\" -> {11, 0, -100000.8455986947}\n"
"From remote kernel:"
"\"block\" -> {6}\n"
"From remote kernel:"
"\"boundary condition test\" -> {6, 0, 1.0000084559869469*^10}\n"
"From remote kernel:"
"\"block\" -> {5}\n"
"From remote kernel:"
"\"boundary condition test\" -> {5, 0, 1.0000084559869469*^10}\n"
"From remote kernel:"
"\"block\" -> {27}\n"
"From remote kernel:"
"\"boundary condition test\" -> {27, 0, 0.}\n"
"From remote kernel:"
"\"block\" -> {26}\n"
"From remote kernel:"
"\"boundary condition test\" -> {26, 0, 0.}\n"
"From remote kernel:"
"\"block\" -> {24}\n"
"From remote kernel:"
"\"boundary condition test\" -> {24, 0, 0.}\n"
"From remote kernel:"
"\"block\" -> {4}\n"
"From remote kernel:"
"\"boundary condition inserted\" -> {4, 0, 1.000005991108943*^10 + 222145.16718025188*I}\n"
"From remote kernel:"
"\"block\" -> {2}\n"
"From remote kernel:"
"\"boundary condition test\" -> {2, 0, 0.}\n"
"From remote kernel:"
"\"block\" -> {46, 47, 48}\n"
"From remote kernel:"
"\"boundary condition test\" -> {48, 0, 1.0000084559869469*^10}\n"
"From remote kernel:"
"\"boundary condition test\" -> {47, 0, 1.0000084559869469*^10}\n"
"From remote kernel:"
"\"boundary condition test\" -> {46, 0, 9.99998455902387*^9}\n"
"From remote kernel:"
"\"block\" -> {36}\n"
"From remote kernel:"
"\"boundary condition test\" -> {36, 0, 1.000005991108943*^10 + 222145.16718025188*I}\n"
"From remote kernel:"
"\"block\" -> {38}\n"
"From remote kernel:"
"\"boundary condition test\" -> {38, 0, 1.0000084559869469*^10}\n"
"From remote kernel:"
"\"block\" -> {3}\n"
"From remote kernel:"
"\"boundary condition test\" -> {3, 0, 1.0000084559869469*^10}\n"
"From remote kernel:"
"\"block\" -> {15, 16}\n"
"From remote kernel:"
"\"boundary condition test\" -> {16, 0, 0.}\n"
"From remote kernel:"
"\"boundary condition test\" -> {15, 0, 0.}\n"
"From remote kernel:"
"\"block\" -> {35}\n"
"From remote kernel:"
"\"boundary condition test\" -> {35, 0, 1.000005991108943*^10 + 222145.16718025188*I}\n"
"From remote kernel:"
"\"block\" -> {67}\n"
"From remote kernel:"
"\"boundary condition test\" -> {67, 0, 0.}\n"
"From remote kernel:"
"\"block\" -> {66}\n"
"From remote kernel:"
"\"boundary condition test\" -> {66, 0, 0.}\n"
"From remote kernel:"
"\"block\" -> {29}\n"
"From remote kernel:"
"\"boundary condition test\" -> {29, 0, 0.}\n"
"From remote kernel:"
"\"block\" -> {22}\n"
"From remote kernel:"
"\"boundary condition test\" -> {22, 0, 0.}\n"
"From remote kernel:"
"\"block\" -> {21}\n"
"From remote kernel:"
"\"boundary condition test\" -> {21, 0, 0.}\n"
"From remote kernel:"
"\"block\" -> {19}\n"
"From remote kernel:"
"\"boundary condition test\" -> {19, 0, 0.}\n"
"From remote kernel:"
"\"block\" -> {18}\n"
"From remote kernel:"
"\"boundary condition test\" -> {18, 0, 0.}\n"
"From remote kernel:"
"\"block\" -> {9}\n"
"From remote kernel:"
"\"boundary condition test\" -> {9, 0, 0.}\n"
"From remote kernel:"
"\"block\" -> {8}\n"
"From remote kernel:"
"\"boundary condition test\" -> {8, 0, 0.}\n"
"From remote kernel:"
"\"block\" -> {7}\n"
"From remote kernel:"
"\"boundary condition inserted\" -> {7, 0, 9.999923605580938*^9 + 295676.7468575191*I}\n"
"From remote kernel:"
"\"block\" -> {105, 107, 108, 109}\n"
"From remote kernel:"
"\"boundary condition test\" -> {109, 0, 1.000005991108943*^10 + 222145.16718025188*I}\n"
"From remote kernel:"
"\"boundary condition test\" -> {108, 0, 1.000005991108943*^10 + 222145.16718025188*I}\n"
"From remote kernel:"
"\"boundary condition test\" -> {107, 0, 1.000005991108943*^10 + 222145.16718025188*I}\n"
"From remote kernel:"
"\"boundary condition test\" -> {105, 0, 1.000005991108943*^10 + 222145.16718025188*I}\n"
"From remote kernel:"
"\"block\" -> {50, 51, 52}\n"
"From remote kernel:"
"\"boundary condition test\" -> {52, 0, -6.249806867574655*^8 - 20789.355467994043*I}\n"
"From remote kernel:"
"\"boundary condition test\" -> {51, 0, 9.999923605580938*^9 + 295676.7468575191*I}\n"
"From remote kernel:"
"\"boundary condition test\" -> {50, 0, 16309.494690180894 - 18479.427082661372*I}\n"
"From remote kernel:"
"\"block\" -> {33}\n"
"From remote kernel:"
"\"boundary condition test\" -> {33, 0, 1.0000084559869469*^10}\n"
"From remote kernel:"
"\"block\" -> {32}\n"
"From remote kernel:"
"\"boundary condition test\" -> {32, 0, 1.0000084559869469*^10}\n"
"From remote kernel:"
"\"block\" -> {54, 55}\n"
"From remote kernel:"
"\"boundary condition test\" -> {55, 0, 0.}\n"
"From remote kernel:"
"\"boundary condition test\" -> {54, 0, 0.}\n"
"From remote kernel:"
"\"block\" -> {43, 44}\n"
"From remote kernel:"
"\"boundary condition test\" -> {44, 0, 0.}\n"
"From remote kernel:"
"\"boundary condition test\" -> {43, 0, 0.}\n"
"From remote kernel:"
"\"block\" -> {31}\n"
"From remote kernel:"
"\"boundary condition test\" -> {31, 0, 1.0000084559869469*^10}\n"
"From remote kernel:"
"\"block\" -> {34}\n"
"From remote kernel:"
"\"boundary condition test\" -> {34, 0, 9.999923605580938*^9 + 295676.7468575191*I}\n"
"From remote kernel:"
"\"block\" -> {30}\n"
"From remote kernel:"
"\"boundary condition test\" -> {30, 0, 1.000005991108943*^10 + 222145.16718025188*I}\n"
"From remote kernel:"
"\"block\" -> {39}\n"
"From remote kernel:"
"\"boundary condition test\" -> {39, 0, 9.999923605580938*^9 + 295676.7468575191*I}\n"
"From remote kernel:"
"\"block\" -> {72}\n"
"From remote kernel:"
"\"boundary condition test\" -> {72, 0, 0.}\n"
"From remote kernel:"
"\"block\" -> {71}\n"
"From remote kernel:"
"\"boundary condition test\" -> {71, 0, 0.}\n"
"From remote kernel:"
"\"block\" -> {69}\n"
"From remote kernel:"
"\"boundary condition test\" -> {69, 0, 0.}\n"
"From remote kernel:"
"\"block\" -> {64}\n"
"From remote kernel:"
"\"boundary condition test\" -> {64, 0, 0.}\n"
"From remote kernel:"
"\"block\" -> {63}\n"
"From remote kernel:"
"\"boundary condition test\" -> {63, 0, 0.}\n"
"From remote kernel:"
"\"block\" -> {62}\n"
"From remote kernel:"
"\"boundary condition test\" -> {62, 0, 0.}\n"
"From remote kernel:"
"\"block\" -> {60}\n"
"From remote kernel:"
"\"boundary condition test\" -> {60, 0, 0.}\n"
"From remote kernel:"
"\"block\" -> {59}\n"
"From remote kernel:"
"\"boundary condition test\" -> {59, 0, 0.}\n"
"From remote kernel:"
"\"block\" -> {57}\n"
"From remote kernel:"
"\"boundary condition test\" -> {57, 0, 0.}\n"
"From remote kernel:"
"\"block\" -> {41}\n"
"From remote kernel:"
"\"boundary condition test\" -> {41, 0, 0.}\n"
"From remote kernel:"
"\"block\" -> {40}\n"
"From remote kernel:"
"\"boundary condition test\" -> {40, 0, 0.}\n"
"From remote kernel:"
"\"block\" -> {37}\n"
"From remote kernel:"
"\"boundary condition inserted\" -> {37, 0, 38851.14303227057 - 32719.02128317578*I}\n"
"From remote kernel:"
"\"block\" -> {111, 112, 113, 114, 115, 116, 117}\n"
"From remote kernel:"
"\"boundary condition test\" -> {117, 0, 9.999923605580938*^9 + 295676.7468575191*I}\n"
"From remote kernel:"
"\"boundary condition test\" -> {116, 0, 16309.494690180894 - 18479.427082661372*I}\n"
"From remote kernel:"
"\"boundary condition test\" -> {115, 0, -6.249806867574655*^8 - 20789.355467994043*I}\n"
"From remote kernel:"
"\"boundary condition test\" -> {114, 0, 9.999923605580938*^9 + 295676.7468575191*I}\n"
"From remote kernel:"
"\"boundary condition test\" -> {113, 0, 9.999923605580938*^9 + 295676.7468575191*I}\n"
"From remote kernel:"
"\"boundary condition test\" -> {112, 0, 16309.494690180894 - 18479.427082661372*I}\n"
"From remote kernel:"
"\"boundary condition test\" -> {111, 0, -1.0000023604816996*^10 - 295679.7036249876*I}\n"
"From remote kernel:"
"\"block\" -> {100, 101, 102, 103, 104}\n"
"From remote kernel:"
"\"boundary condition test\" -> {104, 0, 9.999923605580938*^9 + 295676.7468575191*I}\n"
"From remote kernel:"
"\"boundary condition test\" -> {103, 0, 9.999923605580938*^9 + 295676.7468575191*I}\n"
"From remote kernel:"
"\"boundary condition test\" -> {102, 0, 16309.494690180894 - 18479.427082661372*I}\n"
"From remote kernel:"
"\"boundary condition test\" -> {101, 0, 9.999923605580938*^9 + 295676.7468575191*I}\n"
"From remote kernel:"
"\"boundary condition test\" -> {100, 0, 9.999923605580938*^9 + 295676.7468575191*I}\n"
"From remote kernel:"
"\"block\" -> {106}\n"
"From remote kernel:"
"\"boundary condition test\" -> {106, 0, 31162.283165431698 - 55535.181069227074*I}\n"
"From remote kernel:"
"\"block\" -> {77}\n"
"From remote kernel:"
"\"boundary condition test\" -> {77, 0, 1.0000084559869469*^10}\n"
"From remote kernel:"
"\"block\" -> {74}\n"
"From remote kernel:"
"\"boundary condition test\" -> {74, 0, 1.000005991108943*^10 + 222145.16718025188*I}\n"
"From remote kernel:"
"\"block\" -> {82, 83, 84, 85}\n"
"From remote kernel:"
"\"boundary condition test\" -> {85, 0, -4.999892281666302*^9}\n"
"From remote kernel:"
"\"boundary condition test\" -> {84, 0, 1.0000184562715124*^10}\n"
"From remote kernel:"
"\"boundary condition test\" -> {83, 0, 1.0000184562715124*^10}\n"
"From remote kernel:"
"\"boundary condition test\" -> {82, 0, 1.0000184562715124*^10}\n"
"From remote kernel:"
"\"block\" -> {89, 90, 91, 92}\n"
"From remote kernel:"
"\"boundary condition test\" -> {92, 0, -4.999892281666302*^9}\n"
"From remote kernel:"
"\"boundary condition test\" -> {91, 0, 1.0000184562715124*^10}\n"
"From remote kernel:"
"\"boundary condition test\" -> {90, 0, 1.0000184562715124*^10}\n"
"From remote kernel:"
"\"boundary condition test\" -> {89, 0, 1.0000184562715124*^10}\n"
"From remote kernel:"
"\"block\" -> {80}\n"
"From remote kernel:"
"\"boundary condition test\" -> {80, 0, 38851.14303227057 - 32719.02128317578*I}\n"
"From remote kernel:"
"\"block\" -> {87, 88}\n"
"From remote kernel:"
"\"boundary condition test\" -> {88, 0, 0.}\n"
"From remote kernel:"
"\"boundary condition test\" -> {87, 0, 0.}\n"
"From remote kernel:"
"\"block\" -> {76}\n"
"From remote kernel:"
"\"boundary condition test\" -> {76, 0, 1.0000084559869469*^10}\n"
"From remote kernel:"
"\"block\" -> {78}\n"
"From remote kernel:"
"\"boundary condition test\" -> {78, 0, 9.999923605580938*^9 + 295676.7468575191*I}\n"
"From remote kernel:"
"\"block\" -> {73}\n"
"From remote kernel:"
"\"boundary condition test\" -> {73, 0, 1.000005991108943*^10 + 222145.16718025188*I}\n"
"From remote kernel:"
"\"block\" -> {75}\n"
"From remote kernel:"
"\"boundary condition test\" -> {75, 0, 38851.14303227057 - 32719.02128317578*I}\n"
"From remote kernel:"
"\"block\" -> {79}\n"
"From remote kernel:"
"\"boundary condition test\" -> {79, 0, 38851.14303227057 - 32719.02128317578*I}\n"
"From remote kernel:"
"\"block\" -> {129}\n"
"From remote kernel:"
"\"boundary condition test\" -> {129, 0, 0.}\n"
"From remote kernel:"
"\"block\" -> {128}\n"
"From remote kernel:"
"\"boundary condition test\" -> {128, 0, 0.}\n"
"From remote kernel:"
"\"block\" -> {127}\n"
"From remote kernel:"
"\"boundary condition test\" -> {127, 0, 0.}\n"
"From remote kernel:"
"\"block\" -> {126}\n"
"From remote kernel:"
"\"boundary condition test\" -> {126, 0, 0.}\n"
"From remote kernel:"
"\"block\" -> {125}\n"
"From remote kernel:"
"\"boundary condition test\" -> {125, 0, 0.}\n"
"From remote kernel:"
"\"block\" -> {124}\n"
"From remote kernel:"
"\"boundary condition test\" -> {124, 0, 0.}\n"
"From remote kernel:"
"\"block\" -> {122}\n"
"From remote kernel:"
"\"boundary condition test\" -> {122, 0, 0.}\n"
"From remote kernel:"
"\"block\" -> {121}\n"
"From remote kernel:"
"\"boundary condition test\" -> {121, 0, 0.}\n"
"From remote kernel:"
"\"block\" -> {120}\n"
"From remote kernel:"
"\"boundary condition test\" -> {120, 0, 0.}\n"
"From remote kernel:"
"\"block\" -> {119}\n"
"From remote kernel:"
"\"boundary condition test\" -> {119, 0, 0.}\n"
"From remote kernel:"
"\"block\" -> {99}\n"
"From remote kernel:"
"\"boundary condition test\" -> {99, 0, 0.}\n"
"From remote kernel:"
"\"block\" -> {98}\n"
"From remote kernel:"
"\"boundary condition test\" -> {98, 0, 0.}\n"
"From remote kernel:"
"\"block\" -> {96}\n"
"From remote kernel:"
"\"boundary condition test\" -> {96, 0, 0.}\n"
"From remote kernel:"
"\"block\" -> {95}\n"
"From remote kernel:"
"\"boundary condition test\" -> {95, 0, 0.}\n"
"From remote kernel:"
"\"block\" -> {94}\n"
"From remote kernel:"
"\"boundary condition test\" -> {94, 0, 0.}\n"
"From remote kernel:"
"\"block\" -> {93}\n"
"From remote kernel:"
"\"boundary condition test\" -> {93, 0, 0.}\n"
"From remote kernel:"
"\"block\" -> {81}\n"
"From remote kernel:"
"\"boundary condition test\" -> {81, 0, 0.}\n"
"From remote kernel:"
"\"block\" -> {137, 138, 139, 140, 141}\n"
"From remote kernel:"
"\"boundary condition test\" -> {141, 0, 9.999923605580938*^9 + 295676.7468575191*I}\n"
"From remote kernel:"
"\"boundary condition test\" -> {140, 0, 9.999923605580938*^9 + 295676.7468575191*I}\n"
"From remote kernel:"
"\"boundary condition test\" -> {139, 0, 16309.494690180894 - 18479.427082661372*I}\n"
"From remote kernel:"
"\"boundary condition test\" -> {138, 0, 9.999923605580938*^9 + 295676.7468575191*I}\n"
"From remote kernel:"
"\"boundary condition test\" -> {137, 0, 9.999923605580938*^9 + 295676.7468575191*I}\n"
"From remote kernel:"
"\"block\" -> {142, 143, 144, 145, 146}\n"
"From remote kernel:"
"\"boundary condition test\" -> {146, 0, -1.1717846601112217*^8 - 421.12179092431785*I}\n"
"From remote kernel:"
"\"boundary condition test\" -> {145, 0, 38851.14303227057 - 32719.02128317578*I}\n"
"From remote kernel:"
"\"boundary condition test\" -> {144, 0, 38851.14303227057 - 32719.02128317578*I}\n"
"From remote kernel:"
"\"boundary condition test\" -> {143, 0, 3895.3339596077526 - 6941.938532429987*I}\n"
"From remote kernel:"
"\"boundary condition test\" -> {142, 0, 38851.14303227057 - 32719.02128317578*I}\n"
"From remote kernel:"
"\"block\" -> {130}\n"
"From remote kernel:"
"\"boundary condition test\" -> {130, 0, 1.000005991108943*^10 + 222145.16718025188*I}\n"
"From remote kernel:"
"\"block\" -> {132}\n"
"From remote kernel:"
"\"boundary condition test\" -> {132, 0, 38851.14303227057 - 32719.02128317578*I}\n"
"From remote kernel:"
"\"block\" -> {133, 134, 135, 136}\n"
"From remote kernel:"
"\"boundary condition test\" -> {136, 0, -4.999892281666302*^9}\n"
"From remote kernel:"
"\"boundary condition test\" -> {135, 0, 1.0000184562715124*^10}\n"
"From remote kernel:"
"\"boundary condition test\" -> {134, 0, 1.0000184562715124*^10}\n"
"From remote kernel:"
"\"boundary condition test\" -> {133, 0, 1.0000184562715124*^10}\n"
"From remote kernel:"
"\"block\" -> {131}\n"
"From remote kernel:"
"\"boundary condition test\" -> {131, 0, 38851.14303227057 - 32719.02128317578*I}\n"
"From remote kernel:"
"\"block\" -> {150}\n"
"From remote kernel:"
"\"boundary condition test\" -> {150, 0, 0.}\n"
"From remote kernel:"
"\"block\" -> {149}\n"
"From remote kernel:"
"\"boundary condition test\" -> {149, 0, 0.}\n"
"From remote kernel:"
"\"block\" -> {148}\n"
"From remote kernel:"
"\"boundary condition test\" -> {148, 0, 0.}\n"
"From remote kernel:"
"\"block\" -> {147}\n"
"From remote kernel:"
"\"boundary condition test\" -> {147, 0, 0.}\n"
"From remote kernel:"
"\"block\" -> {151, 152, 153, 154, 155}\n"
"From remote kernel:"
"\"boundary condition test\" -> {155, 0, 38851.14303227057 - 32719.02128317578*I}\n"
"From remote kernel:"
"\"boundary condition test\" -> {154, 0, 38851.14303227057 - 32719.02128317578*I}\n"
"From remote kernel:"
"\"boundary condition test\" -> {153, 0, 38851.14303227057 - 32719.02128317578*I}\n"
"From remote kernel:"
"\"boundary condition test\" -> {152, 0, 3895.3339596077526 - 6941.938532429987*I}\n"
"From remote kernel:"
"\"boundary condition test\" -> {151, 0, 38851.14303227057 - 32719.02128317578*I}\n"
"From remote kernel:"
"\"block\" -> {110}\n"
"From remote kernel:"
"\"boundary condition test\" -> {110, 0, 9.999923605580938*^9 + 295676.7468575191*I}\n"
"From remote kernel:"
"\"block\" -> {86}\n"
"From remote kernel:"
"\"boundary condition test\" -> {86, 0, 0.}\n"
"From remote kernel:"
"\"block\" -> {49}\n"
"From remote kernel:"
"\"boundary condition test\" -> {49, 0, 9.999923605580938*^9 + 295676.7468575191*I}\n"
"From remote kernel:"
"\"block\" -> {45}\n"
"From remote kernel:"
"\"boundary condition test\" -> {45, 0, 1.0000084559869469*^10}\n"
"From remote kernel:"
"\"block\" -> {53}\n"
"From remote kernel:"
"\"boundary condition test\" -> {53, 0, 0.}\n"
"From remote kernel:"
"\"block\" -> {42}\n"
"From remote kernel:"
"\"boundary condition test\" -> {42, 0, 0.}\n"
"From remote kernel:"
"\"block\" -> {10}\n"
"From remote kernel:"
"\"boundary condition test\" -> {10, 0, 1.0000084559869469*^10}\n"
"From remote kernel:"
"\"block\" -> {14}\n"
"From remote kernel:"
"\"boundary condition test\" -> {14, 0, 0.}\n"
"From remote kernel:"
"\"block\" -> {123}\n"
"From remote kernel:"
"\"boundary condition test\" -> {123, 0, 0.}\n"
"From remote kernel:"
"\"block\" -> {118}\n"
"From remote kernel:"
"\"boundary condition test\" -> {118, 0, 0.}\n"
"From remote kernel:"
"\"block\" -> {97}\n"
"From remote kernel:"
"\"boundary condition test\" -> {97, 0, 0.}\n"
"From remote kernel:"
"\"block\" -> {70}\n"
"From remote kernel:"
"\"boundary condition test\" -> {70, 0, 0.}\n"
"From remote kernel:"
"\"block\" -> {68}\n"
"From remote kernel:"
"\"boundary condition test\" -> {68, 0, 0.}\n"
"From remote kernel:"
"\"block\" -> {65}\n"
"From remote kernel:"
"\"boundary condition test\" -> {65, 0, 0.}\n"
"From remote kernel:"
"\"block\" -> {61}\n"
"From remote kernel:"
"\"boundary condition test\" -> {61, 0, 0.}\n"
"From remote kernel:"
"\"block\" -> {58}\n"
"From remote kernel:"
"\"boundary condition test\" -> {58, 0, 0.}\n"
"From remote kernel:"
"\"block\" -> {56}\n"
"From remote kernel:"
"\"boundary condition test\" -> {56, 0, 0.}\n"
"From remote kernel:"
"\"block\" -> {28}\n"
"From remote kernel:"
"\"boundary condition test\" -> {28, 0, 0.}\n"
"From remote kernel:"
"\"block\" -> {25}\n"
"From remote kernel:"
"\"boundary condition test\" -> {25, 0, 0.}\n"
"From remote kernel:"
"\"block\" -> {23}\n"
"From remote kernel:"
"\"boundary condition test\" -> {23, 0, 0.}\n"
"From remote kernel:"
"\"block\" -> {20}\n"
"From remote kernel:"
"\"boundary condition test\" -> {20, 0, 0.}\n"
"From remote kernel:"
"\"block\" -> {17}\n"
"From remote kernel:"
"\"boundary condition test\" -> {17, 0, 0.}\n"
"From remote kernel:"
"\"CalcTaylor: current region\" -> 0\n"
"From remote kernel:"
"\"block\" -> {1}\n"
"From remote kernel:"
"\"boundary condition test\" -> {1, 0, 0.}\n"
"From remote kernel:"
"\"block\" -> {11, 12, 13}\n"
"From remote kernel:"
"\"boundary condition test\" -> {13, 0, 0.}\n"
"From remote kernel:"
"\"boundary condition test\" -> {12, 0, 0.}\n"
"From remote kernel:"
"\"boundary condition test\" -> {11, 0, 0.}\n"
"From remote kernel:"
"\"block\" -> {6}\n"
"From remote kernel:"
"\"boundary condition test\" -> {6, 0, 0.}\n"
"From remote kernel:"
"\"block\" -> {5}\n"
"From remote kernel:"
"\"boundary condition test\" -> {5, 0, 0.}\n"
"From remote kernel:"
"\"block\" -> {27}\n"
"From remote kernel:"
"\"boundary condition inserted\" -> {27, 0, -4.999831324031185*^9 - 295669.25174565497*I}\n"
"From remote kernel:"
"\"block\" -> {26}\n"
"From remote kernel:"
"\"boundary condition inserted\" -> {26, 0, 4.999992281982764*^9 + 5.943946773893212*I}\n"
"From remote kernel:"
"\"block\" -> {24}\n"
"From remote kernel:"
"\"boundary condition inserted\" -> {24, 0, -5.000092285647588*^9}\n"
"From remote kernel:"
"\"block\" -> {4}\n"
"From remote kernel:"
"\"boundary condition test\" -> {4, 0, 0.}\n"
"From remote kernel:"
"\"block\" -> {2}\n"
"From remote kernel:"
"\"boundary condition inserted\" -> {2, 0, 1.0000084559869469*^10}\n"
"From remote kernel:"
"\"block\" -> {46, 47, 48}\n"
"From remote kernel:"
"\"boundary condition test\" -> {48, 0, 4.999831324031185*^9 + 295669.25174565497*I}\n"
"From remote kernel:"
"\"boundary condition test\" -> {47, 0, 4.999831324031185*^9 + 295669.25174565497*I}\n"
"From remote kernel:"
"\"boundary condition test\" -> {46, 0, -4.999992281982764*^9 - 5.943946773893212*I}\n"
"From remote kernel:"
"\"block\" -> {36}\n"
"From remote kernel:"
"\"boundary condition test\" -> {36, 0, 0.}\n"
"From remote kernel:"
"\"block\" -> {38}\n"
"From remote kernel:"
"\"boundary condition test\" -> {38, 0, -5.00006728281104*^9}\n"
"From remote kernel:"
"\"block\" -> {3}\n"
"From remote kernel:"
"\"boundary condition test\" -> {3, 0, -1.0000084559869469*^10}\n"
"From remote kernel:"
"\"block\" -> {15, 16}\n"
"From remote kernel:"
"\"boundary condition test\" -> {16, 0, 0.}\n"
"From remote kernel:"
"\"boundary condition test\" -> {15, 0, 0.}\n"
"From remote kernel:"
"\"block\" -> {35}\n"
"From remote kernel:"
"\"boundary condition test\" -> {35, 0, 0.}\n"
"From remote kernel:"
"\"block\" -> {67}\n"
"From remote kernel:"
"\"boundary condition inserted\" -> {67, 0, -38850.99316024049 + 32717.504695621104*I}\n"
"From remote kernel:"
"\"block\" -> {66}\n"
"From remote kernel:"
"\"boundary condition inserted\" -> {66, 0, 31163.588323735374 - 55533.402376852275*I}\n"
"From remote kernel:"
"\"block\" -> {29}\n"
"From remote kernel:"
"\"boundary condition inserted\" -> {29, 0, -5.000092280712586*^9}\n"
"From remote kernel:"
"\"block\" -> {22}\n"
"From remote kernel:"
"\"boundary condition inserted\" -> {22, 0, -4.999774227134726*^9 - 293855.6417954911*I}\n"
"From remote kernel:"
"\"block\" -> {21}\n"
"From remote kernel:"
"\"boundary condition inserted\" -> {21, 0, 4.999992280899551*^9 + 7.075232275591619*I}\n"
"From remote kernel:"
"\"block\" -> {19}\n"
"From remote kernel:"
"\"boundary condition inserted\" -> {19, 0, -4.999967628657782*^9 - 222144.07979064286*I}\n"
"From remote kernel:"
"\"block\" -> {18}\n"
"From remote kernel:"
"\"boundary condition inserted\" -> {18, 0, 4.999992282294194*^9 + 1.931973577172093*I}\n"
"From remote kernel:"
"\"block\" -> {9}\n"
"From remote kernel:"
"\"boundary condition inserted\" -> {9, 0, 9.999923605580938*^9 + 295676.7468575191*I}\n"
"From remote kernel:"
"\"block\" -> {8}\n"
"From remote kernel:"
"\"boundary condition inserted\" -> {8, 0, 1.000005991108943*^10 + 222145.16718025188*I}\n"
"From remote kernel:"
"\"block\" -> {7}\n"
"From remote kernel:"
"\"boundary condition test\" -> {7, 0, 0.}\n"
"From remote kernel:"
"\"block\" -> {105, 107, 108, 109}\n"
"From remote kernel:"
"\"homogeneous id up to\" -> 3528\n"
"From remote kernel:"
"\"dropped eqs\" -> {{3529 -> 0.}}\n"
"From remote kernel:"
"\"boundary condition test\" -> {109, 0, -585.8519733499978 - 0.004211133910641313*I}\n"
"From remote kernel:"
"\"boundary condition test\" -> {108, 0, 38850.99316024049 - 32717.504695621104*I}\n"
"From remote kernel:"
"\"boundary condition test\" -> {107, 0, 38850.99316024049 - 32717.504695621104*I}\n"
"From remote kernel:"
"\"boundary condition test\" -> {105, 0, -5.000067628024641*^9 - 222148.2582053374*I}\n"
"From remote kernel:"
"\"block\" -> {50, 51, 52}\n"
"From remote kernel:"
"\"boundary condition test\" -> {52, 0, 0.}\n"
"From remote kernel:"
"\"boundary condition test\" -> {51, 0, 0.}\n"
"From remote kernel:"
"\"boundary condition test\" -> {50, 0, 0.}\n"
"From remote kernel:"
"\"block\" -> {33}\n"
"From remote kernel:"
"\"boundary condition test\" -> {33, 0, -9.999384571381117*^9 + 29.261612395826752*I}\n"
"From remote kernel:"
"\"block\" -> {32}\n"
"From remote kernel:"
"\"boundary condition test\" -> {32, 0, -9.999984563173185*^9 + 1.4160435008802454*I}\n"
"From remote kernel:"
"\"block\" -> {54, 55}\n"
"From remote kernel:"
"\"boundary condition test\" -> {55, 0, 5.000092280712586*^9}\n"
"From remote kernel:"
"\"boundary condition test\" -> {54, 0, 5.000092280712586*^9}\n"
"From remote kernel:"
"\"block\" -> {43, 44}\n"
"From remote kernel:"
"\"boundary condition test\" -> {44, 0, 5.000092285647588*^9}\n"
"From remote kernel:"
"\"boundary condition test\" -> {43, 0, -4.999992281801798*^9}\n"
"From remote kernel:"
"\"block\" -> {31}\n"
"From remote kernel:"
"\"boundary condition test\" -> {31, 0, -1.0000184562715124*^10}\n"
"From remote kernel:"
"\"block\" -> {34}\n"
"From remote kernel:"
"\"boundary condition test\" -> {34, 0, -9.999923605580938*^9 - 295676.7468575191*I}\n"
"From remote kernel:"
"\"block\" -> {30}\n"
"From remote kernel:"
"\"boundary condition test\" -> {30, 0, -1.000005991108943*^10 - 222145.16718025188*I}\n"
"From remote kernel:"
"\"block\" -> {39}\n"
"From remote kernel:"
"\"boundary condition test\" -> {39, 0, 0.}\n"
"From remote kernel:"
"\"block\" -> {72}\n"
"From remote kernel:"
"\"boundary condition inserted\" -> {72, 0, -30595.629283124006 + 20613.722728314548*I}\n"
"From remote kernel:"
"\"block\" -> {71}\n"
"From remote kernel:"
"\"boundary condition inserted\" -> {71, 0, 16309.795879415342 - 18478.593929797273*I}\n"
"From remote kernel:"
"\"block\" -> {69}\n"
"From remote kernel:"
"\"boundary condition inserted\" -> {69, 0, 353114.24101392034}\n"
"From remote kernel:"
"\"block\" -> {64}\n"
"From remote kernel:"
"\"boundary condition inserted\" -> {64, 0, -24774.861038632982 + 14590.152514258536*I}\n"
"From remote kernel:"
"\"block\" -> {63}\n"
"From remote kernel:"
"\"boundary condition inserted\" -> {63, 0, 16309.722089128723 - 18478.534441073167*I}\n"
"From remote kernel:"
"\"block\" -> {62}\n"
"From remote kernel:"
"\"boundary condition inserted\" -> {62, 0, 0.31096110193102755 - 0.6355909274072361*I}\n"
"From remote kernel:"
"\"block\" -> {60}\n"
"From remote kernel:"
"\"boundary condition inserted\" -> {60, 0, -24774.55005735931 + 14589.51690157342*I}\n"
"From remote kernel:"
"\"block\" -> {59}\n"
"From remote kernel:"
"\"boundary condition inserted\" -> {59, 0, 0.2782005288808197 - 1.1350779628974765*I}\n"
"From remote kernel:"
"\"block\" -> {57}\n"
"From remote kernel:"
"\"boundary condition inserted\" -> {57, 0, 1.5581984622280536*^9 - 2.776596551501756*^9*I}\n"
"From remote kernel:"
"\"block\" -> {41}\n"
"From remote kernel:"
"\"boundary condition inserted\" -> {41, 0, 38851.14303227057 - 32719.02128317578*I}\n"
"From remote kernel:"
"\"block\" -> {40}\n"
"From remote kernel:"
"\"boundary condition inserted\" -> {40, 0, 5.000067626537793*^9 + 222148.32748164787*I}\n"
"From remote kernel:"
"\"block\" -> {37}\n"
"From remote kernel:"
"\"boundary condition test\" -> {37, 0, 0.}\n"
"From remote kernel:"
"\"block\" -> {111, 112, 113, 114, 115, 116, 117}\n"
"From remote kernel:"
"\"homogeneous id up to\" -> 6174\n"
"From remote kernel:"
"\"dropped eqs\" -> {{6175 -> 0.}, {6175 -> 0.}, {6175 -> 0.}}\n"
"From remote kernel:"
"\"boundary condition test\" -> {117, 0, 3124.934033822274 - 0.001540083856922958*I}\n"
"From remote kernel:"
"\"boundary condition test\" -> {116, 0, 2174.6442710172396 - 2463.8373099944615*I}\n"
"From remote kernel:"
"\"boundary condition test\" -> {115, 0, 6.24986936810079*^8 + 20788.75543948909*I}\n"
"From remote kernel:"
"\"boundary condition test\" -> {114, 0, 30595.629283124006 - 20613.722728314548*I}\n"
"From remote kernel:"
"\"boundary condition test\" -> {113, 0, 30595.629283124006 - 20613.722728314548*I}\n"
"From remote kernel:"
"\"boundary condition test\" -> {112, 0, -16309.795879415342 + 18478.593929797273*I}\n"
"From remote kernel:"
"\"boundary condition test\" -> {111, 0, 4.999931322807567*^9 + 295675.06768586324*I}\n"
"From remote kernel:"
"\"block\" -> {100, 101, 102, 103, 104}\n"
"From remote kernel:"
"\"homogeneous id up to\" -> 4410\n"
"From remote kernel:"
"\"dropped eqs\" -> {{4411 -> 0.}, {4411 -> 0.}}\n"
"From remote kernel:"
"\"boundary condition test\" -> {104, 0, 6.835999667894493*^7 - 1.583546203346147*I}\n"
"From remote kernel:"
"\"boundary condition test\" -> {103, 0, 24774.861038632982 - 14590.152514258536*I}\n"
"From remote kernel:"
"\"boundary condition test\" -> {102, 0, -16309.722089128723 + 18478.534441073167*I}\n"
"From remote kernel:"
"\"boundary condition test\" -> {101, 0, -0.31096110193102755 + 0.6355909274072361*I}\n"
"From remote kernel:"
"\"boundary condition test\" -> {100, 0, -4.999931322255422*^9 - 295674.5783625692*I}\n"
"From remote kernel:"
"\"block\" -> {106}\n"
"From remote kernel:"
"\"homogeneous id up to\" -> 882\n"
"From remote kernel:"
"\"dropped eqs\" -> {{883 -> 0.}}\n"
"From remote kernel:"
"\"boundary condition test\" -> {106, 0, -31163.588323735374 + 55533.402376852275*I}\n"
"From remote kernel:"
"\"block\" -> {77}\n"
"From remote kernel:"
"\"boundary condition test\" -> {77, 0, -5.000192281671572*^9 - 11.881107860898252*I}\n"
"From remote kernel:"
"\"block\" -> {74}\n"
"From remote kernel:"
"\"boundary condition test\" -> {74, 0, -5.000067626537793*^9 - 222148.32748164787*I}\n"
"From remote kernel:"
"\"block\" -> {82, 83, 84, 85}\n"
"From remote kernel:"
"\"homogeneous id up to\" -> 3528\n"
"From remote kernel:"
"\"dropped eqs\" -> {{3529 -> 0.}}\n"
"From remote kernel:"
"\"boundary condition test\" -> {85, 0, 1.2500255003264896*^10 - 444319.71435829875*I}\n"
"From remote kernel:"
"\"boundary condition test\" -> {84, 0, -1.5581984622280536*^9 + 2.776596551501756*^9*I}\n"
"From remote kernel:"
"\"boundary condition test\" -> {83, 0, 3.4551488109305986 + 3.451473021571465*I}\n"
"From remote kernel:"
"\"boundary condition test\" -> {82, 0, -5.000192286129248*^9 - 2.0866036804240946*I}\n"
"From remote kernel:"
"\"block\" -> {89, 90, 91, 92}\n"
"From remote kernel:"
"\"boundary condition test\" -> {92, 0, 4.999892277692189*^9}\n"
"From remote kernel:"
"\"boundary condition test\" -> {91, 0, -353114.24101392034}\n"
"From remote kernel:"
"\"boundary condition test\" -> {90, 0, -353114.24101392034}\n"
"From remote kernel:"
"\"boundary condition test\" -> {89, 0, -5.000192285962059*^9}\n"
"From remote kernel:"
"\"block\" -> {80}\n"
"From remote kernel:"
"\"boundary condition test\" -> {80, 0, 0.}\n"
"From remote kernel:"
"\"block\" -> {87, 88}\n"
"From remote kernel:"
"\"boundary condition test\" -> {88, 0, -353114.24101392034}\n"
"From remote kernel:"
"\"boundary condition test\" -> {87, 0, -5.000042279491611*^9}\n"
"From remote kernel:"
"\"block\" -> {76}\n"
"From remote kernel:"
"\"boundary condition test\" -> {76, 0, -5.000192286129248*^9 - 2.0866036804240946*I}\n"
"From remote kernel:"
"\"block\" -> {78}\n"
"From remote kernel:"
"\"boundary condition test\" -> {78, 0, -1.000002360681702*^10 - 295679.70368412416*I}\n"
"From remote kernel:"
"\"block\" -> {73}\n"
"From remote kernel:"
"\"boundary condition test\" -> {73, 0, -1.0000159913688593*^10 - 222147.3886763536*I}\n"
"From remote kernel:"
"\"block\" -> {75}\n"
"From remote kernel:"
"\"boundary condition test\" -> {75, 0, -38851.14303227057 + 32719.02128317578*I}\n"
"From remote kernel:"
"\"block\" -> {79}\n"
"From remote kernel:"
"\"boundary condition test\" -> {79, 0, 0.}\n"
"From remote kernel:"
"\"block\" -> {129}\n"
"From remote kernel:"
"\"boundary condition inserted\" -> {129, 0, 6.836087105253035*^7 + 4.468577794160213*I}\n"
"From remote kernel:"
"\"block\" -> {128}\n"
"From remote kernel:"
"\"boundary condition inserted\" -> {128, 0, 22069.668439460263 - 0.0023643751924427186*I}\n"
"From remote kernel:"
"\"block\" -> {127}\n"
"From remote kernel:"
"\"boundary condition inserted\" -> {127, 0, 19016.706383300516 + 82.06982048039312*I}\n"
"From remote kernel:"
"\"block\" -> {126}\n"
"From remote kernel:"
"\"boundary condition inserted\" -> {126, 0, -17496.33446256757 + 14936.86514724848*I}\n"
"From remote kernel:"
"\"block\" -> {125}\n"
"From remote kernel:"
"\"boundary condition inserted\" -> {125, 0, 0.02395660331700858 - 0.11078049835563829*I}\n"
"From remote kernel:"
"\"block\" -> {124}\n"
"From remote kernel:"
"\"boundary condition inserted\" -> {124, 0, 15297.93325180367 - 10307.334091949115*I}\n"
"From remote kernel:"
"\"block\" -> {122}\n"
"From remote kernel:"
"\"boundary condition inserted\" -> {122, 0, 7.29317919054327*^8 - 1.995814806023803*^9*I}\n"
"From remote kernel:"
"\"block\" -> {121}\n"
"From remote kernel:"
"\"boundary condition inserted\" -> {121, 0, 7.500295190745365*^9 - 444308.9671698883*I}\n"
"From remote kernel:"
"\"block\" -> {120}\n"
"From remote kernel:"
"\"boundary condition inserted\" -> {120, 0, -3.116183067104366*^9 + 5.5533470851760435*^9*I}\n"
"From remote kernel:"
"\"block\" -> {119}\n"
"From remote kernel:"
"\"boundary condition inserted\" -> {119, 0, -176555.58075097072 + 9.307911443910019*I}\n"
"From remote kernel:"
"\"block\" -> {99}\n"
"From remote kernel:"
"\"boundary condition inserted\" -> {99, 0, 25508.648053431214 + 421.92978933710236*I}\n"
"From remote kernel:"
"\"block\" -> {98}\n"
"From remote kernel:"
"\"boundary condition inserted\" -> {98, 0, 3895.5001357399565 - 6941.785995218586*I}\n"
"From remote kernel:"
"\"block\" -> {96}\n"
"From remote kernel:"
"\"boundary condition inserted\" -> {96, 0, 9.738807251386303*^7 - 1.7353706344967055*^8*I}\n"
"From remote kernel:"
"\"block\" -> {95}\n"
"From remote kernel:"
"\"boundary condition inserted\" -> {95, 0, -4.6878996770259464*^8 + 51927.82776845687*I}\n"
"From remote kernel:"
"\"block\" -> {94}\n"
"From remote kernel:"
"\"boundary condition inserted\" -> {94, 0, 0.00008734318801105094 - 0.27998318128802485*I}\n"
"From remote kernel:"
"\"block\" -> {93}\n"
"From remote kernel:"
"\"boundary condition inserted\" -> {93, 0, 0.9387922482187425 - 1.5076985799698237*I}\n"
"From remote kernel:"
"\"block\" -> {81}\n"
"From remote kernel:"
"\"boundary condition inserted\" -> {81, 0, 38851.4572918821 - 32717.8987254348*I}\n"
"From remote kernel:"
"\"block\" -> {137, 138, 139, 140, 141}\n"
"From remote kernel:"
"\"homogeneous id up to\" -> 4410\n"
"From remote kernel:"
"\"dropped eqs\" -> {{4411 -> 0.}}\n"
"From remote kernel:"
"\"boundary condition test\" -> {141, 0, -19016.706383300516 - 82.06982048039312*I}\n"
"From remote kernel:"
"\"boundary condition test\" -> {140, 0, 17496.33446256757 - 14936.86514724848*I}\n"
"From remote kernel:"
"\"boundary condition test\" -> {139, 0, -0.02395660331700858 + 0.11078049835563829*I}\n"
"From remote kernel:"
"\"boundary condition test\" -> {138, 0, -15297.93325180367 + 10307.334091949115*I}\n"
"From remote kernel:"
"\"boundary condition test\" -> {137, 0, -0.7922608325410104 + 1.0828063570476443*I}\n"
"From remote kernel:"
"\"block\" -> {142, 143, 144, 145, 146}\n"
"From remote kernel:"
"\"homogeneous id up to\" -> 4410\n"
"From remote kernel:"
"\"dropped eqs\" -> {{4411 -> 0.}, {4411 -> 0.}, {4411 -> 0.}}\n"
"From remote kernel:"
"\"boundary condition test\" -> {146, 0, 1.1717651256968917*^8 + 421.12182981793217*I}\n"
"From remote kernel:"
"\"boundary condition test\" -> {145, 0, -25508.648053431214 - 421.92978933710236*I}\n"
"From remote kernel:"
"\"boundary condition test\" -> {144, 0, -25508.648053431214 - 421.92978933710236*I}\n"
"From remote kernel:"
"\"boundary condition test\" -> {143, 0, -3895.5001357399565 + 6941.785995218586*I}\n"
"From remote kernel:"
"\"boundary condition test\" -> {142, 0, -38851.529981304695 + 32718.15659478253*I}\n"
"From remote kernel:"
"\"block\" -> {130}\n"
"From remote kernel:"
"\"boundary condition test\" -> {130, 0, -0.9387922482187425 + 1.5076985799698237*I}\n"
"From remote kernel:"
"\"block\" -> {132}\n"
"From remote kernel:"
"\"boundary condition test\" -> {132, 0, -38851.4572918821 + 32717.8987254348*I}\n"
"From remote kernel:"
"\"block\" -> {133, 134, 135, 136}\n"
"From remote kernel:"
"\"boundary condition test\" -> {136, 0, -7.500295190745365*^9 + 444308.9671698883*I}\n"
"From remote kernel:"
"\"boundary condition test\" -> {135, 0, 3.116183067104366*^9 - 5.5533470851760435*^9*I}\n"
"From remote kernel:"
"\"boundary condition test\" -> {134, 0, 176555.58075097072 - 9.307911443910019*I}\n"
"From remote kernel:"
"\"boundary condition test\" -> {133, 0, 9.444111951797563 + 3.476574119295287*I}\n"
"From remote kernel:"
"\"block\" -> {131}\n"
"From remote kernel:"
"\"boundary condition test\" -> {131, 0, -38851.53155147128 + 32719.34847993255*I}\n"
"From remote kernel:"
"\"block\" -> {150}\n"
"From remote kernel:"
"\"boundary condition inserted\" -> {150, 0, 4.687615525944608*^8 - 27769.22014774941*I}\n"
"From remote kernel:"
"\"block\" -> {149}\n"
"From remote kernel:"
"\"boundary condition inserted\" -> {149, 0, -1.9476222448395276*^8 + 3.470842090112152*^8*I}\n"
"From remote kernel:"
"\"block\" -> {148}\n"
"From remote kernel:"
"\"boundary condition inserted\" -> {148, 0, -0.053908031217618224 - 0.03676207867602735*I}\n"
"From remote kernel:"
"\"block\" -> {147}\n"
"From remote kernel:"
"\"boundary condition inserted\" -> {147, 0, -0.6897937225598797 - 0.24348129928986176*I}\n"
"From remote kernel:"
"\"block\" -> {151, 152, 153, 154, 155}\n"
"From remote kernel:"
"\"homogeneous id up to\" -> 4410\n"
"From remote kernel:"
"\"dropped eqs\" -> {{4411 -> 0.}}\n"
"From remote kernel:"
"\"boundary condition test\" -> {155, 0, -3.264007096239979*^7 + 1.071121603833042*^8*I}\n"
"From remote kernel:"
"\"boundary condition test\" -> {154, 0, 1.9476222448395276*^8 - 3.470842090112152*^8*I}\n"
"From remote kernel:"
"\"boundary condition test\" -> {153, 0, -4.6876763742559266*^8 + 27366.037823023078*I}\n"
"From remote kernel:"
"\"boundary condition test\" -> {152, 0, 0.053908031217618224 + 0.03676207867602735*I}\n"
"From remote kernel:"
"\"boundary condition test\" -> {151, 0, 0.6897937225598797 + 0.24348129928986176*I}\n"
"From remote kernel:"
"\"block\" -> {110}\n"
"From remote kernel:"
"\"boundary condition test\" -> {110, 0, -4.999931322807567*^9 - 295675.06768586324*I}\n"
"From remote kernel:"
"\"block\" -> {86}\n"
"From remote kernel:"
"\"homogeneous id up to\" -> 882\n"
"From remote kernel:"
"\"dropped eqs\" -> {{883 -> 0.}}\n"
"From remote kernel:"
"\"boundary condition test\" -> {86, 0, -5.000192285962059*^9}\n"
"From remote kernel:"
"\"block\" -> {49}\n"
"From remote kernel:"
"\"boundary condition test\" -> {49, 0, 0.}\n"
"From remote kernel:"
"\"block\" -> {45}\n"
"From remote kernel:"
"\"homogeneous id up to\" -> 882\n"
"From remote kernel:"
"\"dropped eqs\" -> {{883 -> 0.}}\n"
"From remote kernel:"
"\"boundary condition test\" -> {45, 0, -4.999667282486189*^9 + 17.710332101005097*I}\n"
"From remote kernel:"
"\"block\" -> {53}\n"
"From remote kernel:"
"\"homogeneous id up to\" -> 882\n"
"From remote kernel:"
"\"dropped eqs\" -> {{883 -> 0.}}\n"
"From remote kernel:"
"\"boundary condition test\" -> {53, 0, -25001.33644283803}\n"
"From remote kernel:"
"\"block\" -> {42}\n"
"From remote kernel:"
"\"homogeneous id up to\" -> 882\n"
"From remote kernel:"
"\"dropped eqs\" -> {{883 -> 0.}}\n"
"From remote kernel:"
"\"boundary condition test\" -> {42, 0, -5.00006728281104*^9}\n"
"From remote kernel:"
"\"block\" -> {10}\n"
"From remote kernel:"
"\"boundary condition test\" -> {10, 0, 0.}\n"
"From remote kernel:"
"\"block\" -> {14}\n"
"From remote kernel:"
"\"boundary condition test\" -> {14, 0, 0.}\n"
"From remote kernel:"
"\"block\" -> {123}\n"
"From remote kernel:"
"\"boundary condition inserted\" -> {123, 0, 0.7922608325410104 - 1.0828063570476443*I}\n"
"From remote kernel:"
"\"block\" -> {118}\n"
"From remote kernel:"
"\"boundary condition inserted\" -> {118, 0, -9.444111951797563 - 3.476574119295287*I}\n"
"From remote kernel:"
"\"block\" -> {97}\n"
"From remote kernel:"
"\"boundary condition inserted\" -> {97, 0, 38851.529981304695 - 32718.15659478253*I}\n"
"From remote kernel:"
"\"block\" -> {70}\n"
"From remote kernel:"
"\"boundary condition inserted\" -> {70, 0, 4.999931322807567*^9 + 295675.06768586324*I}\n"
"From remote kernel:"
"\"block\" -> {68}\n"
"From remote kernel:"
"\"boundary condition inserted\" -> {68, 0, 5.000192285962059*^9}\n"
"From remote kernel:"
"\"block\" -> {65}\n"
"From remote kernel:"
"\"boundary condition inserted\" -> {65, 0, 5.000067628024641*^9 + 222148.2582053374*I}\n"
"From remote kernel:"
"\"block\" -> {61}\n"
"From remote kernel:"
"\"boundary condition inserted\" -> {61, 0, 4.999931322255422*^9 + 295674.5783625692*I}\n"
"From remote kernel:"
"\"block\" -> {58}\n"
"From remote kernel:"
"\"boundary condition inserted\" -> {58, 0, 5.000192281671572*^9 + 11.881107860898252*I}\n"
"From remote kernel:"
"\"block\" -> {56}\n"
"From remote kernel:"
"\"boundary condition inserted\" -> {56, 0, 5.000192286129248*^9 + 2.0866036804240946*I}\n"
"From remote kernel:"
"\"block\" -> {28}\n"
"From remote kernel:"
"\"boundary condition inserted\" -> {28, 0, 25001.33644283803}\n"
"From remote kernel:"
"\"block\" -> {25}\n"
"From remote kernel:"
"\"boundary condition inserted\" -> {25, 0, 4.999667282486189*^9 - 17.710332101005097*I}\n"
"From remote kernel:"
"\"block\" -> {23}\n"
"From remote kernel:"
"\"boundary condition inserted\" -> {23, 0, 5.00006728281104*^9}\n"
"From remote kernel:"
"\"block\" -> {20}\n"
"From remote kernel:"
"\"boundary condition inserted\" -> {20, 0, 9.999384571381117*^9 - 29.261612395826752*I}\n"
"From remote kernel:"
"\"block\" -> {17}\n"
"From remote kernel:"
"\"boundary condition inserted\" -> {17, 0, 9.999984563173185*^9 - 1.4160435008802454*I}\n"
"From remote kernel:"
"\"CalcTaylor: current region\" -> 1/50000\n"
"From remote kernel:"
"\"block\" -> {1}\n"
"From remote kernel:"
"\"boundary condition test\" -> {1, 0, 0.}\n"
"From remote kernel:"
"\"block\" -> {11, 12, 13}\n"
"From remote kernel:"
"\"boundary condition inserted\" -> {13, 0, -4.999992281156855*^9}\n"
"From remote kernel:"
"\"boundary condition test\" -> {12, 0, -4.999992281156855*^9}\n"
"From remote kernel:"
"\"boundary condition test\" -> {11, 0, 4.999992281156855*^9}\n"
"From remote kernel:"
"\"block\" -> {6}\n"
"From remote kernel:"
"\"boundary condition inserted\" -> {6, 0, 5.000092283002515*^9}\n"
"From remote kernel:"
"\"block\" -> {5}\n"
"From remote kernel:"
"\"boundary condition inserted\" -> {5, 0, 0.}\n"
"From remote kernel:"
"\"block\" -> {27}\n"
"From remote kernel:"
"\"boundary condition test\" -> {27, 0, 0.}\n"
"From remote kernel:"
"\"block\" -> {26}\n"
"From remote kernel:"
"\"boundary condition test\" -> {26, 0, 0.}\n"
"From remote kernel:"
"\"block\" -> {24}\n"
"From remote kernel:"
"\"boundary condition test\" -> {24, 0, 0.}\n"
"From remote kernel:"
"\"block\" -> {4}\n"
"From remote kernel:"
"\"boundary condition test\" -> {4, 0, 0.}\n"
"From remote kernel:"
"\"block\" -> {2}\n"
"From remote kernel:"
"\"boundary condition test\" -> {2, 0, 0.}\n"
"From remote kernel:"
"\"block\" -> {46, 47, 48}\n"
"From remote kernel:"
"\"boundary condition test\" -> {48, 0, -4.999992281156855*^9}\n"
"From remote kernel:"
"\"boundary condition test\" -> {47, 0, 5.000092283002515*^9}\n"
"From remote kernel:"
"\"boundary condition test\" -> {46, 0, -4.999992281156855*^9}\n"
"From remote kernel:"
"\"block\" -> {36}\n"
"From remote kernel:"
"\"boundary condition test\" -> {36, 0, -4.999992281156855*^9}\n"
"From remote kernel:"
"\"block\" -> {38}\n"
"From remote kernel:"
"\"boundary condition test\" -> {38, 0, 5.000092283002515*^9}\n"
"From remote kernel:"
"\"block\" -> {3}\n"
"From remote kernel:"
"\"boundary condition inserted\" -> {3, 0, 0.}\n"
"From remote kernel:"
"\"block\" -> {15, 16}\n"
"From remote kernel:"
"\"boundary condition inserted\" -> {16, 0, -4.999992281156855*^9}\n"
"From remote kernel:"
"\"boundary condition test\" -> {15, 0, 4.999992281156855*^9}\n"
"From remote kernel:"
"\"block\" -> {35}\n"
"From remote kernel:"
"\"boundary condition test\" -> {35, 0, 0.}\n"
"From remote kernel:"
"\"block\" -> {67}\n"
"From remote kernel:"
"\"boundary condition test\" -> {67, 0, 0.}\n"
"From remote kernel:"
"\"block\" -> {66}\n"
"From remote kernel:"
"\"boundary condition test\" -> {66, 0, 0.}\n"
"From remote kernel:"
"\"block\" -> {29}\n"
"From remote kernel:"
"\"boundary condition test\" -> {29, 0, 0.}\n"
"From remote kernel:"
"\"block\" -> {22}\n"
"From remote kernel:"
"\"boundary condition test\" -> {22, 0, 0.}\n"
"From remote kernel:"
"\"block\" -> {21}\n"
"From remote kernel:"
"\"boundary condition test\" -> {21, 0, 0.}\n"
"From remote kernel:"
"\"block\" -> {19}\n"
"From remote kernel:"
"\"boundary condition test\" -> {19, 0, 0.}\n"
"From remote kernel:"
"\"block\" -> {18}\n"
"From remote kernel:"
"\"boundary condition test\" -> {18, 0, 0.}\n"
"From remote kernel:"
"\"block\" -> {9}\n"
"From remote kernel:"
"\"boundary condition test\" -> {9, 0, 0.}\n"
"From remote kernel:"
"\"block\" -> {8}\n"
"From remote kernel:"
"\"boundary condition test\" -> {8, 0, 0.}\n"
"From remote kernel:"
"\"block\" -> {7}\n"
"From remote kernel:"
"\"boundary condition test\" -> {7, 0, 0.}\n"
"From remote kernel:"
"\"block\" -> {105, 107, 108, 109}\n"
"From remote kernel:"
"\"boundary condition test\" -> {109, 0, -1.0000234562927765*^10}\n"
"From remote kernel:"
"\"boundary condition test\" -> {108, 0, -1.0000084562159332*^10}\n"
"From remote kernel:"
"\"boundary condition test\" -> {107, 0, -4.999992281156855*^9}\n"
"From remote kernel:"
"\"boundary condition test\" -> {105, 0, -4.999992281156855*^9}\n"
"From remote kernel:"
"\"block\" -> {50, 51, 52}\n"
"From remote kernel:"
"\"boundary condition test\" -> {52, 0, -49999.92281156855}\n"
"From remote kernel:"
"\"boundary condition test\" -> {51, 0, -1.0000084562159332*^10}\n"
"From remote kernel:"
"\"boundary condition test\" -> {50, 0, -49999.92281156855}\n"
"From remote kernel:"
"\"block\" -> {33}\n"
"From remote kernel:"
"\"boundary condition test\" -> {33, 0, 5.000092283002515*^9}\n"
"From remote kernel:"
"\"block\" -> {32}\n"
"From remote kernel:"
"\"boundary condition test\" -> {32, 0, 5.000092283002515*^9}\n"
"From remote kernel:"
"\"block\" -> {54, 55}\n"
"From remote kernel:"
"\"boundary condition test\" -> {55, 0, -4.999992281156855*^9}\n"
"From remote kernel:"
"\"boundary condition test\" -> {54, 0, 5.000092283002515*^9}\n"
"From remote kernel:"
"\"block\" -> {43, 44}\n"
"From remote kernel:"
"\"boundary condition test\" -> {44, 0, -4.999992281156855*^9}\n"
"From remote kernel:"
"\"boundary condition test\" -> {43, 0, 5.000092283002515*^9}\n"
"From remote kernel:"
"\"block\" -> {31}\n"
"From remote kernel:"
"\"boundary condition inserted\" -> {31, 0, 0.}\n"
"From remote kernel:"
"\"block\" -> {34}\n"
"From remote kernel:"
"\"boundary condition test\" -> {34, 0, 0.}\n"
"From remote kernel:"
"\"block\" -> {30}\n"
"From remote kernel:"
"\"boundary condition test\" -> {30, 0, 0.}\n"
"From remote kernel:"
"\"block\" -> {39}\n"
"From remote kernel:"
"\"boundary condition test\" -> {39, 0, 0.}\n"
"From remote kernel:"
"\"block\" -> {72}\n"
"From remote kernel:"
"\"boundary condition test\" -> {72, 0, 0.}\n"
"From remote kernel:"
"\"block\" -> {71}\n"
"From remote kernel:"
"\"boundary condition test\" -> {71, 0, 0.}\n"
"From remote kernel:"
"\"block\" -> {69}\n"
"From remote kernel:"
"\"boundary condition test\" -> {69, 0, 0.}\n"
"From remote kernel:"
"\"block\" -> {64}\n"
"From remote kernel:"
"\"boundary condition test\" -> {64, 0, 0.}\n"
"From remote kernel:"
"\"block\" -> {63}\n"
"From remote kernel:"
"\"boundary condition test\" -> {63, 0, 0.}\n"
"From remote kernel:"
"\"block\" -> {62}\n"
"From remote kernel:"
"\"boundary condition test\" -> {62, 0, 0.}\n"
"From remote kernel:"
"\"block\" -> {60}\n"
"From remote kernel:"
"\"boundary condition test\" -> {60, 0, 0.}\n"
"From remote kernel:"
"\"block\" -> {59}\n"
"From remote kernel:"
"\"boundary condition test\" -> {59, 0, 0.}\n"
"From remote kernel:"
"\"block\" -> {57}\n"
"From remote kernel:"
"\"boundary condition test\" -> {57, 0, 0.}\n"
"From remote kernel:"
"\"block\" -> {41}\n"
"From remote kernel:"
"\"boundary condition test\" -> {41, 0, 0.}\n"
"From remote kernel:"
"\"block\" -> {40}\n"
"From remote kernel:"
"\"boundary condition test\" -> {40, 0, 0.}\n"
"From remote kernel:"
"\"block\" -> {37}\n"
"From remote kernel:"
"\"boundary condition test\" -> {37, 0, 0.}\n"
"From remote kernel:"
"\"block\" -> {111, 112, 113, 114, 115, 116, 117}\n"
"From remote kernel:"
"\"homogeneous id up to\" -> 6174\n"
"From remote kernel:"
"\"dropped eqs\" -> {{6175 -> 0.}, {6175 -> 0.}, {6175 -> 0.}}\n"
"From remote kernel:"
"\"boundary condition test\" -> {117, 0, -1.0000234562927765*^10}\n"
"From remote kernel:"
"\"boundary condition test\" -> {116, 0, -1.0000234562927765*^10}\n"
"From remote kernel:"
"\"boundary condition test\" -> {115, 0, -49999.92281156855}\n"
"From remote kernel:"
"\"boundary condition test\" -> {114, 0, -1.0000084562159332*^10}\n"
"From remote kernel:"
"\"boundary condition test\" -> {113, 0, -4.999992281156855*^9}\n"
"From remote kernel:"
"\"boundary condition test\" -> {112, 0, -49999.92281156855}\n"
"From remote kernel:"
"\"boundary condition test\" -> {111, 0, 5.000092281002478*^9}\n"
"From remote kernel:"
"\"block\" -> {100, 101, 102, 103, 104}\n"
"From remote kernel:"
"\"boundary condition test\" -> {104, 0, -1.0000234562927765*^10}\n"
"From remote kernel:"
"\"boundary condition test\" -> {103, 0, -1.0000084562159332*^10}\n"
"From remote kernel:"
"\"boundary condition test\" -> {102, 0, -49999.92281156855}\n"
"From remote kernel:"
"\"boundary condition test\" -> {101, 0, -4.999992281156855*^9}\n"
"From remote kernel:"
"\"boundary condition test\" -> {100, 0, -4.999992281156855*^9}\n"
"From remote kernel:"
"\"block\" -> {106}\n"
"From remote kernel:"
"\"boundary condition test\" -> {106, 0, -49999.92281156855}\n"
"From remote kernel:"
"\"block\" -> {77}\n"
"From remote kernel:"
"\"boundary condition test\" -> {77, 0, 5.000092283002515*^9}\n"
"From remote kernel:"
"\"block\" -> {74}\n"
"From remote kernel:"
"\"boundary condition test\" -> {74, 0, -4.999992281156855*^9}\n"
"From remote kernel:"
"\"block\" -> {82, 83, 84, 85}\n"
"From remote kernel:"
"\"homogeneous id up to\" -> 3528\n"
"From remote kernel:"
"\"dropped eqs\" -> {{3529 -> 0.}}\n"
"From remote kernel:"
"\"boundary condition test\" -> {85, 0, -49999.92281156855}\n"
"From remote kernel:"
"\"boundary condition test\" -> {84, 0, -1.0000084562159332*^10}\n"
"From remote kernel:"
"\"boundary condition test\" -> {83, 0, -4.999992281156855*^9}\n"
"From remote kernel:"
"\"boundary condition test\" -> {82, 0, -4.999992281156855*^9}\n"
"From remote kernel:"
"\"block\" -> {89, 90, 91, 92}\n"
"From remote kernel:"
"\"homogeneous id up to\" -> 3528\n"
"From remote kernel:"
"\"dropped eqs\" -> {{3529 -> 0.}}\n"
"From remote kernel:"
"\"boundary condition test\" -> {92, 0, -49999.92281156855}\n"
"From remote kernel:"
"\"boundary condition test\" -> {91, 0, -1.0000084562159332*^10}\n"
"From remote kernel:"
"\"boundary condition test\" -> {90, 0, -4.999992281156855*^9}\n"
"From remote kernel:"
"\"boundary condition test\" -> {89, 0, -4.999992281156855*^9}\n"
"From remote kernel:"
"\"block\" -> {80}\n"
"From remote kernel:"
"\"boundary condition test\" -> {80, 0, -49999.92281156855}\n"
"From remote kernel:"
"\"block\" -> {87, 88}\n"
"From remote kernel:"
"\"boundary condition test\" -> {88, 0, -4.999992281156855*^9}\n"
"From remote kernel:"
"\"boundary condition test\" -> {87, 0, 5.000092283002515*^9}\n"
"From remote kernel:"
"\"block\" -> {76}\n"
"From remote kernel:"
"\"boundary condition test\" -> {76, 0, 5.000092283002515*^9}\n"
"From remote kernel:"
"\"block\" -> {78}\n"
"From remote kernel:"
"\"boundary condition test\" -> {78, 0, 0.}\n"
"From remote kernel:"
"\"block\" -> {73}\n"
"From remote kernel:"
"\"boundary condition test\" -> {73, 0, 0.}\n"
"From remote kernel:"
"\"block\" -> {75}\n"
"From remote kernel:"
"\"boundary condition test\" -> {75, 0, 0.}\n"
"From remote kernel:"
"\"block\" -> {79}\n"
"From remote kernel:"
"\"boundary condition test\" -> {79, 0, 0.}\n"
"From remote kernel:"
"\"block\" -> {129}\n"
"From remote kernel:"
"\"boundary condition test\" -> {129, 0, 0.}\n"
"From remote kernel:"
"\"block\" -> {128}\n"
"From remote kernel:"
"\"boundary condition test\" -> {128, 0, 0.}\n"
"From remote kernel:"
"\"block\" -> {127}\n"
"From remote kernel:"
"\"boundary condition test\" -> {127, 0, 0.}\n"
"From remote kernel:"
"\"block\" -> {126}\n"
"From remote kernel:"
"\"boundary condition test\" -> {126, 0, 0.}\n"
"From remote kernel:"
"\"block\" -> {125}\n"
"From remote kernel:"
"\"boundary condition test\" -> {125, 0, 0.}\n"
"From remote kernel:"
"\"block\" -> {124}\n"
"From remote kernel:"
"\"boundary condition test\" -> {124, 0, 0.}\n"
"From remote kernel:"
"\"block\" -> {122}\n"
"From remote kernel:"
"\"boundary condition test\" -> {122, 0, 0.}\n"
"From remote kernel:"
"\"block\" -> {121}\n"
"From remote kernel:"
"\"boundary condition test\" -> {121, 0, 0.}\n"
"From remote kernel:"
"\"block\" -> {120}\n"
"From remote kernel:"
"\"boundary condition test\" -> {120, 0, 0.}\n"
"From remote kernel:"
"\"block\" -> {119}\n"
"From remote kernel:"
"\"boundary condition test\" -> {119, 0, 0.}\n"
"From remote kernel:"
"\"block\" -> {99}\n"
"From remote kernel:"
"\"boundary condition test\" -> {99, 0, 0.}\n"
"From remote kernel:"
"\"block\" -> {98}\n"
"From remote kernel:"
"\"boundary condition test\" -> {98, 0, 0.}\n"
"From remote kernel:"
"\"block\" -> {96}\n"
"From remote kernel:"
"\"boundary condition test\" -> {96, 0, 0.}\n"
"From remote kernel:"
"\"block\" -> {95}\n"
"From remote kernel:"
"\"boundary condition test\" -> {95, 0, 0.}\n"
"From remote kernel:"
"\"block\" -> {94}\n"
"From remote kernel:"
"\"boundary condition test\" -> {94, 0, 0.}\n"
"From remote kernel:"
"\"block\" -> {93}\n"
"From remote kernel:"
"\"boundary condition test\" -> {93, 0, 0.}\n"
"From remote kernel:"
"\"block\" -> {81}\n"
"From remote kernel:"
"\"boundary condition test\" -> {81, 0, 0.}\n"
"From remote kernel:"
"\"block\" -> {137, 138, 139, 140, 141}\n"
"From remote kernel:"
"\"homogeneous id up to\" -> 4410\n"
"From remote kernel:"
"\"dropped eqs\" -> {{4411 -> 0.}, {4411 -> 0.}, {4411 -> 0.}}\n"
"From remote kernel:"
"\"boundary condition test\" -> {141, 0, -1.0000084562159332*^10}\n"
"From remote kernel:"
"\"boundary condition test\" -> {140, 0, -4.999992281156855*^9}\n"
"From remote kernel:"
"\"boundary condition test\" -> {139, 0, -49999.92281156855}\n"
"From remote kernel:"
"\"boundary condition test\" -> {138, 0, -4.999992281156855*^9}\n"
"From remote kernel:"
"\"boundary condition test\" -> {137, 0, -4.999992281156855*^9}\n"
"From remote kernel:"
"\"block\" -> {142, 143, 144, 145, 146}\n"
"From remote kernel:"
"\"homogeneous id up to\" -> 4410\n"
"From remote kernel:"
"\"dropped eqs\" -> {{4411 -> 0.}, {4411 -> 0.}, {4411 -> 0.}, {4411 -> 0.}}\n"
"From remote kernel:"
"\"boundary condition test\" -> {146, 0, -16666.97427000826}\n"
"From remote kernel:"
"\"boundary condition test\" -> {145, 0, -1.0000234562927765*^10}\n"
"From remote kernel:"
"\"boundary condition test\" -> {144, 0, -49999.92281156855}\n"
"From remote kernel:"
"\"boundary condition test\" -> {143, 0, -16666.97427000826}\n"
"From remote kernel:"
"\"boundary condition test\" -> {142, 0, -49999.92281156855}\n"
"From remote kernel:"
"\"block\" -> {130}\n"
"From remote kernel:"
"\"boundary condition test\" -> {130, 0, -4.999992281156855*^9}\n"
"From remote kernel:"
"\"block\" -> {132}\n"
"From remote kernel:"
"\"boundary condition test\" -> {132, 0, -49999.92281156855}\n"
"From remote kernel:"
"\"block\" -> {133, 134, 135, 136}\n"
"From remote kernel:"
"\"homogeneous id up to\" -> 3528\n"
"From remote kernel:"
"\"dropped eqs\" -> {{3529 -> 0.}}\n"
"From remote kernel:"
"\"boundary condition test\" -> {136, 0, -49999.92281156855}\n"
"From remote kernel:"
"\"boundary condition test\" -> {135, 0, -1.0000084562159332*^10}\n"
"From remote kernel:"
"\"boundary condition test\" -> {134, 0, -4.999992281156855*^9}\n"
"From remote kernel:"
"\"boundary condition test\" -> {133, 0, -4.999992281156855*^9}\n"
"From remote kernel:"
"\"block\" -> {131}\n"
"From remote kernel:"
"\"boundary condition test\" -> {131, 0, 0.}\n"
"From remote kernel:"
"\"block\" -> {150}\n"
"From remote kernel:"
"\"boundary condition test\" -> {150, 0, 0.}\n"
"From remote kernel:"
"\"block\" -> {149}\n"
"From remote kernel:"
"\"boundary condition test\" -> {149, 0, 0.}\n"
"From remote kernel:"
"\"block\" -> {148}\n"
"From remote kernel:"
"\"boundary condition test\" -> {148, 0, 0.}\n"
"From remote kernel:"
"\"block\" -> {147}\n"
"From remote kernel:"
"\"boundary condition test\" -> {147, 0, 0.}\n"
"From remote kernel:"
"\"block\" -> {151, 152, 153, 154, 155}\n"
"From remote kernel:"
"\"homogeneous id up to\" -> 4410\n"
"From remote kernel:"
"\"dropped eqs\" -> {{4411 -> 0.}, {4411 -> 0.}, {4411 -> 0.}, {4411 -> 0.}, {4411 -> 0.}}\n"
"From remote kernel:"
"\"boundary condition test\" -> {155, 0, -3.0000803691128925*^10}\n"
"From remote kernel:"
"\"boundary condition test\" -> {154, 0, -1.0000234562927765*^10}\n"
"From remote kernel:"
"\"boundary condition test\" -> {153, 0, -49999.92281156855}\n"
"From remote kernel:"
"\"boundary condition test\" -> {152, 0, -16666.97427000826}\n"
"From remote kernel:"
"\"boundary condition test\" -> {151, 0, -49999.92281156855}\n"
"From remote kernel:"
"\"block\" -> {110}\n"
"From remote kernel:"
"\"boundary condition test\" -> {110, 0, -4.999992281156855*^9}\n"
"From remote kernel:"
"\"block\" -> {86}\n"
"From remote kernel:"
"\"boundary condition test\" -> {86, 0, 5.000092283002515*^9}\n"
"From remote kernel:"
"\"block\" -> {49}\n"
"From remote kernel:"
"\"boundary condition test\" -> {49, 0, -4.999992281156855*^9}\n"
"From remote kernel:"
"\"block\" -> {45}\n"
"From remote kernel:"
"\"boundary condition test\" -> {45, 0, 5.000092283002515*^9}\n"
"From remote kernel:"
"\"block\" -> {53}\n"
"From remote kernel:"
"\"boundary condition test\" -> {53, 0, 5.000092283002515*^9}\n"
"From remote kernel:"
"\"block\" -> {42}\n"
"From remote kernel:"
"\"boundary condition test\" -> {42, 0, 5.000092283002515*^9}\n"
"From remote kernel:"
"\"block\" -> {10}\n"
"From remote kernel:"
"\"boundary condition test\" -> {10, 0, 5.000092283002515*^9}\n"
"From remote kernel:"
"\"block\" -> {14}\n"
"From remote kernel:"
"\"boundary condition test\" -> {14, 0, 5.000092283002515*^9}\n"
"From remote kernel:"
"\"block\" -> {123}\n"
"From remote kernel:"
"\"boundary condition test\" -> {123, 0, 0.}\n"
"From remote kernel:"
"\"block\" -> {118}\n"
"From remote kernel:"
"\"boundary condition test\" -> {118, 0, 0.}\n"
"From remote kernel:"
"\"block\" -> {97}\n"
"From remote kernel:"
"\"boundary condition test\" -> {97, 0, 0.}\n"
"From remote kernel:"
"\"block\" -> {70}\n"
"From remote kernel:"
"\"boundary condition test\" -> {70, 0, 0.}\n"
"From remote kernel:"
"\"block\" -> {68}\n"
"From remote kernel:"
"\"boundary condition test\" -> {68, 0, 0.}\n"
"From remote kernel:"
"\"block\" -> {65}\n"
"From remote kernel:"
"\"boundary condition test\" -> {65, 0, 0.}\n"
"From remote kernel:"
"\"block\" -> {61}\n"
"From remote kernel:"
"\"boundary condition test\" -> {61, 0, 0.}\n"
"From remote kernel:"
"\"block\" -> {58}\n"
"From remote kernel:"
"\"boundary condition test\" -> {58, 0, 0.}\n"
"From remote kernel:"
"\"block\" -> {56}\n"
"From remote kernel:"
"\"boundary condition test\" -> {56, 0, 0.}\n"
"From remote kernel:"
"\"block\" -> {28}\n"
"From remote kernel:"
"\"boundary condition test\" -> {28, 0, 0.}\n"
"From remote kernel:"
"\"block\" -> {25}\n"
"From remote kernel:"
"\"boundary condition test\" -> {25, 0, 0.}\n"
"From remote kernel:"
"\"block\" -> {23}\n"
"From remote kernel:"
"\"boundary condition test\" -> {23, 0, 0.}\n"
"From remote kernel:"
"\"block\" -> {20}\n"
"From remote kernel:"
"\"boundary condition test\" -> {20, 0, 0.}\n"
"From remote kernel:"
"\"block\" -> {17}\n"
"From remote kernel:"
"\"boundary condition test\" -> {17, 0, 0.}\n"
"From remote kernel:"
"\"AMFlow: Infinity solved in 326s.\"\n"
"From remote kernel:"
"\"AMFlow: running among regular points...\"\n"
"From remote kernel:"
"\"current regular point\" -> 25.43239356145732 - 25.43239356145732*I\n"
"From remote kernel:"
"\"current regular point\" -> 16.062936000196252 - 16.062936000196252*I\n"
"From remote kernel:"
"\"current regular point\" -> 10.343384402141227 - 10.343384402141227*I\n"
"From remote kernel:"
"\"current regular point\" -> 6.965010811925178 - 6.965010811925178*I\n"
"From remote kernel:"
"\"current regular point\" -> 4.558346311542888 - 4.558346311542888*I\n"
"From remote kernel:"
"\"current regular point\" -> 3.16616556087276 - 3.16616556087276*I\n"
"From remote kernel:"
"\"current regular point\" -> 2.4671756809010676 - 2.4671756809010676*I\n"
"From remote kernel:"
"\"current regular point\" -> 2.111923118708012 - 2.111923118708012*I\n"
"From remote kernel:"
"\"current regular point\" -> 1.9230878360255852 - 1.9230878360255852*I\n"
"From remote kernel:"
"\"current regular point\" -> 1.8081322528901669 - 1.8081322528901669*I\n"
"From remote kernel:"
"\"current regular point\" -> 1.71712467947251 - 1.71712467947251*I\n"
"From remote kernel:"
"\"current regular point\" -> 1.6219219403583678 - 1.6219219403583678*I\n"
"From remote kernel:"
"\"current regular point\" -> 1.502286294708529 - 1.502286294708529*I\n"
"From remote kernel:"
"\"current regular point\" -> 1.3369547005971765 - 1.3369547005971765*I\n"
"From remote kernel:"
"\"current regular point\" -> 1.0979803871498037 - 1.0979803871498037*I\n"
"From remote kernel:"
"\"current regular point\" -> 0.768331864372031 - 0.768331864372031*I\n"
"From remote kernel:"
"\"current regular point\" -> 0.39835087628916893 - 0.39835087628916893*I\n"
"From remote kernel:"
"\"AMFlow: regular running finished in 645s.\"\n"
"From remote kernel:"
"\"AMFlow: solving near the last point...\"\n"
"From remote kernel:"
"\"NormalizeMat finished in 104s.\"\n"
"From remote kernel:"
"\"LearnXOrder is negative. skip learning phase.\"\n"
"From remote kernel:"
"\"block\" -> {1}\n"
"From remote kernel:"
"\"behavior\" -> {{0, 0}}\n"
"From remote kernel:"
"\"number of constraints and variables\" -> {1, 1}\n"
"From remote kernel:"
"\"block\" -> {11, 12, 13}\n"
"From remote kernel:"
"\"behavior\" -> {{0, 1}}\n"
"From remote kernel:"
"\"number of constraints and variables\" -> {3, 3}\n"
"From remote kernel:"
"\"block\" -> {5}\n"
"From remote kernel:"
"\"behavior\" -> {{49999/50000, 0}, {0, 0}}\n"
"From remote kernel:"
"\"number of constraints and variables\" -> {1, 1}\n"
"From remote kernel:"
"\"block\" -> {27}\n"
"From remote kernel:"
"\"behavior\" -> {{0, 0}}\n"
"From remote kernel:"
"\"number of constraints and variables\" -> {1, 1}\n"
"From remote kernel:"
"\"block\" -> {26}\n"
"From remote kernel:"
"\"behavior\" -> {{0, 0}}\n"
"From remote kernel:"
"\"number of constraints and variables\" -> {1, 1}\n"
"From remote kernel:"
"\"block\" -> {46, 47, 48}\n"
"From remote kernel:"
"\"behavior\" -> {{0, 2}, {49999/50000, 1}}\n"
"From remote kernel:"
"\"number of constraints and variables\" -> {6, 6}\n"
"From remote kernel:"
"\"block\" -> {6}\n"
"From remote kernel:"
"\"behavior\" -> {{49999/50000, 0}, {0, 0}}\n"
"From remote kernel:"
"\"number of constraints and variables\" -> {1, 1}\n"
"From remote kernel:"
"\"block\" -> {24}\n"
"From remote kernel:"
"\"behavior\" -> {{0, 0}}\n"
"From remote kernel:"
"\"number of constraints and variables\" -> {1, 1}\n"
"From remote kernel:"
"\"block\" -> {4}\n"
"From remote kernel:"
"\"behavior\" -> {{0, 0}}\n"
"From remote kernel:"
"\"number of constraints and variables\" -> {1, 1}\n"
"From remote kernel:"
"\"block\" -> {108}\n"
"From remote kernel:"
"\"behavior\" -> {{49999/50000, 2}, {0, 2}}\n"
"From remote kernel:"
"\"number of constraints and variables\" -> {1, 1}\n"
"From remote kernel:"
"\"block\" -> {36}\n"
"From remote kernel:"
"\"behavior\" -> {{49999/50000, 0}, {0, 1}}\n"
"From remote kernel:"
"\"number of constraints and variables\" -> {1, 1}\n"
"From remote kernel:"
"\"block\" -> {38}\n"
"From remote kernel:"
"\"behavior\" -> {{24999/25000, 0}, {0, 0}, {49999/50000, 0}}\n"
"From remote kernel:"
"\"number of constraints and variables\" -> {1, 1}\n"
"From remote kernel:"
"\"block\" -> {15, 16}\n"
"From remote kernel:"
"\"behavior\" -> {{0, 0}, {24999/25000, 0}}\n"
"From remote kernel:"
"\"number of constraints and variables\" -> {4, 4}\n"
"From remote kernel:"
"\"block\" -> {35}\n"
"From remote kernel:"
"\"behavior\" -> {{49999/50000, 0}, {0, 0}}\n"
"From remote kernel:"
"\"number of constraints and variables\" -> {1, 1}\n"
"From remote kernel:"
"\"block\" -> {67}\n"
"From remote kernel:"
"\"behavior\" -> {{0, 0}}\n"
"From remote kernel:"
"\"number of constraints and variables\" -> {1, 1}\n"
"From remote kernel:"
"\"block\" -> {66}\n"
"From remote kernel:"
"\"behavior\" -> {{0, 0}}\n"
"From remote kernel:"
"\"number of constraints and variables\" -> {1, 1}\n"
"From remote kernel:"
"\"block\" -> {29}\n"
"From remote kernel:"
"\"behavior\" -> {{0, 0}}\n"
"From remote kernel:"
"\"number of constraints and variables\" -> {1, 1}\n"
"From remote kernel:"
"\"block\" -> {7}\n"
"From remote kernel:"
"\"behavior\" -> {{0, 0}}\n"
"From remote kernel:"
"\"number of constraints and variables\" -> {1, 1}\n"
"From remote kernel:"
"\"block\" -> {2}\n"
"From remote kernel:"
"\"behavior\" -> {{0, 0}}\n"
"From remote kernel:"
"\"number of constraints and variables\" -> {1, 1}\n"
"From remote kernel:"
"\"block\" -> {105, 107, 109}\n"
"From remote kernel:"
"\"behavior\" -> {{0, 3}, {49999/50000, 3}, {24999/25000, 0}}\n"
"From remote kernel:"
"\"number of constraints and variables\" -> {6, 6}\n"
"From remote kernel:"
"\"block\" -> {50, 51, 52}\n"
"From remote kernel:"
"\"behavior\" -> {{0, 2}, {24999/25000, 0}}\n"
"From remote kernel:"
"\"number of constraints and variables\" -> {3, 3}\n"
"From remote kernel:"
"\"block\" -> {54, 55}\n"
"From remote kernel:"
"\"behavior\" -> {{0, 1}, {49999/50000, 0}, {24999/25000, 0}}\n"
"From remote kernel:"
"\"number of constraints and variables\" -> {4, 4}\n"
"From remote kernel:"
"\"block\" -> {3}\n"
"From remote kernel:"
"\"behavior\" -> {{0, 1}}\n"
"From remote kernel:"
"\"number of constraints and variables\" -> {1, 1}\n"
"From remote kernel:"
"\"block\" -> {39}\n"
"From remote kernel:"
"\"behavior\" -> {{49999/50000, 0}, {0, 0}}\n"
"From remote kernel:"
"\"number of constraints and variables\" -> {1, 1}\n"
"From remote kernel:"
"\"block\" -> {72}\n"
"From remote kernel:"
"\"behavior\" -> {{0, 0}}\n"
"From remote kernel:"
"\"number of constraints and variables\" -> {1, 1}\n"
"From remote kernel:"
"\"block\" -> {71}\n"
"From remote kernel:"
"\"behavior\" -> {{0, 0}}\n"
"From remote kernel:"
"\"number of constraints and variables\" -> {1, 1}\n"
"From remote kernel:"
"\"block\" -> {69}\n"
"From remote kernel:"
"\"behavior\" -> {{0, 0}}\n"
"From remote kernel:"
"\"number of constraints and variables\" -> {1, 1}\n"
"From remote kernel:"
"\"block\" -> {37}\n"
"From remote kernel:"
"\"behavior\" -> {{0, 0}}\n"
"From remote kernel:"
"\"number of constraints and variables\" -> {1, 1}\n"
"From remote kernel:"
"\"block\" -> {22}\n"
"From remote kernel:"
"\"behavior\" -> {{0, 0}}\n"
"From remote kernel:"
"\"number of constraints and variables\" -> {1, 1}\n"
"From remote kernel:"
"\"block\" -> {21}\n"
"From remote kernel:"
"\"behavior\" -> {{0, 0}}\n"
"From remote kernel:"
"\"number of constraints and variables\" -> {1, 1}\n"
"From remote kernel:"
"\"block\" -> {19}\n"
"From remote kernel:"
"\"behavior\" -> {{0, 0}}\n"
"From remote kernel:"
"\"number of constraints and variables\" -> {1, 1}\n"
"From remote kernel:"
"\"block\" -> {18}\n"
"From remote kernel:"
"\"behavior\" -> {{0, 0}}\n"
"From remote kernel:"
"\"number of constraints and variables\" -> {1, 1}\n"
"From remote kernel:"
"\"block\" -> {9}\n"
"From remote kernel:"
"\"behavior\" -> {{0, 0}}\n"
"From remote kernel:"
"\"number of constraints and variables\" -> {1, 1}\n"
"From remote kernel:"
"\"block\" -> {8}\n"
"From remote kernel:"
"\"behavior\" -> {{0, 0}}\n"
"From remote kernel:"
"\"number of constraints and variables\" -> {1, 1}\n"
"From remote kernel:"
"\"block\" -> {111, 112, 113, 114, 115, 116, 117}\n"
"From remote kernel:"
"\"behavior\" -> {{0, 3}, {49999/50000, 2}, {24999/25000, 0}}\n"
"From remote kernel:"
"\"number of constraints and variables\" -> {14, 14}\n"
"From remote kernel:"
"\"block\" -> {106}\n"
"From remote kernel:"
"\"behavior\" -> {{0, 4}, {49999/50000, 3}, {24999/25000, 0}}\n"
"From remote kernel:"
"\"number of constraints and variables\" -> {1, 1}\n"
"From remote kernel:"
"\"block\" -> {89, 90, 91}\n"
"From remote kernel:"
"\"behavior\" -> {{0, 2}, {49999/50000, 1}, {24999/25000, 0}}\n"
"From remote kernel:"
"\"number of constraints and variables\" -> {6, 6}\n"
"From remote kernel:"
"\"block\" -> {80}\n"
"From remote kernel:"
"\"behavior\" -> {{49999/50000, 0}, {0, 2}, {24999/25000, 0}}\n"
"From remote kernel:"
"\"number of constraints and variables\" -> {1, 1}\n"
"From remote kernel:"
"\"block\" -> {33}\n"
"From remote kernel:"
"\"behavior\" -> {{0, 2}}\n"
"From remote kernel:"
"\"number of constraints and variables\" -> {1, 1}\n"
"From remote kernel:"
"\"block\" -> {32}\n"
"From remote kernel:"
"\"behavior\" -> {{49999/50000, 1}, {0, 1}}\n"
"From remote kernel:"
"\"number of constraints and variables\" -> {1, 1}\n"
"From remote kernel:"
"\"block\" -> {43, 44}\n"
"From remote kernel:"
"\"behavior\" -> {{0, 1}, {24999/25000, 1}}\n"
"From remote kernel:"
"\"number of constraints and variables\" -> {4, 4}\n"
"From remote kernel:"
"\"block\" -> {31}\n"
"From remote kernel:"
"\"behavior\" -> {{49999/50000, 0}, {0, 1}}\n"
"From remote kernel:"
"\"number of constraints and variables\" -> {1, 1}\n"
"From remote kernel:"
"\"block\" -> {34}\n"
"From remote kernel:"
"\"behavior\" -> {{0, 1}}\n"
"From remote kernel:"
"\"number of constraints and variables\" -> {1, 1}\n"
"From remote kernel:"
"\"block\" -> {30}\n"
"From remote kernel:"
"\"behavior\" -> {{0, 1}}\n"
"From remote kernel:"
"\"number of constraints and variables\" -> {1, 1}\n"
"From remote kernel:"
"\"block\" -> {79}\n"
"From remote kernel:"
"\"behavior\" -> {{49999/50000, 0}, {0, 0}}\n"
"From remote kernel:"
"\"number of constraints and variables\" -> {1, 1}\n"
"From remote kernel:"
"\"block\" -> {99}\n"
"From remote kernel:"
"\"behavior\" -> {{0, 0}}\n"
"From remote kernel:"
"\"number of constraints and variables\" -> {1, 1}\n"
"From remote kernel:"
"\"block\" -> {98}\n"
"From remote kernel:"
"\"behavior\" -> {{0, 0}}\n"
"From remote kernel:"
"\"number of constraints and variables\" -> {1, 1}\n"
"From remote kernel:"
"\"block\" -> {64}\n"
"From remote kernel:"
"\"behavior\" -> {{0, 0}}\n"
"From remote kernel:"
"\"number of constraints and variables\" -> {1, 1}\n"
"From remote kernel:"
"\"block\" -> {63}\n"
"From remote kernel:"
"\"behavior\" -> {{0, 0}}\n"
"From remote kernel:"
"\"number of constraints and variables\" -> {1, 1}\n"
"From remote kernel:"
"\"block\" -> {62}\n"
"From remote kernel:"
"\"behavior\" -> {{0, 0}}\n"
"From remote kernel:"
"\"number of constraints and variables\" -> {1, 1}\n"
"From remote kernel:"
"\"block\" -> {60}\n"
"From remote kernel:"
"\"behavior\" -> {{0, 0}}\n"
"From remote kernel:"
"\"number of constraints and variables\" -> {1, 1}\n"
"From remote kernel:"
"\"block\" -> {59}\n"
"From remote kernel:"
"\"behavior\" -> {{0, 0}}\n"
"From remote kernel:"
"\"number of constraints and variables\" -> {1, 1}\n"
"From remote kernel:"
"\"block\" -> {57}\n"
"From remote kernel:"
"\"behavior\" -> {{0, 0}}\n"
"From remote kernel:"
"\"number of constraints and variables\" -> {1, 1}\n"
"From remote kernel:"
"\"block\" -> {41}\n"
"From remote kernel:"
"\"behavior\" -> {{0, 0}}\n"
"From remote kernel:"
"\"number of constraints and variables\" -> {1, 1}\n"
"From remote kernel:"
"\"block\" -> {40}\n"
"From remote kernel:"
"\"behavior\" -> {{0, 0}}\n"
"From remote kernel:"
"\"number of constraints and variables\" -> {1, 1}\n"
"From remote kernel:"
"\"block\" -> {142, 143, 144, 145}\n"
"From remote kernel:"
"\"behavior\" -> {{0, 5}, {49999/50000, 4}, {24999/25000, 0}}\n"
"From remote kernel:"
"\"number of constraints and variables\" -> {8, 8}\n"
"From remote kernel:"
"\"block\" -> {100, 101, 102, 103, 104}\n"
"From remote kernel:"
"\"behavior\" -> {{0, 3}, {49999/50000, 0}, {24999/25000, 1}}\n"
"From remote kernel:"
"\"number of constraints and variables\" -> {10, 10}\n"
"From remote kernel:"
"\"block\" -> {77}\n"
"From remote kernel:"
"\"behavior\" -> {{49999/50000, 2}, {0, 2}}\n"
"From remote kernel:"
"\"number of constraints and variables\" -> {1, 1}\n"
"From remote kernel:"
"\"block\" -> {74}\n"
"From remote kernel:"
"\"behavior\" -> {{0, 3}, {49999/50000, 1}}\n"
"From remote kernel:"
"\"number of constraints and variables\" -> {1, 1}\n"
"From remote kernel:"
"\"block\" -> {82, 83, 84, 85}\n"
"From remote kernel:"
"\"behavior\" -> {{0, 2}, {24999/25000, 2}, {49999/50000, 1}}\n"
"From remote kernel:"
"\"number of constraints and variables\" -> {8, 8}\n"
"From remote kernel:"
"\"block\" -> {92}\n"
"From remote kernel:"
"\"behavior\" -> {{49999/50000, 2}, {0, 2}, {24999/25000, 0}}\n"
"From remote kernel:"
"\"number of constraints and variables\" -> {1, 1}\n"
"From remote kernel:"
"\"block\" -> {87, 88}\n"
"From remote kernel:"
"\"behavior\" -> {{0, 2}, {49999/50000, 1}, {24999/25000, 1}}\n"
"From remote kernel:"
"\"number of constraints and variables\" -> {4, 4}\n"
"From remote kernel:"
"\"block\" -> {76}\n"
"From remote kernel:"
"\"behavior\" -> {{24999/25000, 0}, {0, 1}, {49999/50000, 1}}\n"
"From remote kernel:"
"\"number of constraints and variables\" -> {1, 1}\n"
"From remote kernel:"
"\"block\" -> {78}\n"
"From remote kernel:"
"\"behavior\" -> {{49999/50000, 0}, {0, 1}}\n"
"From remote kernel:"
"\"number of constraints and variables\" -> {1, 1}\n"
"From remote kernel:"
"\"block\" -> {73}\n"
"From remote kernel:"
"\"behavior\" -> {{49999/50000, 0}, {0, 1}}\n"
"From remote kernel:"
"\"number of constraints and variables\" -> {1, 1}\n"
"From remote kernel:"
"\"block\" -> {75}\n"
"From remote kernel:"
"\"behavior\" -> {{0, 1}}\n"
"From remote kernel:"
"\"number of constraints and variables\" -> {1, 1}\n"
"From remote kernel:"
"\"block\" -> {129}\n"
"From remote kernel:"
"\"behavior\" -> {{0, 0}}\n"
"From remote kernel:"
"\"number of constraints and variables\" -> {1, 1}\n"
"From remote kernel:"
"\"block\" -> {128}\n"
"From remote kernel:"
"\"behavior\" -> {{0, 0}}\n"
"From remote kernel:"
"\"number of constraints and variables\" -> {1, 1}\n"
"From remote kernel:"
"\"block\" -> {127}\n"
"From remote kernel:"
"\"behavior\" -> {{0, 0}}\n"
"From remote kernel:"
"\"number of constraints and variables\" -> {1, 1}\n"
"From remote kernel:"
"\"block\" -> {126}\n"
"From remote kernel:"
"\"behavior\" -> {{0, 0}}\n"
"From remote kernel:"
"\"number of constraints and variables\" -> {1, 1}\n"
"From remote kernel:"
"\"block\" -> {125}\n"
"From remote kernel:"
"\"behavior\" -> {{0, 0}}\n"
"From remote kernel:"
"\"number of constraints and variables\" -> {1, 1}\n"
"From remote kernel:"
"\"block\" -> {124}\n"
"From remote kernel:"
"\"behavior\" -> {{0, 0}}\n"
"From remote kernel:"
"\"number of constraints and variables\" -> {1, 1}\n"
"From remote kernel:"
"\"block\" -> {122}\n"
"From remote kernel:"
"\"behavior\" -> {{0, 0}}\n"
"From remote kernel:"
"\"number of constraints and variables\" -> {1, 1}\n"
"From remote kernel:"
"\"block\" -> {121}\n"
"From remote kernel:"
"\"behavior\" -> {{0, 0}}\n"
"From remote kernel:"
"\"number of constraints and variables\" -> {1, 1}\n"
"From remote kernel:"
"\"block\" -> {120}\n"
"From remote kernel:"
"\"behavior\" -> {{0, 0}}\n"
"From remote kernel:"
"\"number of constraints and variables\" -> {1, 1}\n"
"From remote kernel:"
"\"block\" -> {119}\n"
"From remote kernel:"
"\"behavior\" -> {{0, 0}}\n"
"From remote kernel:"
"\"number of constraints and variables\" -> {1, 1}\n"
"From remote kernel:"
"\"block\" -> {96}\n"
"From remote kernel:"
"\"behavior\" -> {{0, 0}}\n"
"From remote kernel:"
"\"number of constraints and variables\" -> {1, 1}\n"
"From remote kernel:"
"\"block\" -> {95}\n"
"From remote kernel:"
"\"behavior\" -> {{0, 0}}\n"
"From remote kernel:"
"\"number of constraints and variables\" -> {1, 1}\n"
"From remote kernel:"
"\"block\" -> {94}\n"
"From remote kernel:"
"\"behavior\" -> {{0, 0}}\n"
"From remote kernel:"
"\"number of constraints and variables\" -> {1, 1}\n"
"From remote kernel:"
"\"block\" -> {93}\n"
"From remote kernel:"
"\"behavior\" -> {{0, 0}}\n"
"From remote kernel:"
"\"number of constraints and variables\" -> {1, 1}\n"
"From remote kernel:"
"\"block\" -> {81}\n"
"From remote kernel:"
"\"behavior\" -> {{0, 0}}\n"
"From remote kernel:"
"\"number of constraints and variables\" -> {1, 1}\n"
"From remote kernel:"
"\"block\" -> {137, 138, 139, 140, 141}\n"
"From remote kernel:"
"\"behavior\" -> {{0, 4}, {49999/50000, 3}, {24999/25000, 1}}\n"
"From remote kernel:"
"\"number of constraints and variables\" -> {10, 10}\n"
"From remote kernel:"
"\"block\" -> {146}\n"
"From remote kernel:"
"\"behavior\" -> {{49999/50000, 5}, {0, 5}, {24999/25000, 0}}\n"
"From remote kernel:"
"\"number of constraints and variables\" -> {1, 1}\n"
"From remote kernel:"
"\"block\" -> {130}\n"
"From remote kernel:"
"\"behavior\" -> {{49999/50000, 4}, {0, 4}, {24999/25000, 0}}\n"
"From remote kernel:"
"\"number of constraints and variables\" -> {1, 1}\n"
"From remote kernel:"
"\"block\" -> {132}\n"
"From remote kernel:"
"\"behavior\" -> {{0, 4}, {49999/50000, 1}, {24999/25000, 2}}\n"
"From remote kernel:"
"\"number of constraints and variables\" -> {1, 1}\n"
"From remote kernel:"
"\"block\" -> {133, 134, 135, 136}\n"
"From remote kernel:"
"\"behavior\" -> {{0, 3}, {49999/50000, 3}, {24999/25000, 2}}\n"
"From remote kernel:"
"\"number of constraints and variables\" -> {8, 8}\n"
"From remote kernel:"
"\"block\" -> {131}\n"
"From remote kernel:"
"\"behavior\" -> {{49999/50000, 0}, {0, 1}}\n"
"From remote kernel:"
"\"number of constraints and variables\" -> {1, 1}\n"
"From remote kernel:"
"\"block\" -> {150}\n"
"From remote kernel:"
"\"behavior\" -> {{0, 0}}\n"
"From remote kernel:"
"\"number of constraints and variables\" -> {1, 1}\n"
"From remote kernel:"
"\"block\" -> {149}\n"
"From remote kernel:"
"\"behavior\" -> {{0, 0}}\n"
"From remote kernel:"
"\"number of constraints and variables\" -> {1, 1}\n"
"From remote kernel:"
"\"block\" -> {148}\n"
"From remote kernel:"
"\"behavior\" -> {{0, 0}}\n"
"From remote kernel:"
"\"number of constraints and variables\" -> {1, 1}\n"
"From remote kernel:"
"\"block\" -> {147}\n"
"From remote kernel:"
"\"behavior\" -> {{0, 0}}\n"
"From remote kernel:"
"\"number of constraints and variables\" -> {1, 1}\n"
"From remote kernel:"
"\"block\" -> {151, 152, 153, 154, 155}\n"
"From remote kernel:"
"\"behavior\" -> {{0, 6}, {49999/50000, 6}, {24999/25000, 2}}\n"
"From remote kernel:"
"\"number of constraints and variables\" -> {10, 10}\n"
"From remote kernel:"
"\"block\" -> {110}\n"
"From remote kernel:"
"\"behavior\" -> {{0, 4}, {24999/25000, 0}, {49999/50000, 2}}\n"
"From remote kernel:"
"\"number of constraints and variables\" -> {1, 1}\n"
"From remote kernel:"
"\"block\" -> {86}\n"
"From remote kernel:"
"\"behavior\" -> {{0, 3}, {24999/25000, 1}, {49999/50000, 1}}\n"
"From remote kernel:"
"\"number of constraints and variables\" -> {1, 1}\n"
"From remote kernel:"
"\"block\" -> {49}\n"
"From remote kernel:"
"\"behavior\" -> {{0, 3}, {24999/25000, 0}}\n"
"From remote kernel:"
"\"number of constraints and variables\" -> {1, 1}\n"
"From remote kernel:"
"\"block\" -> {45}\n"
"From remote kernel:"
"\"behavior\" -> {{0, 3}, {49999/50000, 1}}\n"
"From remote kernel:"
"\"number of constraints and variables\" -> {1, 1}\n"
"From remote kernel:"
"\"block\" -> {53}\n"
"From remote kernel:"
"\"behavior\" -> {{0, 2}, {24999/25000, 0}, {49999/50000, 0}}\n"
"From remote kernel:"
"\"number of constraints and variables\" -> {1, 1}\n"
"From remote kernel:"
"\"block\" -> {42}\n"
"From remote kernel:"
"\"behavior\" -> {{0, 2}, {24999/25000, 1}}\n"
"From remote kernel:"
"\"number of constraints and variables\" -> {1, 1}\n"
"From remote kernel:"
"\"block\" -> {10}\n"
"From remote kernel:"
"\"behavior\" -> {{0, 2}}\n"
"From remote kernel:"
"\"number of constraints and variables\" -> {1, 1}\n"
"From remote kernel:"
"\"block\" -> {14}\n"
"From remote kernel:"
"\"behavior\" -> {{0, 1}, {24999/25000, 0}}\n"
"From remote kernel:"
"\"number of constraints and variables\" -> {1, 1}\n"
"From remote kernel:"
"\"block\" -> {123}\n"
"From remote kernel:"
"\"behavior\" -> {{0, 0}}\n"
"From remote kernel:"
"\"number of constraints and variables\" -> {1, 1}\n"
"From remote kernel:"
"\"block\" -> {118}\n"
"From remote kernel:"
"\"behavior\" -> {{0, 0}}\n"
"From remote kernel:"
"\"number of constraints and variables\" -> {1, 1}\n"
"From remote kernel:"
"\"block\" -> {97}\n"
"From remote kernel:"
"\"behavior\" -> {{0, 0}}\n"
"From remote kernel:"
"\"number of constraints and variables\" -> {1, 1}\n"
"From remote kernel:"
"\"block\" -> {70}\n"
"From remote kernel:"
"\"behavior\" -> {{0, 0}}\n"
"From remote kernel:"
"\"number of constraints and variables\" -> {1, 1}\n"
"From remote kernel:"
"\"block\" -> {68}\n"
"From remote kernel:"
"\"behavior\" -> {{0, 0}}\n"
"From remote kernel:"
"\"number of constraints and variables\" -> {1, 1}\n"
"From remote kernel:"
"\"block\" -> {65}\n"
"From remote kernel:"
"\"behavior\" -> {{0, 0}}\n"
"From remote kernel:"
"\"number of constraints and variables\" -> {1, 1}\n"
"From remote kernel:"
"\"block\" -> {61}\n"
"From remote kernel:"
"\"behavior\" -> {{0, 0}}\n"
"From remote kernel:"
"\"number of constraints and variables\" -> {1, 1}\n"
"From remote kernel:"
"\"block\" -> {58}\n"
"From remote kernel:"
"\"behavior\" -> {{0, 0}}\n"
"From remote kernel:"
"\"number of constraints and variables\" -> {1, 1}\n"
"From remote kernel:"
"\"block\" -> {56}\n"
"From remote kernel:"
"\"behavior\" -> {{0, 0}}\n"
"From remote kernel:"
"\"number of constraints and variables\" -> {1, 1}\n"
"From remote kernel:"
"\"block\" -> {28}\n"
"From remote kernel:"
"\"behavior\" -> {{0, 0}}\n"
"From remote kernel:"
"\"number of constraints and variables\" -> {1, 1}\n"
"From remote kernel:"
"\"block\" -> {25}\n"
"From remote kernel:"
"\"behavior\" -> {{0, 0}}\n"
"From remote kernel:"
"\"number of constraints and variables\" -> {1, 1}\n"
"From remote kernel:"
"\"block\" -> {23}\n"
"From remote kernel:"
"\"behavior\" -> {{0, 0}}\n"
"From remote kernel:"
"\"number of constraints and variables\" -> {1, 1}\n"
"From remote kernel:"
"\"block\" -> {20}\n"
"From remote kernel:"
"\"behavior\" -> {{0, 0}}\n"
"From remote kernel:"
"\"number of constraints and variables\" -> {1, 1}\n"
"From remote kernel:"
"\"block\" -> {17}\n"
"From remote kernel:"
"\"behavior\" -> {{0, 0}}\n"
"From remote kernel:"
"\"number of constraints and variables\" -> {1, 1}\n"
"From remote kernel:"
"\"AMFlow: last point solved in 412s.\"\n"
"From remote kernel:"
"\"dropped terms when pickzero\" -> {0.}\n"
"From remote kernel:"
"\"dropped terms when pickzero\" -> {0.}\n"
"From remote kernel:"
"\"dropped terms when pickzero\" -> {0., 0.}\n"
"From remote kernel:"
"\"dropped terms when pickzero\" -> {0., 0.}\n"
"From remote kernel:"
"\"dropped terms when pickzero\" -> {0.}\n"
"From remote kernel:"
"\"dropped terms when pickzero\" -> {0.}\n"
"From remote kernel:"
"\"dropped terms when pickzero\" -> {0.}\n"
"From remote kernel:"
"\"dropped terms when pickzero\" -> {0.}\n"
"From remote kernel:"
"\"dropped terms when pickzero\" -> {0.}\n"
"From remote kernel:"
"\"dropped terms when pickzero\" -> {0., 0.}\n"
"From remote kernel:"
"\"dropped terms when pickzero\" -> {0., 0.}\n"
"From remote kernel:"
"\"dropped terms when pickzero\" -> {0.}\n"
"From remote kernel:"
"\"dropped terms when pickzero\" -> {0., 0.}\n"
"From remote kernel:"
"\"dropped terms when pickzero\" -> {0.}\n"
"From remote kernel:"
"\"dropped terms when pickzero\" -> {0., 0.}\n"
"From remote kernel:"
"\"dropped terms when pickzero\" -> {0., 0.}\n"
"From remote kernel:"
"\"dropped terms when pickzero\" -> {0.}\n"
"From remote kernel:"
"\"dropped terms when pickzero\" -> {0.}\n"
"From remote kernel:"
"\"dropped terms when pickzero\" -> {0.}\n"
"From remote kernel:"
"\"dropped terms when pickzero\" -> {0., 0., 0.}\n"
"From remote kernel:"
"\"dropped terms when pickzero\" -> {0., 0.}\n"
"From remote kernel:"
"\"dropped terms when pickzero\" -> {0., 0.}\n"
"From remote kernel:"
"\"dropped terms when pickzero\" -> {0., 0., 0., 0.}\n"
"From remote kernel:"
"\"dropped terms when pickzero\" -> {0.}\n"
"From remote kernel:"
"\"dropped terms when pickzero\" -> {0., 0.}\n"
"From remote kernel:"
"\"dropped terms when pickzero\" -> {0., 0.}\n"
"From remote kernel:"
"\"dropped terms when pickzero\" -> {0.}\n"
"From remote kernel:"
"\"dropped terms when pickzero\" -> {0.}\n"
"From remote kernel:"
"\"dropped terms when pickzero\" -> {0.}\n"
"From remote kernel:"
"\"dropped terms when pickzero\" -> {0., 0.}\n"
"From remote kernel:"
"\"dropped terms when pickzero\" -> {0., 0.}\n"
"From remote kernel:"
"\"dropped terms when pickzero\" -> {0., 0.}\n"
"From remote kernel:"
"\"dropped terms when pickzero\" -> {0.}\n"
"From remote kernel:"
"\"dropped terms when pickzero\" -> {0., 0.}\n"
"From remote kernel:"
"\"dropped terms when pickzero\" -> {0.}\n"
"From remote kernel:"
"\"dropped terms when pickzero\" -> {0., 0., 0.}\n"
"From remote kernel:"
"\"dropped terms when pickzero\" -> {0.}\n"
"From remote kernel:"
"\"dropped terms when pickzero\" -> {0., 0.}\n"
"From remote kernel:"
"\"dropped terms when pickzero\" -> {0., 0.}\n"
"From remote kernel:"
"\"dropped terms when pickzero\" -> {0.}\n"
"From remote kernel:"
"\"dropped terms when pickzero\" -> {0.}\n"
"From remote kernel:"
"\"dropped terms when pickzero\" -> {0.}\n"
"From remote kernel:"
"\"dropped terms when pickzero\" -> {0., 0., 0.}\n"
"From remote kernel:"
"\"dropped terms when pickzero\" -> {0., 0.}\n"
"From remote kernel:"
"\"dropped terms when pickzero\" -> {0., 0., 0., 0.}\n"
"From remote kernel:"
"\"system cleared: DESolver`$InternalSystem\"\n"
"From remote kernel:"
"\"AMFlow: finished in 1393s.\"\n"
