"From remote kernel:"
"DESolver`SetGlobalOptions -> {\"WorkingPre\" -> 100, \"ChopPre\" -> 20, \"SilentMode\" -> False, \"RationalizePre\" -> 100}\n"
"From remote kernel:"
"DESolver`SetExpansionOptions -> {\"XOrder\" -> 100, \"ExtraXOrder\" -> 20, \"LearnXOrder\" -> -1, \"TestXOrder\" -> 5}\n"
"From remote kernel:"
"DESolver`SetRunningOptions -> {\"RunRadius\" -> 2, \"RunLength\" -> 1000, \"RunCandidate\" -> 10, \"RunDirection\" -> \"NegIm\"}\n"
"From remote kernel:"
"DESolver`SetGlobalOptions -> {\"WorkingPre\" -> 120, \"ChopPre\" -> 20, \"SilentMode\" -> False, \"RationalizePre\" -> 100}\n"
"From remote kernel:"
"DESolver`SetExpansionOptions -> {\"XOrder\" -> 240, \"ExtraXOrder\" -> 280, \"LearnXOrder\" -> -1, \"TestXOrder\" -> 5}\n"
"From remote kernel:"
"DESolver`SetRunningOptions -> {\"RunRadius\" -> 2, \"RunLength\" -> 1000, \"RunCandidate\" -> 10, \"RunDirection\" -> \"NegIm\"}\n"
"From remote kernel:"
"\"AMFlow: start.\"\n"
"From remote kernel:"
"\"system loaded: DESolver`$InternalSystem\\nDE[DESolver`$InternalSystem] -- differential equation in matrix form\\nBC[DESolver`$InternalSystem] -- boundary conditions either in singular form or in regular form\\nP[DESolver`$InternalSystem] -- boundary point\\nAsyExp[DESolver`$InternalSystem] -- asymptotic expansion near a singular point (currently it is Null)\\nintegrals: 69, blocks: 53, density: 0.11, degrees: {23, 28}\"\n"
"From remote kernel:"
"\"AMFlow: integrals will be evaluated at 17 regular points\" -> {38.20589718509303 - 38.20589718509303*I, 20.76493032956687 - 20.76493032956687*I, 11.956868407600183 - 11.956868407600183*I, 7.380608382659891 - 7.380608382659891*I, 4.960106231355348 - 4.960106231355348*I, 3.5598304619678403 - 3.5598304619678403*I, 2.5384311704672458 - 2.5384311704672458*I, 1.7871030032456983 - 1.7871030032456983*I, 1.2886063513492398 - 1.2886063513492398*I, 0.8474730775398213 - 0.8474730775398213*I, 0.4932321084698529 - 0.4932321084698529*I, 0.24661605423492647 - 0.24661605423492647*I, 0.12330802711746323 - 0.12330802711746323*I, 0.06165401355873162 - 0.06165401355873162*I, 0.03082700677936581 - 0.03082700677936581*I, 0.015413503389682904 - 0.015413503389682904*I, 0.008883476483184405 - 0.008883476483184405*I}\n"
"From remote kernel:"
"\"AMFlow: integration contour generated in 2s.\"\n"
"From remote kernel:"
"\"AMFlow: solving near eta = Infinity...\"\n"
"From remote kernel:"
"\"CalcTaylor: current region\" -> 1/1000\n"
"From remote kernel:"
"\"block\" -> {1}\n"
"From remote kernel:"
"\"boundary condition inserted\" -> {1, 0, 1.0008485733053779*^6}\n"
"From remote kernel:"
"\"block\" -> {11, 12}\n"
"From remote kernel:"
"\"boundary condition test\" -> {12, 0, -1000.8485733053778}\n"
"From remote kernel:"
"\"boundary condition test\" -> {11, 0, 0.}\n"
"From remote kernel:"
"\"block\" -> {2}\n"
"From remote kernel:"
"\"boundary condition test\" -> {2, 0, 0.}\n"
"From remote kernel:"
"\"block\" -> {10}\n"
"From remote kernel:"
"\"boundary condition test\" -> {10, 0, 999847.7247320726}\n"
"From remote kernel:"
"\"block\" -> {5}\n"
"From remote kernel:"
"\"boundary condition test\" -> {5, 0, 2.0016971466107557*^6}\n"
"From remote kernel:"
"\"block\" -> {3}\n"
"From remote kernel:"
"\"boundary condition test\" -> {3, 0, 1.0008485733053779*^6}\n"
"From remote kernel:"
"\"block\" -> {4}\n"
"From remote kernel:"
"\"boundary condition test\" -> {4, 0, 1.0008485733053779*^6}\n"
"From remote kernel:"
"\"block\" -> {20}\n"
"From remote kernel:"
"\"boundary condition test\" -> {20, 0, 0.}\n"
"From remote kernel:"
"\"block\" -> {19}\n"
"From remote kernel:"
"\"boundary condition test\" -> {19, 0, 0.}\n"
"From remote kernel:"
"\"block\" -> {17}\n"
"From remote kernel:"
"\"boundary condition test\" -> {17, 0, 0.}\n"
"From remote kernel:"
"\"block\" -> {15}\n"
"From remote kernel:"
"\"boundary condition test\" -> {15, 0, 0.}\n"
"From remote kernel:"
"\"block\" -> {14}\n"
"From remote kernel:"
"\"boundary condition test\" -> {14, 0, 0.}\n"
"From remote kernel:"
"\"block\" -> {8}\n"
"From remote kernel:"
"\"boundary condition test\" -> {8, 0, 0.}\n"
"From remote kernel:"
"\"block\" -> {6}\n"
"From remote kernel:"
"\"boundary condition test\" -> {6, 0, 0.}\n"
"From remote kernel:"
"\"block\" -> {25, 26, 27}\n"
"From remote kernel:"
"\"boundary condition test\" -> {27, 0, 1.0008485733053779*^6}\n"
"From remote kernel:"
"\"boundary condition test\" -> {26, 0, -1.0018494218786833*^6}\n"
"From remote kernel:"
"\"boundary condition test\" -> {25, 0, 0.}\n"
"From remote kernel:"
"\"block\" -> {42, 43, 44}\n"
"From remote kernel:"
"\"boundary condition test\" -> {44, 0, 0.}\n"
"From remote kernel:"
"\"boundary condition test\" -> {43, 0, 1.0008485733053779*^6}\n"
"From remote kernel:"
"\"boundary condition test\" -> {42, 0, 0.}\n"
"From remote kernel:"
"\"block\" -> {23}\n"
"From remote kernel:"
"\"boundary condition test\" -> {23, 0, 2.0016971466107557*^6}\n"
"From remote kernel:"
"\"block\" -> {22}\n"
"From remote kernel:"
"\"boundary condition test\" -> {22, 0, 2.0016971466107557*^6}\n"
"From remote kernel:"
"\"block\" -> {21}\n"
"From remote kernel:"
"\"boundary condition test\" -> {21, 0, 1.0008485733053779*^6}\n"
"From remote kernel:"
"\"block\" -> {40}\n"
"From remote kernel:"
"\"boundary condition test\" -> {40, 0, 0.}\n"
"From remote kernel:"
"\"block\" -> {39}\n"
"From remote kernel:"
"\"boundary condition test\" -> {39, 0, 0.}\n"
"From remote kernel:"
"\"block\" -> {38}\n"
"From remote kernel:"
"\"boundary condition test\" -> {38, 0, 0.}\n"
"From remote kernel:"
"\"block\" -> {36}\n"
"From remote kernel:"
"\"boundary condition test\" -> {36, 0, 0.}\n"
"From remote kernel:"
"\"block\" -> {34}\n"
"From remote kernel:"
"\"boundary condition test\" -> {34, 0, 0.}\n"
"From remote kernel:"
"\"block\" -> {33}\n"
"From remote kernel:"
"\"boundary condition test\" -> {33, 0, 0.}\n"
"From remote kernel:"
"\"block\" -> {31}\n"
"From remote kernel:"
"\"boundary condition test\" -> {31, 0, 0.}\n"
"From remote kernel:"
"\"block\" -> {30}\n"
"From remote kernel:"
"\"boundary condition test\" -> {30, 0, 0.}\n"
"From remote kernel:"
"\"block\" -> {29}\n"
"From remote kernel:"
"\"boundary condition test\" -> {29, 0, 0.}\n"
"From remote kernel:"
"\"block\" -> {47, 48, 49}\n"
"From remote kernel:"
"\"boundary condition test\" -> {49, 0, 1.0008485733053779*^6}\n"
"From remote kernel:"
"\"boundary condition test\" -> {48, 0, 1.0008485733053779*^6}\n"
"From remote kernel:"
"\"boundary condition test\" -> {47, 0, 0.}\n"
"From remote kernel:"
"\"block\" -> {50, 51, 52, 53}\n"
"From remote kernel:"
"\"boundary condition test\" -> {53, 0, 499923.8623660363}\n"
"From remote kernel:"
"\"boundary condition test\" -> {52, 0, 1.001851427587247*^6}\n"
"From remote kernel:"
"\"boundary condition test\" -> {51, 0, -498926.01034534554}\n"
"From remote kernel:"
"\"boundary condition test\" -> {50, 0, 1.001851427587247*^6}\n"
"From remote kernel:"
"\"block\" -> {54, 55, 56, 57}\n"
"From remote kernel:"
"\"boundary condition test\" -> {57, 0, 499923.8623660363}\n"
"From remote kernel:"
"\"boundary condition test\" -> {56, 0, -1.0028532790148342*^6}\n"
"From remote kernel:"
"\"boundary condition test\" -> {55, 0, -498926.01034534554}\n"
"From remote kernel:"
"\"boundary condition test\" -> {54, 0, 1.001851427587247*^6}\n"
"From remote kernel:"
"\"block\" -> {45}\n"
"From remote kernel:"
"\"boundary condition test\" -> {45, 0, 2.0016971466107557*^6}\n"
"From remote kernel:"
"\"block\" -> {65}\n"
"From remote kernel:"
"\"boundary condition test\" -> {65, 0, 0.}\n"
"From remote kernel:"
"\"block\" -> {64}\n"
"From remote kernel:"
"\"boundary condition test\" -> {64, 0, 0.}\n"
"From remote kernel:"
"\"block\" -> {63}\n"
"From remote kernel:"
"\"boundary condition test\" -> {63, 0, 0.}\n"
"From remote kernel:"
"\"block\" -> {62}\n"
"From remote kernel:"
"\"boundary condition test\" -> {62, 0, 0.}\n"
"From remote kernel:"
"\"block\" -> {61}\n"
"From remote kernel:"
"\"boundary condition test\" -> {61, 0, 0.}\n"
"From remote kernel:"
"\"block\" -> {60}\n"
"From remote kernel:"
"\"boundary condition test\" -> {60, 0, 0.}\n"
"From remote kernel:"
"\"block\" -> {59}\n"
"From remote kernel:"
"\"boundary condition test\" -> {59, 0, 0.}\n"
"From remote kernel:"
"\"block\" -> {66, 67, 68, 69}\n"
"From remote kernel:"
"\"boundary condition test\" -> {69, 0, 499923.8623660363}\n"
"From remote kernel:"
"\"boundary condition test\" -> {68, 0, 1.001851427587247*^6}\n"
"From remote kernel:"
"\"boundary condition test\" -> {67, 0, -498926.01034534554}\n"
"From remote kernel:"
"\"boundary condition test\" -> {66, 0, 1.001851427587247*^6}\n"
"From remote kernel:"
"\"block\" -> {46}\n"
"From remote kernel:"
"\"boundary condition test\" -> {46, 0, 1.0008485733053779*^6}\n"
"From remote kernel:"
"\"block\" -> {24}\n"
"From remote kernel:"
"\"boundary condition test\" -> {24, 0, 1.0008485733053779*^6}\n"
"From remote kernel:"
"\"block\" -> {41}\n"
"From remote kernel:"
"\"boundary condition test\" -> {41, 0, 1.0008485733053779*^6}\n"
"From remote kernel:"
"\"block\" -> {9}\n"
"From remote kernel:"
"\"boundary condition test\" -> {9, 0, 1.0008485733053779*^6}\n"
"From remote kernel:"
"\"block\" -> {58}\n"
"From remote kernel:"
"\"boundary condition test\" -> {58, 0, 0.}\n"
"From remote kernel:"
"\"block\" -> {37}\n"
"From remote kernel:"
"\"boundary condition test\" -> {37, 0, 0.}\n"
"From remote kernel:"
"\"block\" -> {35}\n"
"From remote kernel:"
"\"boundary condition test\" -> {35, 0, 0.}\n"
"From remote kernel:"
"\"block\" -> {32}\n"
"From remote kernel:"
"\"boundary condition test\" -> {32, 0, 0.}\n"
"From remote kernel:"
"\"block\" -> {28}\n"
"From remote kernel:"
"\"boundary condition test\" -> {28, 0, 0.}\n"
"From remote kernel:"
"\"block\" -> {18}\n"
"From remote kernel:"
"\"boundary condition test\" -> {18, 0, 0.}\n"
"From remote kernel:"
"\"block\" -> {16}\n"
"From remote kernel:"
"\"boundary condition test\" -> {16, 0, 0.}\n"
"From remote kernel:"
"\"block\" -> {13}\n"
"From remote kernel:"
"\"boundary condition test\" -> {13, 0, 0.}\n"
"From remote kernel:"
"\"block\" -> {7}\n"
"From remote kernel:"
"\"boundary condition test\" -> {7, 0, 0.}\n"
"From remote kernel:"
"\"CalcTaylor: current region\" -> 0\n"
"From remote kernel:"
"\"block\" -> {1}\n"
"From remote kernel:"
"\"boundary condition test\" -> {1, 0, 0.}\n"
"From remote kernel:"
"\"block\" -> {11, 12}\n"
"From remote kernel:"
"\"boundary condition test\" -> {12, 0, 0.}\n"
"From remote kernel:"
"\"boundary condition test\" -> {11, 0, 0.}\n"
"From remote kernel:"
"\"block\" -> {2}\n"
"From remote kernel:"
"\"boundary condition inserted\" -> {2, 0, 1.0008485733053779*^6}\n"
"From remote kernel:"
"\"block\" -> {10}\n"
"From remote kernel:"
"\"boundary condition test\" -> {10, 0, 0.}\n"
"From remote kernel:"
"\"block\" -> {5}\n"
"From remote kernel:"
"\"boundary condition test\" -> {5, 0, -1.0008485733053779*^6}\n"
"From remote kernel:"
"\"block\" -> {3}\n"
"From remote kernel:"
"\"boundary condition test\" -> {3, 0, -1.0008485733053779*^6}\n"
"From remote kernel:"
"\"block\" -> {4}\n"
"From remote kernel:"
"\"boundary condition test\" -> {4, 0, 0.}\n"
"From remote kernel:"
"\"block\" -> {20}\n"
"From remote kernel:"
"\"boundary condition inserted\" -> {20, 0, 499925.9751588034 + 0.41150192934337876*I}\n"
"From remote kernel:"
"\"block\" -> {19}\n"
"From remote kernel:"
"\"boundary condition inserted\" -> {19, 0, -500492.1149729231 - 1410.1371100935764*I}\n"
"From remote kernel:"
"\"block\" -> {17}\n"
"From remote kernel:"
"\"boundary condition inserted\" -> {17, 0, 499922.8640945975}\n"
"From remote kernel:"
"\"block\" -> {15}\n"
"From remote kernel:"
"\"boundary condition inserted\" -> {15, 0, 499926.63832789724 + 1.9359219994753947*I}\n"
"From remote kernel:"
"\"block\" -> {14}\n"
"From remote kernel:"
"\"boundary condition inserted\" -> {14, 0, -499671.6028584807 - 2221.366841927421*I}\n"
"From remote kernel:"
"\"block\" -> {8}\n"
"From remote kernel:"
"\"boundary condition inserted\" -> {8, 0, -500930.01947729214}\n"
"From remote kernel:"
"\"block\" -> {6}\n"
"From remote kernel:"
"\"boundary condition inserted\" -> {6, 0, 999234.3159241743 + 2954.2349685975787*I}\n"
"From remote kernel:"
"\"block\" -> {25, 26, 27}\n"
"From remote kernel:"
"\"homogeneous id up to\" -> 1566\n"
"From remote kernel:"
"\"dropped eqs\" -> {{1567 -> 0.}}\n"
"From remote kernel:"
"\"boundary condition test\" -> {27, 0, -499926.63832789724 - 1.9359219994753947*I}\n"
"From remote kernel:"
"\"boundary condition test\" -> {26, 0, 999851.8766901696 - 1.4204953546165144*I}\n"
"From remote kernel:"
"\"boundary condition test\" -> {25, 0, 499671.6028584807 + 2221.366841927421*I}\n"
"From remote kernel:"
"\"block\" -> {42, 43, 44}\n"
"From remote kernel:"
"\"homogeneous id up to\" -> 1566\n"
"From remote kernel:"
"\"dropped eqs\" -> {{1567 -> 0.}, {1567 -> 0.}}\n"
"From remote kernel:"
"\"boundary condition test\" -> {44, 0, -248.7187397504284}\n"
"From remote kernel:"
"\"boundary condition test\" -> {43, 0, 500930.01947729214}\n"
"From remote kernel:"
"\"boundary condition test\" -> {42, 0, 500930.01947729214}\n"
"From remote kernel:"
"\"block\" -> {23}\n"
"From remote kernel:"
"\"boundary condition test\" -> {23, 0, -1.0006023993816756*^6 + 0.08025109519871161*I}\n"
"From remote kernel:"
"\"block\" -> {22}\n"
"From remote kernel:"
"\"boundary condition test\" -> {22, 0, -1.5025243027231095*^6}\n"
"From remote kernel:"
"\"block\" -> {21}\n"
"From remote kernel:"
"\"boundary condition test\" -> {21, 0, -999234.3159241743 - 2954.2349685975787*I}\n"
"From remote kernel:"
"\"block\" -> {40}\n"
"From remote kernel:"
"\"boundary condition inserted\" -> {40, 0, -0.10885378316255025 - 0.8795084367108693*I}\n"
"From remote kernel:"
"\"block\" -> {39}\n"
"From remote kernel:"
"\"boundary condition inserted\" -> {39, 0, -62342.29737198613 - 295.01224846533773*I}\n"
"From remote kernel:"
"\"block\" -> {38}\n"
"From remote kernel:"
"\"boundary condition inserted\" -> {38, 0, 163.1702084485087 - 183.8303414604836*I}\n"
"From remote kernel:"
"\"block\" -> {36}\n"
"From remote kernel:"
"\"boundary condition inserted\" -> {36, 0, 500423.59901661077 - 3.0486603364463236*I}\n"
"From remote kernel:"
"\"block\" -> {34}\n"
"From remote kernel:"
"\"boundary condition inserted\" -> {34, 0, 499798.31694179494 + 1113.037925292098*I}\n"
"From remote kernel:"
"\"block\" -> {33}\n"
"From remote kernel:"
"\"boundary condition inserted\" -> {33, 0, -497988.2330208924 - 1659.855962257201*I}\n"
"From remote kernel:"
"\"block\" -> {31}\n"
"From remote kernel:"
"\"boundary condition inserted\" -> {31, 0, -62369.644313422184 - 206.79584348591257*I}\n"
"From remote kernel:"
"\"block\" -> {30}\n"
"From remote kernel:"
"\"boundary condition inserted\" -> {30, 0, 163.53740274055716 - 183.7484766209568*I}\n"
"From remote kernel:"
"\"block\" -> {29}\n"
"From remote kernel:"
"\"boundary condition inserted\" -> {29, 0, -389.2009423317449 + 325.0997877106422*I}\n"
"From remote kernel:"
"\"block\" -> {47, 48, 49}\n"
"From remote kernel:"
"\"boundary condition test\" -> {49, 0, 62369.644313422184 + 206.79584348591257*I}\n"
"From remote kernel:"
"\"boundary condition test\" -> {48, 0, -163.53740274055716 + 183.7484766209568*I}\n"
"From remote kernel:"
"\"boundary condition test\" -> {47, 0, 389.2009423317449 - 325.0997877106422*I}\n"
"From remote kernel:"
"\"block\" -> {50, 51, 52, 53}\n"
"From remote kernel:"
"\"homogeneous id up to\" -> 2088\n"
"From remote kernel:"
"\"dropped eqs\" -> {{2089 -> 0.}}\n"
"From remote kernel:"
"\"boundary condition test\" -> {53, 0, -499798.31694179494 - 1113.037925292098*I}\n"
"From remote kernel:"
"\"boundary condition test\" -> {52, 0, 1.7219755898380402 + 1.7294243792158206*I}\n"
"From remote kernel:"
"\"boundary condition test\" -> {51, 0, 497988.2330208924 + 1659.855962257201*I}\n"
"From remote kernel:"
"\"boundary condition test\" -> {50, 0, -501927.200558754 - 2.0950166009108826*I}\n"
"From remote kernel:"
"\"block\" -> {54, 55, 56, 57}\n"
"From remote kernel:"
"\"homogeneous id up to\" -> 2088\n"
"From remote kernel:"
"\"dropped eqs\" -> {{2089 -> 0.}}\n"
"From remote kernel:"
"\"boundary condition test\" -> {57, 0, -500423.59901661077 + 3.0486603364463236*I}\n"
"From remote kernel:"
"\"boundary condition test\" -> {56, 0, 501929.6468487953 + 0.4240964468153104*I}\n"
"From remote kernel:"
"\"boundary condition test\" -> {55, 0, 875282.260922373 - 1771.570895186199*I}\n"
"From remote kernel:"
"\"boundary condition test\" -> {54, 0, -501929.6468487953 - 0.4240964468153104*I}\n"
"From remote kernel:"
"\"block\" -> {45}\n"
"From remote kernel:"
"\"boundary condition test\" -> {45, 0, -499308.39786419034 - 2949.684873236307*I}\n"
"From remote kernel:"
"\"block\" -> {65}\n"
"From remote kernel:"
"\"boundary condition inserted\" -> {65, 0, 11716.323788305055 - 25.21049014312551*I}\n"
"From remote kernel:"
"\"block\" -> {64}\n"
"From remote kernel:"
"\"boundary condition inserted\" -> {64, 0, -68952.23376733887 + 424.4413262459217*I}\n"
"From remote kernel:"
"\"block\" -> {63}\n"
"From remote kernel:"
"\"boundary condition inserted\" -> {63, 0, 194.36635611232353 - 162.97601698492858*I}\n"
"From remote kernel:"
"\"block\" -> {62}\n"
"From remote kernel:"
"\"boundary condition inserted\" -> {62, 0, 13763.663562342099 - 43782.86026184585*I}\n"
"From remote kernel:"
"\"block\" -> {61}\n"
"From remote kernel:"
"\"boundary condition inserted\" -> {61, 0, -0.17506558092817623 - 0.17184872441958954*I}\n"
"From remote kernel:"
"\"block\" -> {60}\n"
"From remote kernel:"
"\"boundary condition inserted\" -> {60, 0, -23589.598035622043 + 169.69081831488526*I}\n"
"From remote kernel:"
"\"block\" -> {59}\n"
"From remote kernel:"
"\"boundary condition inserted\" -> {59, 0, -0.5950828284496631 - 0.018769486079920523*I}\n"
"From remote kernel:"
"\"block\" -> {66, 67, 68, 69}\n"
"From remote kernel:"
"\"homogeneous id up to\" -> 2088\n"
"From remote kernel:"
"\"dropped eqs\" -> {{2089 -> 0.}}\n"
"From remote kernel:"
"\"boundary condition test\" -> {69, 0, -194.36635611232353 + 162.97601698492858*I}\n"
"From remote kernel:"
"\"boundary condition test\" -> {68, 0, 0.17506558092817623 + 0.17184872441958954*I}\n"
"From remote kernel:"
"\"boundary condition test\" -> {67, 0, 23589.598035622043 - 169.69081831488526*I}\n"
"From remote kernel:"
"\"boundary condition test\" -> {66, 0, -0.48846288153826406 + 1.739575643765319*I}\n"
"From remote kernel:"
"\"block\" -> {46}\n"
"From remote kernel:"
"\"homogeneous id up to\" -> 522\n"
"From remote kernel:"
"\"dropped eqs\" -> {{523 -> 0.}}\n"
"From remote kernel:"
"\"boundary condition test\" -> {46, 0, -499308.27737137495 - 2951.295973283744*I}\n"
"From remote kernel:"
"\"block\" -> {24}\n"
"From remote kernel:"
"\"boundary condition test\" -> {24, 0, -999851.8766901696 + 1.4204953546165144*I}\n"
"From remote kernel:"
"\"block\" -> {41}\n"
"From remote kernel:"
"\"homogeneous id up to\" -> 522\n"
"From remote kernel:"
"\"dropped eqs\" -> {{523 -> 0.}, {523 -> 0.}}\n"
"From remote kernel:"
"\"boundary condition test\" -> {41, 0, -500677.1674539695}\n"
"From remote kernel:"
"\"block\" -> {9}\n"
"From remote kernel:"
"\"boundary condition test\" -> {9, 0, 0.}\n"
"From remote kernel:"
"\"block\" -> {58}\n"
"From remote kernel:"
"\"boundary condition inserted\" -> {58, 0, 0.48846288153826406 - 1.739575643765319*I}\n"
"From remote kernel:"
"\"block\" -> {37}\n"
"From remote kernel:"
"\"boundary condition inserted\" -> {37, 0, 499308.39786419034 + 2949.684873236307*I}\n"
"From remote kernel:"
"\"block\" -> {35}\n"
"From remote kernel:"
"\"boundary condition inserted\" -> {35, 0, 501929.6468487953 + 0.4240964468153104*I}\n"
"From remote kernel:"
"\"block\" -> {32}\n"
"From remote kernel:"
"\"boundary condition inserted\" -> {32, 0, 501927.200558754 + 2.0950166009108826*I}\n"
"From remote kernel:"
"\"block\" -> {28}\n"
"From remote kernel:"
"\"boundary condition inserted\" -> {28, 0, 499308.27737137495 + 2951.295973283744*I}\n"
"From remote kernel:"
"\"block\" -> {18}\n"
"From remote kernel:"
"\"boundary condition inserted\" -> {18, 0, 1.0006023993816756*^6 - 0.08025109519871161*I}\n"
"From remote kernel:"
"\"block\" -> {16}\n"
"From remote kernel:"
"\"boundary condition inserted\" -> {16, 0, 1.5025243027231095*^6}\n"
"From remote kernel:"
"\"block\" -> {13}\n"
"From remote kernel:"
"\"boundary condition inserted\" -> {13, 0, 999851.8766901696 - 1.4204953546165144*I}\n"
"From remote kernel:"
"\"block\" -> {7}\n"
"From remote kernel:"
"\"boundary condition inserted\" -> {7, 0, 500677.1674539695}\n"
"From remote kernel:"
"\"CalcTaylor: current region\" -> 1/500\n"
"From remote kernel:"
"\"block\" -> {1}\n"
"From remote kernel:"
"\"boundary condition test\" -> {1, 0, 0.}\n"
"From remote kernel:"
"\"block\" -> {11, 12}\n"
"From remote kernel:"
"\"boundary condition inserted\" -> {12, 0, 499925.5058526091}\n"
"From remote kernel:"
"\"boundary condition test\" -> {11, 0, -499925.5058526091}\n"
"From remote kernel:"
"\"block\" -> {2}\n"
"From remote kernel:"
"\"boundary condition test\" -> {2, 0, 0.}\n"
"From remote kernel:"
"\"block\" -> {10}\n"
"From remote kernel:"
"\"boundary condition test\" -> {10, 0, -499925.5058526091}\n"
"From remote kernel:"
"\"block\" -> {5}\n"
"From remote kernel:"
"\"boundary condition inserted\" -> {5, 0, 500927.3605737566}\n"
"From remote kernel:"
"\"block\" -> {3}\n"
"From remote kernel:"
"\"boundary condition inserted\" -> {3, 0, 0.}\n"
"From remote kernel:"
"\"block\" -> {4}\n"
"From remote kernel:"
"\"boundary condition inserted\" -> {4, 0, 0.}\n"
"From remote kernel:"
"\"block\" -> {20}\n"
"From remote kernel:"
"\"boundary condition test\" -> {20, 0, 0.}\n"
"From remote kernel:"
"\"block\" -> {19}\n"
"From remote kernel:"
"\"boundary condition test\" -> {19, 0, 0.}\n"
"From remote kernel:"
"\"block\" -> {17}\n"
"From remote kernel:"
"\"boundary condition test\" -> {17, 0, 0.}\n"
"From remote kernel:"
"\"block\" -> {15}\n"
"From remote kernel:"
"\"boundary condition test\" -> {15, 0, 0.}\n"
"From remote kernel:"
"\"block\" -> {14}\n"
"From remote kernel:"
"\"boundary condition test\" -> {14, 0, 0.}\n"
"From remote kernel:"
"\"block\" -> {8}\n"
"From remote kernel:"
"\"boundary condition test\" -> {8, 0, 0.}\n"
"From remote kernel:"
"\"block\" -> {6}\n"
"From remote kernel:"
"\"boundary condition test\" -> {6, 0, 0.}\n"
"From remote kernel:"
"\"block\" -> {25, 26, 27}\n"
"From remote kernel:"
"\"homogeneous id up to\" -> 1566\n"
"From remote kernel:"
"\"dropped eqs\" -> {{1567 -> 0.}}\n"
"From remote kernel:"
"\"boundary condition inserted\" -> {27, 0, 500927.3605737566}\n"
"From remote kernel:"
"\"boundary condition test\" -> {26, 0, -1001.8547211475133}\n"
"From remote kernel:"
"\"boundary condition test\" -> {25, 0, -499925.5058526091}\n"
"From remote kernel:"
"\"block\" -> {42, 43, 44}\n"
"From remote kernel:"
"\"homogeneous id up to\" -> 1566\n"
"From remote kernel:"
"\"dropped eqs\" -> {{1567 -> 0.}}\n"
"From remote kernel:"
"\"boundary condition inserted\" -> {44, 0, -499.92550585260915}\n"
"From remote kernel:"
"\"boundary condition test\" -> {43, 0, 500927.3605737566}\n"
"From remote kernel:"
"\"boundary condition test\" -> {42, 0, -499925.5058526091}\n"
"From remote kernel:"
"\"block\" -> {23}\n"
"From remote kernel:"
"\"boundary condition test\" -> {23, 0, 500927.3605737566}\n"
"From remote kernel:"
"\"block\" -> {22}\n"
"From remote kernel:"
"\"boundary condition test\" -> {22, 0, 500927.3605737566}\n"
"From remote kernel:"
"\"block\" -> {21}\n"
"From remote kernel:"
"\"boundary condition inserted\" -> {21, 0, 0.}\n"
"From remote kernel:"
"\"block\" -> {40}\n"
"From remote kernel:"
"\"boundary condition test\" -> {40, 0, 0.}\n"
"From remote kernel:"
"\"block\" -> {39}\n"
"From remote kernel:"
"\"boundary condition test\" -> {39, 0, 0.}\n"
"From remote kernel:"
"\"block\" -> {38}\n"
"From remote kernel:"
"\"boundary condition test\" -> {38, 0, 0.}\n"
"From remote kernel:"
"\"block\" -> {36}\n"
"From remote kernel:"
"\"boundary condition test\" -> {36, 0, 0.}\n"
"From remote kernel:"
"\"block\" -> {34}\n"
"From remote kernel:"
"\"boundary condition test\" -> {34, 0, 0.}\n"
"From remote kernel:"
"\"block\" -> {33}\n"
"From remote kernel:"
"\"boundary condition test\" -> {33, 0, 0.}\n"
"From remote kernel:"
"\"block\" -> {31}\n"
"From remote kernel:"
"\"boundary condition test\" -> {31, 0, 0.}\n"
"From remote kernel:"
"\"block\" -> {30}\n"
"From remote kernel:"
"\"boundary condition test\" -> {30, 0, 0.}\n"
"From remote kernel:"
"\"block\" -> {29}\n"
"From remote kernel:"
"\"boundary condition test\" -> {29, 0, 0.}\n"
"From remote kernel:"
"\"block\" -> {47, 48, 49}\n"
"From remote kernel:"
"\"homogeneous id up to\" -> 1566\n"
"From remote kernel:"
"\"dropped eqs\" -> {{1567 -> 0.}}\n"
"From remote kernel:"
"\"boundary condition inserted\" -> {49, 0, 500927.3605737566}\n"
"From remote kernel:"
"\"boundary condition test\" -> {48, 0, 500927.3605737566}\n"
"From remote kernel:"
"\"boundary condition test\" -> {47, 0, -499925.5058526091}\n"
"From remote kernel:"
"\"block\" -> {50, 51, 52, 53}\n"
"From remote kernel:"
"\"homogeneous id up to\" -> 2088\n"
"From remote kernel:"
"\"dropped eqs\" -> {{2089 -> 0.}, {2089 -> 0.}}\n"
"From remote kernel:"
"\"boundary condition test\" -> {53, 0, -499.92550585260915}\n"
"From remote kernel:"
"\"boundary condition test\" -> {52, 0, -499925.5058526091}\n"
"From remote kernel:"
"\"boundary condition test\" -> {51, 0, -499.92550585260915}\n"
"From remote kernel:"
"\"boundary condition test\" -> {50, 0, -499925.5058526091}\n"
"From remote kernel:"
"\"block\" -> {54, 55, 56, 57}\n"
"From remote kernel:"
"\"homogeneous id up to\" -> 2088\n"
"From remote kernel:"
"\"dropped eqs\" -> {{2089 -> 0.}, {2089 -> 0.}}\n"
"From remote kernel:"
"\"boundary condition test\" -> {57, 0, -499.92550585260915}\n"
"From remote kernel:"
"\"boundary condition test\" -> {56, 0, 500925.35686431435}\n"
"From remote kernel:"
"\"boundary condition test\" -> {55, 0, -499.92550585260915}\n"
"From remote kernel:"
"\"boundary condition test\" -> {54, 0, -499925.5058526091}\n"
"From remote kernel:"
"\"block\" -> {45}\n"
"From remote kernel:"
"\"boundary condition test\" -> {45, 0, 500927.3605737566}\n"
"From remote kernel:"
"\"block\" -> {65}\n"
"From remote kernel:"
"\"boundary condition test\" -> {65, 0, 0.}\n"
"From remote kernel:"
"\"block\" -> {64}\n"
"From remote kernel:"
"\"boundary condition test\" -> {64, 0, 0.}\n"
"From remote kernel:"
"\"block\" -> {63}\n"
"From remote kernel:"
"\"boundary condition test\" -> {63, 0, 0.}\n"
"From remote kernel:"
"\"block\" -> {62}\n"
"From remote kernel:"
"\"boundary condition test\" -> {62, 0, 0.}\n"
"From remote kernel:"
"\"block\" -> {61}\n"
"From remote kernel:"
"\"boundary condition test\" -> {61, 0, 0.}\n"
"From remote kernel:"
"\"block\" -> {60}\n"
"From remote kernel:"
"\"boundary condition test\" -> {60, 0, 0.}\n"
"From remote kernel:"
"\"block\" -> {59}\n"
"From remote kernel:"
"\"boundary condition test\" -> {59, 0, 0.}\n"
"From remote kernel:"
"\"block\" -> {66, 67, 68, 69}\n"
"From remote kernel:"
"\"homogeneous id up to\" -> 2088\n"
"From remote kernel:"
"\"dropped eqs\" -> {{2089 -> 0.}, {2089 -> 0.}}\n"
"From remote kernel:"
"\"boundary condition test\" -> {69, 0, -499.92550585260915}\n"
"From remote kernel:"
"\"boundary condition test\" -> {68, 0, -499925.5058526091}\n"
"From remote kernel:"
"\"boundary condition test\" -> {67, 0, -499.92550585260915}\n"
"From remote kernel:"
"\"boundary condition test\" -> {66, 0, -499925.5058526091}\n"
"From remote kernel:"
"\"block\" -> {46}\n"
"From remote kernel:"
"\"boundary condition test\" -> {46, 0, 500927.3605737566}\n"
"From remote kernel:"
"\"block\" -> {24}\n"
"From remote kernel:"
"\"boundary condition test\" -> {24, 0, 500927.3605737566}\n"
"From remote kernel:"
"\"block\" -> {41}\n"
"From remote kernel:"
"\"boundary condition test\" -> {41, 0, 500927.3605737566}\n"
"From remote kernel:"
"\"block\" -> {9}\n"
"From remote kernel:"
"\"boundary condition test\" -> {9, 0, 500927.3605737566}\n"
"From remote kernel:"
"\"block\" -> {58}\n"
"From remote kernel:"
"\"boundary condition test\" -> {58, 0, 0.}\n"
"From remote kernel:"
"\"block\" -> {37}\n"
"From remote kernel:"
"\"boundary condition test\" -> {37, 0, 0.}\n"
"From remote kernel:"
"\"block\" -> {35}\n"
"From remote kernel:"
"\"boundary condition test\" -> {35, 0, 0.}\n"
"From remote kernel:"
"\"block\" -> {32}\n"
"From remote kernel:"
"\"boundary condition test\" -> {32, 0, 0.}\n"
"From remote kernel:"
"\"block\" -> {28}\n"
"From remote kernel:"
"\"boundary condition test\" -> {28, 0, 0.}\n"
"From remote kernel:"
"\"block\" -> {18}\n"
"From remote kernel:"
"\"boundary condition test\" -> {18, 0, 0.}\n"
"From remote kernel:"
"\"block\" -> {16}\n"
"From remote kernel:"
"\"boundary condition test\" -> {16, 0, 0.}\n"
"From remote kernel:"
"\"block\" -> {13}\n"
"From remote kernel:"
"\"boundary condition test\" -> {13, 0, 0.}\n"
"From remote kernel:"
"\"block\" -> {7}\n"
"From remote kernel:"
"\"boundary condition test\" -> {7, 0, 0.}\n"
"From remote kernel:"
"\"AMFlow: Infinity solved in 44s.\"\n"
"From remote kernel:"
"\"AMFlow: running among regular points...\"\n"
"From remote kernel:"
"\"current regular point\" -> 38.20589718509303 - 38.20589718509303*I\n"
"From remote kernel:"
"\"current regular point\" -> 20.76493032956687 - 20.76493032956687*I\n"
"From remote kernel:"
"\"current regular point\" -> 11.956868407600183 - 11.956868407600183*I\n"
"From remote kernel:"
"\"current regular point\" -> 7.380608382659892 - 7.380608382659892*I\n"
"From remote kernel:"
"\"current regular point\" -> 4.960106231355349 - 4.960106231355349*I\n"
"From remote kernel:"
"\"current regular point\" -> 3.559830461967841 - 3.559830461967841*I\n"
"From remote kernel:"
"\"current regular point\" -> 2.5384311704672458 - 2.5384311704672458*I\n"
"From remote kernel:"
"\"current regular point\" -> 1.7871030032456983 - 1.7871030032456983*I\n"
"From remote kernel:"
"\"current regular point\" -> 1.28860635134924 - 1.28860635134924*I\n"
"From remote kernel:"
"\"current regular point\" -> 0.8474730775398213 - 0.8474730775398213*I\n"
"From remote kernel:"
"\"current regular point\" -> 0.493232108469853 - 0.493232108469853*I\n"
"From remote kernel:"
"\"current regular point\" -> 0.2466160542349265 - 0.2466160542349265*I\n"
"From remote kernel:"
"\"current regular point\" -> 0.12330802711746325 - 0.12330802711746325*I\n"
"From remote kernel:"
"\"current regular point\" -> 0.061654013558731624 - 0.061654013558731624*I\n"
"From remote kernel:"
"\"current regular point\" -> 0.030827006779365812 - 0.030827006779365812*I\n"
"From remote kernel:"
"\"current regular point\" -> 0.015413503389682906 - 0.015413503389682906*I\n"
"From remote kernel:"
"\"AMFlow: regular running finished in 66s.\"\n"
"From remote kernel:"
"\"AMFlow: solving near the last point...\"\n"
"From remote kernel:"
"\"NormalizeMat finished in 3s.\"\n"
"From remote kernel:"
"\"LearnXOrder is negative. skip learning phase.\"\n"
"From remote kernel:"
"\"block\" -> {1}\n"
"From remote kernel:"
"\"behavior\" -> {{999/1000, 0}}\n"
"From remote kernel:"
"\"number of constraints and variables\" -> {1, 1}\n"
"From remote kernel:"
"\"block\" -> {11, 12}\n"
"From remote kernel:"
"\"behavior\" -> {{0, 0}, {249/500, 0}, {999/1000, 0}}\n"
"From remote kernel:"
"\"number of constraints and variables\" -> {4, 4}\n"
"From remote kernel:"
"\"block\" -> {2}\n"
"From remote kernel:"
"\"behavior\" -> {{0, 0}}\n"
"From remote kernel:"
"\"number of constraints and variables\" -> {1, 1}\n"
"From remote kernel:"
"\"block\" -> {10}\n"
"From remote kernel:"
"\"behavior\" -> {{499/500, 0}, {0, 0}, {249/500, 0}, {999/1000, 0}}\n"
"From remote kernel:"
"\"number of constraints and variables\" -> {1, 1}\n"
"From remote kernel:"
"\"block\" -> {5}\n"
"From remote kernel:"
"\"behavior\" -> {{499/1000, 0}, {999/1000, 0}, {0, 0}}\n"
"From remote kernel:"
"\"number of constraints and variables\" -> {1, 1}\n"
"From remote kernel:"
"\"block\" -> {3}\n"
"From remote kernel:"
"\"behavior\" -> {{499/1000, 0}, {999/1000, 0}, {0, 0}}\n"
"From remote kernel:"
"\"number of constraints and variables\" -> {1, 1}\n"
"From remote kernel:"
"\"block\" -> {4}\n"
"From remote kernel:"
"\"behavior\" -> {{0, 0}, {999/1000, 0}}\n"
"From remote kernel:"
"\"number of constraints and variables\" -> {1, 1}\n"
"From remote kernel:"
"\"block\" -> {20}\n"
"From remote kernel:"
"\"behavior\" -> {{0, 0}}\n"
"From remote kernel:"
"\"number of constraints and variables\" -> {1, 1}\n"
"From remote kernel:"
"\"block\" -> {19}\n"
"From remote kernel:"
"\"behavior\" -> {{0, 0}}\n"
"From remote kernel:"
"\"number of constraints and variables\" -> {1, 1}\n"
"From remote kernel:"
"\"block\" -> {17}\n"
"From remote kernel:"
"\"behavior\" -> {{0, 0}}\n"
"From remote kernel:"
"\"number of constraints and variables\" -> {1, 1}\n"
"From remote kernel:"
"\"block\" -> {15}\n"
"From remote kernel:"
"\"behavior\" -> {{0, 0}}\n"
"From remote kernel:"
"\"number of constraints and variables\" -> {1, 1}\n"
"From remote kernel:"
"\"block\" -> {14}\n"
"From remote kernel:"
"\"behavior\" -> {{0, 0}}\n"
"From remote kernel:"
"\"number of constraints and variables\" -> {1, 1}\n"
"From remote kernel:"
"\"block\" -> {8}\n"
"From remote kernel:"
"\"behavior\" -> {{0, 0}}\n"
"From remote kernel:"
"\"number of constraints and variables\" -> {1, 1}\n"
"From remote kernel:"
"\"block\" -> {6}\n"
"From remote kernel:"
"\"behavior\" -> {{0, 0}}\n"
"From remote kernel:"
"\"number of constraints and variables\" -> {1, 1}\n"
"From remote kernel:"
"\"block\" -> {25, 26, 27}\n"
"From remote kernel:"
"\"behavior\" -> {{0, 1}, {249/500, 1}, {499/500, 1}, {999/1000, 0}, {499/1000, 0}}\n"
"From remote kernel:"
"\"number of constraints and variables\" -> {9, 9}\n"
"From remote kernel:"
"\"block\" -> {42, 43, 44}\n"
"From remote kernel:"
"\"behavior\" -> {{0, 1}, {999/1000, 0}, {249/500, 0}, {499/500, 0}}\n"
"From remote kernel:"
"\"number of constraints and variables\" -> {3, 3}\n"
"From remote kernel:"
"\"block\" -> {23}\n"
"From remote kernel:"
"\"behavior\" -> {{1/2, 0}, {0, 0}, {499/1000, 0}, {999/1000, 0}}\n"
"From remote kernel:"
"\"number of constraints and variables\" -> {1, 1}\n"
"From remote kernel:"
"\"block\" -> {22}\n"
"From remote kernel:"
"\"behavior\" -> {{999/1000, 1}, {0, 0}, {499/1000, 0}}\n"
"From remote kernel:"
"\"number of constraints and variables\" -> {1, 1}\n"
"From remote kernel:"
"\"block\" -> {21}\n"
"From remote kernel:"
"\"behavior\" -> {{0, 1}, {999/1000, 0}, {499/1000, 0}}\n"
"From remote kernel:"
"\"number of constraints and variables\" -> {1, 1}\n"
"From remote kernel:"
"\"block\" -> {40}\n"
"From remote kernel:"
"\"behavior\" -> {{0, 0}}\n"
"From remote kernel:"
"\"number of constraints and variables\" -> {1, 1}\n"
"From remote kernel:"
"\"block\" -> {39}\n"
"From remote kernel:"
"\"behavior\" -> {{0, 0}}\n"
"From remote kernel:"
"\"number of constraints and variables\" -> {1, 1}\n"
"From remote kernel:"
"\"block\" -> {38}\n"
"From remote kernel:"
"\"behavior\" -> {{0, 0}}\n"
"From remote kernel:"
"\"number of constraints and variables\" -> {1, 1}\n"
"From remote kernel:"
"\"block\" -> {36}\n"
"From remote kernel:"
"\"behavior\" -> {{0, 0}}\n"
"From remote kernel:"
"\"number of constraints and variables\" -> {1, 1}\n"
"From remote kernel:"
"\"block\" -> {34}\n"
"From remote kernel:"
"\"behavior\" -> {{0, 0}}\n"
"From remote kernel:"
"\"number of constraints and variables\" -> {1, 1}\n"
"From remote kernel:"
"\"block\" -> {33}\n"
"From remote kernel:"
"\"behavior\" -> {{0, 0}}\n"
"From remote kernel:"
"\"number of constraints and variables\" -> {1, 1}\n"
"From remote kernel:"
"\"block\" -> {31}\n"
"From remote kernel:"
"\"behavior\" -> {{0, 0}}\n"
"From remote kernel:"
"\"number of constraints and variables\" -> {1, 1}\n"
"From remote kernel:"
"\"block\" -> {30}\n"
"From remote kernel:"
"\"behavior\" -> {{0, 0}}\n"
"From remote kernel:"
"\"number of constraints and variables\" -> {1, 1}\n"
"From remote kernel:"
"\"block\" -> {29}\n"
"From remote kernel:"
"\"behavior\" -> {{0, 0}}\n"
"From remote kernel:"
"\"number of constraints and variables\" -> {1, 1}\n"
"From remote kernel:"
"\"block\" -> {47, 48, 49}\n"
"From remote kernel:"
"\"behavior\" -> {{0, 2}, {999/1000, 0}, {249/500, 1}, {499/500, 1}, {499/1000, 0}}\n"
"From remote kernel:"
"\"number of constraints and variables\" -> {3, 3}\n"
"From remote kernel:"
"\"block\" -> {50, 51, 52, 53}\n"
"From remote kernel:"
"\"behavior\" -> {{499/1000, 1}, {999/1000, 2}, {0, 1}, {249/500, 1}, {499/500, 1}}\n"
"From remote kernel:"
"\"number of constraints and variables\" -> {8, 8}\n"
"From remote kernel:"
"\"block\" -> {54, 55, 56, 57}\n"
"From remote kernel:"
"\"behavior\" -> {{0, 3}, {1/2, 1}, {999/1000, 0}, {249/500, 0}, {499/500, 0}, {499/1000, 0}}\n"
"From remote kernel:"
"\"number of constraints and variables\" -> {8, 8}\n"
"From remote kernel:"
"\"block\" -> {45}\n"
"From remote kernel:"
"\"behavior\" -> {{1/2, 1}, {0, 1}, {499/1000, 0}, {999/1000, 1}}\n"
"From remote kernel:"
"\"number of constraints and variables\" -> {1, 1}\n"
"From remote kernel:"
"\"block\" -> {65}\n"
"From remote kernel:"
"\"behavior\" -> {{0, 0}}\n"
"From remote kernel:"
"\"number of constraints and variables\" -> {1, 1}\n"
"From remote kernel:"
"\"block\" -> {64}\n"
"From remote kernel:"
"\"behavior\" -> {{0, 0}}\n"
"From remote kernel:"
"\"number of constraints and variables\" -> {1, 1}\n"
"From remote kernel:"
"\"block\" -> {63}\n"
"From remote kernel:"
"\"behavior\" -> {{0, 0}}\n"
"From remote kernel:"
"\"number of constraints and variables\" -> {1, 1}\n"
"From remote kernel:"
"\"block\" -> {62}\n"
"From remote kernel:"
"\"behavior\" -> {{0, 0}}\n"
"From remote kernel:"
"\"number of constraints and variables\" -> {1, 1}\n"
"From remote kernel:"
"\"block\" -> {61}\n"
"From remote kernel:"
"\"behavior\" -> {{0, 0}}\n"
"From remote kernel:"
"\"number of constraints and variables\" -> {1, 1}\n"
"From remote kernel:"
"\"block\" -> {60}\n"
"From remote kernel:"
"\"behavior\" -> {{0, 0}}\n"
"From remote kernel:"
"\"number of constraints and variables\" -> {1, 1}\n"
"From remote kernel:"
"\"block\" -> {59}\n"
"From remote kernel:"
"\"behavior\" -> {{0, 0}}\n"
"From remote kernel:"
"\"number of constraints and variables\" -> {1, 1}\n"
"From remote kernel:"
"\"block\" -> {66, 67, 68, 69}\n"
"From remote kernel:"
"\"behavior\" -> {{0, 5}, {1/2, 2}, {999/1000, 2}, {249/500, 1}, {499/500, 1}, {499/1000, 1}}\n"
"From remote kernel:"
"\"number of constraints and variables\" -> {8, 8}\n"
"From remote kernel:"
"\"block\" -> {46}\n"
"From remote kernel:"
"\"behavior\" -> {{0, 3}, {999/1000, 0}, {249/500, 1}, {499/500, 1}, {499/1000, 0}}\n"
"From remote kernel:"
"\"number of constraints and variables\" -> {1, 1}\n"
"From remote kernel:"
"\"block\" -> {24}\n"
"From remote kernel:"
"\"behavior\" -> {{0, 2}, {999/1000, 0}, {249/500, 1}, {499/500, 1}, {499/1000, 0}}\n"
"From remote kernel:"
"\"number of constraints and variables\" -> {1, 1}\n"
"From remote kernel:"
"\"block\" -> {41}\n"
"From remote kernel:"
"\"behavior\" -> {{0, 2}, {999/1000, 0}, {249/500, 0}, {499/500, 0}}\n"
"From remote kernel:"
"\"number of constraints and variables\" -> {1, 1}\n"
"From remote kernel:"
"\"block\" -> {9}\n"
"From remote kernel:"
"\"behavior\" -> {{0, 1}, {999/1000, 0}, {249/500, 0}}\n"
"From remote kernel:"
"\"number of constraints and variables\" -> {1, 1}\n"
"From remote kernel:"
"\"block\" -> {58}\n"
"From remote kernel:"
"\"behavior\" -> {{0, 0}}\n"
"From remote kernel:"
"\"number of constraints and variables\" -> {1, 1}\n"
"From remote kernel:"
"\"block\" -> {37}\n"
"From remote kernel:"
"\"behavior\" -> {{0, 0}}\n"
"From remote kernel:"
"\"number of constraints and variables\" -> {1, 1}\n"
"From remote kernel:"
"\"block\" -> {35}\n"
"From remote kernel:"
"\"behavior\" -> {{0, 0}}\n"
"From remote kernel:"
"\"number of constraints and variables\" -> {1, 1}\n"
"From remote kernel:"
"\"block\" -> {32}\n"
"From remote kernel:"
"\"behavior\" -> {{0, 0}}\n"
"From remote kernel:"
"\"number of constraints and variables\" -> {1, 1}\n"
"From remote kernel:"
"\"block\" -> {28}\n"
"From remote kernel:"
"\"behavior\" -> {{0, 0}}\n"
"From remote kernel:"
"\"number of constraints and variables\" -> {1, 1}\n"
"From remote kernel:"
"\"block\" -> {18}\n"
"From remote kernel:"
"\"behavior\" -> {{0, 0}}\n"
"From remote kernel:"
"\"number of constraints and variables\" -> {1, 1}\n"
"From remote kernel:"
"\"block\" -> {16}\n"
"From remote kernel:"
"\"behavior\" -> {{0, 0}}\n"
"From remote kernel:"
"\"number of constraints and variables\" -> {1, 1}\n"
"From remote kernel:"
"\"block\" -> {13}\n"
"From remote kernel:"
"\"behavior\" -> {{0, 0}}\n"
"From remote kernel:"
"\"number of constraints and variables\" -> {1, 1}\n"
"From remote kernel:"
"\"block\" -> {7}\n"
"From remote kernel:"
"\"behavior\" -> {{0, 0}}\n"
"From remote kernel:"
"\"number of constraints and variables\" -> {1, 1}\n"
"From remote kernel:"
"\"AMFlow: last point solved in 43s.\"\n"
"From remote kernel:"
"\"dropped terms when pickzero\" -> {0.}\n"
"From remote kernel:"
"\"dropped terms when pickzero\" -> {0.}\n"
"From remote kernel:"
"\"dropped terms when pickzero\" -> {0.}\n"
"From remote kernel:"
"\"dropped terms when pickzero\" -> {0.}\n"
"From remote kernel:"
"\"dropped terms when pickzero\" -> {0.}\n"
"From remote kernel:"
"\"dropped terms when pickzero\" -> {0.}\n"
"From remote kernel:"
"\"dropped terms when pickzero\" -> {0.}\n"
"From remote kernel:"
"\"dropped terms when pickzero\" -> {0.}\n"
"From remote kernel:"
"\"dropped terms when pickzero\" -> {0.}\n"
"From remote kernel:"
"\"dropped terms when pickzero\" -> {0.}\n"
"From remote kernel:"
"\"dropped terms when pickzero\" -> {0.}\n"
"From remote kernel:"
"\"dropped terms when pickzero\" -> {0.}\n"
"From remote kernel:"
"\"dropped terms when pickzero\" -> {0.}\n"
"From remote kernel:"
"\"dropped terms when pickzero\" -> {0.}\n"
"From remote kernel:"
"\"dropped terms when pickzero\" -> {0.}\n"
"From remote kernel:"
"\"dropped terms when pickzero\" -> {0.}\n"
"From remote kernel:"
"\"dropped terms when pickzero\" -> {0.}\n"
"From remote kernel:"
"\"dropped terms when pickzero\" -> {0.}\n"
"From remote kernel:"
"\"system cleared: DESolver`$InternalSystem\"\n"
"From remote kernel:"
"\"AMFlow: finished in 157s.\"\n"
