"From remote kernel:"
"DESolver`SetGlobalOptions -> {\"WorkingPre\" -> 100, \"ChopPre\" -> 20, \"SilentMode\" -> False, \"RationalizePre\" -> 100}\n"
"From remote kernel:"
"DESolver`SetExpansionOptions -> {\"XOrder\" -> 100, \"ExtraXOrder\" -> 20, \"LearnXOrder\" -> -1, \"TestXOrder\" -> 5}\n"
"From remote kernel:"
"DESolver`SetRunningOptions -> {\"RunRadius\" -> 2, \"RunLength\" -> 1000, \"RunCandidate\" -> 10, \"RunDirection\" -> \"NegIm\"}\n"
"From remote kernel:"
"DESolver`SetGlobalOptions -> {\"WorkingPre\" -> 120, \"ChopPre\" -> 20, \"SilentMode\" -> False, \"RationalizePre\" -> 100}\n"
"From remote kernel:"
"DESolver`SetExpansionOptions -> {\"XOrder\" -> 240, \"ExtraXOrder\" -> 280, \"LearnXOrder\" -> -1, \"TestXOrder\" -> 5}\n"
"From remote kernel:"
"DESolver`SetRunningOptions -> {\"RunRadius\" -> 2, \"RunLength\" -> 1000, \"RunCandidate\" -> 10, \"RunDirection\" -> \"NegIm\"}\n"
"From remote kernel:"
"\"AMFlow: start.\"\n"
"From remote kernel:"
"\"system loaded: DESolver`$InternalSystem\\nDE[DESolver`$InternalSystem] -- differential equation in matrix form\\nBC[DESolver`$InternalSystem] -- boundary conditions either in singular form or in regular form\\nP[DESolver`$InternalSystem] -- boundary point\\nAsyExp[DESolver`$InternalSystem] -- asymptotic expansion near a singular point (currently it is Null)\\nintegrals: 13, blocks: 9, density: 0.27, degrees: {4, 6}\"\n"
"From remote kernel:"
"\"AMFlow: integrals will be evaluated at 7 regular points\" -> {0. - 32.*I, 0. - 16.*I, 0. - 8.*I, 0. - 4.*I, 0. - 2.*I, 0. - 1.*I, 0. - 0.5*I}\n"
"From remote kernel:"
"\"AMFlow: integration contour generated in 0s.\"\n"
"From remote kernel:"
"\"AMFlow: solving near eta = Infinity...\"\n"
"From remote kernel:"
"\"CalcTaylor: current region\" -> 1/1000\n"
"From remote kernel:"
"\"block\" -> {2}\n"
"From remote kernel:"
"\"boundary condition test\" -> {2, 0, 0.}\n"
"From remote kernel:"
"\"block\" -> {1}\n"
"From remote kernel:"
"\"boundary condition inserted\" -> {1, 0, 1.0008485733053779*^6}\n"
"From remote kernel:"
"\"block\" -> {7, 8, 9}\n"
"From remote kernel:"
"\"homogeneous id up to\" -> 1566\n"
"From remote kernel:"
"\"dropped eqs\" -> {{1567 -> 0.}}\n"
"From remote kernel:"
"\"boundary condition test\" -> {9, 0, -499.92386236603625}\n"
"From remote kernel:"
"\"boundary condition test\" -> {8, 0, 999847.7247320726}\n"
"From remote kernel:"
"\"boundary condition test\" -> {7, 0, -2001.6971466107557}\n"
"From remote kernel:"
"\"block\" -> {3}\n"
"From remote kernel:"
"\"boundary condition test\" -> {3, 0, 1.0008485733053779*^6}\n"
"From remote kernel:"
"\"block\" -> {5}\n"
"From remote kernel:"
"\"boundary condition test\" -> {5, 0, 0.}\n"
"From remote kernel:"
"\"block\" -> {11, 12, 13}\n"
"From remote kernel:"
"\"boundary condition test\" -> {13, 0, 999847.7247320726}\n"
"From remote kernel:"
"\"boundary condition test\" -> {12, 0, 2.0016971466107557*^6}\n"
"From remote kernel:"
"\"boundary condition test\" -> {11, 0, -2.0036988437573665*^6}\n"
"From remote kernel:"
"\"block\" -> {10}\n"
"From remote kernel:"
"\"boundary condition test\" -> {10, 0, 2.0016971466107557*^6}\n"
"From remote kernel:"
"\"block\" -> {6}\n"
"From remote kernel:"
"\"boundary condition test\" -> {6, 0, 2.0016971466107557*^6}\n"
"From remote kernel:"
"\"block\" -> {4}\n"
"From remote kernel:"
"\"boundary condition test\" -> {4, 0, 0.}\n"
"From remote kernel:"
"\"CalcTaylor: current region\" -> 0\n"
"From remote kernel:"
"\"block\" -> {2}\n"
"From remote kernel:"
"\"boundary condition inserted\" -> {2, 0, 1.0008485733053779*^6}\n"
"From remote kernel:"
"\"block\" -> {1}\n"
"From remote kernel:"
"\"boundary condition test\" -> {1, 0, 0.}\n"
"From remote kernel:"
"\"block\" -> {7, 8, 9}\n"
"From remote kernel:"
"\"homogeneous id up to\" -> 1566\n"
"From remote kernel:"
"\"dropped eqs\" -> {{1567 -> 0.}}\n"
"From remote kernel:"
"\"boundary condition test\" -> {9, 0, 499.92386236603625}\n"
"From remote kernel:"
"\"boundary condition test\" -> {8, 0, -999847.7247320726}\n"
"From remote kernel:"
"\"boundary condition test\" -> {7, 0, 1.0008485733053779*^6}\n"
"From remote kernel:"
"\"block\" -> {3}\n"
"From remote kernel:"
"\"boundary condition test\" -> {3, 0, -1.0008485733053779*^6}\n"
"From remote kernel:"
"\"block\" -> {5}\n"
"From remote kernel:"
"\"boundary condition inserted\" -> {5, 0, 499922.8640945975}\n"
"From remote kernel:"
"\"block\" -> {11, 12, 13}\n"
"From remote kernel:"
"\"boundary condition test\" -> {13, 0, -499922.8640945975}\n"
"From remote kernel:"
"\"boundary condition test\" -> {12, 0, -499922.8640945975}\n"
"From remote kernel:"
"\"boundary condition test\" -> {11, 0, 1.5025243027231095*^6}\n"
"From remote kernel:"
"\"block\" -> {10}\n"
"From remote kernel:"
"\"boundary condition test\" -> {10, 0, -1.5025243027231095*^6}\n"
"From remote kernel:"
"\"block\" -> {6}\n"
"From remote kernel:"
"\"boundary condition test\" -> {6, 0, -1.0008485733053779*^6}\n"
"From remote kernel:"
"\"block\" -> {4}\n"
"From remote kernel:"
"\"boundary condition inserted\" -> {4, 0, 1.5025243027231095*^6}\n"
"From remote kernel:"
"\"CalcTaylor: current region\" -> 1/500\n"
"From remote kernel:"
"\"block\" -> {2}\n"
"From remote kernel:"
"\"boundary condition test\" -> {2, 0, 0.}\n"
"From remote kernel:"
"\"block\" -> {1}\n"
"From remote kernel:"
"\"boundary condition test\" -> {1, 0, 0.}\n"
"From remote kernel:"
"\"block\" -> {7, 8, 9}\n"
"From remote kernel:"
"\"boundary condition inserted\" -> {9, 0, -499.92550585260915}\n"
"From remote kernel:"
"\"boundary condition test\" -> {8, 0, -499925.5058526091}\n"
"From remote kernel:"
"\"boundary condition test\" -> {7, 0, 499925.5058526091}\n"
"From remote kernel:"
"\"block\" -> {3}\n"
"From remote kernel:"
"\"boundary condition inserted\" -> {3, 0, 0.}\n"
"From remote kernel:"
"\"block\" -> {5}\n"
"From remote kernel:"
"\"boundary condition test\" -> {5, 0, 0.}\n"
"From remote kernel:"
"\"block\" -> {11, 12, 13}\n"
"From remote kernel:"
"\"boundary condition test\" -> {13, 0, -499925.5058526091}\n"
"From remote kernel:"
"\"boundary condition test\" -> {12, 0, 500927.3605737566}\n"
"From remote kernel:"
"\"boundary condition test\" -> {11, 0, -1001.8547211475133}\n"
"From remote kernel:"
"\"block\" -> {10}\n"
"From remote kernel:"
"\"boundary condition test\" -> {10, 0, 500927.3605737566}\n"
"From remote kernel:"
"\"block\" -> {6}\n"
"From remote kernel:"
"\"boundary condition test\" -> {6, 0, 500927.3605737566}\n"
"From remote kernel:"
"\"block\" -> {4}\n"
"From remote kernel:"
"\"boundary condition test\" -> {4, 0, 0.}\n"
"From remote kernel:"
"\"AMFlow: Infinity solved in 4s.\"\n"
"From remote kernel:"
"\"AMFlow: running among regular points...\"\n"
"From remote kernel:"
"\"current regular point\" -> 0. - 32.*I\n"
"From remote kernel:"
"\"current regular point\" -> 0. - 16.*I\n"
"From remote kernel:"
"\"current regular point\" -> 0. - 8.*I\n"
"From remote kernel:"
"\"current regular point\" -> 0. - 4.*I\n"
"From remote kernel:"
"\"current regular point\" -> 0. - 2.*I\n"
"From remote kernel:"
"\"current regular point\" -> 0. - 1.*I\n"
"From remote kernel:"
"\"AMFlow: regular running finished in 1s.\"\n"
"From remote kernel:"
"\"AMFlow: solving near the last point...\"\n"
"From remote kernel:"
"\"NormalizeMat finished in 0s.\"\n"
"From remote kernel:"
"\"LearnXOrder is negative. skip learning phase.\"\n"
"From remote kernel:"
"\"block\" -> {2}\n"
"From remote kernel:"
"\"behavior\" -> {{0, 0}}\n"
"From remote kernel:"
"\"number of constraints and variables\" -> {1, 1}\n"
"From remote kernel:"
"\"block\" -> {1}\n"
"From remote kernel:"
"\"behavior\" -> {{0, 0}}\n"
"From remote kernel:"
"\"number of constraints and variables\" -> {1, 1}\n"
"From remote kernel:"
"\"block\" -> {7, 9}\n"
"From remote kernel:"
"\"behavior\" -> {{0, 1}, {499/500, 0}}\n"
"From remote kernel:"
"\"number of constraints and variables\" -> {4, 4}\n"
"From remote kernel:"
"\"block\" -> {8}\n"
"From remote kernel:"
"\"behavior\" -> {{499/500, 1}, {0, 1}}\n"
"From remote kernel:"
"\"number of constraints and variables\" -> {1, 1}\n"
"From remote kernel:"
"\"block\" -> {3}\n"
"From remote kernel:"
"\"behavior\" -> {{0, 1}}\n"
"From remote kernel:"
"\"number of constraints and variables\" -> {1, 1}\n"
"From remote kernel:"
"\"block\" -> {5}\n"
"From remote kernel:"
"\"behavior\" -> {{0, 0}}\n"
"From remote kernel:"
"\"number of constraints and variables\" -> {1, 1}\n"
"From remote kernel:"
"\"block\" -> {11, 12, 13}\n"
"From remote kernel:"
"\"behavior\" -> {{0, 2}, {499/500, 2}}\n"
"From remote kernel:"
"\"number of constraints and variables\" -> {6, 6}\n"
"From remote kernel:"
"\"block\" -> {10}\n"
"From remote kernel:"
"\"behavior\" -> {{0, 3}, {499/500, 2}}\n"
"From remote kernel:"
"\"number of constraints and variables\" -> {1, 1}\n"
"From remote kernel:"
"\"block\" -> {6}\n"
"From remote kernel:"
"\"behavior\" -> {{0, 2}, {499/500, 0}}\n"
"From remote kernel:"
"\"number of constraints and variables\" -> {1, 1}\n"
"From remote kernel:"
"\"block\" -> {4}\n"
"From remote kernel:"
"\"behavior\" -> {{0, 0}}\n"
"From remote kernel:"
"\"number of constraints and variables\" -> {1, 1}\n"
"From remote kernel:"
"\"AMFlow: last point solved in 1s.\"\n"
"From remote kernel:"
"\"dropped terms when pickzero\" -> {0.}\n"
"From remote kernel:"
"\"dropped terms when pickzero\" -> {0.}\n"
"From remote kernel:"
"\"dropped terms when pickzero\" -> {0.}\n"
"From remote kernel:"
"\"system cleared: DESolver`$InternalSystem\"\n"
"From remote kernel:"
"\"AMFlow: finished in 8s.\"\n"
